(lldb) target create "modified_fuzz"
Current executable set to '/script/motivating_example/sample_set/gcd/modified_fuzz' (x86_64).
(lldb) command source -s 0 '/script/motivating_example/sample_set/gcd/fuzzing_test/modified_debug/script/45738e8a754d73123e107b774fc2a8fdeb0d354d/batch.lldb'
Executing commands in '/script/motivating_example/sample_set/gcd/fuzzing_test/modified_debug/script/45738e8a754d73123e107b774fc2a8fdeb0d354d/batch.lldb'.
(lldb) settings set interpreter.stop-command-source-on-error 0
(lldb) settings set auto-confirm 1
(lldb) breakpoint set --file /script/motivating_example/sample_set/gcd/modified.c --line 9
Breakpoint 1: where = modified_fuzz`gcd + 121 at modified.c:9:9, address = 0x0000000000067429
(lldb) breakpoint command add 1
(lldb) run /script/motivating_example/sample_set/gcd/fuzzing_test/modified_inputs/45738e8a754d73123e107b774fc2a8fdeb0d354d
INFO: Running with entropic power schedule (0xFF, 100).
INFO: Seed: 2311228574
INFO: Loaded 1 modules   (10 inline 8-bit counters): 10 [0x5555555defb0, 0x5555555defba), 
INFO: Loaded 1 PC tables (10 PCs): 10 [0x5555555defc0,0x5555555df060), 
/script/motivating_example/sample_set/gcd/modified_fuzz: Running 1 inputs 1 time(s) each.
Running: /script/motivating_example/sample_set/gcd/fuzzing_test/modified_inputs/45738e8a754d73123e107b774fc2a8fdeb0d354d
(lldb)  frame info
frame #0: 0x00005555555bb429 modified_fuzz`gcd(a=-2147483622, b=-26) at modified.c:9:9
(lldb)  frame variable a -f dec 
(int) a = -2147483622
(lldb)  frame variable b -f dec 
(int) b = -26
(lldb)  continue
Process 73355 resuming
Command #5 'continue' continued the target.
(lldb)  frame info
frame #0: 0x00005555555bb429 modified_fuzz`gcd(a=-2147483598, b=-24) at modified.c:9:9
(lldb)  frame variable a -f dec 
(int) a = -2147483598
(lldb)  frame variable b -f dec 
(int) b = -24
(lldb)  continue
Process 73355 resuming
Command #5 'continue' continued the target.
(lldb)  frame info
frame #0: 0x00005555555bb429 modified_fuzz`gcd(a=-2147483592, b=-6) at modified.c:9:9
(lldb)  frame variable a -f dec 
(int) a = -2147483592
(lldb)  frame variable b -f dec 
(int) b = -6
(lldb)  continue
Process 73355 resuming
Command #5 'continue' continued the target.
(lldb)  frame info
frame #0: 0x00005555555bb429 modified_fuzz`gcd(a=-2147483592, b=0) at modified.c:9:9
(lldb)  frame variable a -f dec 
(int) a = -2147483592
(lldb)  frame variable b -f dec 
(int) b = 0
(lldb)  continue
Process 73355 resuming
Command #5 'continue' continued the target.
Executed /script/motivating_example/sample_set/gcd/fuzzing_test/modified_inputs/45738e8a754d73123e107b774fc2a8fdeb0d354d in 15 ms
***
*** NOTE: fuzzing was not performed, you have only
***       executed the target code on a fixed set of inputs.
***
Process 73355 exited with status = 0 (0x00000000)
Process 73355 launched: '/script/motivating_example/sample_set/gcd/modified_fuzz' (x86_64)
(lldb) quit