(lldb) target create "modified_fuzz"
Current executable set to '/script/motivating_example/sample_set/gcd/modified_fuzz' (x86_64).
(lldb) command source -s 0 '/script/motivating_example/sample_set/gcd/fuzzing_test/modified_debug/script/4506c45f5bfd4dffdb4fbdabe3bb91a9367bfc9e/batch.lldb'
Executing commands in '/script/motivating_example/sample_set/gcd/fuzzing_test/modified_debug/script/4506c45f5bfd4dffdb4fbdabe3bb91a9367bfc9e/batch.lldb'.
(lldb) settings set interpreter.stop-command-source-on-error 0
(lldb) settings set auto-confirm 1
(lldb) breakpoint set --file /script/motivating_example/sample_set/gcd/modified.c --line 9
Breakpoint 1: where = modified_fuzz`gcd + 121 at modified.c:9:9, address = 0x0000000000067429
(lldb) breakpoint command add 1
(lldb) run /script/motivating_example/sample_set/gcd/fuzzing_test/modified_inputs/4506c45f5bfd4dffdb4fbdabe3bb91a9367bfc9e
INFO: Running with entropic power schedule (0xFF, 100).
INFO: Seed: 931978389
INFO: Loaded 1 modules   (10 inline 8-bit counters): 10 [0x5555555defb0, 0x5555555defba), 
INFO: Loaded 1 PC tables (10 PCs): 10 [0x5555555defc0,0x5555555df060), 
/script/motivating_example/sample_set/gcd/modified_fuzz: Running 1 inputs 1 time(s) each.
Running: /script/motivating_example/sample_set/gcd/fuzzing_test/modified_inputs/4506c45f5bfd4dffdb4fbdabe3bb91a9367bfc9e
(lldb)  frame info
frame #0: 0x00005555555bb429 modified_fuzz`gcd(a=-2147449110, b=-34538) at modified.c:9:9
(lldb)  frame variable a -f dec 
(int) a = -2147449110
(lldb)  frame variable b -f dec 
(int) b = -34538
(lldb)  continue
Process 73277 resuming
Command #5 'continue' continued the target.
(lldb)  frame info
frame #0: 0x00005555555bb429 modified_fuzz`gcd(a=-2147434688, b=-14422) at modified.c:9:9
(lldb)  frame variable a -f dec 
(int) a = -2147434688
(lldb)  frame variable b -f dec 
(int) b = -14422
(lldb)  continue
Process 73277 resuming
Command #5 'continue' continued the target.
(lldb)  frame info
frame #0: 0x00005555555bb429 modified_fuzz`gcd(a=-2147421378, b=-13310) at modified.c:9:9
(lldb)  frame variable a -f dec 
(int) a = -2147421378
(lldb)  frame variable b -f dec 
(int) b = -13310
(lldb)  continue
Process 73277 resuming
Command #5 'continue' continued the target.
(lldb)  frame info
frame #0: 0x00005555555bb429 modified_fuzz`gcd(a=-2147408780, b=-12598) at modified.c:9:9
(lldb)  frame variable a -f dec 
(int) a = -2147408780
(lldb)  frame variable b -f dec 
(int) b = -12598
(lldb)  continue
Process 73277 resuming
Command #5 'continue' continued the target.
(lldb)  frame info
frame #0: 0x00005555555bb429 modified_fuzz`gcd(a=-2147404688, b=-4092) at modified.c:9:9
(lldb)  frame variable a -f dec 
(int) a = -2147404688
(lldb)  frame variable b -f dec 
(int) b = -4092
(lldb)  continue
Process 73277 resuming
Command #5 'continue' continued the target.
(lldb)  frame info
frame #0: 0x00005555555bb429 modified_fuzz`gcd(a=-2147403852, b=-836) at modified.c:9:9
(lldb)  frame variable a -f dec 
(int) a = -2147403852
(lldb)  frame variable b -f dec 
(int) b = -836
(lldb)  continue
Process 73277 resuming
Command #5 'continue' continued the target.
(lldb)  frame info
frame #0: 0x00005555555bb429 modified_fuzz`gcd(a=-2147403104, b=-748) at modified.c:9:9
(lldb)  frame variable a -f dec 
(int) a = -2147403104
(lldb)  frame variable b -f dec 
(int) b = -748
(lldb)  continue
Process 73277 resuming
Command #5 'continue' continued the target.
(lldb)  frame info
frame #0: 0x00005555555bb429 modified_fuzz`gcd(a=-2147402532, b=-572) at modified.c:9:9
(lldb)  frame variable a -f dec 
(int) a = -2147402532
(lldb)  frame variable b -f dec 
(int) b = -572
(lldb)  continue
Process 73277 resuming
Command #5 'continue' continued the target.
(lldb)  frame info
frame #0: 0x00005555555bb429 modified_fuzz`gcd(a=-2147402400, b=-132) at modified.c:9:9
(lldb)  frame variable a -f dec 
(int) a = -2147402400
(lldb)  frame variable b -f dec 
(int) b = -132
(lldb)  continue
Process 73277 resuming
Command #5 'continue' continued the target.
(lldb)  frame info
frame #0: 0x00005555555bb429 modified_fuzz`gcd(a=-2147402400, b=0) at modified.c:9:9
(lldb)  frame variable a -f dec 
(int) a = -2147402400
(lldb)  frame variable b -f dec 
(int) b = 0
(lldb)  continue
Process 73277 resuming
Command #5 'continue' continued the target.
Executed /script/motivating_example/sample_set/gcd/fuzzing_test/modified_inputs/4506c45f5bfd4dffdb4fbdabe3bb91a9367bfc9e in 29 ms
***
*** NOTE: fuzzing was not performed, you have only
***       executed the target code on a fixed set of inputs.
***
Process 73277 exited with status = 0 (0x00000000)
Process 73277 launched: '/script/motivating_example/sample_set/gcd/modified_fuzz' (x86_64)
(lldb) quit