(lldb) target create "original_1_fuzz"
Current executable set to '/script/motivating_example/sample_set/reverse_string/original_1_fuzz' (x86_64).
(lldb) command source -s 0 '/script/motivating_example/sample_set/reverse_string/fuzzing_test/original_1_debug/script/238bc3834d3e1ad81ab088607e9a1a2c9f770fdb/batch.lldb'
Executing commands in '/script/motivating_example/sample_set/reverse_string/fuzzing_test/original_1_debug/script/238bc3834d3e1ad81ab088607e9a1a2c9f770fdb/batch.lldb'.
(lldb) settings set interpreter.stop-command-source-on-error 0
(lldb) settings set auto-confirm 1
(lldb) breakpoint set --file /script/motivating_example/sample_set/reverse_string/original_1.c --line 18
Breakpoint 1: where = original_1_fuzz`reverse_string + 203 at original_1.c:18:9, address = 0x000000000006743b
(lldb) breakpoint command add 1
(lldb) run /script/motivating_example/sample_set/reverse_string/fuzzing_test/modified_inputs/238bc3834d3e1ad81ab088607e9a1a2c9f770fdb
INFO: Running with entropic power schedule (0xFF, 100).
INFO: Seed: 2137233066
INFO: Loaded 1 modules   (7 inline 8-bit counters): 7 [0x5555555defc0, 0x5555555defc7), 
INFO: Loaded 1 PC tables (7 PCs): 7 [0x5555555defc8,0x5555555df038), 
/script/motivating_example/sample_set/reverse_string/original_1_fuzz: Running 1 inputs 1 time(s) each.
Running: /script/motivating_example/sample_set/reverse_string/fuzzing_test/modified_inputs/238bc3834d3e1ad81ab088607e9a1a2c9f770fdb
(lldb)  frame info
frame #0: 0x00005555555bb43b original_1_fuzz`reverse_string(str="\xc4\xfb\xe0\b\xfb\xe0\b\b\b\b\b\b\b\b\b\xbd") at original_1.c:18:9
(lldb)  frame variable start -f dec 
(size_t) start = 1
(lldb)  frame variable end -f dec 
(size_t) end = 14
(lldb)  frame variable temp -f dec 
(char) temp = -67
(lldb)  continue
Process 105289 resuming
Command #6 'continue' continued the target.
(lldb)  frame info
frame #0: 0x00005555555bb43b original_1_fuzz`reverse_string(str="\xc4\b\xe0\b\xfb\xe0\b\b\b\b\b\b\b\b\xfb\xbd") at original_1.c:18:9
(lldb)  frame variable start -f dec 
(size_t) start = 2
(lldb)  frame variable end -f dec 
(size_t) end = 13
(lldb)  frame variable temp -f dec 
(char) temp = -5
(lldb)  continue
Process 105289 resuming
Command #6 'continue' continued the target.
(lldb)  frame info
frame #0: 0x00005555555bb43b original_1_fuzz`reverse_string(str="\xc4\b\b\b\xfb\xe0\b\b\b\b\b\b\b\xe0\xfb\xbd") at original_1.c:18:9
(lldb)  frame variable start -f dec 
(size_t) start = 3
(lldb)  frame variable end -f dec 
(size_t) end = 12
(lldb)  frame variable temp -f dec 
(char) temp = -32
(lldb)  continue
Process 105289 resuming
Command #6 'continue' continued the target.
(lldb)  frame info
frame #0: 0x00005555555bb43b original_1_fuzz`reverse_string(str="\xc4\b\b\b\xfb\xe0\b\b\b\b\b\b\b\xe0\xfb\xbd") at original_1.c:18:9
(lldb)  frame variable start -f dec 
(size_t) start = 4
(lldb)  frame variable end -f dec 
(size_t) end = 11
(lldb)  frame variable temp -f dec 
(char) temp = 8
(lldb)  continue
Process 105289 resuming
Command #6 'continue' continued the target.
(lldb)  frame info
frame #0: 0x00005555555bb43b original_1_fuzz`reverse_string(str="\xc4\b\b\b\b\xe0\b\b\b\b\b\xfb\b\xe0\xfb\xbd") at original_1.c:18:9
(lldb)  frame variable start -f dec 
(size_t) start = 5
(lldb)  frame variable end -f dec 
(size_t) end = 10
(lldb)  frame variable temp -f dec 
(char) temp = -5
(lldb)  continue
Process 105289 resuming
Command #6 'continue' continued the target.
(lldb)  frame info
frame #0: 0x00005555555bb43b original_1_fuzz`reverse_string(str="\xc4\b\b\b\b\b\b\b\b\b\xe0\xfb\b\xe0\xfb\xbd") at original_1.c:18:9
(lldb)  frame variable start -f dec 
(size_t) start = 6
(lldb)  frame variable end -f dec 
(size_t) end = 9
(lldb)  frame variable temp -f dec 
(char) temp = -32
(lldb)  continue
Process 105289 resuming
Command #6 'continue' continued the target.
(lldb)  frame info
frame #0: 0x00005555555bb43b original_1_fuzz`reverse_string(str="\xc4\b\b\b\b\b\b\b\b\b\xe0\xfb\b\xe0\xfb\xbd") at original_1.c:18:9
(lldb)  frame variable start -f dec 
(size_t) start = 7
(lldb)  frame variable end -f dec 
(size_t) end = 8
(lldb)  frame variable temp -f dec 
(char) temp = 8
(lldb)  continue
Process 105289 resuming
Command #6 'continue' continued the target.
(lldb)  frame info
frame #0: 0x00005555555bb43b original_1_fuzz`reverse_string(str="\xc4\b\b\b\b\b\b\b\b\b\xe0\xfb\b\xe0\xfb\xbd") at original_1.c:18:9
(lldb)  frame variable start -f dec 
(size_t) start = 8
(lldb)  frame variable end -f dec 
(size_t) end = 7
(lldb)  frame variable temp -f dec 
(char) temp = 8
(lldb)  continue
Process 105289 resuming
Command #6 'continue' continued the target.
Executed /script/motivating_example/sample_set/reverse_string/fuzzing_test/modified_inputs/238bc3834d3e1ad81ab088607e9a1a2c9f770fdb in 22 ms
***
*** NOTE: fuzzing was not performed, you have only
***       executed the target code on a fixed set of inputs.
***
Process 105289 exited with status = 0 (0x00000000)
Process 105289 launched: '/script/motivating_example/sample_set/reverse_string/original_1_fuzz' (x86_64)
(lldb) quit
