(lldb) target create "original_1_fuzz"
Current executable set to '/script/motivating_example/sample_set/gcd/original_1_fuzz' (x86_64).
(lldb) command source -s 0 '/script/motivating_example/sample_set/gcd/fuzzing_test/original_1_debug/script/1943f2ac796019d7872191919c8b951304423b6b/batch.lldb'
Executing commands in '/script/motivating_example/sample_set/gcd/fuzzing_test/original_1_debug/script/1943f2ac796019d7872191919c8b951304423b6b/batch.lldb'.
(lldb) settings set interpreter.stop-command-source-on-error 0
(lldb) settings set auto-confirm 1
(lldb) breakpoint set --file /script/motivating_example/sample_set/gcd/original_1.c --line 10
Breakpoint 1: where = original_1_fuzz`gcd + 124 at original_1.c:10:9, address = 0x000000000006742c
(lldb) breakpoint command add 1
(lldb) run /script/motivating_example/sample_set/gcd/fuzzing_test/modified_inputs/1943f2ac796019d7872191919c8b951304423b6b
INFO: Running with entropic power schedule (0xFF, 100).
INFO: Seed: 1994906955
INFO: Loaded 1 modules   (10 inline 8-bit counters): 10 [0x5555555defb0, 0x5555555defba), 
INFO: Loaded 1 PC tables (10 PCs): 10 [0x5555555defc0,0x5555555df060), 
/script/motivating_example/sample_set/gcd/original_1_fuzz: Running 1 inputs 1 time(s) each.
Running: /script/motivating_example/sample_set/gcd/fuzzing_test/modified_inputs/1943f2ac796019d7872191919c8b951304423b6b
(lldb)  frame info
frame #0: 0x00005555555bb42c original_1_fuzz`gcd(a=-8092540, b=-2960548) at original_1.c:10:9
(lldb)  frame variable a -f dec 
(int) a = -8092540
(lldb)  frame variable b -f dec 
(int) b = -2960548
(lldb)  continue
Process 80893 resuming
Command #5 'continue' continued the target.
(lldb)  frame info
frame #0: 0x00005555555bb42c original_1_fuzz`gcd(a=-2960548, b=-2171444) at original_1.c:10:9
(lldb)  frame variable a -f dec 
(int) a = -2960548
(lldb)  frame variable b -f dec 
(int) b = -2171444
(lldb)  continue
Process 80893 resuming
Command #5 'continue' continued the target.
(lldb)  frame info
frame #0: 0x00005555555bb42c original_1_fuzz`gcd(a=-2171444, b=-789104) at original_1.c:10:9
(lldb)  frame variable a -f dec 
(int) a = -2171444
(lldb)  frame variable b -f dec 
(int) b = -789104
(lldb)  continue
Process 80893 resuming
Command #5 'continue' continued the target.
(lldb)  frame info
frame #0: 0x00005555555bb42c original_1_fuzz`gcd(a=-789104, b=-593236) at original_1.c:10:9
(lldb)  frame variable a -f dec 
(int) a = -789104
(lldb)  frame variable b -f dec 
(int) b = -593236
(lldb)  continue
Process 80893 resuming
Command #5 'continue' continued the target.
(lldb)  frame info
frame #0: 0x00005555555bb42c original_1_fuzz`gcd(a=-593236, b=-195868) at original_1.c:10:9
(lldb)  frame variable a -f dec 
(int) a = -593236
(lldb)  frame variable b -f dec 
(int) b = -195868
(lldb)  continue
Process 80893 resuming
Command #5 'continue' continued the target.
(lldb)  frame info
frame #0: 0x00005555555bb42c original_1_fuzz`gcd(a=-195868, b=-5632) at original_1.c:10:9
(lldb)  frame variable a -f dec 
(int) a = -195868
(lldb)  frame variable b -f dec 
(int) b = -5632
(lldb)  continue
Process 80893 resuming
Command #5 'continue' continued the target.
(lldb)  frame info
frame #0: 0x00005555555bb42c original_1_fuzz`gcd(a=-5632, b=-4380) at original_1.c:10:9
(lldb)  frame variable a -f dec 
(int) a = -5632
(lldb)  frame variable b -f dec 
(int) b = -4380
(lldb)  continue
Process 80893 resuming
Command #5 'continue' continued the target.
(lldb)  frame info
frame #0: 0x00005555555bb42c original_1_fuzz`gcd(a=-4380, b=-1252) at original_1.c:10:9
(lldb)  frame variable a -f dec 
(int) a = -4380
(lldb)  frame variable b -f dec 
(int) b = -1252
(lldb)  continue
Process 80893 resuming
Command #5 'continue' continued the target.
(lldb)  frame info
frame #0: 0x00005555555bb42c original_1_fuzz`gcd(a=-1252, b=-624) at original_1.c:10:9
(lldb)  frame variable a -f dec 
(int) a = -1252
(lldb)  frame variable b -f dec 
(int) b = -624
(lldb)  continue
Process 80893 resuming
Command #5 'continue' continued the target.
(lldb)  frame info
frame #0: 0x00005555555bb42c original_1_fuzz`gcd(a=-624, b=-4) at original_1.c:10:9
(lldb)  frame variable a -f dec 
(int) a = -624
(lldb)  frame variable b -f dec 
(int) b = -4
(lldb)  continue
Process 80893 resuming
Command #5 'continue' continued the target.
(lldb)  frame info
frame #0: 0x00005555555bb42c original_1_fuzz`gcd(a=-4, b=0) at original_1.c:10:9
(lldb)  frame variable a -f dec 
(int) a = -4
(lldb)  frame variable b -f dec 
(int) b = 0
(lldb)  continue
Process 80893 resuming
Command #5 'continue' continued the target.
Executed /script/motivating_example/sample_set/gcd/fuzzing_test/modified_inputs/1943f2ac796019d7872191919c8b951304423b6b in 28 ms
***
*** NOTE: fuzzing was not performed, you have only
***       executed the target code on a fixed set of inputs.
***
Process 80893 exited with status = 0 (0x00000000)
Process 80893 launched: '/script/motivating_example/sample_set/gcd/original_1_fuzz' (x86_64)
(lldb) quit