(lldb) target create "original_1_fuzz"
Current executable set to '/script/motivating_example/sample_set/gcd/original_1_fuzz' (x86_64).
(lldb) command source -s 0 '/script/motivating_example/sample_set/gcd/fuzzing_test/original_1_debug/script/b33c5779a3418e4bfbc49de7813eeda34af62d0a/batch.lldb'
Executing commands in '/script/motivating_example/sample_set/gcd/fuzzing_test/original_1_debug/script/b33c5779a3418e4bfbc49de7813eeda34af62d0a/batch.lldb'.
(lldb) settings set interpreter.stop-command-source-on-error 0
(lldb) settings set auto-confirm 1
(lldb) breakpoint set --file /script/motivating_example/sample_set/gcd/original_1.c --line 10
Breakpoint 1: where = original_1_fuzz`gcd + 124 at original_1.c:10:9, address = 0x000000000006742c
(lldb) breakpoint command add 1
(lldb) run /script/motivating_example/sample_set/gcd/fuzzing_test/modified_inputs/b33c5779a3418e4bfbc49de7813eeda34af62d0a
INFO: Running with entropic power schedule (0xFF, 100).
INFO: Seed: 2952220996
INFO: Loaded 1 modules   (10 inline 8-bit counters): 10 [0x5555555defb0, 0x5555555defba), 
INFO: Loaded 1 PC tables (10 PCs): 10 [0x5555555defc0,0x5555555df060), 
/script/motivating_example/sample_set/gcd/original_1_fuzz: Running 1 inputs 1 time(s) each.
Running: /script/motivating_example/sample_set/gcd/fuzzing_test/modified_inputs/b33c5779a3418e4bfbc49de7813eeda34af62d0a
(lldb)  frame info
frame #0: 0x00005555555bb42c original_1_fuzz`gcd(a=637534208, b=103) at original_1.c:10:9
(lldb)  frame variable a -f dec 
(int) a = 637534208
(lldb)  frame variable b -f dec 
(int) b = 103
(lldb)  continue
Process 83262 resuming
Command #5 'continue' continued the target.
(lldb)  frame info
frame #0: 0x00005555555bb42c original_1_fuzz`gcd(a=103, b=52) at original_1.c:10:9
(lldb)  frame variable a -f dec 
(int) a = 103
(lldb)  frame variable b -f dec 
(int) b = 52
(lldb)  continue
Process 83262 resuming
Command #5 'continue' continued the target.
(lldb)  frame info
frame #0: 0x00005555555bb42c original_1_fuzz`gcd(a=52, b=51) at original_1.c:10:9
(lldb)  frame variable a -f dec 
(int) a = 52
(lldb)  frame variable b -f dec 
(int) b = 51
(lldb)  continue
Process 83262 resuming
Command #5 'continue' continued the target.
(lldb)  frame info
frame #0: 0x00005555555bb42c original_1_fuzz`gcd(a=51, b=1) at original_1.c:10:9
(lldb)  frame variable a -f dec 
(int) a = 51
(lldb)  frame variable b -f dec 
(int) b = 1
(lldb)  continue
Process 83262 resuming
Command #5 'continue' continued the target.
(lldb)  frame info
frame #0: 0x00005555555bb42c original_1_fuzz`gcd(a=1, b=0) at original_1.c:10:9
(lldb)  frame variable a -f dec 
(int) a = 1
(lldb)  frame variable b -f dec 
(int) b = 0
(lldb)  continue
Process 83262 resuming
Command #5 'continue' continued the target.
Executed /script/motivating_example/sample_set/gcd/fuzzing_test/modified_inputs/b33c5779a3418e4bfbc49de7813eeda34af62d0a in 19 ms
***
*** NOTE: fuzzing was not performed, you have only
***       executed the target code on a fixed set of inputs.
***
Process 83262 exited with status = 0 (0x00000000)
Process 83262 launched: '/script/motivating_example/sample_set/gcd/original_1_fuzz' (x86_64)
(lldb) quit