(lldb) target create "original_2_fuzz"
Current executable set to '/script/motivating_example/sample_set/gcd/original_2_fuzz' (x86_64).
(lldb) command source -s 0 '/script/motivating_example/sample_set/gcd/fuzzing_test/original_2_debug/script/b1a231df48568361091087df7b53b055ad8a275d/batch.lldb'
Executing commands in '/script/motivating_example/sample_set/gcd/fuzzing_test/original_2_debug/script/b1a231df48568361091087df7b53b055ad8a275d/batch.lldb'.
(lldb) settings set interpreter.stop-command-source-on-error 0
(lldb) settings set auto-confirm 1
(lldb) breakpoint set --file /script/motivating_example/sample_set/gcd/original_2.c --line 6
Breakpoint 1: where = original_2_fuzz`gcd + 82 at original_2.c:6:5, address = 0x0000000000067402
(lldb) breakpoint command add 1
(lldb) run /script/motivating_example/sample_set/gcd/fuzzing_test/modified_inputs/b1a231df48568361091087df7b53b055ad8a275d
INFO: Running with entropic power schedule (0xFF, 100).
INFO: Seed: 39495007
INFO: Loaded 1 modules   (10 inline 8-bit counters): 10 [0x5555555defb0, 0x5555555defba), 
INFO: Loaded 1 PC tables (10 PCs): 10 [0x5555555defc0,0x5555555df060), 
/script/motivating_example/sample_set/gcd/original_2_fuzz: Running 1 inputs 1 time(s) each.
Running: /script/motivating_example/sample_set/gcd/fuzzing_test/modified_inputs/b1a231df48568361091087df7b53b055ad8a275d
(lldb)  frame info
frame #0: 0x00005555555bb402 original_2_fuzz`gcd(a=2147483640, b=1736441855) at original_2.c:6:5
(lldb)  frame variable a -f dec 
(int) a = 2147483640
(lldb)  frame variable b -f dec 
(int) b = 1736441855
(lldb)  continue
Process 91491 resuming
Command #5 'continue' continued the target.
(lldb)  frame info
frame #0: 0x00005555555bb402 original_2_fuzz`gcd(a=1736441855, b=411041785) at original_2.c:6:5
(lldb)  frame variable a -f dec 
(int) a = 1736441855
(lldb)  frame variable b -f dec 
(int) b = 411041785
(lldb)  continue
Process 91491 resuming
Command #5 'continue' continued the target.
(lldb)  frame info
frame #0: 0x00005555555bb402 original_2_fuzz`gcd(a=411041785, b=92274715) at original_2.c:6:5
(lldb)  frame variable a -f dec 
(int) a = 411041785
(lldb)  frame variable b -f dec 
(int) b = 92274715
(lldb)  continue
Process 91491 resuming
Command #5 'continue' continued the target.
(lldb)  frame info
frame #0: 0x00005555555bb402 original_2_fuzz`gcd(a=92274715, b=41942925) at original_2.c:6:5
(lldb)  frame variable a -f dec 
(int) a = 92274715
(lldb)  frame variable b -f dec 
(int) b = 41942925
(lldb)  continue
Process 91491 resuming
Command #5 'continue' continued the target.
(lldb)  frame info
frame #0: 0x00005555555bb402 original_2_fuzz`gcd(a=41942925, b=8388865) at original_2.c:6:5
(lldb)  frame variable a -f dec 
(int) a = 41942925
(lldb)  frame variable b -f dec 
(int) b = 8388865
(lldb)  continue
Process 91491 resuming
Command #5 'continue' continued the target.
(lldb)  frame info
frame #0: 0x00005555555bb402 original_2_fuzz`gcd(a=8388865, b=8387465) at original_2.c:6:5
(lldb)  frame variable a -f dec 
(int) a = 8388865
(lldb)  frame variable b -f dec 
(int) b = 8387465
(lldb)  continue
Process 91491 resuming
Command #5 'continue' continued the target.
(lldb)  frame info
frame #0: 0x00005555555bb402 original_2_fuzz`gcd(a=8387465, b=1400) at original_2.c:6:5
(lldb)  frame variable a -f dec 
(int) a = 8387465
(lldb)  frame variable b -f dec 
(int) b = 1400
(lldb)  continue
Process 91491 resuming
Command #5 'continue' continued the target.
(lldb)  frame info
frame #0: 0x00005555555bb402 original_2_fuzz`gcd(a=1400, b=65) at original_2.c:6:5
(lldb)  frame variable a -f dec 
(int) a = 1400
(lldb)  frame variable b -f dec 
(int) b = 65
(lldb)  continue
Process 91491 resuming
Command #5 'continue' continued the target.
(lldb)  frame info
frame #0: 0x00005555555bb402 original_2_fuzz`gcd(a=65, b=35) at original_2.c:6:5
(lldb)  frame variable a -f dec 
(int) a = 65
(lldb)  frame variable b -f dec 
(int) b = 35
(lldb)  continue
Process 91491 resuming
Command #5 'continue' continued the target.
(lldb)  frame info
frame #0: 0x00005555555bb402 original_2_fuzz`gcd(a=35, b=30) at original_2.c:6:5
(lldb)  frame variable a -f dec 
(int) a = 35
(lldb)  frame variable b -f dec 
(int) b = 30
(lldb)  continue
Process 91491 resuming
Command #5 'continue' continued the target.
(lldb)  frame info
frame #0: 0x00005555555bb402 original_2_fuzz`gcd(a=30, b=5) at original_2.c:6:5
(lldb)  frame variable a -f dec 
(int) a = 30
(lldb)  frame variable b -f dec 
(int) b = 5
(lldb)  continue
Process 91491 resuming
Command #5 'continue' continued the target.
(lldb)  frame info
frame #0: 0x00005555555bb402 original_2_fuzz`gcd(a=5, b=0) at original_2.c:6:5
(lldb)  frame variable a -f dec 
(int) a = 5
(lldb)  frame variable b -f dec 
(int) b = 0
(lldb)  continue
Process 91491 resuming
Command #5 'continue' continued the target.
Executed /script/motivating_example/sample_set/gcd/fuzzing_test/modified_inputs/b1a231df48568361091087df7b53b055ad8a275d in 26 ms
***
*** NOTE: fuzzing was not performed, you have only
***       executed the target code on a fixed set of inputs.
***
Process 91491 exited with status = 0 (0x00000000)
Process 91491 launched: '/script/motivating_example/sample_set/gcd/original_2_fuzz' (x86_64)
(lldb) quit