(lldb) target create "original_1_fuzz"
Current executable set to '/script/motivating_example/sample_set/gcd/original_1_fuzz' (x86_64).
(lldb) command source -s 0 '/script/motivating_example/sample_set/gcd/fuzzing_test/original_1_debug/script/d61fcd5875d59b5e81643d65acb4a9921a936414/batch.lldb'
Executing commands in '/script/motivating_example/sample_set/gcd/fuzzing_test/original_1_debug/script/d61fcd5875d59b5e81643d65acb4a9921a936414/batch.lldb'.
(lldb) settings set interpreter.stop-command-source-on-error 0
(lldb) settings set auto-confirm 1
(lldb) breakpoint set --file /script/motivating_example/sample_set/gcd/original_1.c --line 10
Breakpoint 1: where = original_1_fuzz`gcd + 124 at original_1.c:10:9, address = 0x000000000006742c
(lldb) breakpoint command add 1
(lldb) run /script/motivating_example/sample_set/gcd/fuzzing_test/modified_inputs/d61fcd5875d59b5e81643d65acb4a9921a936414
INFO: Running with entropic power schedule (0xFF, 100).
INFO: Seed: 1754706616
INFO: Loaded 1 modules   (10 inline 8-bit counters): 10 [0x5555555defb0, 0x5555555defba), 
INFO: Loaded 1 PC tables (10 PCs): 10 [0x5555555defc0,0x5555555df060), 
/script/motivating_example/sample_set/gcd/original_1_fuzz: Running 1 inputs 1 time(s) each.
Running: /script/motivating_example/sample_set/gcd/fuzzing_test/modified_inputs/d61fcd5875d59b5e81643d65acb4a9921a936414
(lldb)  frame info
frame #0: 0x00005555555bb42c original_1_fuzz`gcd(a=1728734826, b=302356891) at original_1.c:10:9
(lldb)  frame variable a -f dec 
(int) a = 1728734826
(lldb)  frame variable b -f dec 
(int) b = 302356891
(lldb)  continue
Process 83902 resuming
Command #5 'continue' continued the target.
(lldb)  frame info
frame #0: 0x00005555555bb42c original_1_fuzz`gcd(a=302356891, b=216950371) at original_1.c:10:9
(lldb)  frame variable a -f dec 
(int) a = 302356891
(lldb)  frame variable b -f dec 
(int) b = 216950371
(lldb)  continue
Process 83902 resuming
Command #5 'continue' continued the target.
(lldb)  frame info
frame #0: 0x00005555555bb42c original_1_fuzz`gcd(a=216950371, b=85406520) at original_1.c:10:9
(lldb)  frame variable a -f dec 
(int) a = 216950371
(lldb)  frame variable b -f dec 
(int) b = 85406520
(lldb)  continue
Process 83902 resuming
Command #5 'continue' continued the target.
(lldb)  frame info
frame #0: 0x00005555555bb42c original_1_fuzz`gcd(a=85406520, b=46137331) at original_1.c:10:9
(lldb)  frame variable a -f dec 
(int) a = 85406520
(lldb)  frame variable b -f dec 
(int) b = 46137331
(lldb)  continue
Process 83902 resuming
Command #5 'continue' continued the target.
(lldb)  frame info
frame #0: 0x00005555555bb42c original_1_fuzz`gcd(a=46137331, b=39269189) at original_1.c:10:9
(lldb)  frame variable a -f dec 
(int) a = 46137331
(lldb)  frame variable b -f dec 
(int) b = 39269189
(lldb)  continue
Process 83902 resuming
Command #5 'continue' continued the target.
(lldb)  frame info
frame #0: 0x00005555555bb42c original_1_fuzz`gcd(a=39269189, b=6868142) at original_1.c:10:9
(lldb)  frame variable a -f dec 
(int) a = 39269189
(lldb)  frame variable b -f dec 
(int) b = 6868142
(lldb)  continue
Process 83902 resuming
Command #5 'continue' continued the target.
(lldb)  frame info
frame #0: 0x00005555555bb42c original_1_fuzz`gcd(a=6868142, b=4928479) at original_1.c:10:9
(lldb)  frame variable a -f dec 
(int) a = 6868142
(lldb)  frame variable b -f dec 
(int) b = 4928479
(lldb)  continue
Process 83902 resuming
Command #5 'continue' continued the target.
(lldb)  frame info
frame #0: 0x00005555555bb42c original_1_fuzz`gcd(a=4928479, b=1939663) at original_1.c:10:9
(lldb)  frame variable a -f dec 
(int) a = 4928479
(lldb)  frame variable b -f dec 
(int) b = 1939663
(lldb)  continue
Process 83902 resuming
Command #5 'continue' continued the target.
(lldb)  frame info
frame #0: 0x00005555555bb42c original_1_fuzz`gcd(a=1939663, b=1049153) at original_1.c:10:9
(lldb)  frame variable a -f dec 
(int) a = 1939663
(lldb)  frame variable b -f dec 
(int) b = 1049153
(lldb)  continue
Process 83902 resuming
Command #5 'continue' continued the target.
(lldb)  frame info
frame #0: 0x00005555555bb42c original_1_fuzz`gcd(a=1049153, b=890510) at original_1.c:10:9
(lldb)  frame variable a -f dec 
(int) a = 1049153
(lldb)  frame variable b -f dec 
(int) b = 890510
(lldb)  continue
Process 83902 resuming
Command #5 'continue' continued the target.
(lldb)  frame info
frame #0: 0x00005555555bb42c original_1_fuzz`gcd(a=890510, b=158643) at original_1.c:10:9
(lldb)  frame variable a -f dec 
(int) a = 890510
(lldb)  frame variable b -f dec 
(int) b = 158643
(lldb)  continue
Process 83902 resuming
Command #5 'continue' continued the target.
(lldb)  frame info
frame #0: 0x00005555555bb42c original_1_fuzz`gcd(a=158643, b=97295) at original_1.c:10:9
(lldb)  frame variable a -f dec 
(int) a = 158643
(lldb)  frame variable b -f dec 
(int) b = 97295
(lldb)  continue
Process 83902 resuming
Command #5 'continue' continued the target.
(lldb)  frame info
frame #0: 0x00005555555bb42c original_1_fuzz`gcd(a=97295, b=61348) at original_1.c:10:9
(lldb)  frame variable a -f dec 
(int) a = 97295
(lldb)  frame variable b -f dec 
(int) b = 61348
(lldb)  continue
Process 83902 resuming
Command #5 'continue' continued the target.
(lldb)  frame info
frame #0: 0x00005555555bb42c original_1_fuzz`gcd(a=61348, b=35947) at original_1.c:10:9
(lldb)  frame variable a -f dec 
(int) a = 61348
(lldb)  frame variable b -f dec 
(int) b = 35947
(lldb)  continue
Process 83902 resuming
Command #5 'continue' continued the target.
(lldb)  frame info
frame #0: 0x00005555555bb42c original_1_fuzz`gcd(a=35947, b=25401) at original_1.c:10:9
(lldb)  frame variable a -f dec 
(int) a = 35947
(lldb)  frame variable b -f dec 
(int) b = 25401
(lldb)  continue
Process 83902 resuming
Command #5 'continue' continued the target.
(lldb)  frame info
frame #0: 0x00005555555bb42c original_1_fuzz`gcd(a=25401, b=10546) at original_1.c:10:9
(lldb)  frame variable a -f dec 
(int) a = 25401
(lldb)  frame variable b -f dec 
(int) b = 10546
(lldb)  continue
Process 83902 resuming
Command #5 'continue' continued the target.
(lldb)  frame info
frame #0: 0x00005555555bb42c original_1_fuzz`gcd(a=10546, b=4309) at original_1.c:10:9
(lldb)  frame variable a -f dec 
(int) a = 10546
(lldb)  frame variable b -f dec 
(int) b = 4309
(lldb)  continue
Process 83902 resuming
Command #5 'continue' continued the target.
(lldb)  frame info
frame #0: 0x00005555555bb42c original_1_fuzz`gcd(a=4309, b=1928) at original_1.c:10:9
(lldb)  frame variable a -f dec 
(int) a = 4309
(lldb)  frame variable b -f dec 
(int) b = 1928
(lldb)  continue
Process 83902 resuming
Command #5 'continue' continued the target.
(lldb)  frame info
frame #0: 0x00005555555bb42c original_1_fuzz`gcd(a=1928, b=453) at original_1.c:10:9
(lldb)  frame variable a -f dec 
(int) a = 1928
(lldb)  frame variable b -f dec 
(int) b = 453
(lldb)  continue
Process 83902 resuming
Command #5 'continue' continued the target.
(lldb)  frame info
frame #0: 0x00005555555bb42c original_1_fuzz`gcd(a=453, b=116) at original_1.c:10:9
(lldb)  frame variable a -f dec 
(int) a = 453
(lldb)  frame variable b -f dec 
(int) b = 116
(lldb)  continue
Process 83902 resuming
Command #5 'continue' continued the target.
(lldb)  frame info
frame #0: 0x00005555555bb42c original_1_fuzz`gcd(a=116, b=105) at original_1.c:10:9
(lldb)  frame variable a -f dec 
(int) a = 116
(lldb)  frame variable b -f dec 
(int) b = 105
(lldb)  continue
Process 83902 resuming
Command #5 'continue' continued the target.
(lldb)  frame info
frame #0: 0x00005555555bb42c original_1_fuzz`gcd(a=105, b=11) at original_1.c:10:9
(lldb)  frame variable a -f dec 
(int) a = 105
(lldb)  frame variable b -f dec 
(int) b = 11
(lldb)  continue
Process 83902 resuming
Command #5 'continue' continued the target.
(lldb)  frame info
frame #0: 0x00005555555bb42c original_1_fuzz`gcd(a=11, b=6) at original_1.c:10:9
(lldb)  frame variable a -f dec 
(int) a = 11
(lldb)  frame variable b -f dec 
(int) b = 6
(lldb)  continue
Process 83902 resuming
Command #5 'continue' continued the target.
(lldb)  frame info
frame #0: 0x00005555555bb42c original_1_fuzz`gcd(a=6, b=5) at original_1.c:10:9
(lldb)  frame variable a -f dec 
(int) a = 6
(lldb)  frame variable b -f dec 
(int) b = 5
(lldb)  continue
Process 83902 resuming
Command #5 'continue' continued the target.
(lldb)  frame info
frame #0: 0x00005555555bb42c original_1_fuzz`gcd(a=5, b=1) at original_1.c:10:9
(lldb)  frame variable a -f dec 
(int) a = 5
(lldb)  frame variable b -f dec 
(int) b = 1
(lldb)  continue
Process 83902 resuming
Command #5 'continue' continued the target.
(lldb)  frame info
frame #0: 0x00005555555bb42c original_1_fuzz`gcd(a=1, b=0) at original_1.c:10:9
(lldb)  frame variable a -f dec 
(int) a = 1
(lldb)  frame variable b -f dec 
(int) b = 0
(lldb)  continue
Process 83902 resuming
Command #5 'continue' continued the target.
Executed /script/motivating_example/sample_set/gcd/fuzzing_test/modified_inputs/d61fcd5875d59b5e81643d65acb4a9921a936414 in 58 ms
***
*** NOTE: fuzzing was not performed, you have only
***       executed the target code on a fixed set of inputs.
***
Process 83902 exited with status = 0 (0x00000000)
Process 83902 launched: '/script/motivating_example/sample_set/gcd/original_1_fuzz' (x86_64)
(lldb) quit
