(lldb) target create "original_2_fuzz"
Current executable set to '/script/motivating_example/sample_set/gcd/original_2_fuzz' (x86_64).
(lldb) command source -s 0 '/script/motivating_example/sample_set/gcd/fuzzing_test/original_2_debug/script/81f9a29386d66a719c74f867c1bffeed576452e2/batch.lldb'
Executing commands in '/script/motivating_example/sample_set/gcd/fuzzing_test/original_2_debug/script/81f9a29386d66a719c74f867c1bffeed576452e2/batch.lldb'.
(lldb) settings set interpreter.stop-command-source-on-error 0
(lldb) settings set auto-confirm 1
(lldb) breakpoint set --file /script/motivating_example/sample_set/gcd/original_2.c --line 6
Breakpoint 1: where = original_2_fuzz`gcd + 82 at original_2.c:6:5, address = 0x0000000000067402
(lldb) breakpoint command add 1
(lldb) run /script/motivating_example/sample_set/gcd/fuzzing_test/modified_inputs/81f9a29386d66a719c74f867c1bffeed576452e2
INFO: Running with entropic power schedule (0xFF, 100).
INFO: Seed: 3872254931
INFO: Loaded 1 modules   (10 inline 8-bit counters): 10 [0x5555555defb0, 0x5555555defba), 
INFO: Loaded 1 PC tables (10 PCs): 10 [0x5555555defc0,0x5555555df060), 
/script/motivating_example/sample_set/gcd/original_2_fuzz: Running 1 inputs 1 time(s) each.
Running: /script/motivating_example/sample_set/gcd/fuzzing_test/modified_inputs/81f9a29386d66a719c74f867c1bffeed576452e2
(lldb)  frame info
frame #0: 0x00005555555bb402 original_2_fuzz`gcd(a=2103928679, b=992820071) at original_2.c:6:5
(lldb)  frame variable a -f dec 
(int) a = 2103928679
(lldb)  frame variable b -f dec 
(int) b = 992820071
(lldb)  continue
Process 90926 resuming
Command #5 'continue' continued the target.
(lldb)  frame info
frame #0: 0x00005555555bb402 original_2_fuzz`gcd(a=992820071, b=118288537) at original_2.c:6:5
(lldb)  frame variable a -f dec 
(int) a = 992820071
(lldb)  frame variable b -f dec 
(int) b = 118288537
(lldb)  continue
Process 90926 resuming
Command #5 'continue' continued the target.
(lldb)  frame info
frame #0: 0x00005555555bb402 original_2_fuzz`gcd(a=118288537, b=46511775) at original_2.c:6:5
(lldb)  frame variable a -f dec 
(int) a = 118288537
(lldb)  frame variable b -f dec 
(int) b = 46511775
(lldb)  continue
Process 90926 resuming
Command #5 'continue' continued the target.
(lldb)  frame info
frame #0: 0x00005555555bb402 original_2_fuzz`gcd(a=46511775, b=25264987) at original_2.c:6:5
(lldb)  frame variable a -f dec 
(int) a = 46511775
(lldb)  frame variable b -f dec 
(int) b = 25264987
(lldb)  continue
Process 90926 resuming
Command #5 'continue' continued the target.
(lldb)  frame info
frame #0: 0x00005555555bb402 original_2_fuzz`gcd(a=25264987, b=21246788) at original_2.c:6:5
(lldb)  frame variable a -f dec 
(int) a = 25264987
(lldb)  frame variable b -f dec 
(int) b = 21246788
(lldb)  continue
Process 90926 resuming
Command #5 'continue' continued the target.
(lldb)  frame info
frame #0: 0x00005555555bb402 original_2_fuzz`gcd(a=21246788, b=4018199) at original_2.c:6:5
(lldb)  frame variable a -f dec 
(int) a = 21246788
(lldb)  frame variable b -f dec 
(int) b = 4018199
(lldb)  continue
Process 90926 resuming
Command #5 'continue' continued the target.
(lldb)  frame info
frame #0: 0x00005555555bb402 original_2_fuzz`gcd(a=4018199, b=1155793) at original_2.c:6:5
(lldb)  frame variable a -f dec 
(int) a = 4018199
(lldb)  frame variable b -f dec 
(int) b = 1155793
(lldb)  continue
Process 90926 resuming
Command #5 'continue' continued the target.
(lldb)  frame info
frame #0: 0x00005555555bb402 original_2_fuzz`gcd(a=1155793, b=550820) at original_2.c:6:5
(lldb)  frame variable a -f dec 
(int) a = 1155793
(lldb)  frame variable b -f dec 
(int) b = 550820
(lldb)  continue
Process 90926 resuming
Command #5 'continue' continued the target.
(lldb)  frame info
frame #0: 0x00005555555bb402 original_2_fuzz`gcd(a=550820, b=54153) at original_2.c:6:5
(lldb)  frame variable a -f dec 
(int) a = 550820
(lldb)  frame variable b -f dec 
(int) b = 54153
(lldb)  continue
Process 90926 resuming
Command #5 'continue' continued the target.
(lldb)  frame info
frame #0: 0x00005555555bb402 original_2_fuzz`gcd(a=54153, b=9290) at original_2.c:6:5
(lldb)  frame variable a -f dec 
(int) a = 54153
(lldb)  frame variable b -f dec 
(int) b = 9290
(lldb)  continue
Process 90926 resuming
Command #5 'continue' continued the target.
(lldb)  frame info
frame #0: 0x00005555555bb402 original_2_fuzz`gcd(a=9290, b=7703) at original_2.c:6:5
(lldb)  frame variable a -f dec 
(int) a = 9290
(lldb)  frame variable b -f dec 
(int) b = 7703
(lldb)  continue
Process 90926 resuming
Command #5 'continue' continued the target.
(lldb)  frame info
frame #0: 0x00005555555bb402 original_2_fuzz`gcd(a=7703, b=1587) at original_2.c:6:5
(lldb)  frame variable a -f dec 
(int) a = 7703
(lldb)  frame variable b -f dec 
(int) b = 1587
(lldb)  continue
Process 90926 resuming
Command #5 'continue' continued the target.
(lldb)  frame info
frame #0: 0x00005555555bb402 original_2_fuzz`gcd(a=1587, b=1355) at original_2.c:6:5
(lldb)  frame variable a -f dec 
(int) a = 1587
(lldb)  frame variable b -f dec 
(int) b = 1355
(lldb)  continue
Process 90926 resuming
Command #5 'continue' continued the target.
(lldb)  frame info
frame #0: 0x00005555555bb402 original_2_fuzz`gcd(a=1355, b=232) at original_2.c:6:5
(lldb)  frame variable a -f dec 
(int) a = 1355
(lldb)  frame variable b -f dec 
(int) b = 232
(lldb)  continue
Process 90926 resuming
Command #5 'continue' continued the target.
(lldb)  frame info
frame #0: 0x00005555555bb402 original_2_fuzz`gcd(a=232, b=195) at original_2.c:6:5
(lldb)  frame variable a -f dec 
(int) a = 232
(lldb)  frame variable b -f dec 
(int) b = 195
(lldb)  continue
Process 90926 resuming
Command #5 'continue' continued the target.
(lldb)  frame info
frame #0: 0x00005555555bb402 original_2_fuzz`gcd(a=195, b=37) at original_2.c:6:5
(lldb)  frame variable a -f dec 
(int) a = 195
(lldb)  frame variable b -f dec 
(int) b = 37
(lldb)  continue
Process 90926 resuming
Command #5 'continue' continued the target.
(lldb)  frame info
frame #0: 0x00005555555bb402 original_2_fuzz`gcd(a=37, b=10) at original_2.c:6:5
(lldb)  frame variable a -f dec 
(int) a = 37
(lldb)  frame variable b -f dec 
(int) b = 10
(lldb)  continue
Process 90926 resuming
Command #5 'continue' continued the target.
(lldb)  frame info
frame #0: 0x00005555555bb402 original_2_fuzz`gcd(a=10, b=7) at original_2.c:6:5
(lldb)  frame variable a -f dec 
(int) a = 10
(lldb)  frame variable b -f dec 
(int) b = 7
(lldb)  continue
Process 90926 resuming
Command #5 'continue' continued the target.
(lldb)  frame info
frame #0: 0x00005555555bb402 original_2_fuzz`gcd(a=7, b=3) at original_2.c:6:5
(lldb)  frame variable a -f dec 
(int) a = 7
(lldb)  frame variable b -f dec 
(int) b = 3
(lldb)  continue
Process 90926 resuming
Command #5 'continue' continued the target.
(lldb)  frame info
frame #0: 0x00005555555bb402 original_2_fuzz`gcd(a=3, b=1) at original_2.c:6:5
(lldb)  frame variable a -f dec 
(int) a = 3
(lldb)  frame variable b -f dec 
(int) b = 1
(lldb)  continue
Process 90926 resuming
Command #5 'continue' continued the target.
(lldb)  frame info
frame #0: 0x00005555555bb402 original_2_fuzz`gcd(a=1, b=0) at original_2.c:6:5
(lldb)  frame variable a -f dec 
(int) a = 1
(lldb)  frame variable b -f dec 
(int) b = 0
(lldb)  continue
Process 90926 resuming
Command #5 'continue' continued the target.
Executed /script/motivating_example/sample_set/gcd/fuzzing_test/modified_inputs/81f9a29386d66a719c74f867c1bffeed576452e2 in 37 ms
***
*** NOTE: fuzzing was not performed, you have only
***       executed the target code on a fixed set of inputs.
***
Process 90926 exited with status = 0 (0x00000000)
Process 90926 launched: '/script/motivating_example/sample_set/gcd/original_2_fuzz' (x86_64)
(lldb) quit
