(lldb) target create "modified_fuzz"
Current executable set to '/script/motivating_example/sample_set/gcd/modified_fuzz' (x86_64).
(lldb) command source -s 0 '/script/motivating_example/sample_set/gcd/fuzzing_test/modified_debug/script/1a1057109f77e0930850fee241b8a5225cee5e3e/batch.lldb'
Executing commands in '/script/motivating_example/sample_set/gcd/fuzzing_test/modified_debug/script/1a1057109f77e0930850fee241b8a5225cee5e3e/batch.lldb'.
(lldb) settings set interpreter.stop-command-source-on-error 0
(lldb) settings set auto-confirm 1
(lldb) breakpoint set --file /script/motivating_example/sample_set/gcd/modified.c --line 9
Breakpoint 1: where = modified_fuzz`gcd + 121 at modified.c:9:9, address = 0x0000000000067429
(lldb) breakpoint command add 1
(lldb) run /script/motivating_example/sample_set/gcd/fuzzing_test/modified_inputs/1a1057109f77e0930850fee241b8a5225cee5e3e
INFO: Running with entropic power schedule (0xFF, 100).
INFO: Seed: 315175489
INFO: Loaded 1 modules   (10 inline 8-bit counters): 10 [0x5555555defb0, 0x5555555defba), 
INFO: Loaded 1 PC tables (10 PCs): 10 [0x5555555defc0,0x5555555df060), 
/script/motivating_example/sample_set/gcd/modified_fuzz: Running 1 inputs 1 time(s) each.
Running: /script/motivating_example/sample_set/gcd/fuzzing_test/modified_inputs/1a1057109f77e0930850fee241b8a5225cee5e3e
(lldb)  frame info
frame #0: 0x00005555555bb429 modified_fuzz`gcd(a=-2129920013, b=-17563635) at modified.c:9:9
(lldb)  frame variable a -f dec 
(int) a = -2129920013
(lldb)  frame variable b -f dec 
(int) b = -17563635
(lldb)  continue
Process 72529 resuming
Command #5 'continue' continued the target.
(lldb)  frame info
frame #0: 0x00005555555bb429 modified_fuzz`gcd(a=-2125199835, b=-4720178) at modified.c:9:9
(lldb)  frame variable a -f dec 
(int) a = -2125199835
(lldb)  frame variable b -f dec 
(int) b = -4720178
(lldb)  continue
Process 72529 resuming
Command #5 'continue' continued the target.
(lldb)  frame info
frame #0: 0x00005555555bb429 modified_fuzz`gcd(a=-2124080100, b=-1119735) at modified.c:9:9
(lldb)  frame variable a -f dec 
(int) a = -2124080100
(lldb)  frame variable b -f dec 
(int) b = -1119735
(lldb)  continue
Process 72529 resuming
Command #5 'continue' continued the target.
(lldb)  frame info
frame #0: 0x00005555555bb429 modified_fuzz`gcd(a=-2123017560, b=-1062540) at modified.c:9:9
(lldb)  frame variable a -f dec 
(int) a = -2123017560
(lldb)  frame variable b -f dec 
(int) b = -1062540
(lldb)  continue
Process 72529 resuming
Command #5 'continue' continued the target.
(lldb)  frame info
frame #0: 0x00005555555bb429 modified_fuzz`gcd(a=-2122954920, b=-62640) at modified.c:9:9
(lldb)  frame variable a -f dec 
(int) a = -2122954920
(lldb)  frame variable b -f dec 
(int) b = -62640
(lldb)  continue
Process 72529 resuming
Command #5 'continue' continued the target.
(lldb)  frame info
frame #0: 0x00005555555bb429 modified_fuzz`gcd(a=-2122932240, b=-22680) at modified.c:9:9
(lldb)  frame variable a -f dec 
(int) a = -2122932240
(lldb)  frame variable b -f dec 
(int) b = -22680
(lldb)  continue
Process 72529 resuming
Command #5 'continue' continued the target.
(lldb)  frame info
frame #0: 0x00005555555bb429 modified_fuzz`gcd(a=-2122916040, b=-16200) at modified.c:9:9
(lldb)  frame variable a -f dec 
(int) a = -2122916040
(lldb)  frame variable b -f dec 
(int) b = -16200
(lldb)  continue
Process 72529 resuming
Command #5 'continue' continued the target.
(lldb)  frame info
frame #0: 0x00005555555bb429 modified_fuzz`gcd(a=-2122912800, b=-3240) at modified.c:9:9
(lldb)  frame variable a -f dec 
(int) a = -2122912800
(lldb)  frame variable b -f dec 
(int) b = -3240
(lldb)  continue
Process 72529 resuming
Command #5 'continue' continued the target.
(lldb)  frame info
frame #0: 0x00005555555bb429 modified_fuzz`gcd(a=-2122912800, b=0) at modified.c:9:9
(lldb)  frame variable a -f dec 
(int) a = -2122912800
(lldb)  frame variable b -f dec 
(int) b = 0
(lldb)  continue
Process 72529 resuming
Command #5 'continue' continued the target.
Executed /script/motivating_example/sample_set/gcd/fuzzing_test/modified_inputs/1a1057109f77e0930850fee241b8a5225cee5e3e in 23 ms
***
*** NOTE: fuzzing was not performed, you have only
***       executed the target code on a fixed set of inputs.
***
Process 72529 exited with status = 0 (0x00000000)
Process 72529 launched: '/script/motivating_example/sample_set/gcd/modified_fuzz' (x86_64)
(lldb) quit