(lldb) target create "original_1_fuzz"
Current executable set to '/script/motivating_example/sample_set/gcd/original_1_fuzz' (x86_64).
(lldb) command source -s 0 '/script/motivating_example/sample_set/gcd/fuzzing_test/original_1_debug/script/ba85d80b86358c1738eb3baae34b36cf8e8c3862/batch.lldb'
Executing commands in '/script/motivating_example/sample_set/gcd/fuzzing_test/original_1_debug/script/ba85d80b86358c1738eb3baae34b36cf8e8c3862/batch.lldb'.
(lldb) settings set interpreter.stop-command-source-on-error 0
(lldb) settings set auto-confirm 1
(lldb) breakpoint set --file /script/motivating_example/sample_set/gcd/original_1.c --line 10
Breakpoint 1: where = original_1_fuzz`gcd + 124 at original_1.c:10:9, address = 0x000000000006742c
(lldb) breakpoint command add 1
(lldb) run /script/motivating_example/sample_set/gcd/fuzzing_test/modified_inputs/ba85d80b86358c1738eb3baae34b36cf8e8c3862
INFO: Running with entropic power schedule (0xFF, 100).
INFO: Seed: 2082740987
INFO: Loaded 1 modules   (10 inline 8-bit counters): 10 [0x5555555defb0, 0x5555555defba), 
INFO: Loaded 1 PC tables (10 PCs): 10 [0x5555555defc0,0x5555555df060), 
/script/motivating_example/sample_set/gcd/original_1_fuzz: Running 1 inputs 1 time(s) each.
Running: /script/motivating_example/sample_set/gcd/fuzzing_test/modified_inputs/ba85d80b86358c1738eb3baae34b36cf8e8c3862
(lldb)  frame info
frame #0: 0x00005555555bb42c original_1_fuzz`gcd(a=-10053224, b=-655365) at original_1.c:10:9
(lldb)  frame variable a -f dec 
(int) a = -10053224
(lldb)  frame variable b -f dec 
(int) b = -655365
(lldb)  continue
Process 83440 resuming
Command #5 'continue' continued the target.
(lldb)  frame info
frame #0: 0x00005555555bb42c original_1_fuzz`gcd(a=-655365, b=-222749) at original_1.c:10:9
(lldb)  frame variable a -f dec 
(int) a = -655365
(lldb)  frame variable b -f dec 
(int) b = -222749
(lldb)  continue
Process 83440 resuming
Command #5 'continue' continued the target.
(lldb)  frame info
frame #0: 0x00005555555bb42c original_1_fuzz`gcd(a=-222749, b=-209867) at original_1.c:10:9
(lldb)  frame variable a -f dec 
(int) a = -222749
(lldb)  frame variable b -f dec 
(int) b = -209867
(lldb)  continue
Process 83440 resuming
Command #5 'continue' continued the target.
(lldb)  frame info
frame #0: 0x00005555555bb42c original_1_fuzz`gcd(a=-209867, b=-12882) at original_1.c:10:9
(lldb)  frame variable a -f dec 
(int) a = -209867
(lldb)  frame variable b -f dec 
(int) b = -12882
(lldb)  continue
Process 83440 resuming
Command #5 'continue' continued the target.
(lldb)  frame info
frame #0: 0x00005555555bb42c original_1_fuzz`gcd(a=-12882, b=-3755) at original_1.c:10:9
(lldb)  frame variable a -f dec 
(int) a = -12882
(lldb)  frame variable b -f dec 
(int) b = -3755
(lldb)  continue
Process 83440 resuming
Command #5 'continue' continued the target.
(lldb)  frame info
frame #0: 0x00005555555bb42c original_1_fuzz`gcd(a=-3755, b=-1617) at original_1.c:10:9
(lldb)  frame variable a -f dec 
(int) a = -3755
(lldb)  frame variable b -f dec 
(int) b = -1617
(lldb)  continue
Process 83440 resuming
Command #5 'continue' continued the target.
(lldb)  frame info
frame #0: 0x00005555555bb42c original_1_fuzz`gcd(a=-1617, b=-521) at original_1.c:10:9
(lldb)  frame variable a -f dec 
(int) a = -1617
(lldb)  frame variable b -f dec 
(int) b = -521
(lldb)  continue
Process 83440 resuming
Command #5 'continue' continued the target.
(lldb)  frame info
frame #0: 0x00005555555bb42c original_1_fuzz`gcd(a=-521, b=-54) at original_1.c:10:9
(lldb)  frame variable a -f dec 
(int) a = -521
(lldb)  frame variable b -f dec 
(int) b = -54
(lldb)  continue
Process 83440 resuming
Command #5 'continue' continued the target.
(lldb)  frame info
frame #0: 0x00005555555bb42c original_1_fuzz`gcd(a=-54, b=-35) at original_1.c:10:9
(lldb)  frame variable a -f dec 
(int) a = -54
(lldb)  frame variable b -f dec 
(int) b = -35
(lldb)  continue
Process 83440 resuming
Command #5 'continue' continued the target.
(lldb)  frame info
frame #0: 0x00005555555bb42c original_1_fuzz`gcd(a=-35, b=-19) at original_1.c:10:9
(lldb)  frame variable a -f dec 
(int) a = -35
(lldb)  frame variable b -f dec 
(int) b = -19
(lldb)  continue
Process 83440 resuming
Command #5 'continue' continued the target.
(lldb)  frame info
frame #0: 0x00005555555bb42c original_1_fuzz`gcd(a=-19, b=-16) at original_1.c:10:9
(lldb)  frame variable a -f dec 
(int) a = -19
(lldb)  frame variable b -f dec 
(int) b = -16
(lldb)  continue
Process 83440 resuming
Command #5 'continue' continued the target.
(lldb)  frame info
frame #0: 0x00005555555bb42c original_1_fuzz`gcd(a=-16, b=-3) at original_1.c:10:9
(lldb)  frame variable a -f dec 
(int) a = -16
(lldb)  frame variable b -f dec 
(int) b = -3
(lldb)  continue
Process 83440 resuming
Command #5 'continue' continued the target.
(lldb)  frame info
frame #0: 0x00005555555bb42c original_1_fuzz`gcd(a=-3, b=-1) at original_1.c:10:9
(lldb)  frame variable a -f dec 
(int) a = -3
(lldb)  frame variable b -f dec 
(int) b = -1
(lldb)  continue
Process 83440 resuming
Command #5 'continue' continued the target.
(lldb)  frame info
frame #0: 0x00005555555bb42c original_1_fuzz`gcd(a=-1, b=0) at original_1.c:10:9
(lldb)  frame variable a -f dec 
(int) a = -1
(lldb)  frame variable b -f dec 
(int) b = 0
(lldb)  continue
Process 83440 resuming
Command #5 'continue' continued the target.
Executed /script/motivating_example/sample_set/gcd/fuzzing_test/modified_inputs/ba85d80b86358c1738eb3baae34b36cf8e8c3862 in 36 ms
***
*** NOTE: fuzzing was not performed, you have only
***       executed the target code on a fixed set of inputs.
***
Process 83440 exited with status = 0 (0x00000000)
Process 83440 launched: '/script/motivating_example/sample_set/gcd/original_1_fuzz' (x86_64)
(lldb) quit