(lldb) target create "original_1_fuzz"
Current executable set to '/script/motivating_example/sample_set/reverse_string/original_1_fuzz' (x86_64).
(lldb) command source -s 0 '/script/motivating_example/sample_set/reverse_string/fuzzing_test/original_1_debug/script/3a61ed04367b7ba46ebe42c396fae058271c161e/batch.lldb'
Executing commands in '/script/motivating_example/sample_set/reverse_string/fuzzing_test/original_1_debug/script/3a61ed04367b7ba46ebe42c396fae058271c161e/batch.lldb'.
(lldb) settings set interpreter.stop-command-source-on-error 0
(lldb) settings set auto-confirm 1
(lldb) breakpoint set --file /script/motivating_example/sample_set/reverse_string/original_1.c --line 18
Breakpoint 1: where = original_1_fuzz`reverse_string + 203 at original_1.c:18:9, address = 0x000000000006743b
(lldb) breakpoint command add 1
(lldb) run /script/motivating_example/sample_set/reverse_string/fuzzing_test/modified_inputs/3a61ed04367b7ba46ebe42c396fae058271c161e
INFO: Running with entropic power schedule (0xFF, 100).
INFO: Seed: 2544774645
INFO: Loaded 1 modules   (7 inline 8-bit counters): 7 [0x5555555defc0, 0x5555555defc7), 
INFO: Loaded 1 PC tables (7 PCs): 7 [0x5555555defc8,0x5555555df038), 
/script/motivating_example/sample_set/reverse_string/original_1_fuzz: Running 1 inputs 1 time(s) each.
Running: /script/motivating_example/sample_set/reverse_string/fuzzing_test/modified_inputs/3a61ed04367b7ba46ebe42c396fae058271c161e
(lldb)  frame info
frame #0: 0x00005555555bb43b original_1_fuzz`reverse_string(str="/\xfb\xe0\xc4~n?\xbd") at original_1.c:18:9
(lldb)  frame variable start -f dec 
(size_t) start = 1
(lldb)  frame variable end -f dec 
(size_t) end = 6
(lldb)  frame variable temp -f dec 
(char) temp = -67
(lldb)  continue
Process 105315 resuming
Command #6 'continue' continued the target.
(lldb)  frame info
frame #0: 0x00005555555bb43b original_1_fuzz`reverse_string(str="/?\xe0\xc4~n\xfb\xbd") at original_1.c:18:9
(lldb)  frame variable start -f dec 
(size_t) start = 2
(lldb)  frame variable end -f dec 
(size_t) end = 5
(lldb)  frame variable temp -f dec 
(char) temp = -5
(lldb)  continue
Process 105315 resuming
Command #6 'continue' continued the target.
(lldb)  frame info
frame #0: 0x00005555555bb43b original_1_fuzz`reverse_string(str="/?n\xc4~\xe0\xfb\xbd") at original_1.c:18:9
(lldb)  frame variable start -f dec 
(size_t) start = 3
(lldb)  frame variable end -f dec 
(size_t) end = 4
(lldb)  frame variable temp -f dec 
(char) temp = -32
(lldb)  continue
Process 105315 resuming
Command #6 'continue' continued the target.
(lldb)  frame info
frame #0: 0x00005555555bb43b original_1_fuzz`reverse_string(str="/?n~\xc4\xe0\xfb\xbd") at original_1.c:18:9
(lldb)  frame variable start -f dec 
(size_t) start = 4
(lldb)  frame variable end -f dec 
(size_t) end = 3
(lldb)  frame variable temp -f dec 
(char) temp = -60
(lldb)  continue
Process 105315 resuming
Command #6 'continue' continued the target.
Executed /script/motivating_example/sample_set/reverse_string/fuzzing_test/modified_inputs/3a61ed04367b7ba46ebe42c396fae058271c161e in 15 ms
***
*** NOTE: fuzzing was not performed, you have only
***       executed the target code on a fixed set of inputs.
***
Process 105315 exited with status = 0 (0x00000000)
Process 105315 launched: '/script/motivating_example/sample_set/reverse_string/original_1_fuzz' (x86_64)
(lldb) quit
