(lldb) target create "original_2_fuzz"
Current executable set to '/script/motivating_example/sample_set/gcd/original_2_fuzz' (x86_64).
(lldb) command source -s 0 '/script/motivating_example/sample_set/gcd/fuzzing_test/original_2_debug/script/456cf172274a19c1925f2171791ae636157d5998/batch.lldb'
Executing commands in '/script/motivating_example/sample_set/gcd/fuzzing_test/original_2_debug/script/456cf172274a19c1925f2171791ae636157d5998/batch.lldb'.
(lldb) settings set interpreter.stop-command-source-on-error 0
(lldb) settings set auto-confirm 1
(lldb) breakpoint set --file /script/motivating_example/sample_set/gcd/original_2.c --line 6
Breakpoint 1: where = original_2_fuzz`gcd + 82 at original_2.c:6:5, address = 0x0000000000067402
(lldb) breakpoint command add 1
(lldb) run /script/motivating_example/sample_set/gcd/fuzzing_test/modified_inputs/456cf172274a19c1925f2171791ae636157d5998
INFO: Running with entropic power schedule (0xFF, 100).
INFO: Seed: 1875717893
INFO: Loaded 1 modules   (10 inline 8-bit counters): 10 [0x5555555defb0, 0x5555555defba), 
INFO: Loaded 1 PC tables (10 PCs): 10 [0x5555555defc0,0x5555555df060), 
/script/motivating_example/sample_set/gcd/original_2_fuzz: Running 1 inputs 1 time(s) each.
Running: /script/motivating_example/sample_set/gcd/fuzzing_test/modified_inputs/456cf172274a19c1925f2171791ae636157d5998
(lldb)  frame info
frame #0: 0x00005555555bb402 original_2_fuzz`gcd(a=-2147483648, b=53000) at original_2.c:6:5
(lldb)  frame variable a -f dec 
(int) a = -2147483648
(lldb)  frame variable b -f dec 
(int) b = 53000
(lldb)  continue
Process 90027 resuming
Command #5 'continue' continued the target.
(lldb)  frame info
frame #0: 0x00005555555bb402 original_2_fuzz`gcd(a=53000, b=-29648) at original_2.c:6:5
(lldb)  frame variable a -f dec 
(int) a = 53000
(lldb)  frame variable b -f dec 
(int) b = -29648
(lldb)  continue
Process 90027 resuming
Command #5 'continue' continued the target.
(lldb)  frame info
frame #0: 0x00005555555bb402 original_2_fuzz`gcd(a=-29648, b=23352) at original_2.c:6:5
(lldb)  frame variable a -f dec 
(int) a = -29648
(lldb)  frame variable b -f dec 
(int) b = 23352
(lldb)  continue
Process 90027 resuming
Command #5 'continue' continued the target.
(lldb)  frame info
frame #0: 0x00005555555bb402 original_2_fuzz`gcd(a=23352, b=-6296) at original_2.c:6:5
(lldb)  frame variable a -f dec 
(int) a = 23352
(lldb)  frame variable b -f dec 
(int) b = -6296
(lldb)  continue
Process 90027 resuming
Command #5 'continue' continued the target.
(lldb)  frame info
frame #0: 0x00005555555bb402 original_2_fuzz`gcd(a=-6296, b=4464) at original_2.c:6:5
(lldb)  frame variable a -f dec 
(int) a = -6296
(lldb)  frame variable b -f dec 
(int) b = 4464
(lldb)  continue
Process 90027 resuming
Command #5 'continue' continued the target.
(lldb)  frame info
frame #0: 0x00005555555bb402 original_2_fuzz`gcd(a=4464, b=-1832) at original_2.c:6:5
(lldb)  frame variable a -f dec 
(int) a = 4464
(lldb)  frame variable b -f dec 
(int) b = -1832
(lldb)  continue
Process 90027 resuming
Command #5 'continue' continued the target.
(lldb)  frame info
frame #0: 0x00005555555bb402 original_2_fuzz`gcd(a=-1832, b=800) at original_2.c:6:5
(lldb)  frame variable a -f dec 
(int) a = -1832
(lldb)  frame variable b -f dec 
(int) b = 800
(lldb)  continue
Process 90027 resuming
Command #5 'continue' continued the target.
(lldb)  frame info
frame #0: 0x00005555555bb402 original_2_fuzz`gcd(a=800, b=-232) at original_2.c:6:5
(lldb)  frame variable a -f dec 
(int) a = 800
(lldb)  frame variable b -f dec 
(int) b = -232
(lldb)  continue
Process 90027 resuming
Command #5 'continue' continued the target.
(lldb)  frame info
frame #0: 0x00005555555bb402 original_2_fuzz`gcd(a=-232, b=104) at original_2.c:6:5
(lldb)  frame variable a -f dec 
(int) a = -232
(lldb)  frame variable b -f dec 
(int) b = 104
(lldb)  continue
Process 90027 resuming
Command #5 'continue' continued the target.
(lldb)  frame info
frame #0: 0x00005555555bb402 original_2_fuzz`gcd(a=104, b=-24) at original_2.c:6:5
(lldb)  frame variable a -f dec 
(int) a = 104
(lldb)  frame variable b -f dec 
(int) b = -24
(lldb)  continue
Process 90027 resuming
Command #5 'continue' continued the target.
(lldb)  frame info
frame #0: 0x00005555555bb402 original_2_fuzz`gcd(a=-24, b=8) at original_2.c:6:5
(lldb)  frame variable a -f dec 
(int) a = -24
(lldb)  frame variable b -f dec 
(int) b = 8
(lldb)  continue
Process 90027 resuming
Command #5 'continue' continued the target.
(lldb)  frame info
frame #0: 0x00005555555bb402 original_2_fuzz`gcd(a=8, b=0) at original_2.c:6:5
(lldb)  frame variable a -f dec 
(int) a = 8
(lldb)  frame variable b -f dec 
(int) b = 0
(lldb)  continue
Process 90027 resuming
Command #5 'continue' continued the target.
Executed /script/motivating_example/sample_set/gcd/fuzzing_test/modified_inputs/456cf172274a19c1925f2171791ae636157d5998 in 27 ms
***
*** NOTE: fuzzing was not performed, you have only
***       executed the target code on a fixed set of inputs.
***
Process 90027 exited with status = 0 (0x00000000)
Process 90027 launched: '/script/motivating_example/sample_set/gcd/original_2_fuzz' (x86_64)
(lldb) quit