(lldb) target create "modified_fuzz"
Current executable set to '/script/motivating_example/sample_set/gcd/modified_fuzz' (x86_64).
(lldb) command source -s 0 '/script/motivating_example/sample_set/gcd/fuzzing_test/modified_debug/script/f4f3bdf50091759b86efa548e2df8a9dc4ba4f76/batch.lldb'
Executing commands in '/script/motivating_example/sample_set/gcd/fuzzing_test/modified_debug/script/f4f3bdf50091759b86efa548e2df8a9dc4ba4f76/batch.lldb'.
(lldb) settings set interpreter.stop-command-source-on-error 0
(lldb) settings set auto-confirm 1
(lldb) breakpoint set --file /script/motivating_example/sample_set/gcd/modified.c --line 9
Breakpoint 1: where = modified_fuzz`gcd + 121 at modified.c:9:9, address = 0x0000000000067429
(lldb) breakpoint command add 1
(lldb) run /script/motivating_example/sample_set/gcd/fuzzing_test/modified_inputs/f4f3bdf50091759b86efa548e2df8a9dc4ba4f76
INFO: Running with entropic power schedule (0xFF, 100).
INFO: Seed: 2009571512
INFO: Loaded 1 modules   (10 inline 8-bit counters): 10 [0x5555555defb0, 0x5555555defba), 
INFO: Loaded 1 PC tables (10 PCs): 10 [0x5555555defc0,0x5555555df060), 
/script/motivating_example/sample_set/gcd/modified_fuzz: Running 1 inputs 1 time(s) each.
Running: /script/motivating_example/sample_set/gcd/fuzzing_test/modified_inputs/f4f3bdf50091759b86efa548e2df8a9dc4ba4f76
(lldb)  frame info
frame #0: 0x00005555555bb429 modified_fuzz`gcd(a=2135752551, b=11731091) at modified.c:9:9
(lldb)  frame variable a -f dec 
(int) a = 2135752551
(lldb)  frame variable b -f dec 
(int) b = 11731091
(lldb)  continue
Process 75927 resuming
Command #5 'continue' continued the target.
(lldb)  frame info
frame #0: 0x00005555555bb429 modified_fuzz`gcd(a=2135058562, b=693989) at modified.c:9:9
(lldb)  frame variable a -f dec 
(int) a = 2135058562
(lldb)  frame variable b -f dec 
(int) b = 693989
(lldb)  continue
Process 75927 resuming
Command #5 'continue' continued the target.
(lldb)  frame info
frame #0: 0x00005555555bb429 modified_fuzz`gcd(a=2134710164, b=348398) at modified.c:9:9
(lldb)  frame variable a -f dec 
(int) a = 2134710164
(lldb)  frame variable b -f dec 
(int) b = 348398
(lldb)  continue
Process 75927 resuming
Command #5 'continue' continued the target.
(lldb)  frame info
frame #0: 0x00005555555bb429 modified_fuzz`gcd(a=2134634546, b=75618) at modified.c:9:9
(lldb)  frame variable a -f dec 
(int) a = 2134634546
(lldb)  frame variable b -f dec 
(int) b = 75618
(lldb)  continue
Process 75927 resuming
Command #5 'continue' continued the target.
(lldb)  frame info
frame #0: 0x00005555555bb429 modified_fuzz`gcd(a=2134620522, b=14024) at modified.c:9:9
(lldb)  frame variable a -f dec 
(int) a = 2134620522
(lldb)  frame variable b -f dec 
(int) b = 14024
(lldb)  continue
Process 75927 resuming
Command #5 'continue' continued the target.
(lldb)  frame info
frame #0: 0x00005555555bb429 modified_fuzz`gcd(a=2134607064, b=13458) at modified.c:9:9
(lldb)  frame variable a -f dec 
(int) a = 2134607064
(lldb)  frame variable b -f dec 
(int) b = 13458
(lldb)  continue
Process 75927 resuming
Command #5 'continue' continued the target.
(lldb)  frame info
frame #0: 0x00005555555bb429 modified_fuzz`gcd(a=2134600296, b=6768) at modified.c:9:9
(lldb)  frame variable a -f dec 
(int) a = 2134600296
(lldb)  frame variable b -f dec 
(int) b = 6768
(lldb)  continue
Process 75927 resuming
Command #5 'continue' continued the target.
(lldb)  frame info
frame #0: 0x00005555555bb429 modified_fuzz`gcd(a=2134600128, b=168) at modified.c:9:9
(lldb)  frame variable a -f dec 
(int) a = 2134600128
(lldb)  frame variable b -f dec 
(int) b = 168
(lldb)  continue
Process 75927 resuming
Command #5 'continue' continued the target.
(lldb)  frame info
frame #0: 0x00005555555bb429 modified_fuzz`gcd(a=2134600104, b=24) at modified.c:9:9
(lldb)  frame variable a -f dec 
(int) a = 2134600104
(lldb)  frame variable b -f dec 
(int) b = 24
(lldb)  continue
Process 75927 resuming
Command #5 'continue' continued the target.
(lldb)  frame info
frame #0: 0x00005555555bb429 modified_fuzz`gcd(a=2134600104, b=0) at modified.c:9:9
(lldb)  frame variable a -f dec 
(int) a = 2134600104
(lldb)  frame variable b -f dec 
(int) b = 0
(lldb)  continue
Process 75927 resuming
Command #5 'continue' continued the target.
Executed /script/motivating_example/sample_set/gcd/fuzzing_test/modified_inputs/f4f3bdf50091759b86efa548e2df8a9dc4ba4f76 in 24 ms
***
*** NOTE: fuzzing was not performed, you have only
***       executed the target code on a fixed set of inputs.
***
Process 75927 exited with status = 0 (0x00000000)
Process 75927 launched: '/script/motivating_example/sample_set/gcd/modified_fuzz' (x86_64)
(lldb) quit