(lldb) target create "modified_fuzz"
Current executable set to '/script/motivating_example/sample_set/second_max/modified_fuzz' (x86_64).
(lldb) command source -s 0 '/script/motivating_example/sample_set/second_max/fuzzing_test/modified_debug/script/47d5fd7c08a1b2636b8af82c57839022b1b98c16/batch.lldb'
Executing commands in '/script/motivating_example/sample_set/second_max/fuzzing_test/modified_debug/script/47d5fd7c08a1b2636b8af82c57839022b1b98c16/batch.lldb'.
(lldb) settings set interpreter.stop-command-source-on-error 0
(lldb) settings set auto-confirm 1
(lldb) breakpoint set --file /script/motivating_example/sample_set/second_max/modified.c --line 20
Breakpoint 1: where = modified_fuzz`second_max + 489 at modified.c:20:9, address = 0x00000000000675a9
(lldb) breakpoint command add 1
(lldb) run /script/motivating_example/sample_set/second_max/fuzzing_test/modified_inputs/47d5fd7c08a1b2636b8af82c57839022b1b98c16
INFO: Running with entropic power schedule (0xFF, 100).
INFO: Seed: 916746925
INFO: Loaded 1 modules   (16 inline 8-bit counters): 16 [0x5555555defc0, 0x5555555defd0), 
INFO: Loaded 1 PC tables (16 PCs): 16 [0x5555555defd0,0x5555555df0d0), 
/script/motivating_example/sample_set/second_max/modified_fuzz: Running 1 inputs 1 time(s) each.
Running: /script/motivating_example/sample_set/second_max/fuzzing_test/modified_inputs/47d5fd7c08a1b2636b8af82c57839022b1b98c16
(lldb)  frame info
frame #0: 0x00005555555bb5a9 modified_fuzz`second_max(count=4, arr=0x0000555555f67f50) at modified.c:20:9
(lldb)  frame variable count -f dec 
(unsigned int) count = 4
(lldb)  frame variable max -f dec 
(int) max = -1
(lldb)  frame variable sec -f dec 
(int) sec = -2147483648
(lldb)  frame variable a -f dec 
(int) a = -1
(lldb)  continue
Process 155356 resuming
Command #7 'continue' continued the target.
(lldb)  frame info
frame #0: 0x00005555555bb5a9 modified_fuzz`second_max(count=4, arr=0x0000555555f67f50) at modified.c:20:9
(lldb)  frame variable count -f dec 
(unsigned int) count = 4
(lldb)  frame variable max -f dec 
(int) max = 2147450879
(lldb)  frame variable sec -f dec 
(int) sec = -2147483648
(lldb)  frame variable a -f dec 
(int) a = 2147450879
(lldb)  continue
Process 155356 resuming
Command #7 'continue' continued the target.
(lldb)  frame info
frame #0: 0x00005555555bb5a9 modified_fuzz`second_max(count=4, arr=0x0000555555f67f50) at modified.c:20:9
(lldb)  frame variable count -f dec 
(unsigned int) count = 4
(lldb)  frame variable max -f dec 
(int) max = 2147450879
(lldb)  frame variable sec -f dec 
(int) sec = 2146533375
(lldb)  frame variable a -f dec 
(int) a = 2146533375
(lldb)  continue
Process 155356 resuming
Command #7 'continue' continued the target.
(lldb)  frame info
frame #0: 0x00005555555bb5a9 modified_fuzz`second_max(count=4, arr=0x0000555555f67f50) at modified.c:20:9
(lldb)  frame variable count -f dec 
(unsigned int) count = 4
(lldb)  frame variable max -f dec 
(int) max = 2147450879
(lldb)  frame variable sec -f dec 
(int) sec = 2146533375
(lldb)  frame variable a -f dec 
(int) a = -2147450880
(lldb)  continue
Process 155356 resuming
Command #7 'continue' continued the target.
Executed /script/motivating_example/sample_set/second_max/fuzzing_test/modified_inputs/47d5fd7c08a1b2636b8af82c57839022b1b98c16 in 16 ms
***
*** NOTE: fuzzing was not performed, you have only
***       executed the target code on a fixed set of inputs.
***
Process 155356 exited with status = 0 (0x00000000)
Process 155356 launched: '/script/motivating_example/sample_set/second_max/modified_fuzz' (x86_64)
(lldb) quit