(lldb) target create "modified_fuzz"
Current executable set to '/script/motivating_example/sample_set/gcd/modified_fuzz' (x86_64).
(lldb) command source -s 0 '/script/motivating_example/sample_set/gcd/fuzzing_test/modified_debug/script/4401279c042385b9a6238f187b18f251e8720461/batch.lldb'
Executing commands in '/script/motivating_example/sample_set/gcd/fuzzing_test/modified_debug/script/4401279c042385b9a6238f187b18f251e8720461/batch.lldb'.
(lldb) settings set interpreter.stop-command-source-on-error 0
(lldb) settings set auto-confirm 1
(lldb) breakpoint set --file /script/motivating_example/sample_set/gcd/modified.c --line 9
Breakpoint 1: where = modified_fuzz`gcd + 121 at modified.c:9:9, address = 0x0000000000067429
(lldb) breakpoint command add 1
(lldb) run /script/motivating_example/sample_set/gcd/fuzzing_test/modified_inputs/4401279c042385b9a6238f187b18f251e8720461
INFO: Running with entropic power schedule (0xFF, 100).
INFO: Seed: 4212870974
INFO: Loaded 1 modules   (10 inline 8-bit counters): 10 [0x5555555defb0, 0x5555555defba), 
INFO: Loaded 1 PC tables (10 PCs): 10 [0x5555555defc0,0x5555555df060), 
/script/motivating_example/sample_set/gcd/modified_fuzz: Running 1 inputs 1 time(s) each.
Running: /script/motivating_example/sample_set/gcd/fuzzing_test/modified_inputs/4401279c042385b9a6238f187b18f251e8720461
(lldb)  frame info
frame #0: 0x00005555555bb429 modified_fuzz`gcd(a=992820071, b=742030848) at modified.c:9:9
(lldb)  frame variable a -f dec 
(int) a = 992820071
(lldb)  frame variable b -f dec 
(int) b = 742030848
(lldb)  continue
Process 73225 resuming
Command #5 'continue' continued the target.
(lldb)  frame info
frame #0: 0x00005555555bb429 modified_fuzz`gcd(a=742030848, b=250789223) at modified.c:9:9
(lldb)  frame variable a -f dec 
(int) a = 742030848
(lldb)  frame variable b -f dec 
(int) b = 250789223
(lldb)  continue
Process 73225 resuming
Command #5 'continue' continued the target.
(lldb)  frame info
frame #0: 0x00005555555bb429 modified_fuzz`gcd(a=501578446, b=240452402) at modified.c:9:9
(lldb)  frame variable a -f dec 
(int) a = 501578446
(lldb)  frame variable b -f dec 
(int) b = 240452402
(lldb)  continue
Process 73225 resuming
Command #5 'continue' continued the target.
(lldb)  frame info
frame #0: 0x00005555555bb429 modified_fuzz`gcd(a=480904804, b=20673642) at modified.c:9:9
(lldb)  frame variable a -f dec 
(int) a = 480904804
(lldb)  frame variable b -f dec 
(int) b = 20673642
(lldb)  continue
Process 73225 resuming
Command #5 'continue' continued the target.
(lldb)  frame info
frame #0: 0x00005555555bb429 modified_fuzz`gcd(a=475493766, b=5411038) at modified.c:9:9
(lldb)  frame variable a -f dec 
(int) a = 475493766
(lldb)  frame variable b -f dec 
(int) b = 5411038
(lldb)  continue
Process 73225 resuming
Command #5 'continue' continued the target.
(lldb)  frame info
frame #0: 0x00005555555bb429 modified_fuzz`gcd(a=470760306, b=4733460) at modified.c:9:9
(lldb)  frame variable a -f dec 
(int) a = 470760306
(lldb)  frame variable b -f dec 
(int) b = 4733460
(lldb)  continue
Process 73225 resuming
Command #5 'continue' continued the target.
(lldb)  frame info
frame #0: 0x00005555555bb429 modified_fuzz`gcd(a=468612540, b=2147766) at modified.c:9:9
(lldb)  frame variable a -f dec 
(int) a = 468612540
(lldb)  frame variable b -f dec 
(int) b = 2147766
(lldb)  continue
Process 73225 resuming
Command #5 'continue' continued the target.
(lldb)  frame info
frame #0: 0x00005555555bb429 modified_fuzz`gcd(a=468212988, b=399552) at modified.c:9:9
(lldb)  frame variable a -f dec 
(int) a = 468212988
(lldb)  frame variable b -f dec 
(int) b = 399552
(lldb)  continue
Process 73225 resuming
Command #5 'continue' continued the target.
(lldb)  frame info
frame #0: 0x00005555555bb429 modified_fuzz`gcd(a=467875392, b=337596) at modified.c:9:9
(lldb)  frame variable a -f dec 
(int) a = 467875392
(lldb)  frame variable b -f dec 
(int) b = 337596
(lldb)  continue
Process 73225 resuming
Command #5 'continue' continued the target.
(lldb)  frame info
frame #0: 0x00005555555bb429 modified_fuzz`gcd(a=467570460, b=304932) at modified.c:9:9
(lldb)  frame variable a -f dec 
(int) a = 467570460
(lldb)  frame variable b -f dec 
(int) b = 304932
(lldb)  continue
Process 73225 resuming
Command #5 'continue' continued the target.
(lldb)  frame info
frame #0: 0x00005555555bb429 modified_fuzz`gcd(a=467460756, b=109704) at modified.c:9:9
(lldb)  frame variable a -f dec 
(int) a = 467460756
(lldb)  frame variable b -f dec 
(int) b = 109704
(lldb)  continue
Process 73225 resuming
Command #5 'continue' continued the target.
(lldb)  frame info
frame #0: 0x00005555555bb429 modified_fuzz`gcd(a=467448744, b=12012) at modified.c:9:9
(lldb)  frame variable a -f dec 
(int) a = 467448744
(lldb)  frame variable b -f dec 
(int) b = 12012
(lldb)  continue
Process 73225 resuming
Command #5 'continue' continued the target.
(lldb)  frame info
frame #0: 0x00005555555bb429 modified_fuzz`gcd(a=467446980, b=1764) at modified.c:9:9
(lldb)  frame variable a -f dec 
(int) a = 467446980
(lldb)  frame variable b -f dec 
(int) b = 1764
(lldb)  continue
Process 73225 resuming
Command #5 'continue' continued the target.
(lldb)  frame info
frame #0: 0x00005555555bb429 modified_fuzz`gcd(a=467445888, b=1092) at modified.c:9:9
(lldb)  frame variable a -f dec 
(int) a = 467445888
(lldb)  frame variable b -f dec 
(int) b = 1092
(lldb)  continue
Process 73225 resuming
Command #5 'continue' continued the target.
(lldb)  frame info
frame #0: 0x00005555555bb429 modified_fuzz`gcd(a=467445888, b=0) at modified.c:9:9
(lldb)  frame variable a -f dec 
(int) a = 467445888
(lldb)  frame variable b -f dec 
(int) b = 0
(lldb)  continue
Process 73225 resuming
Command #5 'continue' continued the target.
Executed /script/motivating_example/sample_set/gcd/fuzzing_test/modified_inputs/4401279c042385b9a6238f187b18f251e8720461 in 41 ms
***
*** NOTE: fuzzing was not performed, you have only
***       executed the target code on a fixed set of inputs.
***
Process 73225 exited with status = 0 (0x00000000)
Process 73225 launched: '/script/motivating_example/sample_set/gcd/modified_fuzz' (x86_64)
(lldb) quit