(lldb) target create "original_2_fuzz"
Current executable set to '/script/motivating_example/sample_set/gcd/original_2_fuzz' (x86_64).
(lldb) command source -s 0 '/script/motivating_example/sample_set/gcd/fuzzing_test/original_2_debug/script/c43bdfe39c19439351e90fd2f024f590835c44fa/batch.lldb'
Executing commands in '/script/motivating_example/sample_set/gcd/fuzzing_test/original_2_debug/script/c43bdfe39c19439351e90fd2f024f590835c44fa/batch.lldb'.
(lldb) settings set interpreter.stop-command-source-on-error 0
(lldb) settings set auto-confirm 1
(lldb) breakpoint set --file /script/motivating_example/sample_set/gcd/original_2.c --line 6
Breakpoint 1: where = original_2_fuzz`gcd + 82 at original_2.c:6:5, address = 0x0000000000067402
(lldb) breakpoint command add 1
(lldb) run /script/motivating_example/sample_set/gcd/fuzzing_test/modified_inputs/c43bdfe39c19439351e90fd2f024f590835c44fa
INFO: Running with entropic power schedule (0xFF, 100).
INFO: Seed: 1262947404
INFO: Loaded 1 modules   (10 inline 8-bit counters): 10 [0x5555555defb0, 0x5555555defba), 
INFO: Loaded 1 PC tables (10 PCs): 10 [0x5555555defc0,0x5555555df060), 
/script/motivating_example/sample_set/gcd/original_2_fuzz: Running 1 inputs 1 time(s) each.
Running: /script/motivating_example/sample_set/gcd/fuzzing_test/modified_inputs/c43bdfe39c19439351e90fd2f024f590835c44fa
(lldb)  frame info
frame #0: 0x00005555555bb402 original_2_fuzz`gcd(a=992608511, b=-14593) at original_2.c:6:5
(lldb)  frame variable a -f dec 
(int) a = 992608511
(lldb)  frame variable b -f dec 
(int) b = -14593
(lldb)  continue
Process 91853 resuming
Command #5 'continue' continued the target.
(lldb)  frame info
frame #0: 0x00005555555bb402 original_2_fuzz`gcd(a=-14593, b=7244) at original_2.c:6:5
(lldb)  frame variable a -f dec 
(int) a = -14593
(lldb)  frame variable b -f dec 
(int) b = 7244
(lldb)  continue
Process 91853 resuming
Command #5 'continue' continued the target.
(lldb)  frame info
frame #0: 0x00005555555bb402 original_2_fuzz`gcd(a=7244, b=-105) at original_2.c:6:5
(lldb)  frame variable a -f dec 
(int) a = 7244
(lldb)  frame variable b -f dec 
(int) b = -105
(lldb)  continue
Process 91853 resuming
Command #5 'continue' continued the target.
(lldb)  frame info
frame #0: 0x00005555555bb402 original_2_fuzz`gcd(a=-105, b=104) at original_2.c:6:5
(lldb)  frame variable a -f dec 
(int) a = -105
(lldb)  frame variable b -f dec 
(int) b = 104
(lldb)  continue
Process 91853 resuming
Command #5 'continue' continued the target.
(lldb)  frame info
frame #0: 0x00005555555bb402 original_2_fuzz`gcd(a=104, b=-1) at original_2.c:6:5
(lldb)  frame variable a -f dec 
(int) a = 104
(lldb)  frame variable b -f dec 
(int) b = -1
(lldb)  continue
Process 91853 resuming
Command #5 'continue' continued the target.
(lldb)  frame info
frame #0: 0x00005555555bb402 original_2_fuzz`gcd(a=-1, b=0) at original_2.c:6:5
(lldb)  frame variable a -f dec 
(int) a = -1
(lldb)  frame variable b -f dec 
(int) b = 0
(lldb)  continue
Process 91853 resuming
Command #5 'continue' continued the target.
Executed /script/motivating_example/sample_set/gcd/fuzzing_test/modified_inputs/c43bdfe39c19439351e90fd2f024f590835c44fa in 18 ms
***
*** NOTE: fuzzing was not performed, you have only
***       executed the target code on a fixed set of inputs.
***
Process 91853 exited with status = 0 (0x00000000)
Process 91853 launched: '/script/motivating_example/sample_set/gcd/original_2_fuzz' (x86_64)
(lldb) quit
