(lldb) target create "original_2_fuzz"
Current executable set to '/script/motivating_example/sample_set/gcd/original_2_fuzz' (x86_64).
(lldb) command source -s 0 '/script/motivating_example/sample_set/gcd/fuzzing_test/original_2_debug/script/b6824652dbe1f13a11cdf2b47e91697d4e30625a/batch.lldb'
Executing commands in '/script/motivating_example/sample_set/gcd/fuzzing_test/original_2_debug/script/b6824652dbe1f13a11cdf2b47e91697d4e30625a/batch.lldb'.
(lldb) settings set interpreter.stop-command-source-on-error 0
(lldb) settings set auto-confirm 1
(lldb) breakpoint set --file /script/motivating_example/sample_set/gcd/original_2.c --line 6
Breakpoint 1: where = original_2_fuzz`gcd + 82 at original_2.c:6:5, address = 0x0000000000067402
(lldb) breakpoint command add 1
(lldb) run /script/motivating_example/sample_set/gcd/fuzzing_test/modified_inputs/b6824652dbe1f13a11cdf2b47e91697d4e30625a
INFO: Running with entropic power schedule (0xFF, 100).
INFO: Seed: 2822334329
INFO: Loaded 1 modules   (10 inline 8-bit counters): 10 [0x5555555defb0, 0x5555555defba), 
INFO: Loaded 1 PC tables (10 PCs): 10 [0x5555555defc0,0x5555555df060), 
/script/motivating_example/sample_set/gcd/original_2_fuzz: Running 1 inputs 1 time(s) each.
Running: /script/motivating_example/sample_set/gcd/fuzzing_test/modified_inputs/b6824652dbe1f13a11cdf2b47e91697d4e30625a
(lldb)  frame info
frame #0: 0x00005555555bb402 original_2_fuzz`gcd(a=-2147483648, b=117440299) at original_2.c:6:5
(lldb)  frame variable a -f dec 
(int) a = -2147483648
(lldb)  frame variable b -f dec 
(int) b = 117440299
(lldb)  continue
Process 91671 resuming
Command #5 'continue' continued the target.
(lldb)  frame info
frame #0: 0x00005555555bb402 original_2_fuzz`gcd(a=117440299, b=-33558266) at original_2.c:6:5
(lldb)  frame variable a -f dec 
(int) a = 117440299
(lldb)  frame variable b -f dec 
(int) b = -33558266
(lldb)  continue
Process 91671 resuming
Command #5 'continue' continued the target.
(lldb)  frame info
frame #0: 0x00005555555bb402 original_2_fuzz`gcd(a=-33558266, b=16765501) at original_2.c:6:5
(lldb)  frame variable a -f dec 
(int) a = -33558266
(lldb)  frame variable b -f dec 
(int) b = 16765501
(lldb)  continue
Process 91671 resuming
Command #5 'continue' continued the target.
(lldb)  frame info
frame #0: 0x00005555555bb402 original_2_fuzz`gcd(a=16765501, b=-27264) at original_2.c:6:5
(lldb)  frame variable a -f dec 
(int) a = 16765501
(lldb)  frame variable b -f dec 
(int) b = -27264
(lldb)  continue
Process 91671 resuming
Command #5 'continue' continued the target.
(lldb)  frame info
frame #0: 0x00005555555bb402 original_2_fuzz`gcd(a=-27264, b=25405) at original_2.c:6:5
(lldb)  frame variable a -f dec 
(int) a = -27264
(lldb)  frame variable b -f dec 
(int) b = 25405
(lldb)  continue
Process 91671 resuming
Command #5 'continue' continued the target.
(lldb)  frame info
frame #0: 0x00005555555bb402 original_2_fuzz`gcd(a=25405, b=-1859) at original_2.c:6:5
(lldb)  frame variable a -f dec 
(int) a = 25405
(lldb)  frame variable b -f dec 
(int) b = -1859
(lldb)  continue
Process 91671 resuming
Command #5 'continue' continued the target.
(lldb)  frame info
frame #0: 0x00005555555bb402 original_2_fuzz`gcd(a=-1859, b=1238) at original_2.c:6:5
(lldb)  frame variable a -f dec 
(int) a = -1859
(lldb)  frame variable b -f dec 
(int) b = 1238
(lldb)  continue
Process 91671 resuming
Command #5 'continue' continued the target.
(lldb)  frame info
frame #0: 0x00005555555bb402 original_2_fuzz`gcd(a=1238, b=-621) at original_2.c:6:5
(lldb)  frame variable a -f dec 
(int) a = 1238
(lldb)  frame variable b -f dec 
(int) b = -621
(lldb)  continue
Process 91671 resuming
Command #5 'continue' continued the target.
(lldb)  frame info
frame #0: 0x00005555555bb402 original_2_fuzz`gcd(a=-621, b=617) at original_2.c:6:5
(lldb)  frame variable a -f dec 
(int) a = -621
(lldb)  frame variable b -f dec 
(int) b = 617
(lldb)  continue
Process 91671 resuming
Command #5 'continue' continued the target.
(lldb)  frame info
frame #0: 0x00005555555bb402 original_2_fuzz`gcd(a=617, b=-4) at original_2.c:6:5
(lldb)  frame variable a -f dec 
(int) a = 617
(lldb)  frame variable b -f dec 
(int) b = -4
(lldb)  continue
Process 91671 resuming
Command #5 'continue' continued the target.
(lldb)  frame info
frame #0: 0x00005555555bb402 original_2_fuzz`gcd(a=-4, b=1) at original_2.c:6:5
(lldb)  frame variable a -f dec 
(int) a = -4
(lldb)  frame variable b -f dec 
(int) b = 1
(lldb)  continue
Process 91671 resuming
Command #5 'continue' continued the target.
(lldb)  frame info
frame #0: 0x00005555555bb402 original_2_fuzz`gcd(a=1, b=0) at original_2.c:6:5
(lldb)  frame variable a -f dec 
(int) a = 1
(lldb)  frame variable b -f dec 
(int) b = 0
(lldb)  continue
Process 91671 resuming
Command #5 'continue' continued the target.
Executed /script/motivating_example/sample_set/gcd/fuzzing_test/modified_inputs/b6824652dbe1f13a11cdf2b47e91697d4e30625a in 23 ms
***
*** NOTE: fuzzing was not performed, you have only
***       executed the target code on a fixed set of inputs.
***
Process 91671 exited with status = 0 (0x00000000)
Process 91671 launched: '/script/motivating_example/sample_set/gcd/original_2_fuzz' (x86_64)
(lldb) quit