(lldb) target create "modified_fuzz"
Current executable set to '/script/motivating_example/sample_set/gcd/modified_fuzz' (x86_64).
(lldb) command source -s 0 '/script/motivating_example/sample_set/gcd/fuzzing_test/modified_debug/script/aef19e66a110738b301d87d19ee27664e096d7d8/batch.lldb'
Executing commands in '/script/motivating_example/sample_set/gcd/fuzzing_test/modified_debug/script/aef19e66a110738b301d87d19ee27664e096d7d8/batch.lldb'.
(lldb) settings set interpreter.stop-command-source-on-error 0
(lldb) settings set auto-confirm 1
(lldb) breakpoint set --file /script/motivating_example/sample_set/gcd/modified.c --line 9
Breakpoint 1: where = modified_fuzz`gcd + 121 at modified.c:9:9, address = 0x0000000000067429
(lldb) breakpoint command add 1
(lldb) run /script/motivating_example/sample_set/gcd/fuzzing_test/modified_inputs/aef19e66a110738b301d87d19ee27664e096d7d8
INFO: Running with entropic power schedule (0xFF, 100).
INFO: Seed: 4287573520
INFO: Loaded 1 modules   (10 inline 8-bit counters): 10 [0x5555555defb0, 0x5555555defba), 
INFO: Loaded 1 PC tables (10 PCs): 10 [0x5555555defc0,0x5555555df060), 
/script/motivating_example/sample_set/gcd/modified_fuzz: Running 1 inputs 1 time(s) each.
Running: /script/motivating_example/sample_set/gcd/fuzzing_test/modified_inputs/aef19e66a110738b301d87d19ee27664e096d7d8
(lldb)  frame info
frame #0: 0x00005555555bb429 modified_fuzz`gcd(a=-2147361055, b=-122593) at modified.c:9:9
(lldb)  frame variable a -f dec 
(int) a = -2147361055
(lldb)  frame variable b -f dec 
(int) b = -122593
(lldb)  continue
Process 74736 resuming
Command #5 'continue' continued the target.
(lldb)  frame info
frame #0: 0x00005555555bb429 modified_fuzz`gcd(a=-2147338988, b=-22067) at modified.c:9:9
(lldb)  frame variable a -f dec 
(int) a = -2147338988
(lldb)  frame variable b -f dec 
(int) b = -22067
(lldb)  continue
Process 74736 resuming
Command #5 'continue' continued the target.
(lldb)  frame info
frame #0: 0x00005555555bb429 modified_fuzz`gcd(a=-2147317703, b=-21285) at modified.c:9:9
(lldb)  frame variable a -f dec 
(int) a = -2147317703
(lldb)  frame variable b -f dec 
(int) b = -21285
(lldb)  continue
Process 74736 resuming
Command #5 'continue' continued the target.
(lldb)  frame info
frame #0: 0x00005555555bb429 modified_fuzz`gcd(a=-2147315940, b=-1763) at modified.c:9:9
(lldb)  frame variable a -f dec 
(int) a = -2147315940
(lldb)  frame variable b -f dec 
(int) b = -1763
(lldb)  continue
Process 74736 resuming
Command #5 'continue' continued the target.
(lldb)  frame info
frame #0: 0x00005555555bb429 modified_fuzz`gcd(a=-2147314607, b=-1333) at modified.c:9:9
(lldb)  frame variable a -f dec 
(int) a = -2147314607
(lldb)  frame variable b -f dec 
(int) b = -1333
(lldb)  continue
Process 74736 resuming
Command #5 'continue' continued the target.
(lldb)  frame info
frame #0: 0x00005555555bb429 modified_fuzz`gcd(a=-2147313704, b=-903) at modified.c:9:9
(lldb)  frame variable a -f dec 
(int) a = -2147313704
(lldb)  frame variable b -f dec 
(int) b = -903
(lldb)  continue
Process 74736 resuming
Command #5 'continue' continued the target.
(lldb)  frame info
frame #0: 0x00005555555bb429 modified_fuzz`gcd(a=-2147313231, b=-473) at modified.c:9:9
(lldb)  frame variable a -f dec 
(int) a = -2147313231
(lldb)  frame variable b -f dec 
(int) b = -473
(lldb)  continue
Process 74736 resuming
Command #5 'continue' continued the target.
(lldb)  frame info
frame #0: 0x00005555555bb429 modified_fuzz`gcd(a=-2147313102, b=-129) at modified.c:9:9
(lldb)  frame variable a -f dec 
(int) a = -2147313102
(lldb)  frame variable b -f dec 
(int) b = -129
(lldb)  continue
Process 74736 resuming
Command #5 'continue' continued the target.
(lldb)  frame info
frame #0: 0x00005555555bb429 modified_fuzz`gcd(a=-2147313102, b=0) at modified.c:9:9
(lldb)  frame variable a -f dec 
(int) a = -2147313102
(lldb)  frame variable b -f dec 
(int) b = 0
(lldb)  continue
Process 74736 resuming
Command #5 'continue' continued the target.
Executed /script/motivating_example/sample_set/gcd/fuzzing_test/modified_inputs/aef19e66a110738b301d87d19ee27664e096d7d8 in 21 ms
***
*** NOTE: fuzzing was not performed, you have only
***       executed the target code on a fixed set of inputs.
***
Process 74736 exited with status = 0 (0x00000000)
Process 74736 launched: '/script/motivating_example/sample_set/gcd/modified_fuzz' (x86_64)
(lldb) quit