(lldb) target create "modified_fuzz"
Current executable set to '/script/motivating_example/sample_set/gcd/modified_fuzz' (x86_64).
(lldb) command source -s 0 '/script/motivating_example/sample_set/gcd/fuzzing_test/modified_debug/script/81f9a29386d66a719c74f867c1bffeed576452e2/batch.lldb'
Executing commands in '/script/motivating_example/sample_set/gcd/fuzzing_test/modified_debug/script/81f9a29386d66a719c74f867c1bffeed576452e2/batch.lldb'.
(lldb) settings set interpreter.stop-command-source-on-error 0
(lldb) settings set auto-confirm 1
(lldb) breakpoint set --file /script/motivating_example/sample_set/gcd/modified.c --line 9
Breakpoint 1: where = modified_fuzz`gcd + 121 at modified.c:9:9, address = 0x0000000000067429
(lldb) breakpoint command add 1
(lldb) run /script/motivating_example/sample_set/gcd/fuzzing_test/modified_inputs/81f9a29386d66a719c74f867c1bffeed576452e2
INFO: Running with entropic power schedule (0xFF, 100).
INFO: Seed: 454293679
INFO: Loaded 1 modules   (10 inline 8-bit counters): 10 [0x5555555defb0, 0x5555555defba), 
INFO: Loaded 1 PC tables (10 PCs): 10 [0x5555555defc0,0x5555555df060), 
/script/motivating_example/sample_set/gcd/modified_fuzz: Running 1 inputs 1 time(s) each.
Running: /script/motivating_example/sample_set/gcd/fuzzing_test/modified_inputs/81f9a29386d66a719c74f867c1bffeed576452e2
(lldb)  frame info
frame #0: 0x00005555555bb429 modified_fuzz`gcd(a=1985640142, b=118288537) at modified.c:9:9
(lldb)  frame variable a -f dec 
(int) a = 1985640142
(lldb)  frame variable b -f dec 
(int) b = 118288537
(lldb)  continue
Process 74220 resuming
Command #5 'continue' continued the target.
(lldb)  frame info
frame #0: 0x00005555555bb429 modified_fuzz`gcd(a=1892616592, b=93023550) at modified.c:9:9
(lldb)  frame variable a -f dec 
(int) a = 1892616592
(lldb)  frame variable b -f dec 
(int) b = 93023550
(lldb)  continue
Process 74220 resuming
Command #5 'continue' continued the target.
(lldb)  frame info
frame #0: 0x00005555555bb429 modified_fuzz`gcd(a=1860471000, b=32145592) at modified.c:9:9
(lldb)  frame variable a -f dec 
(int) a = 1860471000
(lldb)  frame variable b -f dec 
(int) b = 32145592
(lldb)  continue
Process 74220 resuming
Command #5 'continue' continued the target.
(lldb)  frame info
frame #0: 0x00005555555bb429 modified_fuzz`gcd(a=1832298744, b=28172256) at modified.c:9:9
(lldb)  frame variable a -f dec 
(int) a = 1832298744
(lldb)  frame variable b -f dec 
(int) b = 28172256
(lldb)  continue
Process 74220 resuming
Command #5 'continue' continued the target.
(lldb)  frame info
frame #0: 0x00005555555bb429 modified_fuzz`gcd(a=1831196640, b=1102104) at modified.c:9:9
(lldb)  frame variable a -f dec 
(int) a = 1831196640
(lldb)  frame variable b -f dec 
(int) b = 1102104
(lldb)  continue
Process 74220 resuming
Command #5 'continue' continued the target.
(lldb)  frame info
frame #0: 0x00005555555bb429 modified_fuzz`gcd(a=1830594744, b=601896) at modified.c:9:9
(lldb)  frame variable a -f dec 
(int) a = 1830594744
(lldb)  frame variable b -f dec 
(int) b = 601896
(lldb)  continue
Process 74220 resuming
Command #5 'continue' continued the target.
(lldb)  frame info
frame #0: 0x00005555555bb429 modified_fuzz`gcd(a=1830365736, b=229008) at modified.c:9:9
(lldb)  frame variable a -f dec 
(int) a = 1830365736
(lldb)  frame variable b -f dec 
(int) b = 229008
(lldb)  continue
Process 74220 resuming
Command #5 'continue' continued the target.
(lldb)  frame info
frame #0: 0x00005555555bb429 modified_fuzz`gcd(a=1830231936, b=133800) at modified.c:9:9
(lldb)  frame variable a -f dec 
(int) a = 1830231936
(lldb)  frame variable b -f dec 
(int) b = 133800
(lldb)  continue
Process 74220 resuming
Command #5 'continue' continued the target.
(lldb)  frame info
frame #0: 0x00005555555bb429 modified_fuzz`gcd(a=1830116400, b=115536) at modified.c:9:9
(lldb)  frame variable a -f dec 
(int) a = 1830116400
(lldb)  frame variable b -f dec 
(int) b = 115536
(lldb)  continue
Process 74220 resuming
Command #5 'continue' continued the target.
(lldb)  frame info
frame #0: 0x00005555555bb429 modified_fuzz`gcd(a=1830090240, b=26160) at modified.c:9:9
(lldb)  frame variable a -f dec 
(int) a = 1830090240
(lldb)  frame variable b -f dec 
(int) b = 26160
(lldb)  continue
Process 74220 resuming
Command #5 'continue' continued the target.
(lldb)  frame info
frame #0: 0x00005555555bb429 modified_fuzz`gcd(a=1830075120, b=15120) at modified.c:9:9
(lldb)  frame variable a -f dec 
(int) a = 1830075120
(lldb)  frame variable b -f dec 
(int) b = 15120
(lldb)  continue
Process 74220 resuming
Command #5 'continue' continued the target.
(lldb)  frame info
frame #0: 0x00005555555bb429 modified_fuzz`gcd(a=1830064320, b=10800) at modified.c:9:9
(lldb)  frame variable a -f dec 
(int) a = 1830064320
(lldb)  frame variable b -f dec 
(int) b = 10800
(lldb)  continue
Process 74220 resuming
Command #5 'continue' continued the target.
(lldb)  frame info
frame #0: 0x00005555555bb429 modified_fuzz`gcd(a=1830060000, b=4320) at modified.c:9:9
(lldb)  frame variable a -f dec 
(int) a = 1830060000
(lldb)  frame variable b -f dec 
(int) b = 4320
(lldb)  continue
Process 74220 resuming
Command #5 'continue' continued the target.
(lldb)  frame info
frame #0: 0x00005555555bb429 modified_fuzz`gcd(a=1830060000, b=0) at modified.c:9:9
(lldb)  frame variable a -f dec 
(int) a = 1830060000
(lldb)  frame variable b -f dec 
(int) b = 0
(lldb)  continue
Process 74220 resuming
Command #5 'continue' continued the target.
Executed /script/motivating_example/sample_set/gcd/fuzzing_test/modified_inputs/81f9a29386d66a719c74f867c1bffeed576452e2 in 30 ms
***
*** NOTE: fuzzing was not performed, you have only
***       executed the target code on a fixed set of inputs.
***
Process 74220 exited with status = 0 (0x00000000)
Process 74220 launched: '/script/motivating_example/sample_set/gcd/modified_fuzz' (x86_64)
(lldb) quit