(lldb) target create "modified_fuzz"
Current executable set to '/script/motivating_example/sample_set/gcd/modified_fuzz' (x86_64).
(lldb) command source -s 0 '/script/motivating_example/sample_set/gcd/fuzzing_test/modified_debug/script/d6817dc43ec4d2a96e678096ee43298bb028cdbe/batch.lldb'
Executing commands in '/script/motivating_example/sample_set/gcd/fuzzing_test/modified_debug/script/d6817dc43ec4d2a96e678096ee43298bb028cdbe/batch.lldb'.
(lldb) settings set interpreter.stop-command-source-on-error 0
(lldb) settings set auto-confirm 1
(lldb) breakpoint set --file /script/motivating_example/sample_set/gcd/modified.c --line 9
Breakpoint 1: where = modified_fuzz`gcd + 121 at modified.c:9:9, address = 0x0000000000067429
(lldb) breakpoint command add 1
(lldb) run /script/motivating_example/sample_set/gcd/fuzzing_test/modified_inputs/d6817dc43ec4d2a96e678096ee43298bb028cdbe
INFO: Running with entropic power schedule (0xFF, 100).
INFO: Seed: 244439224
INFO: Loaded 1 modules   (10 inline 8-bit counters): 10 [0x5555555defb0, 0x5555555defba), 
INFO: Loaded 1 PC tables (10 PCs): 10 [0x5555555defc0,0x5555555df060), 
/script/motivating_example/sample_set/gcd/modified_fuzz: Running 1 inputs 1 time(s) each.
Running: /script/motivating_example/sample_set/gcd/fuzzing_test/modified_inputs/d6817dc43ec4d2a96e678096ee43298bb028cdbe
(lldb)  frame info
frame #0: 0x00005555555bb429 modified_fuzz`gcd(a=2135752551, b=11729043) at modified.c:9:9
(lldb)  frame variable a -f dec 
(int) a = 2135752551
(lldb)  frame variable b -f dec 
(int) b = 11729043
(lldb)  continue
Process 75538 resuming
Command #5 'continue' continued the target.
(lldb)  frame info
frame #0: 0x00005555555bb429 modified_fuzz`gcd(a=2134685826, b=1066725) at modified.c:9:9
(lldb)  frame variable a -f dec 
(int) a = 2134685826
(lldb)  frame variable b -f dec 
(int) b = 1066725
(lldb)  continue
Process 75538 resuming
Command #5 'continue' continued the target.
(lldb)  frame info
frame #0: 0x00005555555bb429 modified_fuzz`gcd(a=2134516725, b=169101) at modified.c:9:9
(lldb)  frame variable a -f dec 
(int) a = 2134516725
(lldb)  frame variable b -f dec 
(int) b = 169101
(lldb)  continue
Process 75538 resuming
Command #5 'continue' continued the target.
(lldb)  frame info
frame #0: 0x00005555555bb429 modified_fuzz`gcd(a=2134392822, b=123903) at modified.c:9:9
(lldb)  frame variable a -f dec 
(int) a = 2134392822
(lldb)  frame variable b -f dec 
(int) b = 123903
(lldb)  continue
Process 75538 resuming
Command #5 'continue' continued the target.
(lldb)  frame info
frame #0: 0x00005555555bb429 modified_fuzz`gcd(a=2134353078, b=39744) at modified.c:9:9
(lldb)  frame variable a -f dec 
(int) a = 2134353078
(lldb)  frame variable b -f dec 
(int) b = 39744
(lldb)  continue
Process 75538 resuming
Command #5 'continue' continued the target.
(lldb)  frame info
frame #0: 0x00005555555bb429 modified_fuzz`gcd(a=2134332288, b=20790) at modified.c:9:9
(lldb)  frame variable a -f dec 
(int) a = 2134332288
(lldb)  frame variable b -f dec 
(int) b = 20790
(lldb)  continue
Process 75538 resuming
Command #5 'continue' continued the target.
(lldb)  frame info
frame #0: 0x00005555555bb429 modified_fuzz`gcd(a=2134322190, b=10098) at modified.c:9:9
(lldb)  frame variable a -f dec 
(int) a = 2134322190
(lldb)  frame variable b -f dec 
(int) b = 10098
(lldb)  continue
Process 75538 resuming
Command #5 'continue' continued the target.
(lldb)  frame info
frame #0: 0x00005555555bb429 modified_fuzz`gcd(a=2134313280, b=8910) at modified.c:9:9
(lldb)  frame variable a -f dec 
(int) a = 2134313280
(lldb)  frame variable b -f dec 
(int) b = 8910
(lldb)  continue
Process 75538 resuming
Command #5 'continue' continued the target.
(lldb)  frame info
frame #0: 0x00005555555bb429 modified_fuzz`gcd(a=2134310310, b=2970) at modified.c:9:9
(lldb)  frame variable a -f dec 
(int) a = 2134310310
(lldb)  frame variable b -f dec 
(int) b = 2970
(lldb)  continue
Process 75538 resuming
Command #5 'continue' continued the target.
(lldb)  frame info
frame #0: 0x00005555555bb429 modified_fuzz`gcd(a=2134310310, b=0) at modified.c:9:9
(lldb)  frame variable a -f dec 
(int) a = 2134310310
(lldb)  frame variable b -f dec 
(int) b = 0
(lldb)  continue
Process 75538 resuming
Command #5 'continue' continued the target.
Executed /script/motivating_example/sample_set/gcd/fuzzing_test/modified_inputs/d6817dc43ec4d2a96e678096ee43298bb028cdbe in 24 ms
***
*** NOTE: fuzzing was not performed, you have only
***       executed the target code on a fixed set of inputs.
***
Process 75538 exited with status = 0 (0x00000000)
Process 75538 launched: '/script/motivating_example/sample_set/gcd/modified_fuzz' (x86_64)
(lldb) quit