(lldb) target create "modified_fuzz"
Current executable set to '/script/motivating_example/sample_set/gcd/modified_fuzz' (x86_64).
(lldb) command source -s 0 '/script/motivating_example/sample_set/gcd/fuzzing_test/modified_debug/script/456cf172274a19c1925f2171791ae636157d5998/batch.lldb'
Executing commands in '/script/motivating_example/sample_set/gcd/fuzzing_test/modified_debug/script/456cf172274a19c1925f2171791ae636157d5998/batch.lldb'.
(lldb) settings set interpreter.stop-command-source-on-error 0
(lldb) settings set auto-confirm 1
(lldb) breakpoint set --file /script/motivating_example/sample_set/gcd/modified.c --line 9
Breakpoint 1: where = modified_fuzz`gcd + 121 at modified.c:9:9, address = 0x0000000000067429
(lldb) breakpoint command add 1
(lldb) run /script/motivating_example/sample_set/gcd/fuzzing_test/modified_inputs/456cf172274a19c1925f2171791ae636157d5998
INFO: Running with entropic power schedule (0xFF, 100).
INFO: Seed: 1848663699
INFO: Loaded 1 modules   (10 inline 8-bit counters): 10 [0x5555555defb0, 0x5555555defba), 
INFO: Loaded 1 PC tables (10 PCs): 10 [0x5555555defc0,0x5555555df060), 
/script/motivating_example/sample_set/gcd/modified_fuzz: Running 1 inputs 1 time(s) each.
Running: /script/motivating_example/sample_set/gcd/fuzzing_test/modified_inputs/456cf172274a19c1925f2171791ae636157d5998
(lldb)  frame info
frame #0: 0x00005555555bb429 modified_fuzz`gcd(a=-2147454000, b=-29648) at modified.c:9:9
(lldb)  frame variable a -f dec 
(int) a = -2147454000
(lldb)  frame variable b -f dec 
(int) b = -29648
(lldb)  continue
Process 73329 resuming
Command #5 'continue' continued the target.
(lldb)  frame info
frame #0: 0x00005555555bb429 modified_fuzz`gcd(a=-2147434288, b=-19712) at modified.c:9:9
(lldb)  frame variable a -f dec 
(int) a = -2147434288
(lldb)  frame variable b -f dec 
(int) b = -19712
(lldb)  continue
Process 73329 resuming
Command #5 'continue' continued the target.
(lldb)  frame info
frame #0: 0x00005555555bb429 modified_fuzz`gcd(a=-2147425280, b=-9008) at modified.c:9:9
(lldb)  frame variable a -f dec 
(int) a = -2147425280
(lldb)  frame variable b -f dec 
(int) b = -9008
(lldb)  continue
Process 73329 resuming
Command #5 'continue' continued the target.
(lldb)  frame info
frame #0: 0x00005555555bb429 modified_fuzz`gcd(a=-2147417120, b=-8160) at modified.c:9:9
(lldb)  frame variable a -f dec 
(int) a = -2147417120
(lldb)  frame variable b -f dec 
(int) b = -8160
(lldb)  continue
Process 73329 resuming
Command #5 'continue' continued the target.
(lldb)  frame info
frame #0: 0x00005555555bb429 modified_fuzz`gcd(a=-2147410080, b=-7040) at modified.c:9:9
(lldb)  frame variable a -f dec 
(int) a = -2147410080
(lldb)  frame variable b -f dec 
(int) b = -7040
(lldb)  continue
Process 73329 resuming
Command #5 'continue' continued the target.
(lldb)  frame info
frame #0: 0x00005555555bb429 modified_fuzz`gcd(a=-2147404160, b=-5920) at modified.c:9:9
(lldb)  frame variable a -f dec 
(int) a = -2147404160
(lldb)  frame variable b -f dec 
(int) b = -5920
(lldb)  continue
Process 73329 resuming
Command #5 'continue' continued the target.
(lldb)  frame info
frame #0: 0x00005555555bb429 modified_fuzz`gcd(a=-2147403040, b=-1120) at modified.c:9:9
(lldb)  frame variable a -f dec 
(int) a = -2147403040
(lldb)  frame variable b -f dec 
(int) b = -1120
(lldb)  continue
Process 73329 resuming
Command #5 'continue' continued the target.
(lldb)  frame info
frame #0: 0x00005555555bb429 modified_fuzz`gcd(a=-2147402880, b=-160) at modified.c:9:9
(lldb)  frame variable a -f dec 
(int) a = -2147402880
(lldb)  frame variable b -f dec 
(int) b = -160
(lldb)  continue
Process 73329 resuming
Command #5 'continue' continued the target.
(lldb)  frame info
frame #0: 0x00005555555bb429 modified_fuzz`gcd(a=-2147402880, b=0) at modified.c:9:9
(lldb)  frame variable a -f dec 
(int) a = -2147402880
(lldb)  frame variable b -f dec 
(int) b = 0
(lldb)  continue
Process 73329 resuming
Command #5 'continue' continued the target.
Executed /script/motivating_example/sample_set/gcd/fuzzing_test/modified_inputs/456cf172274a19c1925f2171791ae636157d5998 in 27 ms
***
*** NOTE: fuzzing was not performed, you have only
***       executed the target code on a fixed set of inputs.
***
Process 73329 exited with status = 0 (0x00000000)
Process 73329 launched: '/script/motivating_example/sample_set/gcd/modified_fuzz' (x86_64)
(lldb) quit
