(lldb) target create "original_1_fuzz"
Current executable set to '/script/motivating_example/sample_set/gcd/original_1_fuzz' (x86_64).
(lldb) command source -s 0 '/script/motivating_example/sample_set/gcd/fuzzing_test/original_1_debug/script/e6bc8fa273bd4953908fb3849d6da2d2a5ba59d0/batch.lldb'
Executing commands in '/script/motivating_example/sample_set/gcd/fuzzing_test/original_1_debug/script/e6bc8fa273bd4953908fb3849d6da2d2a5ba59d0/batch.lldb'.
(lldb) settings set interpreter.stop-command-source-on-error 0
(lldb) settings set auto-confirm 1
(lldb) breakpoint set --file /script/motivating_example/sample_set/gcd/original_1.c --line 10
Breakpoint 1: where = original_1_fuzz`gcd + 124 at original_1.c:10:9, address = 0x000000000006742c
(lldb) breakpoint command add 1
(lldb) run /script/motivating_example/sample_set/gcd/fuzzing_test/modified_inputs/e6bc8fa273bd4953908fb3849d6da2d2a5ba59d0
INFO: Running with entropic power schedule (0xFF, 100).
INFO: Seed: 1899329912
INFO: Loaded 1 modules   (10 inline 8-bit counters): 10 [0x5555555defb0, 0x5555555defba), 
INFO: Loaded 1 PC tables (10 PCs): 10 [0x5555555defc0,0x5555555df060), 
/script/motivating_example/sample_set/gcd/original_1_fuzz: Running 1 inputs 1 time(s) each.
Running: /script/motivating_example/sample_set/gcd/fuzzing_test/modified_inputs/e6bc8fa273bd4953908fb3849d6da2d2a5ba59d0
(lldb)  frame info
frame #0: 0x00005555555bb42c original_1_fuzz`gcd(a=607872517, b=98) at original_1.c:10:9
(lldb)  frame variable a -f dec 
(int) a = 607872517
(lldb)  frame variable b -f dec 
(int) b = 98
(lldb)  continue
Process 84161 resuming
Command #5 'continue' continued the target.
(lldb)  frame info
frame #0: 0x00005555555bb42c original_1_fuzz`gcd(a=98, b=77) at original_1.c:10:9
(lldb)  frame variable a -f dec 
(int) a = 98
(lldb)  frame variable b -f dec 
(int) b = 77
(lldb)  continue
Process 84161 resuming
Command #5 'continue' continued the target.
(lldb)  frame info
frame #0: 0x00005555555bb42c original_1_fuzz`gcd(a=77, b=21) at original_1.c:10:9
(lldb)  frame variable a -f dec 
(int) a = 77
(lldb)  frame variable b -f dec 
(int) b = 21
(lldb)  continue
Process 84161 resuming
Command #5 'continue' continued the target.
(lldb)  frame info
frame #0: 0x00005555555bb42c original_1_fuzz`gcd(a=21, b=14) at original_1.c:10:9
(lldb)  frame variable a -f dec 
(int) a = 21
(lldb)  frame variable b -f dec 
(int) b = 14
(lldb)  continue
Process 84161 resuming
Command #5 'continue' continued the target.
(lldb)  frame info
frame #0: 0x00005555555bb42c original_1_fuzz`gcd(a=14, b=7) at original_1.c:10:9
(lldb)  frame variable a -f dec 
(int) a = 14
(lldb)  frame variable b -f dec 
(int) b = 7
(lldb)  continue
Process 84161 resuming
Command #5 'continue' continued the target.
(lldb)  frame info
frame #0: 0x00005555555bb42c original_1_fuzz`gcd(a=7, b=0) at original_1.c:10:9
(lldb)  frame variable a -f dec 
(int) a = 7
(lldb)  frame variable b -f dec 
(int) b = 0
(lldb)  continue
Process 84161 resuming
Command #5 'continue' continued the target.
Executed /script/motivating_example/sample_set/gcd/fuzzing_test/modified_inputs/e6bc8fa273bd4953908fb3849d6da2d2a5ba59d0 in 17 ms
***
*** NOTE: fuzzing was not performed, you have only
***       executed the target code on a fixed set of inputs.
***
Process 84161 exited with status = 0 (0x00000000)
Process 84161 launched: '/script/motivating_example/sample_set/gcd/original_1_fuzz' (x86_64)
(lldb) quit