(lldb) target create "modified_fuzz"
Current executable set to '/script/motivating_example/sample_set/gcd/modified_fuzz' (x86_64).
(lldb) command source -s 0 '/script/motivating_example/sample_set/gcd/fuzzing_test/modified_debug/script/c986e653c8d758785dc81fba644a48ef15488dc6/batch.lldb'
Executing commands in '/script/motivating_example/sample_set/gcd/fuzzing_test/modified_debug/script/c986e653c8d758785dc81fba644a48ef15488dc6/batch.lldb'.
(lldb) settings set interpreter.stop-command-source-on-error 0
(lldb) settings set auto-confirm 1
(lldb) breakpoint set --file /script/motivating_example/sample_set/gcd/modified.c --line 9
Breakpoint 1: where = modified_fuzz`gcd + 121 at modified.c:9:9, address = 0x0000000000067429
(lldb) breakpoint command add 1
(lldb) run /script/motivating_example/sample_set/gcd/fuzzing_test/modified_inputs/c986e653c8d758785dc81fba644a48ef15488dc6
INFO: Running with entropic power schedule (0xFF, 100).
INFO: Seed: 3771836964
INFO: Loaded 1 modules   (10 inline 8-bit counters): 10 [0x5555555defb0, 0x5555555defba), 
INFO: Loaded 1 PC tables (10 PCs): 10 [0x5555555defc0,0x5555555df060), 
/script/motivating_example/sample_set/gcd/modified_fuzz: Running 1 inputs 1 time(s) each.
Running: /script/motivating_example/sample_set/gcd/fuzzing_test/modified_inputs/c986e653c8d758785dc81fba644a48ef15488dc6
(lldb)  frame info
frame #0: 0x00005555555bb429 modified_fuzz`gcd(a=2135752551, b=11726739) at modified.c:9:9
(lldb)  frame variable a -f dec 
(int) a = 2135752551
(lldb)  frame variable b -f dec 
(int) b = 11726739
(lldb)  continue
Process 75255 resuming
Command #5 'continue' continued the target.
(lldb)  frame info
frame #0: 0x00005555555bb429 modified_fuzz`gcd(a=2134266498, b=1486053) at modified.c:9:9
(lldb)  frame variable a -f dec 
(int) a = 2134266498
(lldb)  frame variable b -f dec 
(int) b = 1486053
(lldb)  continue
Process 75255 resuming
Command #5 'continue' continued the target.
(lldb)  frame info
frame #0: 0x00005555555bb429 modified_fuzz`gcd(a=2133972108, b=294390) at modified.c:9:9
(lldb)  frame variable a -f dec 
(int) a = 2133972108
(lldb)  frame variable b -f dec 
(int) b = 294390
(lldb)  continue
Process 75255 resuming
Command #5 'continue' continued the target.
(lldb)  frame info
frame #0: 0x00005555555bb429 modified_fuzz`gcd(a=2133738720, b=233388) at modified.c:9:9
(lldb)  frame variable a -f dec 
(int) a = 2133738720
(lldb)  frame variable b -f dec 
(int) b = 233388
(lldb)  continue
Process 75255 resuming
Command #5 'continue' continued the target.
(lldb)  frame info
frame #0: 0x00005555555bb429 modified_fuzz`gcd(a=2133633096, b=105624) at modified.c:9:9
(lldb)  frame variable a -f dec 
(int) a = 2133633096
(lldb)  frame variable b -f dec 
(int) b = 105624
(lldb)  continue
Process 75255 resuming
Command #5 'continue' continued the target.
(lldb)  frame info
frame #0: 0x00005555555bb429 modified_fuzz`gcd(a=2133604800, b=28296) at modified.c:9:9
(lldb)  frame variable a -f dec 
(int) a = 2133604800
(lldb)  frame variable b -f dec 
(int) b = 28296
(lldb)  continue
Process 75255 resuming
Command #5 'continue' continued the target.
(lldb)  frame info
frame #0: 0x00005555555bb429 modified_fuzz`gcd(a=2133603288, b=1512) at modified.c:9:9
(lldb)  frame variable a -f dec 
(int) a = 2133603288
(lldb)  frame variable b -f dec 
(int) b = 1512
(lldb)  continue
Process 75255 resuming
Command #5 'continue' continued the target.
(lldb)  frame info
frame #0: 0x00005555555bb429 modified_fuzz`gcd(a=2133602856, b=432) at modified.c:9:9
(lldb)  frame variable a -f dec 
(int) a = 2133602856
(lldb)  frame variable b -f dec 
(int) b = 432
(lldb)  continue
Process 75255 resuming
Command #5 'continue' continued the target.
(lldb)  frame info
frame #0: 0x00005555555bb429 modified_fuzz`gcd(a=2133602640, b=216) at modified.c:9:9
(lldb)  frame variable a -f dec 
(int) a = 2133602640
(lldb)  frame variable b -f dec 
(int) b = 216
(lldb)  continue
Process 75255 resuming
Command #5 'continue' continued the target.
(lldb)  frame info
frame #0: 0x00005555555bb429 modified_fuzz`gcd(a=2133602640, b=0) at modified.c:9:9
(lldb)  frame variable a -f dec 
(int) a = 2133602640
(lldb)  frame variable b -f dec 
(int) b = 0
(lldb)  continue
Process 75255 resuming
Command #5 'continue' continued the target.
Executed /script/motivating_example/sample_set/gcd/fuzzing_test/modified_inputs/c986e653c8d758785dc81fba644a48ef15488dc6 in 24 ms
***
*** NOTE: fuzzing was not performed, you have only
***       executed the target code on a fixed set of inputs.
***
Process 75255 exited with status = 0 (0x00000000)
Process 75255 launched: '/script/motivating_example/sample_set/gcd/modified_fuzz' (x86_64)
(lldb) quit