(lldb) target create "original_1_fuzz"
Current executable set to '/script/motivating_example/sample_set/gcd/original_1_fuzz' (x86_64).
(lldb) command source -s 0 '/script/motivating_example/sample_set/gcd/fuzzing_test/original_1_debug/script/c986e653c8d758785dc81fba644a48ef15488dc6/batch.lldb'
Executing commands in '/script/motivating_example/sample_set/gcd/fuzzing_test/original_1_debug/script/c986e653c8d758785dc81fba644a48ef15488dc6/batch.lldb'.
(lldb) settings set interpreter.stop-command-source-on-error 0
(lldb) settings set auto-confirm 1
(lldb) breakpoint set --file /script/motivating_example/sample_set/gcd/original_1.c --line 10
Breakpoint 1: where = original_1_fuzz`gcd + 124 at original_1.c:10:9, address = 0x000000000006742c
(lldb) breakpoint command add 1
(lldb) run /script/motivating_example/sample_set/gcd/fuzzing_test/modified_inputs/c986e653c8d758785dc81fba644a48ef15488dc6
INFO: Running with entropic power schedule (0xFF, 100).
INFO: Seed: 1578102534
INFO: Loaded 1 modules   (10 inline 8-bit counters): 10 [0x5555555defb0, 0x5555555defba), 
INFO: Loaded 1 PC tables (10 PCs): 10 [0x5555555defc0,0x5555555df060), 
/script/motivating_example/sample_set/gcd/original_1_fuzz: Running 1 inputs 1 time(s) each.
Running: /script/motivating_example/sample_set/gcd/fuzzing_test/modified_inputs/c986e653c8d758785dc81fba644a48ef15488dc6
(lldb)  frame info
frame #0: 0x00005555555bb42c original_1_fuzz`gcd(a=13959167, b=11726739) at original_1.c:10:9
(lldb)  frame variable a -f dec 
(int) a = 13959167
(lldb)  frame variable b -f dec 
(int) b = 11726739
(lldb)  continue
Process 83646 resuming
Command #5 'continue' continued the target.
(lldb)  frame info
frame #0: 0x00005555555bb42c original_1_fuzz`gcd(a=11726739, b=2232428) at original_1.c:10:9
(lldb)  frame variable a -f dec 
(int) a = 11726739
(lldb)  frame variable b -f dec 
(int) b = 2232428
(lldb)  continue
Process 83646 resuming
Command #5 'continue' continued the target.
(lldb)  frame info
frame #0: 0x00005555555bb42c original_1_fuzz`gcd(a=2232428, b=564599) at original_1.c:10:9
(lldb)  frame variable a -f dec 
(int) a = 2232428
(lldb)  frame variable b -f dec 
(int) b = 564599
(lldb)  continue
Process 83646 resuming
Command #5 'continue' continued the target.
(lldb)  frame info
frame #0: 0x00005555555bb42c original_1_fuzz`gcd(a=564599, b=538631) at original_1.c:10:9
(lldb)  frame variable a -f dec 
(int) a = 564599
(lldb)  frame variable b -f dec 
(int) b = 538631
(lldb)  continue
Process 83646 resuming
Command #5 'continue' continued the target.
(lldb)  frame info
frame #0: 0x00005555555bb42c original_1_fuzz`gcd(a=538631, b=25968) at original_1.c:10:9
(lldb)  frame variable a -f dec 
(int) a = 538631
(lldb)  frame variable b -f dec 
(int) b = 25968
(lldb)  continue
Process 83646 resuming
Command #5 'continue' continued the target.
(lldb)  frame info
frame #0: 0x00005555555bb42c original_1_fuzz`gcd(a=25968, b=19271) at original_1.c:10:9
(lldb)  frame variable a -f dec 
(int) a = 25968
(lldb)  frame variable b -f dec 
(int) b = 19271
(lldb)  continue
Process 83646 resuming
Command #5 'continue' continued the target.
(lldb)  frame info
frame #0: 0x00005555555bb42c original_1_fuzz`gcd(a=19271, b=6697) at original_1.c:10:9
(lldb)  frame variable a -f dec 
(int) a = 19271
(lldb)  frame variable b -f dec 
(int) b = 6697
(lldb)  continue
Process 83646 resuming
Command #5 'continue' continued the target.
(lldb)  frame info
frame #0: 0x00005555555bb42c original_1_fuzz`gcd(a=6697, b=5877) at original_1.c:10:9
(lldb)  frame variable a -f dec 
(int) a = 6697
(lldb)  frame variable b -f dec 
(int) b = 5877
(lldb)  continue
Process 83646 resuming
Command #5 'continue' continued the target.
(lldb)  frame info
frame #0: 0x00005555555bb42c original_1_fuzz`gcd(a=5877, b=820) at original_1.c:10:9
(lldb)  frame variable a -f dec 
(int) a = 5877
(lldb)  frame variable b -f dec 
(int) b = 820
(lldb)  continue
Process 83646 resuming
Command #5 'continue' continued the target.
(lldb)  frame info
frame #0: 0x00005555555bb42c original_1_fuzz`gcd(a=820, b=137) at original_1.c:10:9
(lldb)  frame variable a -f dec 
(int) a = 820
(lldb)  frame variable b -f dec 
(int) b = 137
(lldb)  continue
Process 83646 resuming
Command #5 'continue' continued the target.
(lldb)  frame info
frame #0: 0x00005555555bb42c original_1_fuzz`gcd(a=137, b=135) at original_1.c:10:9
(lldb)  frame variable a -f dec 
(int) a = 137
(lldb)  frame variable b -f dec 
(int) b = 135
(lldb)  continue
Process 83646 resuming
Command #5 'continue' continued the target.
(lldb)  frame info
frame #0: 0x00005555555bb42c original_1_fuzz`gcd(a=135, b=2) at original_1.c:10:9
(lldb)  frame variable a -f dec 
(int) a = 135
(lldb)  frame variable b -f dec 
(int) b = 2
(lldb)  continue
Process 83646 resuming
Command #5 'continue' continued the target.
(lldb)  frame info
frame #0: 0x00005555555bb42c original_1_fuzz`gcd(a=2, b=1) at original_1.c:10:9
(lldb)  frame variable a -f dec 
(int) a = 2
(lldb)  frame variable b -f dec 
(int) b = 1
(lldb)  continue
Process 83646 resuming
Command #5 'continue' continued the target.
(lldb)  frame info
frame #0: 0x00005555555bb42c original_1_fuzz`gcd(a=1, b=0) at original_1.c:10:9
(lldb)  frame variable a -f dec 
(int) a = 1
(lldb)  frame variable b -f dec 
(int) b = 0
(lldb)  continue
Process 83646 resuming
Command #5 'continue' continued the target.
Executed /script/motivating_example/sample_set/gcd/fuzzing_test/modified_inputs/c986e653c8d758785dc81fba644a48ef15488dc6 in 35 ms
***
*** NOTE: fuzzing was not performed, you have only
***       executed the target code on a fixed set of inputs.
***
Process 83646 exited with status = 0 (0x00000000)
Process 83646 launched: '/script/motivating_example/sample_set/gcd/original_1_fuzz' (x86_64)
(lldb) quit