(lldb) target create "original_2_fuzz"
Current executable set to '/script/motivating_example/sample_set/gcd/original_2_fuzz' (x86_64).
(lldb) command source -s 0 '/script/motivating_example/sample_set/gcd/fuzzing_test/original_2_debug/script/e0444ad60532fd30069768e733b1a5ce1fcd1be3/batch.lldb'
Executing commands in '/script/motivating_example/sample_set/gcd/fuzzing_test/original_2_debug/script/e0444ad60532fd30069768e733b1a5ce1fcd1be3/batch.lldb'.
(lldb) settings set interpreter.stop-command-source-on-error 0
(lldb) settings set auto-confirm 1
(lldb) breakpoint set --file /script/motivating_example/sample_set/gcd/original_2.c --line 6
Breakpoint 1: where = original_2_fuzz`gcd + 82 at original_2.c:6:5, address = 0x0000000000067402
(lldb) breakpoint command add 1
(lldb) run /script/motivating_example/sample_set/gcd/fuzzing_test/modified_inputs/e0444ad60532fd30069768e733b1a5ce1fcd1be3
INFO: Running with entropic power schedule (0xFF, 100).
INFO: Seed: 339497666
INFO: Loaded 1 modules   (10 inline 8-bit counters): 10 [0x5555555defb0, 0x5555555defba), 
INFO: Loaded 1 PC tables (10 PCs): 10 [0x5555555defc0,0x5555555df060), 
/script/motivating_example/sample_set/gcd/original_2_fuzz: Running 1 inputs 1 time(s) each.
Running: /script/motivating_example/sample_set/gcd/fuzzing_test/modified_inputs/e0444ad60532fd30069768e733b1a5ce1fcd1be3
(lldb)  frame info
frame #0: 0x00005555555bb402 original_2_fuzz`gcd(a=-2147483648, b=1728773947) at original_2.c:6:5
(lldb)  frame variable a -f dec 
(int) a = -2147483648
(lldb)  frame variable b -f dec 
(int) b = 1728773947
(lldb)  continue
Process 92317 resuming
Command #5 'continue' continued the target.
(lldb)  frame info
frame #0: 0x00005555555bb402 original_2_fuzz`gcd(a=1728773947, b=-418709701) at original_2.c:6:5
(lldb)  frame variable a -f dec 
(int) a = 1728773947
(lldb)  frame variable b -f dec 
(int) b = -418709701
(lldb)  continue
Process 92317 resuming
Command #5 'continue' continued the target.
(lldb)  frame info
frame #0: 0x00005555555bb402 original_2_fuzz`gcd(a=-418709701, b=53935143) at original_2.c:6:5
(lldb)  frame variable a -f dec 
(int) a = -418709701
(lldb)  frame variable b -f dec 
(int) b = 53935143
(lldb)  continue
Process 92317 resuming
Command #5 'continue' continued the target.
(lldb)  frame info
frame #0: 0x00005555555bb402 original_2_fuzz`gcd(a=53935143, b=-41163700) at original_2.c:6:5
(lldb)  frame variable a -f dec 
(int) a = 53935143
(lldb)  frame variable b -f dec 
(int) b = -41163700
(lldb)  continue
Process 92317 resuming
Command #5 'continue' continued the target.
(lldb)  frame info
frame #0: 0x00005555555bb402 original_2_fuzz`gcd(a=-41163700, b=12771443) at original_2.c:6:5
(lldb)  frame variable a -f dec 
(int) a = -41163700
(lldb)  frame variable b -f dec 
(int) b = 12771443
(lldb)  continue
Process 92317 resuming
Command #5 'continue' continued the target.
(lldb)  frame info
frame #0: 0x00005555555bb402 original_2_fuzz`gcd(a=12771443, b=-2849371) at original_2.c:6:5
(lldb)  frame variable a -f dec 
(int) a = 12771443
(lldb)  frame variable b -f dec 
(int) b = -2849371
(lldb)  continue
Process 92317 resuming
Command #5 'continue' continued the target.
(lldb)  frame info
frame #0: 0x00005555555bb402 original_2_fuzz`gcd(a=-2849371, b=1373959) at original_2.c:6:5
(lldb)  frame variable a -f dec 
(int) a = -2849371
(lldb)  frame variable b -f dec 
(int) b = 1373959
(lldb)  continue
Process 92317 resuming
Command #5 'continue' continued the target.
(lldb)  frame info
frame #0: 0x00005555555bb402 original_2_fuzz`gcd(a=1373959, b=-101453) at original_2.c:6:5
(lldb)  frame variable a -f dec 
(int) a = 1373959
(lldb)  frame variable b -f dec 
(int) b = -101453
(lldb)  continue
Process 92317 resuming
Command #5 'continue' continued the target.
(lldb)  frame info
frame #0: 0x00005555555bb402 original_2_fuzz`gcd(a=-101453, b=55070) at original_2.c:6:5
(lldb)  frame variable a -f dec 
(int) a = -101453
(lldb)  frame variable b -f dec 
(int) b = 55070
(lldb)  continue
Process 92317 resuming
Command #5 'continue' continued the target.
(lldb)  frame info
frame #0: 0x00005555555bb402 original_2_fuzz`gcd(a=55070, b=-46383) at original_2.c:6:5
(lldb)  frame variable a -f dec 
(int) a = 55070
(lldb)  frame variable b -f dec 
(int) b = -46383
(lldb)  continue
Process 92317 resuming
Command #5 'continue' continued the target.
(lldb)  frame info
frame #0: 0x00005555555bb402 original_2_fuzz`gcd(a=-46383, b=8687) at original_2.c:6:5
(lldb)  frame variable a -f dec 
(int) a = -46383
(lldb)  frame variable b -f dec 
(int) b = 8687
(lldb)  continue
Process 92317 resuming
Command #5 'continue' continued the target.
(lldb)  frame info
frame #0: 0x00005555555bb402 original_2_fuzz`gcd(a=8687, b=-2948) at original_2.c:6:5
(lldb)  frame variable a -f dec 
(int) a = 8687
(lldb)  frame variable b -f dec 
(int) b = -2948
(lldb)  continue
Process 92317 resuming
Command #5 'continue' continued the target.
(lldb)  frame info
frame #0: 0x00005555555bb402 original_2_fuzz`gcd(a=-2948, b=2791) at original_2.c:6:5
(lldb)  frame variable a -f dec 
(int) a = -2948
(lldb)  frame variable b -f dec 
(int) b = 2791
(lldb)  continue
Process 92317 resuming
Command #5 'continue' continued the target.
(lldb)  frame info
frame #0: 0x00005555555bb402 original_2_fuzz`gcd(a=2791, b=-157) at original_2.c:6:5
(lldb)  frame variable a -f dec 
(int) a = 2791
(lldb)  frame variable b -f dec 
(int) b = -157
(lldb)  continue
Process 92317 resuming
Command #5 'continue' continued the target.
(lldb)  frame info
frame #0: 0x00005555555bb402 original_2_fuzz`gcd(a=-157, b=122) at original_2.c:6:5
(lldb)  frame variable a -f dec 
(int) a = -157
(lldb)  frame variable b -f dec 
(int) b = 122
(lldb)  continue
Process 92317 resuming
Command #5 'continue' continued the target.
(lldb)  frame info
frame #0: 0x00005555555bb402 original_2_fuzz`gcd(a=122, b=-35) at original_2.c:6:5
(lldb)  frame variable a -f dec 
(int) a = 122
(lldb)  frame variable b -f dec 
(int) b = -35
(lldb)  continue
Process 92317 resuming
Command #5 'continue' continued the target.
(lldb)  frame info
frame #0: 0x00005555555bb402 original_2_fuzz`gcd(a=-35, b=17) at original_2.c:6:5
(lldb)  frame variable a -f dec 
(int) a = -35
(lldb)  frame variable b -f dec 
(int) b = 17
(lldb)  continue
Process 92317 resuming
Command #5 'continue' continued the target.
(lldb)  frame info
frame #0: 0x00005555555bb402 original_2_fuzz`gcd(a=17, b=-1) at original_2.c:6:5
(lldb)  frame variable a -f dec 
(int) a = 17
(lldb)  frame variable b -f dec 
(int) b = -1
(lldb)  continue
Process 92317 resuming
Command #5 'continue' continued the target.
(lldb)  frame info
frame #0: 0x00005555555bb402 original_2_fuzz`gcd(a=-1, b=0) at original_2.c:6:5
(lldb)  frame variable a -f dec 
(int) a = -1
(lldb)  frame variable b -f dec 
(int) b = 0
(lldb)  continue
Process 92317 resuming
Command #5 'continue' continued the target.
Executed /script/motivating_example/sample_set/gcd/fuzzing_test/modified_inputs/e0444ad60532fd30069768e733b1a5ce1fcd1be3 in 38 ms
***
*** NOTE: fuzzing was not performed, you have only
***       executed the target code on a fixed set of inputs.
***
Process 92317 exited with status = 0 (0x00000000)
Process 92317 launched: '/script/motivating_example/sample_set/gcd/original_2_fuzz' (x86_64)
(lldb) quit