(lldb) target create "original_2_fuzz"
Current executable set to '/script/motivating_example/sample_set/gcd/original_2_fuzz' (x86_64).
(lldb) command source -s 0 '/script/motivating_example/sample_set/gcd/fuzzing_test/original_2_debug/script/4506c45f5bfd4dffdb4fbdabe3bb91a9367bfc9e/batch.lldb'
Executing commands in '/script/motivating_example/sample_set/gcd/fuzzing_test/original_2_debug/script/4506c45f5bfd4dffdb4fbdabe3bb91a9367bfc9e/batch.lldb'.
(lldb) settings set interpreter.stop-command-source-on-error 0
(lldb) settings set auto-confirm 1
(lldb) breakpoint set --file /script/motivating_example/sample_set/gcd/original_2.c --line 6
Breakpoint 1: where = original_2_fuzz`gcd + 82 at original_2.c:6:5, address = 0x0000000000067402
(lldb) breakpoint command add 1
(lldb) run /script/motivating_example/sample_set/gcd/fuzzing_test/modified_inputs/4506c45f5bfd4dffdb4fbdabe3bb91a9367bfc9e
INFO: Running with entropic power schedule (0xFF, 100).
INFO: Seed: 1032815749
INFO: Loaded 1 modules   (10 inline 8-bit counters): 10 [0x5555555defb0, 0x5555555defba), 
INFO: Loaded 1 PC tables (10 PCs): 10 [0x5555555defc0,0x5555555df060), 
/script/motivating_example/sample_set/gcd/original_2_fuzz: Running 1 inputs 1 time(s) each.
Running: /script/motivating_example/sample_set/gcd/fuzzing_test/modified_inputs/4506c45f5bfd4dffdb4fbdabe3bb91a9367bfc9e
(lldb)  frame info
frame #0: 0x00005555555bb402 original_2_fuzz`gcd(a=-2147483648, b=65595) at original_2.c:6:5
(lldb)  frame variable a -f dec 
(int) a = -2147483648
(lldb)  frame variable b -f dec 
(int) b = 65595
(lldb)  continue
Process 89975 resuming
Command #5 'continue' continued the target.
(lldb)  frame info
frame #0: 0x00005555555bb402 original_2_fuzz`gcd(a=65595, b=-34538) at original_2.c:6:5
(lldb)  frame variable a -f dec 
(int) a = 65595
(lldb)  frame variable b -f dec 
(int) b = -34538
(lldb)  continue
Process 89975 resuming
Command #5 'continue' continued the target.
(lldb)  frame info
frame #0: 0x00005555555bb402 original_2_fuzz`gcd(a=-34538, b=31057) at original_2.c:6:5
(lldb)  frame variable a -f dec 
(int) a = -34538
(lldb)  frame variable b -f dec 
(int) b = 31057
(lldb)  continue
Process 89975 resuming
Command #5 'continue' continued the target.
(lldb)  frame info
frame #0: 0x00005555555bb402 original_2_fuzz`gcd(a=31057, b=-3481) at original_2.c:6:5
(lldb)  frame variable a -f dec 
(int) a = 31057
(lldb)  frame variable b -f dec 
(int) b = -3481
(lldb)  continue
Process 89975 resuming
Command #5 'continue' continued the target.
(lldb)  frame info
frame #0: 0x00005555555bb402 original_2_fuzz`gcd(a=-3481, b=3209) at original_2.c:6:5
(lldb)  frame variable a -f dec 
(int) a = -3481
(lldb)  frame variable b -f dec 
(int) b = 3209
(lldb)  continue
Process 89975 resuming
Command #5 'continue' continued the target.
(lldb)  frame info
frame #0: 0x00005555555bb402 original_2_fuzz`gcd(a=3209, b=-272) at original_2.c:6:5
(lldb)  frame variable a -f dec 
(int) a = 3209
(lldb)  frame variable b -f dec 
(int) b = -272
(lldb)  continue
Process 89975 resuming
Command #5 'continue' continued the target.
(lldb)  frame info
frame #0: 0x00005555555bb402 original_2_fuzz`gcd(a=-272, b=217) at original_2.c:6:5
(lldb)  frame variable a -f dec 
(int) a = -272
(lldb)  frame variable b -f dec 
(int) b = 217
(lldb)  continue
Process 89975 resuming
Command #5 'continue' continued the target.
(lldb)  frame info
frame #0: 0x00005555555bb402 original_2_fuzz`gcd(a=217, b=-55) at original_2.c:6:5
(lldb)  frame variable a -f dec 
(int) a = 217
(lldb)  frame variable b -f dec 
(int) b = -55
(lldb)  continue
Process 89975 resuming
Command #5 'continue' continued the target.
(lldb)  frame info
frame #0: 0x00005555555bb402 original_2_fuzz`gcd(a=-55, b=52) at original_2.c:6:5
(lldb)  frame variable a -f dec 
(int) a = -55
(lldb)  frame variable b -f dec 
(int) b = 52
(lldb)  continue
Process 89975 resuming
Command #5 'continue' continued the target.
(lldb)  frame info
frame #0: 0x00005555555bb402 original_2_fuzz`gcd(a=52, b=-3) at original_2.c:6:5
(lldb)  frame variable a -f dec 
(int) a = 52
(lldb)  frame variable b -f dec 
(int) b = -3
(lldb)  continue
Process 89975 resuming
Command #5 'continue' continued the target.
(lldb)  frame info
frame #0: 0x00005555555bb402 original_2_fuzz`gcd(a=-3, b=1) at original_2.c:6:5
(lldb)  frame variable a -f dec 
(int) a = -3
(lldb)  frame variable b -f dec 
(int) b = 1
(lldb)  continue
Process 89975 resuming
Command #5 'continue' continued the target.
(lldb)  frame info
frame #0: 0x00005555555bb402 original_2_fuzz`gcd(a=1, b=0) at original_2.c:6:5
(lldb)  frame variable a -f dec 
(int) a = 1
(lldb)  frame variable b -f dec 
(int) b = 0
(lldb)  continue
Process 89975 resuming
Command #5 'continue' continued the target.
Executed /script/motivating_example/sample_set/gcd/fuzzing_test/modified_inputs/4506c45f5bfd4dffdb4fbdabe3bb91a9367bfc9e in 25 ms
***
*** NOTE: fuzzing was not performed, you have only
***       executed the target code on a fixed set of inputs.
***
Process 89975 exited with status = 0 (0x00000000)
Process 89975 launched: '/script/motivating_example/sample_set/gcd/original_2_fuzz' (x86_64)
(lldb) quit