(lldb) target create "original_1_fuzz"
Current executable set to '/script/motivating_example/sample_set/gcd/original_1_fuzz' (x86_64).
(lldb) command source -s 0 '/script/motivating_example/sample_set/gcd/fuzzing_test/original_1_debug/script/c7b8c026517649a8ac1ee0f74eef7a84638545b5/batch.lldb'
Executing commands in '/script/motivating_example/sample_set/gcd/fuzzing_test/original_1_debug/script/c7b8c026517649a8ac1ee0f74eef7a84638545b5/batch.lldb'.
(lldb) settings set interpreter.stop-command-source-on-error 0
(lldb) settings set auto-confirm 1
(lldb) breakpoint set --file /script/motivating_example/sample_set/gcd/original_1.c --line 10
Breakpoint 1: where = original_1_fuzz`gcd + 124 at original_1.c:10:9, address = 0x000000000006742c
(lldb) breakpoint command add 1
(lldb) run /script/motivating_example/sample_set/gcd/fuzzing_test/modified_inputs/c7b8c026517649a8ac1ee0f74eef7a84638545b5
INFO: Running with entropic power schedule (0xFF, 100).
INFO: Seed: 1095047451
INFO: Loaded 1 modules   (10 inline 8-bit counters): 10 [0x5555555defb0, 0x5555555defba), 
INFO: Loaded 1 PC tables (10 PCs): 10 [0x5555555defc0,0x5555555df060), 
/script/motivating_example/sample_set/gcd/original_1_fuzz: Running 1 inputs 1 time(s) each.
Running: /script/motivating_example/sample_set/gcd/fuzzing_test/modified_inputs/c7b8c026517649a8ac1ee0f74eef7a84638545b5
(lldb)  frame info
frame #0: 0x00005555555bb42c original_1_fuzz`gcd(a=-83034112, b=68029696) at original_1.c:10:9
(lldb)  frame variable a -f dec 
(int) a = -83034112
(lldb)  frame variable b -f dec 
(int) b = 68029696
(lldb)  continue
Process 83620 resuming
Command #5 'continue' continued the target.
(lldb)  frame info
frame #0: 0x00005555555bb42c original_1_fuzz`gcd(a=68029696, b=-15004416) at original_1.c:10:9
(lldb)  frame variable a -f dec 
(int) a = 68029696
(lldb)  frame variable b -f dec 
(int) b = -15004416
(lldb)  continue
Process 83620 resuming
Command #5 'continue' continued the target.
(lldb)  frame info
frame #0: 0x00005555555bb42c original_1_fuzz`gcd(a=-15004416, b=8012032) at original_1.c:10:9
(lldb)  frame variable a -f dec 
(int) a = -15004416
(lldb)  frame variable b -f dec 
(int) b = 8012032
(lldb)  continue
Process 83620 resuming
Command #5 'continue' continued the target.
(lldb)  frame info
frame #0: 0x00005555555bb42c original_1_fuzz`gcd(a=8012032, b=-6992384) at original_1.c:10:9
(lldb)  frame variable a -f dec 
(int) a = 8012032
(lldb)  frame variable b -f dec 
(int) b = -6992384
(lldb)  continue
Process 83620 resuming
Command #5 'continue' continued the target.
(lldb)  frame info
frame #0: 0x00005555555bb42c original_1_fuzz`gcd(a=-6992384, b=1019648) at original_1.c:10:9
(lldb)  frame variable a -f dec 
(int) a = -6992384
(lldb)  frame variable b -f dec 
(int) b = 1019648
(lldb)  continue
Process 83620 resuming
Command #5 'continue' continued the target.
(lldb)  frame info
frame #0: 0x00005555555bb42c original_1_fuzz`gcd(a=1019648, b=-874496) at original_1.c:10:9
(lldb)  frame variable a -f dec 
(int) a = 1019648
(lldb)  frame variable b -f dec 
(int) b = -874496
(lldb)  continue
Process 83620 resuming
Command #5 'continue' continued the target.
(lldb)  frame info
frame #0: 0x00005555555bb42c original_1_fuzz`gcd(a=-874496, b=145152) at original_1.c:10:9
(lldb)  frame variable a -f dec 
(int) a = -874496
(lldb)  frame variable b -f dec 
(int) b = 145152
(lldb)  continue
Process 83620 resuming
Command #5 'continue' continued the target.
(lldb)  frame info
frame #0: 0x00005555555bb42c original_1_fuzz`gcd(a=145152, b=-3584) at original_1.c:10:9
(lldb)  frame variable a -f dec 
(int) a = 145152
(lldb)  frame variable b -f dec 
(int) b = -3584
(lldb)  continue
Process 83620 resuming
Command #5 'continue' continued the target.
(lldb)  frame info
frame #0: 0x00005555555bb42c original_1_fuzz`gcd(a=-3584, b=1792) at original_1.c:10:9
(lldb)  frame variable a -f dec 
(int) a = -3584
(lldb)  frame variable b -f dec 
(int) b = 1792
(lldb)  continue
Process 83620 resuming
Command #5 'continue' continued the target.
(lldb)  frame info
frame #0: 0x00005555555bb42c original_1_fuzz`gcd(a=1792, b=0) at original_1.c:10:9
(lldb)  frame variable a -f dec 
(int) a = 1792
(lldb)  frame variable b -f dec 
(int) b = 0
(lldb)  continue
Process 83620 resuming
Command #5 'continue' continued the target.
Executed /script/motivating_example/sample_set/gcd/fuzzing_test/modified_inputs/c7b8c026517649a8ac1ee0f74eef7a84638545b5 in 25 ms
***
*** NOTE: fuzzing was not performed, you have only
***       executed the target code on a fixed set of inputs.
***
Process 83620 exited with status = 0 (0x00000000)
Process 83620 launched: '/script/motivating_example/sample_set/gcd/original_1_fuzz' (x86_64)
(lldb) quit
