(lldb) target create "modified_fuzz"
Current executable set to '/script/motivating_example/sample_set/gcd/modified_fuzz' (x86_64).
(lldb) command source -s 0 '/script/motivating_example/sample_set/gcd/fuzzing_test/modified_debug/script/da6186e4085092e7d565552dc715ade79c10545a/batch.lldb'
Executing commands in '/script/motivating_example/sample_set/gcd/fuzzing_test/modified_debug/script/da6186e4085092e7d565552dc715ade79c10545a/batch.lldb'.
(lldb) settings set interpreter.stop-command-source-on-error 0
(lldb) settings set auto-confirm 1
(lldb) breakpoint set --file /script/motivating_example/sample_set/gcd/modified.c --line 9
Breakpoint 1: where = modified_fuzz`gcd + 121 at modified.c:9:9, address = 0x0000000000067429
(lldb) breakpoint command add 1
(lldb) run /script/motivating_example/sample_set/gcd/fuzzing_test/modified_inputs/da6186e4085092e7d565552dc715ade79c10545a
INFO: Running with entropic power schedule (0xFF, 100).
INFO: Seed: 668799629
INFO: Loaded 1 modules   (10 inline 8-bit counters): 10 [0x5555555defb0, 0x5555555defba), 
INFO: Loaded 1 PC tables (10 PCs): 10 [0x5555555defc0,0x5555555df060), 
/script/motivating_example/sample_set/gcd/modified_fuzz: Running 1 inputs 1 time(s) each.
Running: /script/motivating_example/sample_set/gcd/fuzzing_test/modified_inputs/da6186e4085092e7d565552dc715ade79c10545a
(lldb)  frame info
frame #0: 0x00005555555bb429 modified_fuzz`gcd(a=2030043114, b=117243680) at modified.c:9:9
(lldb)  frame variable a -f dec 
(int) a = 2030043114
(lldb)  frame variable b -f dec 
(int) b = 117243680
(lldb)  continue
Process 75564 resuming
Command #5 'continue' continued the target.
(lldb)  frame info
frame #0: 0x00005555555bb429 modified_fuzz`gcd(a=1993142560, b=36900554) at modified.c:9:9
(lldb)  frame variable a -f dec 
(int) a = 1993142560
(lldb)  frame variable b -f dec 
(int) b = 36900554
(lldb)  continue
Process 75564 resuming
Command #5 'continue' continued the target.
(lldb)  frame info
frame #0: 0x00005555555bb429 modified_fuzz`gcd(a=1992629916, b=512644) at modified.c:9:9
(lldb)  frame variable a -f dec 
(int) a = 1992629916
(lldb)  frame variable b -f dec 
(int) b = 512644
(lldb)  continue
Process 75564 resuming
Command #5 'continue' continued the target.
(lldb)  frame info
frame #0: 0x00005555555bb429 modified_fuzz`gcd(a=1992134584, b=495332) at modified.c:9:9
(lldb)  frame variable a -f dec 
(int) a = 1992134584
(lldb)  frame variable b -f dec 
(int) b = 495332
(lldb)  continue
Process 75564 resuming
Command #5 'continue' continued the target.
(lldb)  frame info
frame #0: 0x00005555555bb429 modified_fuzz`gcd(a=1991729972, b=404612) at modified.c:9:9
(lldb)  frame variable a -f dec 
(int) a = 1991729972
(lldb)  frame variable b -f dec 
(int) b = 404612
(lldb)  continue
Process 75564 resuming
Command #5 'continue' continued the target.
(lldb)  frame info
frame #0: 0x00005555555bb429 modified_fuzz`gcd(a=1991500264, b=229708) at modified.c:9:9
(lldb)  frame variable a -f dec 
(int) a = 1991500264
(lldb)  frame variable b -f dec 
(int) b = 229708
(lldb)  continue
Process 75564 resuming
Command #5 'continue' continued the target.
(lldb)  frame info
frame #0: 0x00005555555bb429 modified_fuzz`gcd(a=1991338652, b=161612) at modified.c:9:9
(lldb)  frame variable a -f dec 
(int) a = 1991338652
(lldb)  frame variable b -f dec 
(int) b = 161612
(lldb)  continue
Process 75564 resuming
Command #5 'continue' continued the target.
(lldb)  frame info
frame #0: 0x00005555555bb429 modified_fuzz`gcd(a=1991221452, b=117200) at modified.c:9:9
(lldb)  frame variable a -f dec 
(int) a = 1991221452
(lldb)  frame variable b -f dec 
(int) b = 117200
(lldb)  continue
Process 75564 resuming
Command #5 'continue' continued the target.
(lldb)  frame info
frame #0: 0x00005555555bb429 modified_fuzz`gcd(a=1991110800, b=110652) at modified.c:9:9
(lldb)  frame variable a -f dec 
(int) a = 1991110800
(lldb)  frame variable b -f dec 
(int) b = 110652
(lldb)  continue
Process 75564 resuming
Command #5 'continue' continued the target.
(lldb)  frame info
frame #0: 0x00005555555bb429 modified_fuzz`gcd(a=1991072088, b=38712) at modified.c:9:9
(lldb)  frame variable a -f dec 
(int) a = 1991072088
(lldb)  frame variable b -f dec 
(int) b = 38712
(lldb)  continue
Process 75564 resuming
Command #5 'continue' continued the target.
(lldb)  frame info
frame #0: 0x00005555555bb429 modified_fuzz`gcd(a=1991035584, b=36504) at modified.c:9:9
(lldb)  frame variable a -f dec 
(int) a = 1991035584
(lldb)  frame variable b -f dec 
(int) b = 36504
(lldb)  continue
Process 75564 resuming
Command #5 'continue' continued the target.
(lldb)  frame info
frame #0: 0x00005555555bb429 modified_fuzz`gcd(a=1991001168, b=34416) at modified.c:9:9
(lldb)  frame variable a -f dec 
(int) a = 1991001168
(lldb)  frame variable b -f dec 
(int) b = 34416
(lldb)  continue
Process 75564 resuming
Command #5 'continue' continued the target.
(lldb)  frame info
frame #0: 0x00005555555bb429 modified_fuzz`gcd(a=1991000016, b=1152) at modified.c:9:9
(lldb)  frame variable a -f dec 
(int) a = 1991000016
(lldb)  frame variable b -f dec 
(int) b = 1152
(lldb)  continue
Process 75564 resuming
Command #5 'continue' continued the target.
(lldb)  frame info
frame #0: 0x00005555555bb429 modified_fuzz`gcd(a=1990999296, b=720) at modified.c:9:9
(lldb)  frame variable a -f dec 
(int) a = 1990999296
(lldb)  frame variable b -f dec 
(int) b = 720
(lldb)  continue
Process 75564 resuming
Command #5 'continue' continued the target.
(lldb)  frame info
frame #0: 0x00005555555bb429 modified_fuzz`gcd(a=1990998720, b=576) at modified.c:9:9
(lldb)  frame variable a -f dec 
(int) a = 1990998720
(lldb)  frame variable b -f dec 
(int) b = 576
(lldb)  continue
Process 75564 resuming
Command #5 'continue' continued the target.
(lldb)  frame info
frame #0: 0x00005555555bb429 modified_fuzz`gcd(a=1990998720, b=0) at modified.c:9:9
(lldb)  frame variable a -f dec 
(int) a = 1990998720
(lldb)  frame variable b -f dec 
(int) b = 0
(lldb)  continue
Process 75564 resuming
Command #5 'continue' continued the target.
Executed /script/motivating_example/sample_set/gcd/fuzzing_test/modified_inputs/da6186e4085092e7d565552dc715ade79c10545a in 31 ms
***
*** NOTE: fuzzing was not performed, you have only
***       executed the target code on a fixed set of inputs.
***
Process 75564 exited with status = 0 (0x00000000)
Process 75564 launched: '/script/motivating_example/sample_set/gcd/modified_fuzz' (x86_64)
(lldb) quit