(lldb) target create "original_1_fuzz"
Current executable set to '/script/motivating_example/sample_set/second_max/original_1_fuzz' (x86_64).
(lldb) command source -s 0 '/script/motivating_example/sample_set/second_max/fuzzing_test/original_1_debug/script/ea1d616c36f98632c7408b87d97303d8b6023a58/batch.lldb'
Executing commands in '/script/motivating_example/sample_set/second_max/fuzzing_test/original_1_debug/script/ea1d616c36f98632c7408b87d97303d8b6023a58/batch.lldb'.
(lldb) settings set interpreter.stop-command-source-on-error 0
(lldb) settings set auto-confirm 1
(lldb) breakpoint set --file /script/motivating_example/sample_set/second_max/original_1.c --line 26
Breakpoint 1: where = original_1_fuzz`second_max + 392 at original_1.c:26:9, address = 0x0000000000067548
(lldb) breakpoint command add 1
(lldb) run /script/motivating_example/sample_set/second_max/fuzzing_test/modified_inputs/ea1d616c36f98632c7408b87d97303d8b6023a58
INFO: Running with entropic power schedule (0xFF, 100).
INFO: Seed: 1014018028
INFO: Loaded 1 modules   (14 inline 8-bit counters): 14 [0x5555555defc0, 0x5555555defce), 
INFO: Loaded 1 PC tables (14 PCs): 14 [0x5555555defd0,0x5555555df0b0), 
/script/motivating_example/sample_set/second_max/original_1_fuzz: Running 1 inputs 1 time(s) each.
Running: /script/motivating_example/sample_set/second_max/fuzzing_test/modified_inputs/ea1d616c36f98632c7408b87d97303d8b6023a58
Executed /script/motivating_example/sample_set/second_max/fuzzing_test/modified_inputs/ea1d616c36f98632c7408b87d97303d8b6023a58 in 0 ms
***
*** NOTE: fuzzing was not performed, you have only
***       executed the target code on a fixed set of inputs.
***
Process 172672 exited with status = 0 (0x00000000)
Process 172672 launched: '/script/motivating_example/sample_set/second_max/original_1_fuzz' (x86_64)
(lldb) quit