(lldb) target create "original_1_fuzz"
Current executable set to '/script/motivating_example/sample_set/gcd/original_1_fuzz' (x86_64).
(lldb) command source -s 0 '/script/motivating_example/sample_set/gcd/fuzzing_test/original_1_debug/script/bba8c40b0d72bc0cb143ea8d9428bf6cdb49927d/batch.lldb'
Executing commands in '/script/motivating_example/sample_set/gcd/fuzzing_test/original_1_debug/script/bba8c40b0d72bc0cb143ea8d9428bf6cdb49927d/batch.lldb'.
(lldb) settings set interpreter.stop-command-source-on-error 0
(lldb) settings set auto-confirm 1
(lldb) breakpoint set --file /script/motivating_example/sample_set/gcd/original_1.c --line 10
Breakpoint 1: where = original_1_fuzz`gcd + 124 at original_1.c:10:9, address = 0x000000000006742c
(lldb) breakpoint command add 1
(lldb) run /script/motivating_example/sample_set/gcd/fuzzing_test/modified_inputs/bba8c40b0d72bc0cb143ea8d9428bf6cdb49927d
INFO: Running with entropic power schedule (0xFF, 100).
INFO: Seed: 2576166120
INFO: Loaded 1 modules   (10 inline 8-bit counters): 10 [0x5555555defb0, 0x5555555defba), 
INFO: Loaded 1 PC tables (10 PCs): 10 [0x5555555defc0,0x5555555df060), 
/script/motivating_example/sample_set/gcd/original_1_fuzz: Running 1 inputs 1 time(s) each.
Running: /script/motivating_example/sample_set/gcd/fuzzing_test/modified_inputs/bba8c40b0d72bc0cb143ea8d9428bf6cdb49927d
(lldb)  frame info
frame #0: 0x00005555555bb42c original_1_fuzz`gcd(a=-1024, b=255) at original_1.c:10:9
(lldb)  frame variable a -f dec 
(int) a = -1024
(lldb)  frame variable b -f dec 
(int) b = 255
(lldb)  continue
Process 83466 resuming
Command #5 'continue' continued the target.
(lldb)  frame info
frame #0: 0x00005555555bb42c original_1_fuzz`gcd(a=255, b=-4) at original_1.c:10:9
(lldb)  frame variable a -f dec 
(int) a = 255
(lldb)  frame variable b -f dec 
(int) b = -4
(lldb)  continue
Process 83466 resuming
Command #5 'continue' continued the target.
(lldb)  frame info
frame #0: 0x00005555555bb42c original_1_fuzz`gcd(a=-4, b=3) at original_1.c:10:9
(lldb)  frame variable a -f dec 
(int) a = -4
(lldb)  frame variable b -f dec 
(int) b = 3
(lldb)  continue
Process 83466 resuming
Command #5 'continue' continued the target.
(lldb)  frame info
frame #0: 0x00005555555bb42c original_1_fuzz`gcd(a=3, b=-1) at original_1.c:10:9
(lldb)  frame variable a -f dec 
(int) a = 3
(lldb)  frame variable b -f dec 
(int) b = -1
(lldb)  continue
Process 83466 resuming
Command #5 'continue' continued the target.
(lldb)  frame info
frame #0: 0x00005555555bb42c original_1_fuzz`gcd(a=-1, b=0) at original_1.c:10:9
(lldb)  frame variable a -f dec 
(int) a = -1
(lldb)  frame variable b -f dec 
(int) b = 0
(lldb)  continue
Process 83466 resuming
Command #5 'continue' continued the target.
Executed /script/motivating_example/sample_set/gcd/fuzzing_test/modified_inputs/bba8c40b0d72bc0cb143ea8d9428bf6cdb49927d in 18 ms
***
*** NOTE: fuzzing was not performed, you have only
***       executed the target code on a fixed set of inputs.
***
Process 83466 exited with status = 0 (0x00000000)
Process 83466 launched: '/script/motivating_example/sample_set/gcd/original_1_fuzz' (x86_64)
(lldb) quit