(lldb) target create "modified_fuzz"
Current executable set to '/script/motivating_example/sample_set/gcd/modified_fuzz' (x86_64).
(lldb) command source -s 0 '/script/motivating_example/sample_set/gcd/fuzzing_test/modified_debug/script/e44d0492c7a829926659cc7f1b9ef48a29b6954c/batch.lldb'
Executing commands in '/script/motivating_example/sample_set/gcd/fuzzing_test/modified_debug/script/e44d0492c7a829926659cc7f1b9ef48a29b6954c/batch.lldb'.
(lldb) settings set interpreter.stop-command-source-on-error 0
(lldb) settings set auto-confirm 1
(lldb) breakpoint set --file /script/motivating_example/sample_set/gcd/modified.c --line 9
Breakpoint 1: where = modified_fuzz`gcd + 121 at modified.c:9:9, address = 0x0000000000067429
(lldb) breakpoint command add 1
(lldb) run /script/motivating_example/sample_set/gcd/fuzzing_test/modified_inputs/e44d0492c7a829926659cc7f1b9ef48a29b6954c
INFO: Running with entropic power schedule (0xFF, 100).
INFO: Seed: 3070927560
INFO: Loaded 1 modules   (10 inline 8-bit counters): 10 [0x5555555defb0, 0x5555555defba), 
INFO: Loaded 1 PC tables (10 PCs): 10 [0x5555555defc0,0x5555555df060), 
/script/motivating_example/sample_set/gcd/modified_fuzz: Running 1 inputs 1 time(s) each.
Running: /script/motivating_example/sample_set/gcd/fuzzing_test/modified_inputs/e44d0492c7a829926659cc7f1b9ef48a29b6954c
(lldb)  frame info
frame #0: 0x00005555555bb429 modified_fuzz`gcd(a=607502240, b=370375) at modified.c:9:9
(lldb)  frame variable a -f dec 
(int) a = 607502240
(lldb)  frame variable b -f dec 
(int) b = 370375
(lldb)  continue
Process 75720 resuming
Command #5 'continue' continued the target.
(lldb)  frame info
frame #0: 0x00005555555bb429 modified_fuzz`gcd(a=607415000, b=87240) at modified.c:9:9
(lldb)  frame variable a -f dec 
(int) a = 607415000
(lldb)  frame variable b -f dec 
(int) b = 87240
(lldb)  continue
Process 75720 resuming
Command #5 'continue' continued the target.
(lldb)  frame info
frame #0: 0x00005555555bb429 modified_fuzz`gcd(a=607364880, b=50120) at modified.c:9:9
(lldb)  frame variable a -f dec 
(int) a = 607364880
(lldb)  frame variable b -f dec 
(int) b = 50120
(lldb)  continue
Process 75720 resuming
Command #5 'continue' continued the target.
(lldb)  frame info
frame #0: 0x00005555555bb429 modified_fuzz`gcd(a=607354160, b=10720) at modified.c:9:9
(lldb)  frame variable a -f dec 
(int) a = 607354160
(lldb)  frame variable b -f dec 
(int) b = 10720
(lldb)  continue
Process 75720 resuming
Command #5 'continue' continued the target.
(lldb)  frame info
frame #0: 0x00005555555bb429 modified_fuzz`gcd(a=607352320, b=1840) at modified.c:9:9
(lldb)  frame variable a -f dec 
(int) a = 607352320
(lldb)  frame variable b -f dec 
(int) b = 1840
(lldb)  continue
Process 75720 resuming
Command #5 'continue' continued the target.
(lldb)  frame info
frame #0: 0x00005555555bb429 modified_fuzz`gcd(a=607350880, b=1440) at modified.c:9:9
(lldb)  frame variable a -f dec 
(int) a = 607350880
(lldb)  frame variable b -f dec 
(int) b = 1440
(lldb)  continue
Process 75720 resuming
Command #5 'continue' continued the target.
(lldb)  frame info
frame #0: 0x00005555555bb429 modified_fuzz`gcd(a=607350240, b=640) at modified.c:9:9
(lldb)  frame variable a -f dec 
(int) a = 607350240
(lldb)  frame variable b -f dec 
(int) b = 640
(lldb)  continue
Process 75720 resuming
Command #5 'continue' continued the target.
(lldb)  frame info
frame #0: 0x00005555555bb429 modified_fuzz`gcd(a=607349760, b=480) at modified.c:9:9
(lldb)  frame variable a -f dec 
(int) a = 607349760
(lldb)  frame variable b -f dec 
(int) b = 480
(lldb)  continue
Process 75720 resuming
Command #5 'continue' continued the target.
(lldb)  frame info
frame #0: 0x00005555555bb429 modified_fuzz`gcd(a=607349760, b=0) at modified.c:9:9
(lldb)  frame variable a -f dec 
(int) a = 607349760
(lldb)  frame variable b -f dec 
(int) b = 0
(lldb)  continue
Process 75720 resuming
Command #5 'continue' continued the target.
Executed /script/motivating_example/sample_set/gcd/fuzzing_test/modified_inputs/e44d0492c7a829926659cc7f1b9ef48a29b6954c in 21 ms
***
*** NOTE: fuzzing was not performed, you have only
***       executed the target code on a fixed set of inputs.
***
Process 75720 exited with status = 0 (0x00000000)
Process 75720 launched: '/script/motivating_example/sample_set/gcd/modified_fuzz' (x86_64)
(lldb) quit