(lldb) target create "original_1_fuzz"
Current executable set to '/script/motivating_example/sample_set/gcd/original_1_fuzz' (x86_64).
(lldb) command source -s 0 '/script/motivating_example/sample_set/gcd/fuzzing_test/original_1_debug/script/071931a485724b2132f6c1083f960e60176f8535/batch.lldb'
Executing commands in '/script/motivating_example/sample_set/gcd/fuzzing_test/original_1_debug/script/071931a485724b2132f6c1083f960e60176f8535/batch.lldb'.
(lldb) settings set interpreter.stop-command-source-on-error 0
(lldb) settings set auto-confirm 1
(lldb) breakpoint set --file /script/motivating_example/sample_set/gcd/original_1.c --line 10
Breakpoint 1: where = original_1_fuzz`gcd + 124 at original_1.c:10:9, address = 0x000000000006742c
(lldb) breakpoint command add 1
(lldb) run /script/motivating_example/sample_set/gcd/fuzzing_test/modified_inputs/071931a485724b2132f6c1083f960e60176f8535
INFO: Running with entropic power schedule (0xFF, 100).
INFO: Seed: 2574031964
INFO: Loaded 1 modules   (10 inline 8-bit counters): 10 [0x5555555defb0, 0x5555555defba), 
INFO: Loaded 1 PC tables (10 PCs): 10 [0x5555555defc0,0x5555555df060), 
/script/motivating_example/sample_set/gcd/original_1_fuzz: Running 1 inputs 1 time(s) each.
Running: /script/motivating_example/sample_set/gcd/fuzzing_test/modified_inputs/071931a485724b2132f6c1083f960e60176f8535
(lldb)  frame info
frame #0: 0x00005555555bb42c original_1_fuzz`gcd(a=1728773947, b=704653824) at original_1.c:10:9
(lldb)  frame variable a -f dec 
(int) a = 1728773947
(lldb)  frame variable b -f dec 
(int) b = 704653824
(lldb)  continue
Process 80687 resuming
Command #5 'continue' continued the target.
(lldb)  frame info
frame #0: 0x00005555555bb42c original_1_fuzz`gcd(a=704653824, b=319466299) at original_1.c:10:9
(lldb)  frame variable a -f dec 
(int) a = 704653824
(lldb)  frame variable b -f dec 
(int) b = 319466299
(lldb)  continue
Process 80687 resuming
Command #5 'continue' continued the target.
(lldb)  frame info
frame #0: 0x00005555555bb42c original_1_fuzz`gcd(a=319466299, b=65721226) at original_1.c:10:9
(lldb)  frame variable a -f dec 
(int) a = 319466299
(lldb)  frame variable b -f dec 
(int) b = 65721226
(lldb)  continue
Process 80687 resuming
Command #5 'continue' continued the target.
(lldb)  frame info
frame #0: 0x00005555555bb42c original_1_fuzz`gcd(a=65721226, b=56581395) at original_1.c:10:9
(lldb)  frame variable a -f dec 
(int) a = 65721226
(lldb)  frame variable b -f dec 
(int) b = 56581395
(lldb)  continue
Process 80687 resuming
Command #5 'continue' continued the target.
(lldb)  frame info
frame #0: 0x00005555555bb42c original_1_fuzz`gcd(a=56581395, b=9139831) at original_1.c:10:9
(lldb)  frame variable a -f dec 
(int) a = 56581395
(lldb)  frame variable b -f dec 
(int) b = 9139831
(lldb)  continue
Process 80687 resuming
Command #5 'continue' continued the target.
(lldb)  frame info
frame #0: 0x00005555555bb42c original_1_fuzz`gcd(a=9139831, b=1742409) at original_1.c:10:9
(lldb)  frame variable a -f dec 
(int) a = 9139831
(lldb)  frame variable b -f dec 
(int) b = 1742409
(lldb)  continue
Process 80687 resuming
Command #5 'continue' continued the target.
(lldb)  frame info
frame #0: 0x00005555555bb42c original_1_fuzz`gcd(a=1742409, b=427786) at original_1.c:10:9
(lldb)  frame variable a -f dec 
(int) a = 1742409
(lldb)  frame variable b -f dec 
(int) b = 427786
(lldb)  continue
Process 80687 resuming
Command #5 'continue' continued the target.
(lldb)  frame info
frame #0: 0x00005555555bb42c original_1_fuzz`gcd(a=427786, b=31265) at original_1.c:10:9
(lldb)  frame variable a -f dec 
(int) a = 427786
(lldb)  frame variable b -f dec 
(int) b = 31265
(lldb)  continue
Process 80687 resuming
Command #5 'continue' continued the target.
(lldb)  frame info
frame #0: 0x00005555555bb42c original_1_fuzz`gcd(a=31265, b=21341) at original_1.c:10:9
(lldb)  frame variable a -f dec 
(int) a = 31265
(lldb)  frame variable b -f dec 
(int) b = 21341
(lldb)  continue
Process 80687 resuming
Command #5 'continue' continued the target.
(lldb)  frame info
frame #0: 0x00005555555bb42c original_1_fuzz`gcd(a=21341, b=9924) at original_1.c:10:9
(lldb)  frame variable a -f dec 
(int) a = 21341
(lldb)  frame variable b -f dec 
(int) b = 9924
(lldb)  continue
Process 80687 resuming
Command #5 'continue' continued the target.
(lldb)  frame info
frame #0: 0x00005555555bb42c original_1_fuzz`gcd(a=9924, b=1493) at original_1.c:10:9
(lldb)  frame variable a -f dec 
(int) a = 9924
(lldb)  frame variable b -f dec 
(int) b = 1493
(lldb)  continue
Process 80687 resuming
Command #5 'continue' continued the target.
(lldb)  frame info
frame #0: 0x00005555555bb42c original_1_fuzz`gcd(a=1493, b=966) at original_1.c:10:9
(lldb)  frame variable a -f dec 
(int) a = 1493
(lldb)  frame variable b -f dec 
(int) b = 966
(lldb)  continue
Process 80687 resuming
Command #5 'continue' continued the target.
(lldb)  frame info
frame #0: 0x00005555555bb42c original_1_fuzz`gcd(a=966, b=527) at original_1.c:10:9
(lldb)  frame variable a -f dec 
(int) a = 966
(lldb)  frame variable b -f dec 
(int) b = 527
(lldb)  continue
Process 80687 resuming
Command #5 'continue' continued the target.
(lldb)  frame info
frame #0: 0x00005555555bb42c original_1_fuzz`gcd(a=527, b=439) at original_1.c:10:9
(lldb)  frame variable a -f dec 
(int) a = 527
(lldb)  frame variable b -f dec 
(int) b = 439
(lldb)  continue
Process 80687 resuming
Command #5 'continue' continued the target.
(lldb)  frame info
frame #0: 0x00005555555bb42c original_1_fuzz`gcd(a=439, b=88) at original_1.c:10:9
(lldb)  frame variable a -f dec 
(int) a = 439
(lldb)  frame variable b -f dec 
(int) b = 88
(lldb)  continue
Process 80687 resuming
Command #5 'continue' continued the target.
(lldb)  frame info
frame #0: 0x00005555555bb42c original_1_fuzz`gcd(a=88, b=87) at original_1.c:10:9
(lldb)  frame variable a -f dec 
(int) a = 88
(lldb)  frame variable b -f dec 
(int) b = 87
(lldb)  continue
Process 80687 resuming
Command #5 'continue' continued the target.
(lldb)  frame info
frame #0: 0x00005555555bb42c original_1_fuzz`gcd(a=87, b=1) at original_1.c:10:9
(lldb)  frame variable a -f dec 
(int) a = 87
(lldb)  frame variable b -f dec 
(int) b = 1
(lldb)  continue
Process 80687 resuming
Command #5 'continue' continued the target.
(lldb)  frame info
frame #0: 0x00005555555bb42c original_1_fuzz`gcd(a=1, b=0) at original_1.c:10:9
(lldb)  frame variable a -f dec 
(int) a = 1
(lldb)  frame variable b -f dec 
(int) b = 0
(lldb)  continue
Process 80687 resuming
Command #5 'continue' continued the target.
Executed /script/motivating_example/sample_set/gcd/fuzzing_test/modified_inputs/071931a485724b2132f6c1083f960e60176f8535 in 40 ms
***
*** NOTE: fuzzing was not performed, you have only
***       executed the target code on a fixed set of inputs.
***
Process 80687 exited with status = 0 (0x00000000)
Process 80687 launched: '/script/motivating_example/sample_set/gcd/original_1_fuzz' (x86_64)
(lldb) quit
