(lldb) target create "modified_fuzz"
Current executable set to '/script/motivating_example/sample_set/gcd/modified_fuzz' (x86_64).
(lldb) command source -s 0 '/script/motivating_example/sample_set/gcd/fuzzing_test/modified_debug/script/efb5e1e8cb5b1d44a82ebc53cb5d4956b8c00116/batch.lldb'
Executing commands in '/script/motivating_example/sample_set/gcd/fuzzing_test/modified_debug/script/efb5e1e8cb5b1d44a82ebc53cb5d4956b8c00116/batch.lldb'.
(lldb) settings set interpreter.stop-command-source-on-error 0
(lldb) settings set auto-confirm 1
(lldb) breakpoint set --file /script/motivating_example/sample_set/gcd/modified.c --line 9
Breakpoint 1: where = modified_fuzz`gcd + 121 at modified.c:9:9, address = 0x0000000000067429
(lldb) breakpoint command add 1
(lldb) run /script/motivating_example/sample_set/gcd/fuzzing_test/modified_inputs/efb5e1e8cb5b1d44a82ebc53cb5d4956b8c00116
INFO: Running with entropic power schedule (0xFF, 100).
INFO: Seed: 756584192
INFO: Loaded 1 modules   (10 inline 8-bit counters): 10 [0x5555555defb0, 0x5555555defba), 
INFO: Loaded 1 PC tables (10 PCs): 10 [0x5555555defc0,0x5555555df060), 
/script/motivating_example/sample_set/gcd/modified_fuzz: Running 1 inputs 1 time(s) each.
Running: /script/motivating_example/sample_set/gcd/fuzzing_test/modified_inputs/efb5e1e8cb5b1d44a82ebc53cb5d4956b8c00116
(lldb)  frame info
frame #0: 0x00005555555bb429 modified_fuzz`gcd(a=-1946157056, b=-201315840) at modified.c:9:9
(lldb)  frame variable a -f dec 
(int) a = -1946157056
(lldb)  frame variable b -f dec 
(int) b = -201315840
(lldb)  continue
Process 75849 resuming
Command #5 'continue' continued the target.
(lldb)  frame info
frame #0: 0x00005555555bb429 modified_fuzz`gcd(a=-1811842560, b=-134314496) at modified.c:9:9
(lldb)  frame variable a -f dec 
(int) a = -1811842560
(lldb)  frame variable b -f dec 
(int) b = -134314496
(lldb)  continue
Process 75849 resuming
Command #5 'continue' continued the target.
(lldb)  frame info
frame #0: 0x00005555555bb429 modified_fuzz`gcd(a=-1746088448, b=-65754112) at modified.c:9:9
(lldb)  frame variable a -f dec 
(int) a = -1746088448
(lldb)  frame variable b -f dec 
(int) b = -65754112
(lldb)  continue
Process 75849 resuming
Command #5 'continue' continued the target.
(lldb)  frame info
frame #0: 0x00005555555bb429 modified_fuzz`gcd(a=-1709606912, b=-36481536) at modified.c:9:9
(lldb)  frame variable a -f dec 
(int) a = -1709606912
(lldb)  frame variable b -f dec 
(int) b = -36481536
(lldb)  continue
Process 75849 resuming
Command #5 'continue' continued the target.
(lldb)  frame info
frame #0: 0x00005555555bb429 modified_fuzz`gcd(a=-1678150656, b=-31456256) at modified.c:9:9
(lldb)  frame variable a -f dec 
(int) a = -1678150656
(lldb)  frame variable b -f dec 
(int) b = -31456256
(lldb)  continue
Process 75849 resuming
Command #5 'continue' continued the target.
(lldb)  frame info
frame #0: 0x00005555555bb429 modified_fuzz`gcd(a=-1667181568, b=-10969088) at modified.c:9:9
(lldb)  frame variable a -f dec 
(int) a = -1667181568
(lldb)  frame variable b -f dec 
(int) b = -10969088
(lldb)  continue
Process 75849 resuming
Command #5 'continue' continued the target.
(lldb)  frame info
frame #0: 0x00005555555bb429 modified_fuzz`gcd(a=-1656332288, b=-10849280) at modified.c:9:9
(lldb)  frame variable a -f dec 
(int) a = -1656332288
(lldb)  frame variable b -f dec 
(int) b = -10849280
(lldb)  continue
Process 75849 resuming
Command #5 'continue' continued the target.
(lldb)  frame info
frame #0: 0x00005555555bb429 modified_fuzz`gcd(a=-1649090560, b=-7241728) at modified.c:9:9
(lldb)  frame variable a -f dec 
(int) a = -1649090560
(lldb)  frame variable b -f dec 
(int) b = -7241728
(lldb)  continue
Process 75849 resuming
Command #5 'continue' continued the target.
(lldb)  frame info
frame #0: 0x00005555555bb429 modified_fuzz`gcd(a=-1643872256, b=-5218304) at modified.c:9:9
(lldb)  frame variable a -f dec 
(int) a = -1643872256
(lldb)  frame variable b -f dec 
(int) b = -5218304
(lldb)  continue
Process 75849 resuming
Command #5 'continue' continued the target.
(lldb)  frame info
frame #0: 0x00005555555bb429 modified_fuzz`gcd(a=-1643765760, b=-106496) at modified.c:9:9
(lldb)  frame variable a -f dec 
(int) a = -1643765760
(lldb)  frame variable b -f dec 
(int) b = -106496
(lldb)  continue
Process 75849 resuming
Command #5 'continue' continued the target.
(lldb)  frame info
frame #0: 0x00005555555bb429 modified_fuzz`gcd(a=-1643765760, b=0) at modified.c:9:9
(lldb)  frame variable a -f dec 
(int) a = -1643765760
(lldb)  frame variable b -f dec 
(int) b = 0
(lldb)  continue
Process 75849 resuming
Command #5 'continue' continued the target.
Executed /script/motivating_example/sample_set/gcd/fuzzing_test/modified_inputs/efb5e1e8cb5b1d44a82ebc53cb5d4956b8c00116 in 24 ms
***
*** NOTE: fuzzing was not performed, you have only
***       executed the target code on a fixed set of inputs.
***
Process 75849 exited with status = 0 (0x00000000)
Process 75849 launched: '/script/motivating_example/sample_set/gcd/modified_fuzz' (x86_64)
(lldb) quit