(lldb) target create "original_2_fuzz"
Current executable set to '/script/motivating_example/sample_set/gcd/original_2_fuzz' (x86_64).
(lldb) command source -s 0 '/script/motivating_example/sample_set/gcd/fuzzing_test/original_2_debug/script/b53c28949f4752613e01dfb92a08f1615cd1868e/batch.lldb'
Executing commands in '/script/motivating_example/sample_set/gcd/fuzzing_test/original_2_debug/script/b53c28949f4752613e01dfb92a08f1615cd1868e/batch.lldb'.
(lldb) settings set interpreter.stop-command-source-on-error 0
(lldb) settings set auto-confirm 1
(lldb) breakpoint set --file /script/motivating_example/sample_set/gcd/original_2.c --line 6
Breakpoint 1: where = original_2_fuzz`gcd + 82 at original_2.c:6:5, address = 0x0000000000067402
(lldb) breakpoint command add 1
(lldb) run /script/motivating_example/sample_set/gcd/fuzzing_test/modified_inputs/b53c28949f4752613e01dfb92a08f1615cd1868e
INFO: Running with entropic power schedule (0xFF, 100).
INFO: Seed: 1659415411
INFO: Loaded 1 modules   (10 inline 8-bit counters): 10 [0x5555555defb0, 0x5555555defba), 
INFO: Loaded 1 PC tables (10 PCs): 10 [0x5555555defc0,0x5555555df060), 
/script/motivating_example/sample_set/gcd/original_2_fuzz: Running 1 inputs 1 time(s) each.
Running: /script/motivating_example/sample_set/gcd/fuzzing_test/modified_inputs/b53c28949f4752613e01dfb92a08f1615cd1868e
(lldb)  frame info
frame #0: 0x00005555555bb402 original_2_fuzz`gcd(a=-225, b=-1902337) at original_2.c:6:5
(lldb)  frame variable a -f dec 
(int) a = -225
(lldb)  frame variable b -f dec 
(int) b = -1902337
(lldb)  continue
Process 91593 resuming
Command #5 'continue' continued the target.
(lldb)  frame info
frame #0: 0x00005555555bb402 original_2_fuzz`gcd(a=-1902337, b=-225) at original_2.c:6:5
(lldb)  frame variable a -f dec 
(int) a = -1902337
(lldb)  frame variable b -f dec 
(int) b = -225
(lldb)  continue
Process 91593 resuming
Command #5 'continue' continued the target.
(lldb)  frame info
frame #0: 0x00005555555bb402 original_2_fuzz`gcd(a=-225, b=-187) at original_2.c:6:5
(lldb)  frame variable a -f dec 
(int) a = -225
(lldb)  frame variable b -f dec 
(int) b = -187
(lldb)  continue
Process 91593 resuming
Command #5 'continue' continued the target.
(lldb)  frame info
frame #0: 0x00005555555bb402 original_2_fuzz`gcd(a=-187, b=-38) at original_2.c:6:5
(lldb)  frame variable a -f dec 
(int) a = -187
(lldb)  frame variable b -f dec 
(int) b = -38
(lldb)  continue
Process 91593 resuming
Command #5 'continue' continued the target.
(lldb)  frame info
frame #0: 0x00005555555bb402 original_2_fuzz`gcd(a=-38, b=-35) at original_2.c:6:5
(lldb)  frame variable a -f dec 
(int) a = -38
(lldb)  frame variable b -f dec 
(int) b = -35
(lldb)  continue
Process 91593 resuming
Command #5 'continue' continued the target.
(lldb)  frame info
frame #0: 0x00005555555bb402 original_2_fuzz`gcd(a=-35, b=-3) at original_2.c:6:5
(lldb)  frame variable a -f dec 
(int) a = -35
(lldb)  frame variable b -f dec 
(int) b = -3
(lldb)  continue
Process 91593 resuming
Command #5 'continue' continued the target.
(lldb)  frame info
frame #0: 0x00005555555bb402 original_2_fuzz`gcd(a=-3, b=-2) at original_2.c:6:5
(lldb)  frame variable a -f dec 
(int) a = -3
(lldb)  frame variable b -f dec 
(int) b = -2
(lldb)  continue
Process 91593 resuming
Command #5 'continue' continued the target.
(lldb)  frame info
frame #0: 0x00005555555bb402 original_2_fuzz`gcd(a=-2, b=-1) at original_2.c:6:5
(lldb)  frame variable a -f dec 
(int) a = -2
(lldb)  frame variable b -f dec 
(int) b = -1
(lldb)  continue
Process 91593 resuming
Command #5 'continue' continued the target.
(lldb)  frame info
frame #0: 0x00005555555bb402 original_2_fuzz`gcd(a=-1, b=0) at original_2.c:6:5
(lldb)  frame variable a -f dec 
(int) a = -1
(lldb)  frame variable b -f dec 
(int) b = 0
(lldb)  continue
Process 91593 resuming
Command #5 'continue' continued the target.
Executed /script/motivating_example/sample_set/gcd/fuzzing_test/modified_inputs/b53c28949f4752613e01dfb92a08f1615cd1868e in 21 ms
***
*** NOTE: fuzzing was not performed, you have only
***       executed the target code on a fixed set of inputs.
***
Process 91593 exited with status = 0 (0x00000000)
Process 91593 launched: '/script/motivating_example/sample_set/gcd/original_2_fuzz' (x86_64)
(lldb) quit
