(lldb) target create "original_1_fuzz"
Current executable set to '/script/motivating_example/sample_set/concatenate_array/original_1_fuzz' (x86_64).
(lldb) command source -s 0 '/script/motivating_example/sample_set/concatenate_array/fuzzing_test/original_1_debug/script/5470c5e2b9c1c2a545b9669047d0e7f4bfd84feb/batch.lldb'
Executing commands in '/script/motivating_example/sample_set/concatenate_array/fuzzing_test/original_1_debug/script/5470c5e2b9c1c2a545b9669047d0e7f4bfd84feb/batch.lldb'.
(lldb) settings set interpreter.stop-command-source-on-error 0
(lldb) settings set auto-confirm 1
(lldb) breakpoint set --file /script/motivating_example/sample_set/concatenate_array/original_1.c --line 14
Breakpoint 1: where = original_1_fuzz`concatenate_array + 250 at original_1.c:14:9, address = 0x00000000000675da
(lldb) breakpoint command add 1
(lldb) breakpoint set --file /script/motivating_example/sample_set/concatenate_array/original_1.c --line 23
Breakpoint 2: where = original_1_fuzz`concatenate_array + 388 at original_1.c:23:9, address = 0x0000000000067664
(lldb) breakpoint command add 2
(lldb) run /script/motivating_example/sample_set/concatenate_array/fuzzing_test/modified_inputs/5470c5e2b9c1c2a545b9669047d0e7f4bfd84feb
INFO: Running with entropic power schedule (0xFF, 100).
INFO: Seed: 2805772049
INFO: Loaded 1 modules   (10 inline 8-bit counters): 10 [0x5555555defc0, 0x5555555defca), 
INFO: Loaded 1 PC tables (10 PCs): 10 [0x5555555defd0,0x5555555df070), 
/script/motivating_example/sample_set/concatenate_array/original_1_fuzz: Running 1 inputs 1 time(s) each.
Running: /script/motivating_example/sample_set/concatenate_array/fuzzing_test/modified_inputs/5470c5e2b9c1c2a545b9669047d0e7f4bfd84feb
(lldb)  frame info
frame #0: 0x00005555555bb5da original_1_fuzz`concatenate_array(arr1=0x0000555555f67f90, size1=1, arr2=0x0000555555f67fb0, size2=1) at original_1.c:14:9
(lldb)  frame variable dest_pos -f dec 
(size_t) dest_pos = 0
(lldb)  frame variable orig_pos -f dec 
(size_t) orig_pos = 0
(lldb)  frame variable val -f dec 
(int) val = -1272643584
(lldb)  continue
Process 112784 resuming
Command #6 'continue' continued the target.
(lldb)  frame info
frame #0: 0x00005555555bb664 original_1_fuzz`concatenate_array(arr1=0x0000555555f67f90, size1=1, arr2=0x0000555555f67fb0, size2=1) at original_1.c:23:9
(lldb)  frame variable dest_pos -f dec 
(size_t) dest_pos = 1
(lldb)  frame variable orig_pos -f dec 
(size_t) orig_pos = 0
(lldb)  frame variable val -f dec 
(int) val = 63
(lldb)  continue
Process 112784 resuming
Command #6 'continue' continued the target.
Executed /script/motivating_example/sample_set/concatenate_array/fuzzing_test/modified_inputs/5470c5e2b9c1c2a545b9669047d0e7f4bfd84feb in 14 ms
***
*** NOTE: fuzzing was not performed, you have only
***       executed the target code on a fixed set of inputs.
***
Process 112784 exited with status = 0 (0x00000000)
Process 112784 launched: '/script/motivating_example/sample_set/concatenate_array/original_1_fuzz' (x86_64)
(lldb) quit