(lldb) target create "original_1_fuzz"
Current executable set to '/script/motivating_example/sample_set/gcd/original_1_fuzz' (x86_64).
(lldb) command source -s 0 '/script/motivating_example/sample_set/gcd/fuzzing_test/original_1_debug/script/cf8b6fb94d272b33caad7cc20110d4d73a346810/batch.lldb'
Executing commands in '/script/motivating_example/sample_set/gcd/fuzzing_test/original_1_debug/script/cf8b6fb94d272b33caad7cc20110d4d73a346810/batch.lldb'.
(lldb) settings set interpreter.stop-command-source-on-error 0
(lldb) settings set auto-confirm 1
(lldb) breakpoint set --file /script/motivating_example/sample_set/gcd/original_1.c --line 10
Breakpoint 1: where = original_1_fuzz`gcd + 124 at original_1.c:10:9, address = 0x000000000006742c
(lldb) breakpoint command add 1
(lldb) run /script/motivating_example/sample_set/gcd/fuzzing_test/modified_inputs/cf8b6fb94d272b33caad7cc20110d4d73a346810
INFO: Running with entropic power schedule (0xFF, 100).
INFO: Seed: 33666409
INFO: Loaded 1 modules   (10 inline 8-bit counters): 10 [0x5555555defb0, 0x5555555defba), 
INFO: Loaded 1 PC tables (10 PCs): 10 [0x5555555defc0,0x5555555df060), 
/script/motivating_example/sample_set/gcd/original_1_fuzz: Running 1 inputs 1 time(s) each.
Running: /script/motivating_example/sample_set/gcd/fuzzing_test/modified_inputs/cf8b6fb94d272b33caad7cc20110d4d73a346810
(lldb)  frame info
frame #0: 0x00005555555bb42c original_1_fuzz`gcd(a=-2147483590, b=-58) at original_1.c:10:9
(lldb)  frame variable a -f dec 
(int) a = -2147483590
(lldb)  frame variable b -f dec 
(int) b = -58
(lldb)  continue
Process 83800 resuming
Command #5 'continue' continued the target.
(lldb)  frame info
frame #0: 0x00005555555bb42c original_1_fuzz`gcd(a=-58, b=-8) at original_1.c:10:9
(lldb)  frame variable a -f dec 
(int) a = -58
(lldb)  frame variable b -f dec 
(int) b = -8
(lldb)  continue
Process 83800 resuming
Command #5 'continue' continued the target.
(lldb)  frame info
frame #0: 0x00005555555bb42c original_1_fuzz`gcd(a=-8, b=-2) at original_1.c:10:9
(lldb)  frame variable a -f dec 
(int) a = -8
(lldb)  frame variable b -f dec 
(int) b = -2
(lldb)  continue
Process 83800 resuming
Command #5 'continue' continued the target.
(lldb)  frame info
frame #0: 0x00005555555bb42c original_1_fuzz`gcd(a=-2, b=0) at original_1.c:10:9
(lldb)  frame variable a -f dec 
(int) a = -2
(lldb)  frame variable b -f dec 
(int) b = 0
(lldb)  continue
Process 83800 resuming
Command #5 'continue' continued the target.
Executed /script/motivating_example/sample_set/gcd/fuzzing_test/modified_inputs/cf8b6fb94d272b33caad7cc20110d4d73a346810 in 15 ms
***
*** NOTE: fuzzing was not performed, you have only
***       executed the target code on a fixed set of inputs.
***
Process 83800 exited with status = 0 (0x00000000)
Process 83800 launched: '/script/motivating_example/sample_set/gcd/original_1_fuzz' (x86_64)
(lldb) quit
