(lldb) target create "modified_fuzz"
Current executable set to '/script/motivating_example/sample_set/gcd/modified_fuzz' (x86_64).
(lldb) command source -s 0 '/script/motivating_example/sample_set/gcd/fuzzing_test/modified_debug/script/6fa4846d4ff41a4925bb3ada742c58791fc1ce8a/batch.lldb'
Executing commands in '/script/motivating_example/sample_set/gcd/fuzzing_test/modified_debug/script/6fa4846d4ff41a4925bb3ada742c58791fc1ce8a/batch.lldb'.
(lldb) settings set interpreter.stop-command-source-on-error 0
(lldb) settings set auto-confirm 1
(lldb) breakpoint set --file /script/motivating_example/sample_set/gcd/modified.c --line 9
Breakpoint 1: where = modified_fuzz`gcd + 121 at modified.c:9:9, address = 0x0000000000067429
(lldb) breakpoint command add 1
(lldb) run /script/motivating_example/sample_set/gcd/fuzzing_test/modified_inputs/6fa4846d4ff41a4925bb3ada742c58791fc1ce8a
INFO: Running with entropic power schedule (0xFF, 100).
INFO: Seed: 410666749
INFO: Loaded 1 modules   (10 inline 8-bit counters): 10 [0x5555555defb0, 0x5555555defba), 
INFO: Loaded 1 PC tables (10 PCs): 10 [0x5555555defc0,0x5555555df060), 
/script/motivating_example/sample_set/gcd/modified_fuzz: Running 1 inputs 1 time(s) each.
Running: /script/motivating_example/sample_set/gcd/fuzzing_test/modified_inputs/6fa4846d4ff41a4925bb3ada742c58791fc1ce8a
(lldb)  frame info
frame #0: 0x00005555555bb429 modified_fuzz`gcd(a=-2147479568, b=-4080) at modified.c:9:9
(lldb)  frame variable a -f dec 
(int) a = -2147479568
(lldb)  frame variable b -f dec 
(int) b = -4080
(lldb)  continue
Process 73967 resuming
Command #5 'continue' continued the target.
(lldb)  frame info
frame #0: 0x00005555555bb429 modified_fuzz`gcd(a=-2147479440, b=-128) at modified.c:9:9
(lldb)  frame variable a -f dec 
(int) a = -2147479440
(lldb)  frame variable b -f dec 
(int) b = -128
(lldb)  continue
Process 73967 resuming
Command #5 'continue' continued the target.
(lldb)  frame info
frame #0: 0x00005555555bb429 modified_fuzz`gcd(a=-2147479424, b=-16) at modified.c:9:9
(lldb)  frame variable a -f dec 
(int) a = -2147479424
(lldb)  frame variable b -f dec 
(int) b = -16
(lldb)  continue
Process 73967 resuming
Command #5 'continue' continued the target.
(lldb)  frame info
frame #0: 0x00005555555bb429 modified_fuzz`gcd(a=-2147479424, b=0) at modified.c:9:9
(lldb)  frame variable a -f dec 
(int) a = -2147479424
(lldb)  frame variable b -f dec 
(int) b = 0
(lldb)  continue
Process 73967 resuming
Command #5 'continue' continued the target.
Executed /script/motivating_example/sample_set/gcd/fuzzing_test/modified_inputs/6fa4846d4ff41a4925bb3ada742c58791fc1ce8a in 15 ms
***
*** NOTE: fuzzing was not performed, you have only
***       executed the target code on a fixed set of inputs.
***
Process 73967 exited with status = 0 (0x00000000)
Process 73967 launched: '/script/motivating_example/sample_set/gcd/modified_fuzz' (x86_64)
(lldb) quit
