(lldb) target create "original_2_fuzz"
Current executable set to '/script/motivating_example/sample_set/gcd/original_2_fuzz' (x86_64).
(lldb) command source -s 0 '/script/motivating_example/sample_set/gcd/fuzzing_test/original_2_debug/script/7c1abea098c1be4e8c8773a80da7e036810c2e5d/batch.lldb'
Executing commands in '/script/motivating_example/sample_set/gcd/fuzzing_test/original_2_debug/script/7c1abea098c1be4e8c8773a80da7e036810c2e5d/batch.lldb'.
(lldb) settings set interpreter.stop-command-source-on-error 0
(lldb) settings set auto-confirm 1
(lldb) breakpoint set --file /script/motivating_example/sample_set/gcd/original_2.c --line 6
Breakpoint 1: where = original_2_fuzz`gcd + 82 at original_2.c:6:5, address = 0x0000000000067402
(lldb) breakpoint command add 1
(lldb) run /script/motivating_example/sample_set/gcd/fuzzing_test/modified_inputs/7c1abea098c1be4e8c8773a80da7e036810c2e5d
INFO: Running with entropic power schedule (0xFF, 100).
INFO: Seed: 3051894622
INFO: Loaded 1 modules   (10 inline 8-bit counters): 10 [0x5555555defb0, 0x5555555defba), 
INFO: Loaded 1 PC tables (10 PCs): 10 [0x5555555defc0,0x5555555df060), 
/script/motivating_example/sample_set/gcd/original_2_fuzz: Running 1 inputs 1 time(s) each.
Running: /script/motivating_example/sample_set/gcd/fuzzing_test/modified_inputs/7c1abea098c1be4e8c8773a80da7e036810c2e5d
(lldb)  frame info
frame #0: 0x00005555555bb402 original_2_fuzz`gcd(a=704643072, b=-973078400) at original_2.c:6:5
(lldb)  frame variable a -f dec 
(int) a = 704643072
(lldb)  frame variable b -f dec 
(int) b = -973078400
(lldb)  continue
Process 90874 resuming
Command #5 'continue' continued the target.
(lldb)  frame info
frame #0: 0x00005555555bb402 original_2_fuzz`gcd(a=-973078400, b=704643072) at original_2.c:6:5
(lldb)  frame variable a -f dec 
(int) a = -973078400
(lldb)  frame variable b -f dec 
(int) b = 704643072
(lldb)  continue
Process 90874 resuming
Command #5 'continue' continued the target.
(lldb)  frame info
frame #0: 0x00005555555bb402 original_2_fuzz`gcd(a=704643072, b=-268435328) at original_2.c:6:5
(lldb)  frame variable a -f dec 
(int) a = 704643072
(lldb)  frame variable b -f dec 
(int) b = -268435328
(lldb)  continue
Process 90874 resuming
Command #5 'continue' continued the target.
(lldb)  frame info
frame #0: 0x00005555555bb402 original_2_fuzz`gcd(a=-268435328, b=167772416) at original_2.c:6:5
(lldb)  frame variable a -f dec 
(int) a = -268435328
(lldb)  frame variable b -f dec 
(int) b = 167772416
(lldb)  continue
Process 90874 resuming
Command #5 'continue' continued the target.
(lldb)  frame info
frame #0: 0x00005555555bb402 original_2_fuzz`gcd(a=167772416, b=-100662912) at original_2.c:6:5
(lldb)  frame variable a -f dec 
(int) a = 167772416
(lldb)  frame variable b -f dec 
(int) b = -100662912
(lldb)  continue
Process 90874 resuming
Command #5 'continue' continued the target.
(lldb)  frame info
frame #0: 0x00005555555bb402 original_2_fuzz`gcd(a=-100662912, b=67109504) at original_2.c:6:5
(lldb)  frame variable a -f dec 
(int) a = -100662912
(lldb)  frame variable b -f dec 
(int) b = 67109504
(lldb)  continue
Process 90874 resuming
Command #5 'continue' continued the target.
(lldb)  frame info
frame #0: 0x00005555555bb402 original_2_fuzz`gcd(a=67109504, b=-33553408) at original_2.c:6:5
(lldb)  frame variable a -f dec 
(int) a = 67109504
(lldb)  frame variable b -f dec 
(int) b = -33553408
(lldb)  continue
Process 90874 resuming
Command #5 'continue' continued the target.
(lldb)  frame info
frame #0: 0x00005555555bb402 original_2_fuzz`gcd(a=-33553408, b=2688) at original_2.c:6:5
(lldb)  frame variable a -f dec 
(int) a = -33553408
(lldb)  frame variable b -f dec 
(int) b = 2688
(lldb)  continue
Process 90874 resuming
Command #5 'continue' continued the target.
(lldb)  frame info
frame #0: 0x00005555555bb402 original_2_fuzz`gcd(a=2688, b=-1792) at original_2.c:6:5
(lldb)  frame variable a -f dec 
(int) a = 2688
(lldb)  frame variable b -f dec 
(int) b = -1792
(lldb)  continue
Process 90874 resuming
Command #5 'continue' continued the target.
(lldb)  frame info
frame #0: 0x00005555555bb402 original_2_fuzz`gcd(a=-1792, b=896) at original_2.c:6:5
(lldb)  frame variable a -f dec 
(int) a = -1792
(lldb)  frame variable b -f dec 
(int) b = 896
(lldb)  continue
Process 90874 resuming
Command #5 'continue' continued the target.
(lldb)  frame info
frame #0: 0x00005555555bb402 original_2_fuzz`gcd(a=896, b=0) at original_2.c:6:5
(lldb)  frame variable a -f dec 
(int) a = 896
(lldb)  frame variable b -f dec 
(int) b = 0
(lldb)  continue
Process 90874 resuming
Command #5 'continue' continued the target.
Executed /script/motivating_example/sample_set/gcd/fuzzing_test/modified_inputs/7c1abea098c1be4e8c8773a80da7e036810c2e5d in 24 ms
***
*** NOTE: fuzzing was not performed, you have only
***       executed the target code on a fixed set of inputs.
***
Process 90874 exited with status = 0 (0x00000000)
Process 90874 launched: '/script/motivating_example/sample_set/gcd/original_2_fuzz' (x86_64)
(lldb) quit