(lldb) target create "original_1_fuzz"
Current executable set to '/script/motivating_example/sample_set/gcd/original_1_fuzz' (x86_64).
(lldb) command source -s 0 '/script/motivating_example/sample_set/gcd/fuzzing_test/original_1_debug/script/aef19e66a110738b301d87d19ee27664e096d7d8/batch.lldb'
Executing commands in '/script/motivating_example/sample_set/gcd/fuzzing_test/original_1_debug/script/aef19e66a110738b301d87d19ee27664e096d7d8/batch.lldb'.
(lldb) settings set interpreter.stop-command-source-on-error 0
(lldb) settings set auto-confirm 1
(lldb) breakpoint set --file /script/motivating_example/sample_set/gcd/original_1.c --line 10
Breakpoint 1: where = original_1_fuzz`gcd + 124 at original_1.c:10:9, address = 0x000000000006742c
(lldb) breakpoint command add 1
(lldb) run /script/motivating_example/sample_set/gcd/fuzzing_test/modified_inputs/aef19e66a110738b301d87d19ee27664e096d7d8
INFO: Running with entropic power schedule (0xFF, 100).
INFO: Seed: 518231725
INFO: Loaded 1 modules   (10 inline 8-bit counters): 10 [0x5555555defb0, 0x5555555defba), 
INFO: Loaded 1 PC tables (10 PCs): 10 [0x5555555defc0,0x5555555df060), 
/script/motivating_example/sample_set/gcd/original_1_fuzz: Running 1 inputs 1 time(s) each.
Running: /script/motivating_example/sample_set/gcd/fuzzing_test/modified_inputs/aef19e66a110738b301d87d19ee27664e096d7d8
(lldb)  frame info
frame #0: 0x00005555555bb42c original_1_fuzz`gcd(a=-130817, b=-122593) at original_1.c:10:9
(lldb)  frame variable a -f dec 
(int) a = -130817
(lldb)  frame variable b -f dec 
(int) b = -122593
(lldb)  continue
Process 83134 resuming
Command #5 'continue' continued the target.
(lldb)  frame info
frame #0: 0x00005555555bb42c original_1_fuzz`gcd(a=-122593, b=-8224) at original_1.c:10:9
(lldb)  frame variable a -f dec 
(int) a = -122593
(lldb)  frame variable b -f dec 
(int) b = -8224
(lldb)  continue
Process 83134 resuming
Command #5 'continue' continued the target.
(lldb)  frame info
frame #0: 0x00005555555bb42c original_1_fuzz`gcd(a=-8224, b=-7457) at original_1.c:10:9
(lldb)  frame variable a -f dec 
(int) a = -8224
(lldb)  frame variable b -f dec 
(int) b = -7457
(lldb)  continue
Process 83134 resuming
Command #5 'continue' continued the target.
(lldb)  frame info
frame #0: 0x00005555555bb42c original_1_fuzz`gcd(a=-7457, b=-767) at original_1.c:10:9
(lldb)  frame variable a -f dec 
(int) a = -7457
(lldb)  frame variable b -f dec 
(int) b = -767
(lldb)  continue
Process 83134 resuming
Command #5 'continue' continued the target.
(lldb)  frame info
frame #0: 0x00005555555bb42c original_1_fuzz`gcd(a=-767, b=-554) at original_1.c:10:9
(lldb)  frame variable a -f dec 
(int) a = -767
(lldb)  frame variable b -f dec 
(int) b = -554
(lldb)  continue
Process 83134 resuming
Command #5 'continue' continued the target.
(lldb)  frame info
frame #0: 0x00005555555bb42c original_1_fuzz`gcd(a=-554, b=-213) at original_1.c:10:9
(lldb)  frame variable a -f dec 
(int) a = -554
(lldb)  frame variable b -f dec 
(int) b = -213
(lldb)  continue
Process 83134 resuming
Command #5 'continue' continued the target.
(lldb)  frame info
frame #0: 0x00005555555bb42c original_1_fuzz`gcd(a=-213, b=-128) at original_1.c:10:9
(lldb)  frame variable a -f dec 
(int) a = -213
(lldb)  frame variable b -f dec 
(int) b = -128
(lldb)  continue
Process 83134 resuming
Command #5 'continue' continued the target.
(lldb)  frame info
frame #0: 0x00005555555bb42c original_1_fuzz`gcd(a=-128, b=-85) at original_1.c:10:9
(lldb)  frame variable a -f dec 
(int) a = -128
(lldb)  frame variable b -f dec 
(int) b = -85
(lldb)  continue
Process 83134 resuming
Command #5 'continue' continued the target.
(lldb)  frame info
frame #0: 0x00005555555bb42c original_1_fuzz`gcd(a=-85, b=-43) at original_1.c:10:9
(lldb)  frame variable a -f dec 
(int) a = -85
(lldb)  frame variable b -f dec 
(int) b = -43
(lldb)  continue
Process 83134 resuming
Command #5 'continue' continued the target.
(lldb)  frame info
frame #0: 0x00005555555bb42c original_1_fuzz`gcd(a=-43, b=-42) at original_1.c:10:9
(lldb)  frame variable a -f dec 
(int) a = -43
(lldb)  frame variable b -f dec 
(int) b = -42
(lldb)  continue
Process 83134 resuming
Command #5 'continue' continued the target.
(lldb)  frame info
frame #0: 0x00005555555bb42c original_1_fuzz`gcd(a=-42, b=-1) at original_1.c:10:9
(lldb)  frame variable a -f dec 
(int) a = -42
(lldb)  frame variable b -f dec 
(int) b = -1
(lldb)  continue
Process 83134 resuming
Command #5 'continue' continued the target.
(lldb)  frame info
frame #0: 0x00005555555bb42c original_1_fuzz`gcd(a=-1, b=0) at original_1.c:10:9
(lldb)  frame variable a -f dec 
(int) a = -1
(lldb)  frame variable b -f dec 
(int) b = 0
(lldb)  continue
Process 83134 resuming
Command #5 'continue' continued the target.
Executed /script/motivating_example/sample_set/gcd/fuzzing_test/modified_inputs/aef19e66a110738b301d87d19ee27664e096d7d8 in 26 ms
***
*** NOTE: fuzzing was not performed, you have only
***       executed the target code on a fixed set of inputs.
***
Process 83134 exited with status = 0 (0x00000000)
Process 83134 launched: '/script/motivating_example/sample_set/gcd/original_1_fuzz' (x86_64)
(lldb) quit