(lldb) target create "modified_fuzz"
Current executable set to '/script/motivating_example/sample_set/gcd/modified_fuzz' (x86_64).
(lldb) command source -s 0 '/script/motivating_example/sample_set/gcd/fuzzing_test/modified_debug/script/7c0b39ae71cf97f8affd2caa9a9d9a762d196fb1/batch.lldb'
Executing commands in '/script/motivating_example/sample_set/gcd/fuzzing_test/modified_debug/script/7c0b39ae71cf97f8affd2caa9a9d9a762d196fb1/batch.lldb'.
(lldb) settings set interpreter.stop-command-source-on-error 0
(lldb) settings set auto-confirm 1
(lldb) breakpoint set --file /script/motivating_example/sample_set/gcd/modified.c --line 9
Breakpoint 1: where = modified_fuzz`gcd + 121 at modified.c:9:9, address = 0x0000000000067429
(lldb) breakpoint command add 1
(lldb) run /script/motivating_example/sample_set/gcd/fuzzing_test/modified_inputs/7c0b39ae71cf97f8affd2caa9a9d9a762d196fb1
INFO: Running with entropic power schedule (0xFF, 100).
INFO: Seed: 3457820305
INFO: Loaded 1 modules   (10 inline 8-bit counters): 10 [0x5555555defb0, 0x5555555defba), 
INFO: Loaded 1 PC tables (10 PCs): 10 [0x5555555defc0,0x5555555df060), 
/script/motivating_example/sample_set/gcd/modified_fuzz: Running 1 inputs 1 time(s) each.
Running: /script/motivating_example/sample_set/gcd/fuzzing_test/modified_inputs/7c0b39ae71cf97f8affd2caa9a9d9a762d196fb1
(lldb)  frame info
frame #0: 0x00005555555bb429 modified_fuzz`gcd(a=2075852800, b=71306496) at modified.c:9:9
(lldb)  frame variable a -f dec 
(int) a = 2075852800
(lldb)  frame variable b -f dec 
(int) b = 71306496
(lldb)  continue
Process 74146 resuming
Command #5 'continue' continued the target.
(lldb)  frame info
frame #0: 0x00005555555bb429 modified_fuzz`gcd(a=2067888384, b=7964416) at modified.c:9:9
(lldb)  frame variable a -f dec 
(int) a = 2067888384
(lldb)  frame variable b -f dec 
(int) b = 7964416
(lldb)  continue
Process 74146 resuming
Command #5 'continue' continued the target.
(lldb)  frame info
frame #0: 0x00005555555bb429 modified_fuzz`gcd(a=2062783744, b=5104640) at modified.c:9:9
(lldb)  frame variable a -f dec 
(int) a = 2062783744
(lldb)  frame variable b -f dec 
(int) b = 5104640
(lldb)  continue
Process 74146 resuming
Command #5 'continue' continued the target.
(lldb)  frame info
frame #0: 0x00005555555bb429 modified_fuzz`gcd(a=2062274560, b=509184) at modified.c:9:9
(lldb)  frame variable a -f dec 
(int) a = 2062274560
(lldb)  frame variable b -f dec 
(int) b = 509184
(lldb)  continue
Process 74146 resuming
Command #5 'continue' continued the target.
(lldb)  frame info
frame #0: 0x00005555555bb429 modified_fuzz`gcd(a=2062195200, b=79360) at modified.c:9:9
(lldb)  frame variable a -f dec 
(int) a = 2062195200
(lldb)  frame variable b -f dec 
(int) b = 79360
(lldb)  continue
Process 74146 resuming
Command #5 'continue' continued the target.
(lldb)  frame info
frame #0: 0x00005555555bb429 modified_fuzz`gcd(a=2062169600, b=25600) at modified.c:9:9
(lldb)  frame variable a -f dec 
(int) a = 2062169600
(lldb)  frame variable b -f dec 
(int) b = 25600
(lldb)  continue
Process 74146 resuming
Command #5 'continue' continued the target.
(lldb)  frame info
frame #0: 0x00005555555bb429 modified_fuzz`gcd(a=2062156800, b=12800) at modified.c:9:9
(lldb)  frame variable a -f dec 
(int) a = 2062156800
(lldb)  frame variable b -f dec 
(int) b = 12800
(lldb)  continue
Process 74146 resuming
Command #5 'continue' continued the target.
(lldb)  frame info
frame #0: 0x00005555555bb429 modified_fuzz`gcd(a=2062156800, b=0) at modified.c:9:9
(lldb)  frame variable a -f dec 
(int) a = 2062156800
(lldb)  frame variable b -f dec 
(int) b = 0
(lldb)  continue
Process 74146 resuming
Command #5 'continue' continued the target.
Executed /script/motivating_example/sample_set/gcd/fuzzing_test/modified_inputs/7c0b39ae71cf97f8affd2caa9a9d9a762d196fb1 in 22 ms
***
*** NOTE: fuzzing was not performed, you have only
***       executed the target code on a fixed set of inputs.
***
Process 74146 exited with status = 0 (0x00000000)
Process 74146 launched: '/script/motivating_example/sample_set/gcd/modified_fuzz' (x86_64)
(lldb) quit
