(lldb) target create "original_2_fuzz"
Current executable set to '/script/motivating_example/sample_set/gcd/original_2_fuzz' (x86_64).
(lldb) command source -s 0 '/script/motivating_example/sample_set/gcd/fuzzing_test/original_2_debug/script/b6c23f89cdf4f7a8cd25801160d3fba291a4ca9a/batch.lldb'
Executing commands in '/script/motivating_example/sample_set/gcd/fuzzing_test/original_2_debug/script/b6c23f89cdf4f7a8cd25801160d3fba291a4ca9a/batch.lldb'.
(lldb) settings set interpreter.stop-command-source-on-error 0
(lldb) settings set auto-confirm 1
(lldb) breakpoint set --file /script/motivating_example/sample_set/gcd/original_2.c --line 6
Breakpoint 1: where = original_2_fuzz`gcd + 82 at original_2.c:6:5, address = 0x0000000000067402
(lldb) breakpoint command add 1
(lldb) run /script/motivating_example/sample_set/gcd/fuzzing_test/modified_inputs/b6c23f89cdf4f7a8cd25801160d3fba291a4ca9a
INFO: Running with entropic power schedule (0xFF, 100).
INFO: Seed: 3219706393
INFO: Loaded 1 modules   (10 inline 8-bit counters): 10 [0x5555555defb0, 0x5555555defba), 
INFO: Loaded 1 PC tables (10 PCs): 10 [0x5555555defc0,0x5555555df060), 
/script/motivating_example/sample_set/gcd/original_2_fuzz: Running 1 inputs 1 time(s) each.
Running: /script/motivating_example/sample_set/gcd/fuzzing_test/modified_inputs/b6c23f89cdf4f7a8cd25801160d3fba291a4ca9a
(lldb)  frame info
frame #0: 0x00005555555bb402 original_2_fuzz`gcd(a=-2147483648, b=-67059713) at original_2.c:6:5
(lldb)  frame variable a -f dec 
(int) a = -2147483648
(lldb)  frame variable b -f dec 
(int) b = -67059713
(lldb)  continue
Process 91697 resuming
Command #5 'continue' continued the target.
(lldb)  frame info
frame #0: 0x00005555555bb402 original_2_fuzz`gcd(a=-67059713, b=-1572832) at original_2.c:6:5
(lldb)  frame variable a -f dec 
(int) a = -67059713
(lldb)  frame variable b -f dec 
(int) b = -1572832
(lldb)  continue
Process 91697 resuming
Command #5 'continue' continued the target.
(lldb)  frame info
frame #0: 0x00005555555bb402 original_2_fuzz`gcd(a=-1572832, b=-1000769) at original_2.c:6:5
(lldb)  frame variable a -f dec 
(int) a = -1572832
(lldb)  frame variable b -f dec 
(int) b = -1000769
(lldb)  continue
Process 91697 resuming
Command #5 'continue' continued the target.
(lldb)  frame info
frame #0: 0x00005555555bb402 original_2_fuzz`gcd(a=-1000769, b=-572063) at original_2.c:6:5
(lldb)  frame variable a -f dec 
(int) a = -1000769
(lldb)  frame variable b -f dec 
(int) b = -572063
(lldb)  continue
Process 91697 resuming
Command #5 'continue' continued the target.
(lldb)  frame info
frame #0: 0x00005555555bb402 original_2_fuzz`gcd(a=-572063, b=-428706) at original_2.c:6:5
(lldb)  frame variable a -f dec 
(int) a = -572063
(lldb)  frame variable b -f dec 
(int) b = -428706
(lldb)  continue
Process 91697 resuming
Command #5 'continue' continued the target.
(lldb)  frame info
frame #0: 0x00005555555bb402 original_2_fuzz`gcd(a=-428706, b=-143357) at original_2.c:6:5
(lldb)  frame variable a -f dec 
(int) a = -428706
(lldb)  frame variable b -f dec 
(int) b = -143357
(lldb)  continue
Process 91697 resuming
Command #5 'continue' continued the target.
(lldb)  frame info
frame #0: 0x00005555555bb402 original_2_fuzz`gcd(a=-143357, b=-141992) at original_2.c:6:5
(lldb)  frame variable a -f dec 
(int) a = -143357
(lldb)  frame variable b -f dec 
(int) b = -141992
(lldb)  continue
Process 91697 resuming
Command #5 'continue' continued the target.
(lldb)  frame info
frame #0: 0x00005555555bb402 original_2_fuzz`gcd(a=-141992, b=-1365) at original_2.c:6:5
(lldb)  frame variable a -f dec 
(int) a = -141992
(lldb)  frame variable b -f dec 
(int) b = -1365
(lldb)  continue
Process 91697 resuming
Command #5 'continue' continued the target.
(lldb)  frame info
frame #0: 0x00005555555bb402 original_2_fuzz`gcd(a=-1365, b=-32) at original_2.c:6:5
(lldb)  frame variable a -f dec 
(int) a = -1365
(lldb)  frame variable b -f dec 
(int) b = -32
(lldb)  continue
Process 91697 resuming
Command #5 'continue' continued the target.
(lldb)  frame info
frame #0: 0x00005555555bb402 original_2_fuzz`gcd(a=-32, b=-21) at original_2.c:6:5
(lldb)  frame variable a -f dec 
(int) a = -32
(lldb)  frame variable b -f dec 
(int) b = -21
(lldb)  continue
Process 91697 resuming
Command #5 'continue' continued the target.
(lldb)  frame info
frame #0: 0x00005555555bb402 original_2_fuzz`gcd(a=-21, b=-11) at original_2.c:6:5
(lldb)  frame variable a -f dec 
(int) a = -21
(lldb)  frame variable b -f dec 
(int) b = -11
(lldb)  continue
Process 91697 resuming
Command #5 'continue' continued the target.
(lldb)  frame info
frame #0: 0x00005555555bb402 original_2_fuzz`gcd(a=-11, b=-10) at original_2.c:6:5
(lldb)  frame variable a -f dec 
(int) a = -11
(lldb)  frame variable b -f dec 
(int) b = -10
(lldb)  continue
Process 91697 resuming
Command #5 'continue' continued the target.
(lldb)  frame info
frame #0: 0x00005555555bb402 original_2_fuzz`gcd(a=-10, b=-1) at original_2.c:6:5
(lldb)  frame variable a -f dec 
(int) a = -10
(lldb)  frame variable b -f dec 
(int) b = -1
(lldb)  continue
Process 91697 resuming
Command #5 'continue' continued the target.
(lldb)  frame info
frame #0: 0x00005555555bb402 original_2_fuzz`gcd(a=-1, b=0) at original_2.c:6:5
(lldb)  frame variable a -f dec 
(int) a = -1
(lldb)  frame variable b -f dec 
(int) b = 0
(lldb)  continue
Process 91697 resuming
Command #5 'continue' continued the target.
Executed /script/motivating_example/sample_set/gcd/fuzzing_test/modified_inputs/b6c23f89cdf4f7a8cd25801160d3fba291a4ca9a in 25 ms
***
*** NOTE: fuzzing was not performed, you have only
***       executed the target code on a fixed set of inputs.
***
Process 91697 exited with status = 0 (0x00000000)
Process 91697 launched: '/script/motivating_example/sample_set/gcd/original_2_fuzz' (x86_64)
(lldb) quit
