(lldb) target create "original_1_fuzz"
Current executable set to '/script/motivating_example/sample_set/gcd/original_1_fuzz' (x86_64).
(lldb) command source -s 0 '/script/motivating_example/sample_set/gcd/fuzzing_test/original_1_debug/script/96ef8880af15105f0ba347498ec248ff45d59df6/batch.lldb'
Executing commands in '/script/motivating_example/sample_set/gcd/fuzzing_test/original_1_debug/script/96ef8880af15105f0ba347498ec248ff45d59df6/batch.lldb'.
(lldb) settings set interpreter.stop-command-source-on-error 0
(lldb) settings set auto-confirm 1
(lldb) breakpoint set --file /script/motivating_example/sample_set/gcd/original_1.c --line 10
Breakpoint 1: where = original_1_fuzz`gcd + 124 at original_1.c:10:9, address = 0x000000000006742c
(lldb) breakpoint command add 1
(lldb) run /script/motivating_example/sample_set/gcd/fuzzing_test/modified_inputs/96ef8880af15105f0ba347498ec248ff45d59df6
INFO: Running with entropic power schedule (0xFF, 100).
INFO: Seed: 1609352859
INFO: Loaded 1 modules   (10 inline 8-bit counters): 10 [0x5555555defb0, 0x5555555defba), 
INFO: Loaded 1 PC tables (10 PCs): 10 [0x5555555defc0,0x5555555df060), 
/script/motivating_example/sample_set/gcd/original_1_fuzz: Running 1 inputs 1 time(s) each.
Running: /script/motivating_example/sample_set/gcd/fuzzing_test/modified_inputs/96ef8880af15105f0ba347498ec248ff45d59df6
(lldb)  frame info
frame #0: 0x00005555555bb42c original_1_fuzz`gcd(a=-83034112, b=57606324) at original_1.c:10:9
(lldb)  frame variable a -f dec 
(int) a = -83034112
(lldb)  frame variable b -f dec 
(int) b = 57606324
(lldb)  continue
Process 82928 resuming
Command #5 'continue' continued the target.
(lldb)  frame info
frame #0: 0x00005555555bb42c original_1_fuzz`gcd(a=57606324, b=-25427788) at original_1.c:10:9
(lldb)  frame variable a -f dec 
(int) a = 57606324
(lldb)  frame variable b -f dec 
(int) b = -25427788
(lldb)  continue
Process 82928 resuming
Command #5 'continue' continued the target.
(lldb)  frame info
frame #0: 0x00005555555bb42c original_1_fuzz`gcd(a=-25427788, b=6750748) at original_1.c:10:9
(lldb)  frame variable a -f dec 
(int) a = -25427788
(lldb)  frame variable b -f dec 
(int) b = 6750748
(lldb)  continue
Process 82928 resuming
Command #5 'continue' continued the target.
(lldb)  frame info
frame #0: 0x00005555555bb42c original_1_fuzz`gcd(a=6750748, b=-5175544) at original_1.c:10:9
(lldb)  frame variable a -f dec 
(int) a = 6750748
(lldb)  frame variable b -f dec 
(int) b = -5175544
(lldb)  continue
Process 82928 resuming
Command #5 'continue' continued the target.
(lldb)  frame info
frame #0: 0x00005555555bb42c original_1_fuzz`gcd(a=-5175544, b=1575204) at original_1.c:10:9
(lldb)  frame variable a -f dec 
(int) a = -5175544
(lldb)  frame variable b -f dec 
(int) b = 1575204
(lldb)  continue
Process 82928 resuming
Command #5 'continue' continued the target.
(lldb)  frame info
frame #0: 0x00005555555bb42c original_1_fuzz`gcd(a=1575204, b=-449932) at original_1.c:10:9
(lldb)  frame variable a -f dec 
(int) a = 1575204
(lldb)  frame variable b -f dec 
(int) b = -449932
(lldb)  continue
Process 82928 resuming
Command #5 'continue' continued the target.
(lldb)  frame info
frame #0: 0x00005555555bb42c original_1_fuzz`gcd(a=-449932, b=225408) at original_1.c:10:9
(lldb)  frame variable a -f dec 
(int) a = -449932
(lldb)  frame variable b -f dec 
(int) b = 225408
(lldb)  continue
Process 82928 resuming
Command #5 'continue' continued the target.
(lldb)  frame info
frame #0: 0x00005555555bb42c original_1_fuzz`gcd(a=225408, b=-224524) at original_1.c:10:9
(lldb)  frame variable a -f dec 
(int) a = 225408
(lldb)  frame variable b -f dec 
(int) b = -224524
(lldb)  continue
Process 82928 resuming
Command #5 'continue' continued the target.
(lldb)  frame info
frame #0: 0x00005555555bb42c original_1_fuzz`gcd(a=-224524, b=884) at original_1.c:10:9
(lldb)  frame variable a -f dec 
(int) a = -224524
(lldb)  frame variable b -f dec 
(int) b = 884
(lldb)  continue
Process 82928 resuming
Command #5 'continue' continued the target.
(lldb)  frame info
frame #0: 0x00005555555bb42c original_1_fuzz`gcd(a=884, b=-872) at original_1.c:10:9
(lldb)  frame variable a -f dec 
(int) a = 884
(lldb)  frame variable b -f dec 
(int) b = -872
(lldb)  continue
Process 82928 resuming
Command #5 'continue' continued the target.
(lldb)  frame info
frame #0: 0x00005555555bb42c original_1_fuzz`gcd(a=-872, b=12) at original_1.c:10:9
(lldb)  frame variable a -f dec 
(int) a = -872
(lldb)  frame variable b -f dec 
(int) b = 12
(lldb)  continue
Process 82928 resuming
Command #5 'continue' continued the target.
(lldb)  frame info
frame #0: 0x00005555555bb42c original_1_fuzz`gcd(a=12, b=-8) at original_1.c:10:9
(lldb)  frame variable a -f dec 
(int) a = 12
(lldb)  frame variable b -f dec 
(int) b = -8
(lldb)  continue
Process 82928 resuming
Command #5 'continue' continued the target.
(lldb)  frame info
frame #0: 0x00005555555bb42c original_1_fuzz`gcd(a=-8, b=4) at original_1.c:10:9
(lldb)  frame variable a -f dec 
(int) a = -8
(lldb)  frame variable b -f dec 
(int) b = 4
(lldb)  continue
Process 82928 resuming
Command #5 'continue' continued the target.
(lldb)  frame info
frame #0: 0x00005555555bb42c original_1_fuzz`gcd(a=4, b=0) at original_1.c:10:9
(lldb)  frame variable a -f dec 
(int) a = 4
(lldb)  frame variable b -f dec 
(int) b = 0
(lldb)  continue
Process 82928 resuming
Command #5 'continue' continued the target.
Executed /script/motivating_example/sample_set/gcd/fuzzing_test/modified_inputs/96ef8880af15105f0ba347498ec248ff45d59df6 in 27 ms
***
*** NOTE: fuzzing was not performed, you have only
***       executed the target code on a fixed set of inputs.
***
Process 82928 exited with status = 0 (0x00000000)
Process 82928 launched: '/script/motivating_example/sample_set/gcd/original_1_fuzz' (x86_64)
(lldb) quit