(lldb) target create "modified_fuzz"
Current executable set to '/script/motivating_example/sample_set/gcd/modified_fuzz' (x86_64).
(lldb) command source -s 0 '/script/motivating_example/sample_set/gcd/fuzzing_test/modified_debug/script/b1a231df48568361091087df7b53b055ad8a275d/batch.lldb'
Executing commands in '/script/motivating_example/sample_set/gcd/fuzzing_test/modified_debug/script/b1a231df48568361091087df7b53b055ad8a275d/batch.lldb'.
(lldb) settings set interpreter.stop-command-source-on-error 0
(lldb) settings set auto-confirm 1
(lldb) breakpoint set --file /script/motivating_example/sample_set/gcd/modified.c --line 9
Breakpoint 1: where = modified_fuzz`gcd + 121 at modified.c:9:9, address = 0x0000000000067429
(lldb) breakpoint command add 1
(lldb) run /script/motivating_example/sample_set/gcd/fuzzing_test/modified_inputs/b1a231df48568361091087df7b53b055ad8a275d
INFO: Running with entropic power schedule (0xFF, 100).
INFO: Seed: 799229517
INFO: Loaded 1 modules   (10 inline 8-bit counters): 10 [0x5555555defb0, 0x5555555defba), 
INFO: Loaded 1 PC tables (10 PCs): 10 [0x5555555defc0,0x5555555df060), 
/script/motivating_example/sample_set/gcd/modified_fuzz: Running 1 inputs 1 time(s) each.
Running: /script/motivating_example/sample_set/gcd/fuzzing_test/modified_inputs/b1a231df48568361091087df7b53b055ad8a275d
(lldb)  frame info
frame #0: 0x00005555555bb429 modified_fuzz`gcd(a=1736441855, b=411041785) at modified.c:9:9
(lldb)  frame variable a -f dec 
(int) a = 1736441855
(lldb)  frame variable b -f dec 
(int) b = 411041785
(lldb)  continue
Process 74788 resuming
Command #5 'continue' continued the target.
(lldb)  frame info
frame #0: 0x00005555555bb429 modified_fuzz`gcd(a=1644167140, b=92274715) at modified.c:9:9
(lldb)  frame variable a -f dec 
(int) a = 1644167140
(lldb)  frame variable b -f dec 
(int) b = 92274715
(lldb)  continue
Process 74788 resuming
Command #5 'continue' continued the target.
(lldb)  frame info
frame #0: 0x00005555555bb429 modified_fuzz`gcd(a=1568670155, b=75496985) at modified.c:9:9
(lldb)  frame variable a -f dec 
(int) a = 1568670155
(lldb)  frame variable b -f dec 
(int) b = 75496985
(lldb)  continue
Process 74788 resuming
Command #5 'continue' continued the target.
(lldb)  frame info
frame #0: 0x00005555555bb429 modified_fuzz`gcd(a=1509939700, b=58730455) at modified.c:9:9
(lldb)  frame variable a -f dec 
(int) a = 1509939700
(lldb)  frame variable b -f dec 
(int) b = 58730455
(lldb)  continue
Process 74788 resuming
Command #5 'continue' continued the target.
(lldb)  frame info
frame #0: 0x00005555555bb429 modified_fuzz`gcd(a=1468261375, b=41678325) at modified.c:9:9
(lldb)  frame variable a -f dec 
(int) a = 1468261375
(lldb)  frame variable b -f dec 
(int) b = 41678325
(lldb)  continue
Process 74788 resuming
Command #5 'continue' continued the target.
(lldb)  frame info
frame #0: 0x00005555555bb429 modified_fuzz`gcd(a=1458741375, b=9520000) at modified.c:9:9
(lldb)  frame variable a -f dec 
(int) a = 1458741375
(lldb)  frame variable b -f dec 
(int) b = 9520000
(lldb)  continue
Process 74788 resuming
Command #5 'continue' continued the target.
(lldb)  frame info
frame #0: 0x00005555555bb429 modified_fuzz`gcd(a=1456560000, b=2181375) at modified.c:9:9
(lldb)  frame variable a -f dec 
(int) a = 1456560000
(lldb)  frame variable b -f dec 
(int) b = 2181375
(lldb)  continue
Process 74788 resuming
Command #5 'continue' continued the target.
(lldb)  frame info
frame #0: 0x00005555555bb429 modified_fuzz`gcd(a=1454977125, b=1582875) at modified.c:9:9
(lldb)  frame variable a -f dec 
(int) a = 1454977125
(lldb)  frame variable b -f dec 
(int) b = 1582875
(lldb)  continue
Process 74788 resuming
Command #5 'continue' continued the target.
(lldb)  frame info
frame #0: 0x00005555555bb429 modified_fuzz`gcd(a=1454662125, b=315000) at modified.c:9:9
(lldb)  frame variable a -f dec 
(int) a = 1454662125
(lldb)  frame variable b -f dec 
(int) b = 315000
(lldb)  continue
Process 74788 resuming
Command #5 'continue' continued the target.
(lldb)  frame info
frame #0: 0x00005555555bb429 modified_fuzz`gcd(a=1454355000, b=307125) at modified.c:9:9
(lldb)  frame variable a -f dec 
(int) a = 1454355000
(lldb)  frame variable b -f dec 
(int) b = 307125
(lldb)  continue
Process 74788 resuming
Command #5 'continue' continued the target.
(lldb)  frame info
frame #0: 0x00005555555bb429 modified_fuzz`gcd(a=1454236875, b=118125) at modified.c:9:9
(lldb)  frame variable a -f dec 
(int) a = 1454236875
(lldb)  frame variable b -f dec 
(int) b = 118125
(lldb)  continue
Process 74788 resuming
Command #5 'continue' continued the target.
(lldb)  frame info
frame #0: 0x00005555555bb429 modified_fuzz`gcd(a=1454236875, b=0) at modified.c:9:9
(lldb)  frame variable a -f dec 
(int) a = 1454236875
(lldb)  frame variable b -f dec 
(int) b = 0
(lldb)  continue
Process 74788 resuming
Command #5 'continue' continued the target.
Executed /script/motivating_example/sample_set/gcd/fuzzing_test/modified_inputs/b1a231df48568361091087df7b53b055ad8a275d in 23 ms
***
*** NOTE: fuzzing was not performed, you have only
***       executed the target code on a fixed set of inputs.
***
Process 74788 exited with status = 0 (0x00000000)
Process 74788 launched: '/script/motivating_example/sample_set/gcd/modified_fuzz' (x86_64)
(lldb) quit