(lldb) target create "original_2_fuzz"
Current executable set to '/script/motivating_example/sample_set/gcd/original_2_fuzz' (x86_64).
(lldb) command source -s 0 '/script/motivating_example/sample_set/gcd/fuzzing_test/original_2_debug/script/04e2fd1479938b2268133c9143718a89d1dab606/batch.lldb'
Executing commands in '/script/motivating_example/sample_set/gcd/fuzzing_test/original_2_debug/script/04e2fd1479938b2268133c9143718a89d1dab606/batch.lldb'.
(lldb) settings set interpreter.stop-command-source-on-error 0
(lldb) settings set auto-confirm 1
(lldb) breakpoint set --file /script/motivating_example/sample_set/gcd/original_2.c --line 6
Breakpoint 1: where = original_2_fuzz`gcd + 82 at original_2.c:6:5, address = 0x0000000000067402
(lldb) breakpoint command add 1
(lldb) run /script/motivating_example/sample_set/gcd/fuzzing_test/modified_inputs/04e2fd1479938b2268133c9143718a89d1dab606
INFO: Running with entropic power schedule (0xFF, 100).
INFO: Seed: 805097910
INFO: Loaded 1 modules   (10 inline 8-bit counters): 10 [0x5555555defb0, 0x5555555defba), 
INFO: Loaded 1 PC tables (10 PCs): 10 [0x5555555defc0,0x5555555df060), 
/script/motivating_example/sample_set/gcd/original_2_fuzz: Running 1 inputs 1 time(s) each.
Running: /script/motivating_example/sample_set/gcd/fuzzing_test/modified_inputs/04e2fd1479938b2268133c9143718a89d1dab606
(lldb)  frame info
frame #0: 0x00005555555bb402 original_2_fuzz`gcd(a=772800517, b=1728734826) at original_2.c:6:5
(lldb)  frame variable a -f dec 
(int) a = 772800517
(lldb)  frame variable b -f dec 
(int) b = 1728734826
(lldb)  continue
Process 88977 resuming
Command #5 'continue' continued the target.
(lldb)  frame info
frame #0: 0x00005555555bb402 original_2_fuzz`gcd(a=1728734826, b=772800517) at original_2.c:6:5
(lldb)  frame variable a -f dec 
(int) a = 1728734826
(lldb)  frame variable b -f dec 
(int) b = 772800517
(lldb)  continue
Process 88977 resuming
Command #5 'continue' continued the target.
(lldb)  frame info
frame #0: 0x00005555555bb402 original_2_fuzz`gcd(a=772800517, b=183133792) at original_2.c:6:5
(lldb)  frame variable a -f dec 
(int) a = 772800517
(lldb)  frame variable b -f dec 
(int) b = 183133792
(lldb)  continue
Process 88977 resuming
Command #5 'continue' continued the target.
(lldb)  frame info
frame #0: 0x00005555555bb402 original_2_fuzz`gcd(a=183133792, b=40265349) at original_2.c:6:5
(lldb)  frame variable a -f dec 
(int) a = 183133792
(lldb)  frame variable b -f dec 
(int) b = 40265349
(lldb)  continue
Process 88977 resuming
Command #5 'continue' continued the target.
(lldb)  frame info
frame #0: 0x00005555555bb402 original_2_fuzz`gcd(a=40265349, b=22072396) at original_2.c:6:5
(lldb)  frame variable a -f dec 
(int) a = 40265349
(lldb)  frame variable b -f dec 
(int) b = 22072396
(lldb)  continue
Process 88977 resuming
Command #5 'continue' continued the target.
(lldb)  frame info
frame #0: 0x00005555555bb402 original_2_fuzz`gcd(a=22072396, b=18192953) at original_2.c:6:5
(lldb)  frame variable a -f dec 
(int) a = 22072396
(lldb)  frame variable b -f dec 
(int) b = 18192953
(lldb)  continue
Process 88977 resuming
Command #5 'continue' continued the target.
(lldb)  frame info
frame #0: 0x00005555555bb402 original_2_fuzz`gcd(a=18192953, b=3879443) at original_2.c:6:5
(lldb)  frame variable a -f dec 
(int) a = 18192953
(lldb)  frame variable b -f dec 
(int) b = 3879443
(lldb)  continue
Process 88977 resuming
Command #5 'continue' continued the target.
(lldb)  frame info
frame #0: 0x00005555555bb402 original_2_fuzz`gcd(a=3879443, b=2675181) at original_2.c:6:5
(lldb)  frame variable a -f dec 
(int) a = 3879443
(lldb)  frame variable b -f dec 
(int) b = 2675181
(lldb)  continue
Process 88977 resuming
Command #5 'continue' continued the target.
(lldb)  frame info
frame #0: 0x00005555555bb402 original_2_fuzz`gcd(a=2675181, b=1204262) at original_2.c:6:5
(lldb)  frame variable a -f dec 
(int) a = 2675181
(lldb)  frame variable b -f dec 
(int) b = 1204262
(lldb)  continue
Process 88977 resuming
Command #5 'continue' continued the target.
(lldb)  frame info
frame #0: 0x00005555555bb402 original_2_fuzz`gcd(a=1204262, b=266657) at original_2.c:6:5
(lldb)  frame variable a -f dec 
(int) a = 1204262
(lldb)  frame variable b -f dec 
(int) b = 266657
(lldb)  continue
Process 88977 resuming
Command #5 'continue' continued the target.
(lldb)  frame info
frame #0: 0x00005555555bb402 original_2_fuzz`gcd(a=266657, b=137634) at original_2.c:6:5
(lldb)  frame variable a -f dec 
(int) a = 266657
(lldb)  frame variable b -f dec 
(int) b = 137634
(lldb)  continue
Process 88977 resuming
Command #5 'continue' continued the target.
(lldb)  frame info
frame #0: 0x00005555555bb402 original_2_fuzz`gcd(a=137634, b=129023) at original_2.c:6:5
(lldb)  frame variable a -f dec 
(int) a = 137634
(lldb)  frame variable b -f dec 
(int) b = 129023
(lldb)  continue
Process 88977 resuming
Command #5 'continue' continued the target.
(lldb)  frame info
frame #0: 0x00005555555bb402 original_2_fuzz`gcd(a=129023, b=8611) at original_2.c:6:5
(lldb)  frame variable a -f dec 
(int) a = 129023
(lldb)  frame variable b -f dec 
(int) b = 8611
(lldb)  continue
Process 88977 resuming
Command #5 'continue' continued the target.
(lldb)  frame info
frame #0: 0x00005555555bb402 original_2_fuzz`gcd(a=8611, b=8469) at original_2.c:6:5
(lldb)  frame variable a -f dec 
(int) a = 8611
(lldb)  frame variable b -f dec 
(int) b = 8469
(lldb)  continue
Process 88977 resuming
Command #5 'continue' continued the target.
(lldb)  frame info
frame #0: 0x00005555555bb402 original_2_fuzz`gcd(a=8469, b=142) at original_2.c:6:5
(lldb)  frame variable a -f dec 
(int) a = 8469
(lldb)  frame variable b -f dec 
(int) b = 142
(lldb)  continue
Process 88977 resuming
Command #5 'continue' continued the target.
(lldb)  frame info
frame #0: 0x00005555555bb402 original_2_fuzz`gcd(a=142, b=91) at original_2.c:6:5
(lldb)  frame variable a -f dec 
(int) a = 142
(lldb)  frame variable b -f dec 
(int) b = 91
(lldb)  continue
Process 88977 resuming
Command #5 'continue' continued the target.
(lldb)  frame info
frame #0: 0x00005555555bb402 original_2_fuzz`gcd(a=91, b=51) at original_2.c:6:5
(lldb)  frame variable a -f dec 
(int) a = 91
(lldb)  frame variable b -f dec 
(int) b = 51
(lldb)  continue
Process 88977 resuming
Command #5 'continue' continued the target.
(lldb)  frame info
frame #0: 0x00005555555bb402 original_2_fuzz`gcd(a=51, b=40) at original_2.c:6:5
(lldb)  frame variable a -f dec 
(int) a = 51
(lldb)  frame variable b -f dec 
(int) b = 40
(lldb)  continue
Process 88977 resuming
Command #5 'continue' continued the target.
(lldb)  frame info
frame #0: 0x00005555555bb402 original_2_fuzz`gcd(a=40, b=11) at original_2.c:6:5
(lldb)  frame variable a -f dec 
(int) a = 40
(lldb)  frame variable b -f dec 
(int) b = 11
(lldb)  continue
Process 88977 resuming
Command #5 'continue' continued the target.
(lldb)  frame info
frame #0: 0x00005555555bb402 original_2_fuzz`gcd(a=11, b=7) at original_2.c:6:5
(lldb)  frame variable a -f dec 
(int) a = 11
(lldb)  frame variable b -f dec 
(int) b = 7
(lldb)  continue
Process 88977 resuming
Command #5 'continue' continued the target.
(lldb)  frame info
frame #0: 0x00005555555bb402 original_2_fuzz`gcd(a=7, b=4) at original_2.c:6:5
(lldb)  frame variable a -f dec 
(int) a = 7
(lldb)  frame variable b -f dec 
(int) b = 4
(lldb)  continue
Process 88977 resuming
Command #5 'continue' continued the target.
(lldb)  frame info
frame #0: 0x00005555555bb402 original_2_fuzz`gcd(a=4, b=3) at original_2.c:6:5
(lldb)  frame variable a -f dec 
(int) a = 4
(lldb)  frame variable b -f dec 
(int) b = 3
(lldb)  continue
Process 88977 resuming
Command #5 'continue' continued the target.
(lldb)  frame info
frame #0: 0x00005555555bb402 original_2_fuzz`gcd(a=3, b=1) at original_2.c:6:5
(lldb)  frame variable a -f dec 
(int) a = 3
(lldb)  frame variable b -f dec 
(int) b = 1
(lldb)  continue
Process 88977 resuming
Command #5 'continue' continued the target.
(lldb)  frame info
frame #0: 0x00005555555bb402 original_2_fuzz`gcd(a=1, b=0) at original_2.c:6:5
(lldb)  frame variable a -f dec 
(int) a = 1
(lldb)  frame variable b -f dec 
(int) b = 0
(lldb)  continue
Process 88977 resuming
Command #5 'continue' continued the target.
Executed /script/motivating_example/sample_set/gcd/fuzzing_test/modified_inputs/04e2fd1479938b2268133c9143718a89d1dab606 in 46 ms
***
*** NOTE: fuzzing was not performed, you have only
***       executed the target code on a fixed set of inputs.
***
Process 88977 exited with status = 0 (0x00000000)
Process 88977 launched: '/script/motivating_example/sample_set/gcd/original_2_fuzz' (x86_64)
(lldb) quit