(lldb) target create "modified_fuzz"
Current executable set to '/script/motivating_example/sample_set/gcd/modified_fuzz' (x86_64).
(lldb) command source -s 0 '/script/motivating_example/sample_set/gcd/fuzzing_test/modified_debug/script/96ef8880af15105f0ba347498ec248ff45d59df6/batch.lldb'
Executing commands in '/script/motivating_example/sample_set/gcd/fuzzing_test/modified_debug/script/96ef8880af15105f0ba347498ec248ff45d59df6/batch.lldb'.
(lldb) settings set interpreter.stop-command-source-on-error 0
(lldb) settings set auto-confirm 1
(lldb) breakpoint set --file /script/motivating_example/sample_set/gcd/modified.c --line 9
Breakpoint 1: where = modified_fuzz`gcd + 121 at modified.c:9:9, address = 0x0000000000067429
(lldb) breakpoint command add 1
(lldb) run /script/motivating_example/sample_set/gcd/fuzzing_test/modified_inputs/96ef8880af15105f0ba347498ec248ff45d59df6
INFO: Running with entropic power schedule (0xFF, 100).
INFO: Seed: 960443193
INFO: Loaded 1 modules   (10 inline 8-bit counters): 10 [0x5555555defb0, 0x5555555defba), 
INFO: Loaded 1 PC tables (10 PCs): 10 [0x5555555defc0,0x5555555df060), 
/script/motivating_example/sample_set/gcd/modified_fuzz: Running 1 inputs 1 time(s) each.
Running: /script/motivating_example/sample_set/gcd/fuzzing_test/modified_inputs/96ef8880af15105f0ba347498ec248ff45d59df6
(lldb)  frame info
frame #0: 0x00005555555bb429 modified_fuzz`gcd(a=2075852800, b=57606324) at modified.c:9:9
(lldb)  frame variable a -f dec 
(int) a = 2075852800
(lldb)  frame variable b -f dec 
(int) b = 57606324
(lldb)  continue
Process 74532 resuming
Command #5 'continue' continued the target.
(lldb)  frame info
frame #0: 0x00005555555bb429 modified_fuzz`gcd(a=2073827664, b=2025136) at modified.c:9:9
(lldb)  frame variable a -f dec 
(int) a = 2073827664
(lldb)  frame variable b -f dec 
(int) b = 2025136
(lldb)  continue
Process 74532 resuming
Command #5 'continue' continued the target.
(lldb)  frame info
frame #0: 0x00005555555bb429 modified_fuzz`gcd(a=2073739264, b=88400) at modified.c:9:9
(lldb)  frame variable a -f dec 
(int) a = 2073739264
(lldb)  frame variable b -f dec 
(int) b = 88400
(lldb)  continue
Process 74532 resuming
Command #5 'continue' continued the target.
(lldb)  frame info
frame #0: 0x00005555555bb429 modified_fuzz`gcd(a=2073687200, b=52064) at modified.c:9:9
(lldb)  frame variable a -f dec 
(int) a = 2073687200
(lldb)  frame variable b -f dec 
(int) b = 52064
(lldb)  continue
Process 74532 resuming
Command #5 'continue' continued the target.
(lldb)  frame info
frame #0: 0x00005555555bb429 modified_fuzz`gcd(a=2073657056, b=30144) at modified.c:9:9
(lldb)  frame variable a -f dec 
(int) a = 2073657056
(lldb)  frame variable b -f dec 
(int) b = 30144
(lldb)  continue
Process 74532 resuming
Command #5 'continue' continued the target.
(lldb)  frame info
frame #0: 0x00005555555bb429 modified_fuzz`gcd(a=2073635904, b=21152) at modified.c:9:9
(lldb)  frame variable a -f dec 
(int) a = 2073635904
(lldb)  frame variable b -f dec 
(int) b = 21152
(lldb)  continue
Process 74532 resuming
Command #5 'continue' continued the target.
(lldb)  frame info
frame #0: 0x00005555555bb429 modified_fuzz`gcd(a=2073615168, b=20736) at modified.c:9:9
(lldb)  frame variable a -f dec 
(int) a = 2073615168
(lldb)  frame variable b -f dec 
(int) b = 20736
(lldb)  continue
Process 74532 resuming
Command #5 'continue' continued the target.
(lldb)  frame info
frame #0: 0x00005555555bb429 modified_fuzz`gcd(a=2073600000, b=15168) at modified.c:9:9
(lldb)  frame variable a -f dec 
(int) a = 2073600000
(lldb)  frame variable b -f dec 
(int) b = 15168
(lldb)  continue
Process 74532 resuming
Command #5 'continue' continued the target.
(lldb)  frame info
frame #0: 0x00005555555bb429 modified_fuzz`gcd(a=2073586944, b=13056) at modified.c:9:9
(lldb)  frame variable a -f dec 
(int) a = 2073586944
(lldb)  frame variable b -f dec 
(int) b = 13056
(lldb)  continue
Process 74532 resuming
Command #5 'continue' continued the target.
(lldb)  frame info
frame #0: 0x00005555555bb429 modified_fuzz`gcd(a=2073580032, b=6912) at modified.c:9:9
(lldb)  frame variable a -f dec 
(int) a = 2073580032
(lldb)  frame variable b -f dec 
(int) b = 6912
(lldb)  continue
Process 74532 resuming
Command #5 'continue' continued the target.
(lldb)  frame info
frame #0: 0x00005555555bb429 modified_fuzz`gcd(a=2073579264, b=768) at modified.c:9:9
(lldb)  frame variable a -f dec 
(int) a = 2073579264
(lldb)  frame variable b -f dec 
(int) b = 768
(lldb)  continue
Process 74532 resuming
Command #5 'continue' continued the target.
(lldb)  frame info
frame #0: 0x00005555555bb429 modified_fuzz`gcd(a=2073579264, b=0) at modified.c:9:9
(lldb)  frame variable a -f dec 
(int) a = 2073579264
(lldb)  frame variable b -f dec 
(int) b = 0
(lldb)  continue
Process 74532 resuming
Command #5 'continue' continued the target.
Executed /script/motivating_example/sample_set/gcd/fuzzing_test/modified_inputs/96ef8880af15105f0ba347498ec248ff45d59df6 in 24 ms
***
*** NOTE: fuzzing was not performed, you have only
***       executed the target code on a fixed set of inputs.
***
Process 74532 exited with status = 0 (0x00000000)
Process 74532 launched: '/script/motivating_example/sample_set/gcd/modified_fuzz' (x86_64)
(lldb) quit
