(lldb) target create "modified_fuzz"
Current executable set to '/script/motivating_example/sample_set/concatenate_array/modified_fuzz' (x86_64).
(lldb) command source -s 0 '/script/motivating_example/sample_set/concatenate_array/fuzzing_test/modified_debug/script/22fc2a4964bb2485e1d31cd5bfcbc63ecc7d54c9/batch.lldb'
Executing commands in '/script/motivating_example/sample_set/concatenate_array/fuzzing_test/modified_debug/script/22fc2a4964bb2485e1d31cd5bfcbc63ecc7d54c9/batch.lldb'.
(lldb) settings set interpreter.stop-command-source-on-error 0
(lldb) settings set auto-confirm 1
(lldb) breakpoint set --file /script/motivating_example/sample_set/concatenate_array/modified.c --line 14
Breakpoint 1: where = modified_fuzz`concatenate_array + 250 at modified.c:14:9, address = 0x00000000000675da
(lldb) breakpoint command add 1
(lldb) breakpoint set --file /script/motivating_example/sample_set/concatenate_array/modified.c --line 23
Breakpoint 2: where = modified_fuzz`concatenate_array + 388 at modified.c:23:9, address = 0x0000000000067664
(lldb) breakpoint command add 2
(lldb) run /script/motivating_example/sample_set/concatenate_array/fuzzing_test/modified_inputs/22fc2a4964bb2485e1d31cd5bfcbc63ecc7d54c9
INFO: Running with entropic power schedule (0xFF, 100).
INFO: Seed: 3314961063
INFO: Loaded 1 modules   (10 inline 8-bit counters): 10 [0x5555555defc0, 0x5555555defca), 
INFO: Loaded 1 PC tables (10 PCs): 10 [0x5555555defd0,0x5555555df070), 
/script/motivating_example/sample_set/concatenate_array/modified_fuzz: Running 1 inputs 1 time(s) each.
Running: /script/motivating_example/sample_set/concatenate_array/fuzzing_test/modified_inputs/22fc2a4964bb2485e1d31cd5bfcbc63ecc7d54c9
(lldb)  frame info
frame #0: 0x00005555555bb5da modified_fuzz`concatenate_array(arr1=0x0000555555f67f80, size1=1, arr2=0x0000555555f67fa0, size2=2) at modified.c:14:9
(lldb)  frame variable dest_pos -f dec 
(size_t) dest_pos = 0
(lldb)  frame variable orig_pos -f dec 
(size_t) orig_pos = 0
(lldb)  frame variable val -f dec 
(int) val = 0
(lldb)  continue
Process 108703 resuming
Command #6 'continue' continued the target.
(lldb)  frame info
