(lldb) target create "modified_fuzz"
Current executable set to '/script/motivating_example/sample_set/gcd/modified_fuzz' (x86_64).
(lldb) command source -s 0 '/script/motivating_example/sample_set/gcd/fuzzing_test/modified_debug/script/2213ec03dd2ba537676eb2fd0144a19c72c13b0a/batch.lldb'
Executing commands in '/script/motivating_example/sample_set/gcd/fuzzing_test/modified_debug/script/2213ec03dd2ba537676eb2fd0144a19c72c13b0a/batch.lldb'.
(lldb) settings set interpreter.stop-command-source-on-error 0
(lldb) settings set auto-confirm 1
(lldb) breakpoint set --file /script/motivating_example/sample_set/gcd/modified.c --line 9
Breakpoint 1: where = modified_fuzz`gcd + 121 at modified.c:9:9, address = 0x0000000000067429
(lldb) breakpoint command add 1
(lldb) run /script/motivating_example/sample_set/gcd/fuzzing_test/modified_inputs/2213ec03dd2ba537676eb2fd0144a19c72c13b0a
INFO: Running with entropic power schedule (0xFF, 100).
INFO: Seed: 2657362210
INFO: Loaded 1 modules   (10 inline 8-bit counters): 10 [0x5555555defb0, 0x5555555defba), 
INFO: Loaded 1 PC tables (10 PCs): 10 [0x5555555defc0,0x5555555df060), 
/script/motivating_example/sample_set/gcd/modified_fuzz: Running 1 inputs 1 time(s) each.
Running: /script/motivating_example/sample_set/gcd/fuzzing_test/modified_inputs/2213ec03dd2ba537676eb2fd0144a19c72c13b0a
(lldb)  frame info
frame #0: 0x00005555555bb429 modified_fuzz`gcd(a=-167471472, b=-351451) at modified.c:9:9
(lldb)  frame variable a -f dec 
(int) a = -167471472
(lldb)  frame variable b -f dec 
(int) b = -351451
(lldb)  continue
Process 72658 resuming
Command #5 'continue' continued the target.
(lldb)  frame info
frame #0: 0x00005555555bb429 modified_fuzz`gcd(a=-167290676, b=-180796) at modified.c:9:9
(lldb)  frame variable a -f dec 
(int) a = -167290676
(lldb)  frame variable b -f dec 
(int) b = -180796
(lldb)  continue
Process 72658 resuming
Command #5 'continue' continued the target.
(lldb)  frame info
frame #0: 0x00005555555bb429 modified_fuzz`gcd(a=-167236300, b=-54376) at modified.c:9:9
(lldb)  frame variable a -f dec 
(int) a = -167236300
(lldb)  frame variable b -f dec 
(int) b = -54376
(lldb)  continue
Process 72658 resuming
Command #5 'continue' continued the target.
(lldb)  frame info
frame #0: 0x00005555555bb429 modified_fuzz`gcd(a=-167206200, b=-30100) at modified.c:9:9
(lldb)  frame variable a -f dec 
(int) a = -167206200
(lldb)  frame variable b -f dec 
(int) b = -30100
(lldb)  continue
Process 72658 resuming
Command #5 'continue' continued the target.
(lldb)  frame info
frame #0: 0x00005555555bb429 modified_fuzz`gcd(a=-167205500, b=-700) at modified.c:9:9
(lldb)  frame variable a -f dec 
(int) a = -167205500
(lldb)  frame variable b -f dec 
(int) b = -700
(lldb)  continue
Process 72658 resuming
Command #5 'continue' continued the target.
(lldb)  frame info
frame #0: 0x00005555555bb429 modified_fuzz`gcd(a=-167205500, b=0) at modified.c:9:9
(lldb)  frame variable a -f dec 
(int) a = -167205500
(lldb)  frame variable b -f dec 
(int) b = 0
(lldb)  continue
Process 72658 resuming
Command #5 'continue' continued the target.
Executed /script/motivating_example/sample_set/gcd/fuzzing_test/modified_inputs/2213ec03dd2ba537676eb2fd0144a19c72c13b0a in 20 ms
***
*** NOTE: fuzzing was not performed, you have only
***       executed the target code on a fixed set of inputs.
***
Process 72658 exited with status = 0 (0x00000000)
Process 72658 launched: '/script/motivating_example/sample_set/gcd/modified_fuzz' (x86_64)
(lldb) quit
