(lldb) target create "modified_fuzz"
Current executable set to '/script/motivating_example/sample_set/gcd/modified_fuzz' (x86_64).
(lldb) command source -s 0 '/script/motivating_example/sample_set/gcd/fuzzing_test/modified_debug/script/5d21e2ecd0d679c6cf400572df4c1b08db62a05f/batch.lldb'
Executing commands in '/script/motivating_example/sample_set/gcd/fuzzing_test/modified_debug/script/5d21e2ecd0d679c6cf400572df4c1b08db62a05f/batch.lldb'.
(lldb) settings set interpreter.stop-command-source-on-error 0
(lldb) settings set auto-confirm 1
(lldb) breakpoint set --file /script/motivating_example/sample_set/gcd/modified.c --line 9
Breakpoint 1: where = modified_fuzz`gcd + 121 at modified.c:9:9, address = 0x0000000000067429
(lldb) breakpoint command add 1
(lldb) run /script/motivating_example/sample_set/gcd/fuzzing_test/modified_inputs/5d21e2ecd0d679c6cf400572df4c1b08db62a05f
INFO: Running with entropic power schedule (0xFF, 100).
INFO: Seed: 1083340879
INFO: Loaded 1 modules   (10 inline 8-bit counters): 10 [0x5555555defb0, 0x5555555defba), 
INFO: Loaded 1 PC tables (10 PCs): 10 [0x5555555defc0,0x5555555df060), 
/script/motivating_example/sample_set/gcd/modified_fuzz: Running 1 inputs 1 time(s) each.
Running: /script/motivating_example/sample_set/gcd/fuzzing_test/modified_inputs/5d21e2ecd0d679c6cf400572df4c1b08db62a05f
(lldb)  frame info
frame #0: 0x00005555555bb429 modified_fuzz`gcd(a=1954480125, b=193003485) at modified.c:9:9
(lldb)  frame variable a -f dec 
(int) a = 1954480125
(lldb)  frame variable b -f dec 
(int) b = 193003485
(lldb)  continue
Process 73765 resuming
Command #5 'continue' continued the target.
(lldb)  frame info
frame #0: 0x00005555555bb429 modified_fuzz`gcd(a=1930034850, b=24445275) at modified.c:9:9
(lldb)  frame variable a -f dec 
(int) a = 1930034850
(lldb)  frame variable b -f dec 
(int) b = 24445275
(lldb)  continue
Process 73765 resuming
Command #5 'continue' continued the target.
(lldb)  frame info
frame #0: 0x00005555555bb429 modified_fuzz`gcd(a=1906731450, b=23303400) at modified.c:9:9
(lldb)  frame variable a -f dec 
(int) a = 1906731450
(lldb)  frame variable b -f dec 
(int) b = 23303400
(lldb)  continue
Process 73765 resuming
Command #5 'continue' continued the target.
(lldb)  frame info
frame #0: 0x00005555555bb429 modified_fuzz`gcd(a=1887575400, b=19156050) at modified.c:9:9
(lldb)  frame variable a -f dec 
(int) a = 1887575400
(lldb)  frame variable b -f dec 
(int) b = 19156050
(lldb)  continue
Process 73765 resuming
Command #5 'continue' continued the target.
(lldb)  frame info
frame #0: 0x00005555555bb429 modified_fuzz`gcd(a=1877292900, b=10282500) at modified.c:9:9
(lldb)  frame variable a -f dec 
(int) a = 1877292900
(lldb)  frame variable b -f dec 
(int) b = 10282500
(lldb)  continue
Process 73765 resuming
Command #5 'continue' continued the target.
(lldb)  frame info
frame #0: 0x00005555555bb429 modified_fuzz`gcd(a=1871415000, b=5877900) at modified.c:9:9
(lldb)  frame variable a -f dec 
(int) a = 1871415000
(lldb)  frame variable b -f dec 
(int) b = 5877900
(lldb)  continue
Process 73765 resuming
Command #5 'continue' continued the target.
(lldb)  frame info
frame #0: 0x00005555555bb429 modified_fuzz`gcd(a=1869172200, b=2242800) at modified.c:9:9
(lldb)  frame variable a -f dec 
(int) a = 1869172200
(lldb)  frame variable b -f dec 
(int) b = 2242800
(lldb)  continue
Process 73765 resuming
Command #5 'continue' continued the target.
(lldb)  frame info
frame #0: 0x00005555555bb429 modified_fuzz`gcd(a=1868252400, b=919800) at modified.c:9:9
(lldb)  frame variable a -f dec 
(int) a = 1868252400
(lldb)  frame variable b -f dec 
(int) b = 919800
(lldb)  continue
Process 73765 resuming
Command #5 'continue' continued the target.
(lldb)  frame info
frame #0: 0x00005555555bb429 modified_fuzz`gcd(a=1868113800, b=138600) at modified.c:9:9
(lldb)  frame variable a -f dec 
(int) a = 1868113800
(lldb)  frame variable b -f dec 
(int) b = 138600
(lldb)  continue
Process 73765 resuming
Command #5 'continue' continued the target.
(lldb)  frame info
frame #0: 0x00005555555bb429 modified_fuzz`gcd(a=1868050800, b=63000) at modified.c:9:9
(lldb)  frame variable a -f dec 
(int) a = 1868050800
(lldb)  frame variable b -f dec 
(int) b = 63000
(lldb)  continue
Process 73765 resuming
Command #5 'continue' continued the target.
(lldb)  frame info
frame #0: 0x00005555555bb429 modified_fuzz`gcd(a=1868013000, b=37800) at modified.c:9:9
(lldb)  frame variable a -f dec 
(int) a = 1868013000
(lldb)  frame variable b -f dec 
(int) b = 37800
(lldb)  continue
Process 73765 resuming
Command #5 'continue' continued the target.
(lldb)  frame info
frame #0: 0x00005555555bb429 modified_fuzz`gcd(a=1868000400, b=12600) at modified.c:9:9
(lldb)  frame variable a -f dec 
(int) a = 1868000400
(lldb)  frame variable b -f dec 
(int) b = 12600
(lldb)  continue
Process 73765 resuming
Command #5 'continue' continued the target.
(lldb)  frame info
frame #0: 0x00005555555bb429 modified_fuzz`gcd(a=1868000400, b=0) at modified.c:9:9
(lldb)  frame variable a -f dec 
(int) a = 1868000400
(lldb)  frame variable b -f dec 
(int) b = 0
(lldb)  continue
Process 73765 resuming
Command #5 'continue' continued the target.
Executed /script/motivating_example/sample_set/gcd/fuzzing_test/modified_inputs/5d21e2ecd0d679c6cf400572df4c1b08db62a05f in 30 ms
***
*** NOTE: fuzzing was not performed, you have only
***       executed the target code on a fixed set of inputs.
***
Process 73765 exited with status = 0 (0x00000000)
Process 73765 launched: '/script/motivating_example/sample_set/gcd/modified_fuzz' (x86_64)
(lldb) quit
