(lldb) target create "original_1_fuzz"
Current executable set to '/script/motivating_example/sample_set/gcd/original_1_fuzz' (x86_64).
(lldb) command source -s 0 '/script/motivating_example/sample_set/gcd/fuzzing_test/original_1_debug/script/53d511170ccd632be13d954280907c4ecf6693c5/batch.lldb'
Executing commands in '/script/motivating_example/sample_set/gcd/fuzzing_test/original_1_debug/script/53d511170ccd632be13d954280907c4ecf6693c5/batch.lldb'.
(lldb) settings set interpreter.stop-command-source-on-error 0
(lldb) settings set auto-confirm 1
(lldb) breakpoint set --file /script/motivating_example/sample_set/gcd/original_1.c --line 10
Breakpoint 1: where = original_1_fuzz`gcd + 124 at original_1.c:10:9, address = 0x000000000006742c
(lldb) breakpoint command add 1
(lldb) run /script/motivating_example/sample_set/gcd/fuzzing_test/modified_inputs/53d511170ccd632be13d954280907c4ecf6693c5
INFO: Running with entropic power schedule (0xFF, 100).
INFO: Seed: 2745361460
INFO: Loaded 1 modules   (10 inline 8-bit counters): 10 [0x5555555defb0, 0x5555555defba), 
INFO: Loaded 1 PC tables (10 PCs): 10 [0x5555555defc0,0x5555555df060), 
/script/motivating_example/sample_set/gcd/original_1_fuzz: Running 1 inputs 1 time(s) each.
Running: /script/motivating_example/sample_set/gcd/fuzzing_test/modified_inputs/53d511170ccd632be13d954280907c4ecf6693c5
(lldb)  frame info
frame #0: 0x00005555555bb42c original_1_fuzz`gcd(a=1745355937, b=402127378) at original_1.c:10:9
(lldb)  frame variable a -f dec 
(int) a = 1745355937
(lldb)  frame variable b -f dec 
(int) b = 402127378
(lldb)  continue
Process 81972 resuming
Command #5 'continue' continued the target.
(lldb)  frame info
frame #0: 0x00005555555bb42c original_1_fuzz`gcd(a=402127378, b=136846425) at original_1.c:10:9
(lldb)  frame variable a -f dec 
(int) a = 402127378
(lldb)  frame variable b -f dec 
(int) b = 136846425
(lldb)  continue
Process 81972 resuming
Command #5 'continue' continued the target.
(lldb)  frame info
frame #0: 0x00005555555bb42c original_1_fuzz`gcd(a=136846425, b=128434528) at original_1.c:10:9
(lldb)  frame variable a -f dec 
(int) a = 136846425
(lldb)  frame variable b -f dec 
(int) b = 128434528
(lldb)  continue
Process 81972 resuming
Command #5 'continue' continued the target.
(lldb)  frame info
frame #0: 0x00005555555bb42c original_1_fuzz`gcd(a=128434528, b=8411897) at original_1.c:10:9
(lldb)  frame variable a -f dec 
(int) a = 128434528
(lldb)  frame variable b -f dec 
(int) b = 8411897
(lldb)  continue
Process 81972 resuming
Command #5 'continue' continued the target.
(lldb)  frame info
frame #0: 0x00005555555bb42c original_1_fuzz`gcd(a=8411897, b=2256073) at original_1.c:10:9
(lldb)  frame variable a -f dec 
(int) a = 8411897
(lldb)  frame variable b -f dec 
(int) b = 2256073
(lldb)  continue
Process 81972 resuming
Command #5 'continue' continued the target.
(lldb)  frame info
frame #0: 0x00005555555bb42c original_1_fuzz`gcd(a=2256073, b=1643678) at original_1.c:10:9
(lldb)  frame variable a -f dec 
(int) a = 2256073
(lldb)  frame variable b -f dec 
(int) b = 1643678
(lldb)  continue
Process 81972 resuming
Command #5 'continue' continued the target.
(lldb)  frame info
frame #0: 0x00005555555bb42c original_1_fuzz`gcd(a=1643678, b=612395) at original_1.c:10:9
(lldb)  frame variable a -f dec 
(int) a = 1643678
(lldb)  frame variable b -f dec 
(int) b = 612395
(lldb)  continue
Process 81972 resuming
Command #5 'continue' continued the target.
(lldb)  frame info
frame #0: 0x00005555555bb42c original_1_fuzz`gcd(a=612395, b=418888) at original_1.c:10:9
(lldb)  frame variable a -f dec 
(int) a = 612395
(lldb)  frame variable b -f dec 
(int) b = 418888
(lldb)  continue
Process 81972 resuming
Command #5 'continue' continued the target.
(lldb)  frame info
frame #0: 0x00005555555bb42c original_1_fuzz`gcd(a=418888, b=193507) at original_1.c:10:9
(lldb)  frame variable a -f dec 
(int) a = 418888
(lldb)  frame variable b -f dec 
(int) b = 193507
(lldb)  continue
Process 81972 resuming
Command #5 'continue' continued the target.
(lldb)  frame info
frame #0: 0x00005555555bb42c original_1_fuzz`gcd(a=193507, b=31874) at original_1.c:10:9
(lldb)  frame variable a -f dec 
(int) a = 193507
(lldb)  frame variable b -f dec 
(int) b = 31874
(lldb)  continue
Process 81972 resuming
Command #5 'continue' continued the target.
(lldb)  frame info
frame #0: 0x00005555555bb42c original_1_fuzz`gcd(a=31874, b=2263) at original_1.c:10:9
(lldb)  frame variable a -f dec 
(int) a = 31874
(lldb)  frame variable b -f dec 
(int) b = 2263
(lldb)  continue
Process 81972 resuming
Command #5 'continue' continued the target.
(lldb)  frame info
frame #0: 0x00005555555bb42c original_1_fuzz`gcd(a=2263, b=192) at original_1.c:10:9
(lldb)  frame variable a -f dec 
(int) a = 2263
(lldb)  frame variable b -f dec 
(int) b = 192
(lldb)  continue
Process 81972 resuming
Command #5 'continue' continued the target.
(lldb)  frame info
frame #0: 0x00005555555bb42c original_1_fuzz`gcd(a=192, b=151) at original_1.c:10:9
(lldb)  frame variable a -f dec 
(int) a = 192
(lldb)  frame variable b -f dec 
(int) b = 151
(lldb)  continue
Process 81972 resuming
Command #5 'continue' continued the target.
(lldb)  frame info
frame #0: 0x00005555555bb42c original_1_fuzz`gcd(a=151, b=41) at original_1.c:10:9
(lldb)  frame variable a -f dec 
(int) a = 151
(lldb)  frame variable b -f dec 
(int) b = 41
(lldb)  continue
Process 81972 resuming
Command #5 'continue' continued the target.
(lldb)  frame info
frame #0: 0x00005555555bb42c original_1_fuzz`gcd(a=41, b=28) at original_1.c:10:9
(lldb)  frame variable a -f dec 
(int) a = 41
(lldb)  frame variable b -f dec 
(int) b = 28
(lldb)  continue
Process 81972 resuming
Command #5 'continue' continued the target.
(lldb)  frame info
frame #0: 0x00005555555bb42c original_1_fuzz`gcd(a=28, b=13) at original_1.c:10:9
(lldb)  frame variable a -f dec 
(int) a = 28
(lldb)  frame variable b -f dec 
(int) b = 13
(lldb)  continue
Process 81972 resuming
Command #5 'continue' continued the target.
(lldb)  frame info
frame #0: 0x00005555555bb42c original_1_fuzz`gcd(a=13, b=2) at original_1.c:10:9
(lldb)  frame variable a -f dec 
(int) a = 13
(lldb)  frame variable b -f dec 
(int) b = 2
(lldb)  continue
Process 81972 resuming
Command #5 'continue' continued the target.
(lldb)  frame info
frame #0: 0x00005555555bb42c original_1_fuzz`gcd(a=2, b=1) at original_1.c:10:9
(lldb)  frame variable a -f dec 
(int) a = 2
(lldb)  frame variable b -f dec 
(int) b = 1
(lldb)  continue
Process 81972 resuming
Command #5 'continue' continued the target.
(lldb)  frame info
frame #0: 0x00005555555bb42c original_1_fuzz`gcd(a=1, b=0) at original_1.c:10:9
(lldb)  frame variable a -f dec 
(int) a = 1
(lldb)  frame variable b -f dec 
(int) b = 0
(lldb)  continue
Process 81972 resuming
Command #5 'continue' continued the target.
Executed /script/motivating_example/sample_set/gcd/fuzzing_test/modified_inputs/53d511170ccd632be13d954280907c4ecf6693c5 in 36 ms
***
*** NOTE: fuzzing was not performed, you have only
***       executed the target code on a fixed set of inputs.
***
Process 81972 exited with status = 0 (0x00000000)
Process 81972 launched: '/script/motivating_example/sample_set/gcd/original_1_fuzz' (x86_64)
(lldb) quit
