(lldb) target create "original_2_fuzz"
Current executable set to '/script/motivating_example/sample_set/gcd/original_2_fuzz' (x86_64).
(lldb) command source -s 0 '/script/motivating_example/sample_set/gcd/fuzzing_test/original_2_debug/script/e44d0492c7a829926659cc7f1b9ef48a29b6954c/batch.lldb'
Executing commands in '/script/motivating_example/sample_set/gcd/fuzzing_test/original_2_debug/script/e44d0492c7a829926659cc7f1b9ef48a29b6954c/batch.lldb'.
(lldb) settings set interpreter.stop-command-source-on-error 0
(lldb) settings set auto-confirm 1
(lldb) breakpoint set --file /script/motivating_example/sample_set/gcd/original_2.c --line 6
Breakpoint 1: where = original_2_fuzz`gcd + 82 at original_2.c:6:5, address = 0x0000000000067402
(lldb) breakpoint command add 1
(lldb) run /script/motivating_example/sample_set/gcd/fuzzing_test/modified_inputs/e44d0492c7a829926659cc7f1b9ef48a29b6954c
INFO: Running with entropic power schedule (0xFF, 100).
INFO: Seed: 2091514955
INFO: Loaded 1 modules   (10 inline 8-bit counters): 10 [0x5555555defb0, 0x5555555defba), 
INFO: Loaded 1 PC tables (10 PCs): 10 [0x5555555defc0,0x5555555df060), 
/script/motivating_example/sample_set/gcd/original_2_fuzz: Running 1 inputs 1 time(s) each.
Running: /script/motivating_example/sample_set/gcd/fuzzing_test/modified_inputs/e44d0492c7a829926659cc7f1b9ef48a29b6954c
(lldb)  frame info
frame #0: 0x00005555555bb402 original_2_fuzz`gcd(a=607872615, b=-589808) at original_2.c:6:5
(lldb)  frame variable a -f dec 
(int) a = 607872615
(lldb)  frame variable b -f dec 
(int) b = -589808
(lldb)  continue
Process 92420 resuming
Command #5 'continue' continued the target.
(lldb)  frame info
frame #0: 0x00005555555bb402 original_2_fuzz`gcd(a=-589808, b=370375) at original_2.c:6:5
(lldb)  frame variable a -f dec 
(int) a = -589808
(lldb)  frame variable b -f dec 
(int) b = 370375
(lldb)  continue
Process 92420 resuming
Command #5 'continue' continued the target.
(lldb)  frame info
frame #0: 0x00005555555bb402 original_2_fuzz`gcd(a=370375, b=-219433) at original_2.c:6:5
(lldb)  frame variable a -f dec 
(int) a = 370375
(lldb)  frame variable b -f dec 
(int) b = -219433
(lldb)  continue
Process 92420 resuming
Command #5 'continue' continued the target.
(lldb)  frame info
frame #0: 0x00005555555bb402 original_2_fuzz`gcd(a=-219433, b=150942) at original_2.c:6:5
(lldb)  frame variable a -f dec 
(int) a = -219433
(lldb)  frame variable b -f dec 
(int) b = 150942
(lldb)  continue
Process 92420 resuming
Command #5 'continue' continued the target.
(lldb)  frame info
frame #0: 0x00005555555bb402 original_2_fuzz`gcd(a=150942, b=-68491) at original_2.c:6:5
(lldb)  frame variable a -f dec 
(int) a = 150942
(lldb)  frame variable b -f dec 
(int) b = -68491
(lldb)  continue
Process 92420 resuming
Command #5 'continue' continued the target.
(lldb)  frame info
frame #0: 0x00005555555bb402 original_2_fuzz`gcd(a=-68491, b=13960) at original_2.c:6:5
(lldb)  frame variable a -f dec 
(int) a = -68491
(lldb)  frame variable b -f dec 
(int) b = 13960
(lldb)  continue
Process 92420 resuming
Command #5 'continue' continued the target.
(lldb)  frame info
frame #0: 0x00005555555bb402 original_2_fuzz`gcd(a=13960, b=-12651) at original_2.c:6:5
(lldb)  frame variable a -f dec 
(int) a = 13960
(lldb)  frame variable b -f dec 
(int) b = -12651
(lldb)  continue
Process 92420 resuming
Command #5 'continue' continued the target.
(lldb)  frame info
frame #0: 0x00005555555bb402 original_2_fuzz`gcd(a=-12651, b=1309) at original_2.c:6:5
(lldb)  frame variable a -f dec 
(int) a = -12651
(lldb)  frame variable b -f dec 
(int) b = 1309
(lldb)  continue
Process 92420 resuming
Command #5 'continue' continued the target.
(lldb)  frame info
frame #0: 0x00005555555bb402 original_2_fuzz`gcd(a=1309, b=-870) at original_2.c:6:5
(lldb)  frame variable a -f dec 
(int) a = 1309
(lldb)  frame variable b -f dec 
(int) b = -870
(lldb)  continue
Process 92420 resuming
Command #5 'continue' continued the target.
(lldb)  frame info
frame #0: 0x00005555555bb402 original_2_fuzz`gcd(a=-870, b=439) at original_2.c:6:5
(lldb)  frame variable a -f dec 
(int) a = -870
(lldb)  frame variable b -f dec 
(int) b = 439
(lldb)  continue
Process 92420 resuming
Command #5 'continue' continued the target.
(lldb)  frame info
frame #0: 0x00005555555bb402 original_2_fuzz`gcd(a=439, b=-431) at original_2.c:6:5
(lldb)  frame variable a -f dec 
(int) a = 439
(lldb)  frame variable b -f dec 
(int) b = -431
(lldb)  continue
Process 92420 resuming
Command #5 'continue' continued the target.
(lldb)  frame info
frame #0: 0x00005555555bb402 original_2_fuzz`gcd(a=-431, b=8) at original_2.c:6:5
(lldb)  frame variable a -f dec 
(int) a = -431
(lldb)  frame variable b -f dec 
(int) b = 8
(lldb)  continue
Process 92420 resuming
Command #5 'continue' continued the target.
(lldb)  frame info
frame #0: 0x00005555555bb402 original_2_fuzz`gcd(a=8, b=-7) at original_2.c:6:5
(lldb)  frame variable a -f dec 
(int) a = 8
(lldb)  frame variable b -f dec 
(int) b = -7
(lldb)  continue
Process 92420 resuming
Command #5 'continue' continued the target.
(lldb)  frame info
frame #0: 0x00005555555bb402 original_2_fuzz`gcd(a=-7, b=1) at original_2.c:6:5
(lldb)  frame variable a -f dec 
(int) a = -7
(lldb)  frame variable b -f dec 
(int) b = 1
(lldb)  continue
Process 92420 resuming
Command #5 'continue' continued the target.
(lldb)  frame info
frame #0: 0x00005555555bb402 original_2_fuzz`gcd(a=1, b=0) at original_2.c:6:5
(lldb)  frame variable a -f dec 
(int) a = 1
(lldb)  frame variable b -f dec 
(int) b = 0
(lldb)  continue
Process 92420 resuming
Command #5 'continue' continued the target.
Executed /script/motivating_example/sample_set/gcd/fuzzing_test/modified_inputs/e44d0492c7a829926659cc7f1b9ef48a29b6954c in 29 ms
***
*** NOTE: fuzzing was not performed, you have only
***       executed the target code on a fixed set of inputs.
***
Process 92420 exited with status = 0 (0x00000000)
Process 92420 launched: '/script/motivating_example/sample_set/gcd/original_2_fuzz' (x86_64)
(lldb) quit
