(lldb) target create "original_1_fuzz"
Current executable set to '/script/motivating_example/sample_set/gcd/original_1_fuzz' (x86_64).
(lldb) command source -s 0 '/script/motivating_example/sample_set/gcd/fuzzing_test/original_1_debug/script/58ab82abddfb1cb7cdd7bdf921baaeb53ff807cb/batch.lldb'
Executing commands in '/script/motivating_example/sample_set/gcd/fuzzing_test/original_1_debug/script/58ab82abddfb1cb7cdd7bdf921baaeb53ff807cb/batch.lldb'.
(lldb) settings set interpreter.stop-command-source-on-error 0
(lldb) settings set auto-confirm 1
(lldb) breakpoint set --file /script/motivating_example/sample_set/gcd/original_1.c --line 10
Breakpoint 1: where = original_1_fuzz`gcd + 124 at original_1.c:10:9, address = 0x000000000006742c
(lldb) breakpoint command add 1
(lldb) run /script/motivating_example/sample_set/gcd/fuzzing_test/modified_inputs/58ab82abddfb1cb7cdd7bdf921baaeb53ff807cb
INFO: Running with entropic power schedule (0xFF, 100).
INFO: Seed: 162080174
INFO: Loaded 1 modules   (10 inline 8-bit counters): 10 [0x5555555defb0, 0x5555555defba), 
INFO: Loaded 1 PC tables (10 PCs): 10 [0x5555555defc0,0x5555555df060), 
/script/motivating_example/sample_set/gcd/original_1_fuzz: Running 1 inputs 1 time(s) each.
Running: /script/motivating_example/sample_set/gcd/fuzzing_test/modified_inputs/58ab82abddfb1cb7cdd7bdf921baaeb53ff807cb
(lldb)  frame info
frame #0: 0x00005555555bb42c original_1_fuzz`gcd(a=13582600, b=-1432848) at original_1.c:10:9
(lldb)  frame variable a -f dec 
(int) a = 13582600
(lldb)  frame variable b -f dec 
(int) b = -1432848
(lldb)  continue
Process 82075 resuming
Command #5 'continue' continued the target.
(lldb)  frame info
frame #0: 0x00005555555bb42c original_1_fuzz`gcd(a=-1432848, b=686968) at original_1.c:10:9
(lldb)  frame variable a -f dec 
(int) a = -1432848
(lldb)  frame variable b -f dec 
(int) b = 686968
(lldb)  continue
Process 82075 resuming
Command #5 'continue' continued the target.
(lldb)  frame info
frame #0: 0x00005555555bb42c original_1_fuzz`gcd(a=686968, b=-58912) at original_1.c:10:9
(lldb)  frame variable a -f dec 
(int) a = 686968
(lldb)  frame variable b -f dec 
(int) b = -58912
(lldb)  continue
Process 82075 resuming
Command #5 'continue' continued the target.
(lldb)  frame info
frame #0: 0x00005555555bb42c original_1_fuzz`gcd(a=-58912, b=38936) at original_1.c:10:9
(lldb)  frame variable a -f dec 
(int) a = -58912
(lldb)  frame variable b -f dec 
(int) b = 38936
(lldb)  continue
Process 82075 resuming
Command #5 'continue' continued the target.
(lldb)  frame info
frame #0: 0x00005555555bb42c original_1_fuzz`gcd(a=38936, b=-19976) at original_1.c:10:9
(lldb)  frame variable a -f dec 
(int) a = 38936
(lldb)  frame variable b -f dec 
(int) b = -19976
(lldb)  continue
Process 82075 resuming
Command #5 'continue' continued the target.
(lldb)  frame info
frame #0: 0x00005555555bb42c original_1_fuzz`gcd(a=-19976, b=18960) at original_1.c:10:9
(lldb)  frame variable a -f dec 
(int) a = -19976
(lldb)  frame variable b -f dec 
(int) b = 18960
(lldb)  continue
Process 82075 resuming
Command #5 'continue' continued the target.
(lldb)  frame info
frame #0: 0x00005555555bb42c original_1_fuzz`gcd(a=18960, b=-1016) at original_1.c:10:9
(lldb)  frame variable a -f dec 
(int) a = 18960
(lldb)  frame variable b -f dec 
(int) b = -1016
(lldb)  continue
Process 82075 resuming
Command #5 'continue' continued the target.
(lldb)  frame info
frame #0: 0x00005555555bb42c original_1_fuzz`gcd(a=-1016, b=672) at original_1.c:10:9
(lldb)  frame variable a -f dec 
(int) a = -1016
(lldb)  frame variable b -f dec 
(int) b = 672
(lldb)  continue
Process 82075 resuming
Command #5 'continue' continued the target.
(lldb)  frame info
frame #0: 0x00005555555bb42c original_1_fuzz`gcd(a=672, b=-344) at original_1.c:10:9
(lldb)  frame variable a -f dec 
(int) a = 672
(lldb)  frame variable b -f dec 
(int) b = -344
(lldb)  continue
Process 82075 resuming
Command #5 'continue' continued the target.
(lldb)  frame info
frame #0: 0x00005555555bb42c original_1_fuzz`gcd(a=-344, b=328) at original_1.c:10:9
(lldb)  frame variable a -f dec 
(int) a = -344
(lldb)  frame variable b -f dec 
(int) b = 328
(lldb)  continue
Process 82075 resuming
Command #5 'continue' continued the target.
(lldb)  frame info
frame #0: 0x00005555555bb42c original_1_fuzz`gcd(a=328, b=-16) at original_1.c:10:9
(lldb)  frame variable a -f dec 
(int) a = 328
(lldb)  frame variable b -f dec 
(int) b = -16
(lldb)  continue
Process 82075 resuming
Command #5 'continue' continued the target.
(lldb)  frame info
frame #0: 0x00005555555bb42c original_1_fuzz`gcd(a=-16, b=8) at original_1.c:10:9
(lldb)  frame variable a -f dec 
(int) a = -16
(lldb)  frame variable b -f dec 
(int) b = 8
(lldb)  continue
Process 82075 resuming
Command #5 'continue' continued the target.
(lldb)  frame info
frame #0: 0x00005555555bb42c original_1_fuzz`gcd(a=8, b=0) at original_1.c:10:9
(lldb)  frame variable a -f dec 
(int) a = 8
(lldb)  frame variable b -f dec 
(int) b = 0
(lldb)  continue
Process 82075 resuming
Command #5 'continue' continued the target.
Executed /script/motivating_example/sample_set/gcd/fuzzing_test/modified_inputs/58ab82abddfb1cb7cdd7bdf921baaeb53ff807cb in 29 ms
***
*** NOTE: fuzzing was not performed, you have only
***       executed the target code on a fixed set of inputs.
***
Process 82075 exited with status = 0 (0x00000000)
Process 82075 launched: '/script/motivating_example/sample_set/gcd/original_1_fuzz' (x86_64)
(lldb) quit