(lldb) target create "original_1_fuzz"
Current executable set to '/script/motivating_example/sample_set/second_max/original_1_fuzz' (x86_64).
(lldb) command source -s 0 '/script/motivating_example/sample_set/second_max/fuzzing_test/original_1_debug/script/40e3397de05fefe595bd7a71b3debf5fbb8794cd/batch.lldb'
Executing commands in '/script/motivating_example/sample_set/second_max/fuzzing_test/original_1_debug/script/40e3397de05fefe595bd7a71b3debf5fbb8794cd/batch.lldb'.
(lldb) settings set interpreter.stop-command-source-on-error 0
(lldb) settings set auto-confirm 1
(lldb) breakpoint set --file /script/motivating_example/sample_set/second_max/original_1.c --line 26
Breakpoint 1: where = original_1_fuzz`second_max + 392 at original_1.c:26:9, address = 0x0000000000067548
(lldb) breakpoint command add 1
(lldb) run /script/motivating_example/sample_set/second_max/fuzzing_test/modified_inputs/40e3397de05fefe595bd7a71b3debf5fbb8794cd
INFO: Running with entropic power schedule (0xFF, 100).
INFO: Seed: 1985388993
INFO: Loaded 1 modules   (14 inline 8-bit counters): 14 [0x5555555defc0, 0x5555555defce), 
INFO: Loaded 1 PC tables (14 PCs): 14 [0x5555555defd0,0x5555555df0b0), 
/script/motivating_example/sample_set/second_max/original_1_fuzz: Running 1 inputs 1 time(s) each.
Running: /script/motivating_example/sample_set/second_max/fuzzing_test/modified_inputs/40e3397de05fefe595bd7a71b3debf5fbb8794cd
(lldb)  frame info
frame #0: 0x00005555555bb548 original_1_fuzz`second_max(count=16, arr=0x0000555555f67f80) at original_1.c:26:9
(lldb)  frame variable count -f dec 
(unsigned int) count = 16
(lldb)  frame variable max -f dec 
(int) max = 5365
(lldb)  frame variable sec -f dec 
(int) sec = -2147483648
(lldb)  frame variable a -f dec 
(int) a = 5365
(lldb)  continue
Process 169017 resuming
Command #7 'continue' continued the target.
(lldb)  frame info
frame #0: 0x00005555555bb548 original_1_fuzz`second_max(count=16, arr=0x0000555555f67f80) at original_1.c:26:9
(lldb)  frame variable count -f dec 
(unsigned int) count = 16
(lldb)  frame variable max -f dec 
(int) max = 5365
(lldb)  frame variable sec -f dec 
(int) sec = -67109120
(lldb)  frame variable a -f dec 
(int) a = -67109120
(lldb)  continue
Process 169017 resuming
Command #7 'continue' continued the target.
(lldb)  frame info
frame #0: 0x00005555555bb548 original_1_fuzz`second_max(count=16, arr=0x0000555555f67f80) at original_1.c:26:9
(lldb)  frame variable count -f dec 
(unsigned int) count = 16
(lldb)  frame variable max -f dec 
(int) max = 5365
(lldb)  frame variable sec -f dec 
(int) sec = -1
(lldb)  frame variable a -f dec 
(int) a = -1
(lldb)  continue
Process 169017 resuming
Command #7 'continue' continued the target.
(lldb)  frame info
frame #0: 0x00005555555bb548 original_1_fuzz`second_max(count=16, arr=0x0000555555f67f80) at original_1.c:26:9
(lldb)  frame variable count -f dec 
(unsigned int) count = 16
(lldb)  frame variable max -f dec 
(int) max = 5365
(lldb)  frame variable sec -f dec 
(int) sec = -1
(lldb)  frame variable a -f dec 
(int) a = -1
(lldb)  continue
Process 169017 resuming
Command #7 'continue' continued the target.
(lldb)  frame info
frame #0: 0x00005555555bb548 original_1_fuzz`second_max(count=16, arr=0x0000555555f67f80) at original_1.c:26:9
(lldb)  frame variable count -f dec 
(unsigned int) count = 16
(lldb)  frame variable max -f dec 
(int) max = 5365
(lldb)  frame variable sec -f dec 
(int) sec = -1
(lldb)  frame variable a -f dec 
(int) a = -1
(lldb)  continue
Process 169017 resuming
Command #7 'continue' continued the target.
(lldb)  frame info
frame #0: 0x00005555555bb548 original_1_fuzz`second_max(count=16, arr=0x0000555555f67f80) at original_1.c:26:9
(lldb)  frame variable count -f dec 
(unsigned int) count = 16
(lldb)  frame variable max -f dec 
(int) max = 5365
(lldb)  frame variable sec -f dec 
(int) sec = -1
(lldb)  frame variable a -f dec 
(int) a = -1
(lldb)  continue
Process 169017 resuming
Command #7 'continue' continued the target.
(lldb)  frame info
frame #0: 0x00005555555bb548 original_1_fuzz`second_max(count=16, arr=0x0000555555f67f80) at original_1.c:26:9
(lldb)  frame variable count -f dec 
(unsigned int) count = 16
(lldb)  frame variable max -f dec 
(int) max = 5365
(lldb)  frame variable sec -f dec 
(int) sec = -1
(lldb)  frame variable a -f dec 
(int) a = -1
(lldb)  continue
Process 169017 resuming
Command #7 'continue' continued the target.
(lldb)  frame info
frame #0: 0x00005555555bb548 original_1_fuzz`second_max(count=16, arr=0x0000555555f67f80) at original_1.c:26:9
(lldb)  frame variable count -f dec 
(unsigned int) count = 16
(lldb)  frame variable max -f dec 
(int) max = 16777215
(lldb)  frame variable sec -f dec 
(int) sec = 5365
(lldb)  frame variable a -f dec 
(int) a = 16777215
(lldb)  continue
Process 169017 resuming
Command #7 'continue' continued the target.
(lldb)  frame info
frame #0: 0x00005555555bb548 original_1_fuzz`second_max(count=16, arr=0x0000555555f67f80) at original_1.c:26:9
(lldb)  frame variable count -f dec 
(unsigned int) count = 16
(lldb)  frame variable max -f dec 
(int) max = 16777215
(lldb)  frame variable sec -f dec 
(int) sec = 5365
(lldb)  frame variable a -f dec 
(int) a = -8388608
(lldb)  continue
Process 169017 resuming
Command #7 'continue' continued the target.
(lldb)  frame info
frame #0: 0x00005555555bb548 original_1_fuzz`second_max(count=16, arr=0x0000555555f67f80) at original_1.c:26:9
(lldb)  frame variable count -f dec 
(unsigned int) count = 16
(lldb)  frame variable max -f dec 
(int) max = 16777215
(lldb)  frame variable sec -f dec 
(int) sec = 5365
(lldb)  frame variable a -f dec 
(int) a = -1
(lldb)  continue
Process 169017 resuming
Command #7 'continue' continued the target.
(lldb)  frame info
frame #0: 0x00005555555bb548 original_1_fuzz`second_max(count=16, arr=0x0000555555f67f80) at original_1.c:26:9
(lldb)  frame variable count -f dec 
(unsigned int) count = 16
(lldb)  frame variable max -f dec 
(int) max = 16777215
(lldb)  frame variable sec -f dec 
(int) sec = 5365
(lldb)  frame variable a -f dec 
(int) a = -1
(lldb)  continue
Process 169017 resuming
Command #7 'continue' continued the target.
(lldb)  frame info
frame #0: 0x00005555555bb548 original_1_fuzz`second_max(count=16, arr=0x0000555555f67f80) at original_1.c:26:9
(lldb)  frame variable count -f dec 
(unsigned int) count = 16
(lldb)  frame variable max -f dec 
(int) max = 16777215
(lldb)  frame variable sec -f dec 
(int) sec = 5365
(lldb)  frame variable a -f dec 
(int) a = -1
(lldb)  continue
Process 169017 resuming
Command #7 'continue' continued the target.
(lldb)  frame info
frame #0: 0x00005555555bb548 original_1_fuzz`second_max(count=16, arr=0x0000555555f67f80) at original_1.c:26:9
(lldb)  frame variable count -f dec 
(unsigned int) count = 16
(lldb)  frame variable max -f dec 
(int) max = 16777215
(lldb)  frame variable sec -f dec 
(int) sec = 5365
(lldb)  frame variable a -f dec 
(int) a = -1
(lldb)  continue
Process 169017 resuming
Command #7 'continue' continued the target.
(lldb)  frame info
frame #0: 0x00005555555bb548 original_1_fuzz`second_max(count=16, arr=0x0000555555f67f80) at original_1.c:26:9
(lldb)  frame variable count -f dec 
(unsigned int) count = 16
(lldb)  frame variable max -f dec 
(int) max = 16777215
(lldb)  frame variable sec -f dec 
(int) sec = 5365
(lldb)  frame variable a -f dec 
(int) a = -1
(lldb)  continue
Process 169017 resuming
Command #7 'continue' continued the target.
(lldb)  frame info
frame #0: 0x00005555555bb548 original_1_fuzz`second_max(count=16, arr=0x0000555555f67f80) at original_1.c:26:9
(lldb)  frame variable count -f dec 
(unsigned int) count = 16
(lldb)  frame variable max -f dec 
(int) max = 16777215
(lldb)  frame variable sec -f dec 
(int) sec = 5365
(lldb)  frame variable a -f dec 
(int) a = -33554433
(lldb)  continue
Process 169017 resuming
Command #7 'continue' continued the target.
(lldb)  frame info
frame #0: 0x00005555555bb548 original_1_fuzz`second_max(count=16, arr=0x0000555555f67f80) at original_1.c:26:9
(lldb)  frame variable count -f dec 
(unsigned int) count = 16
(lldb)  frame variable max -f dec 
(int) max = 16777215
(lldb)  frame variable sec -f dec 
(int) sec = 5365
(lldb)  frame variable a -f dec 
(int) a = 20
(lldb)  continue
Process 169017 resuming
Command #7 'continue' continued the target.
Executed /script/motivating_example/sample_set/second_max/fuzzing_test/modified_inputs/40e3397de05fefe595bd7a71b3debf5fbb8794cd in 31 ms
***
*** NOTE: fuzzing was not performed, you have only
***       executed the target code on a fixed set of inputs.
***
Process 169017 exited with status = 0 (0x00000000)
Process 169017 launched: '/script/motivating_example/sample_set/second_max/original_1_fuzz' (x86_64)
(lldb) quit