(lldb) target create "modified_fuzz"
Current executable set to '/script/motivating_example/sample_set/gcd/modified_fuzz' (x86_64).
(lldb) command source -s 0 '/script/motivating_example/sample_set/gcd/fuzzing_test/modified_debug/script/e4719b8508d63276a5e5e3e9dee885c21285603d/batch.lldb'
Executing commands in '/script/motivating_example/sample_set/gcd/fuzzing_test/modified_debug/script/e4719b8508d63276a5e5e3e9dee885c21285603d/batch.lldb'.
(lldb) settings set interpreter.stop-command-source-on-error 0
(lldb) settings set auto-confirm 1
(lldb) breakpoint set --file /script/motivating_example/sample_set/gcd/modified.c --line 9
Breakpoint 1: where = modified_fuzz`gcd + 121 at modified.c:9:9, address = 0x0000000000067429
(lldb) breakpoint command add 1
(lldb) run /script/motivating_example/sample_set/gcd/fuzzing_test/modified_inputs/e4719b8508d63276a5e5e3e9dee885c21285603d
INFO: Running with entropic power schedule (0xFF, 100).
INFO: Seed: 3470631991
INFO: Loaded 1 modules   (10 inline 8-bit counters): 10 [0x5555555defb0, 0x5555555defba), 
INFO: Loaded 1 PC tables (10 PCs): 10 [0x5555555defc0,0x5555555df060), 
/script/motivating_example/sample_set/gcd/modified_fuzz: Running 1 inputs 1 time(s) each.
Running: /script/motivating_example/sample_set/gcd/fuzzing_test/modified_inputs/e4719b8508d63276a5e5e3e9dee885c21285603d
(lldb)  frame info
frame #0: 0x00005555555bb429 modified_fuzz`gcd(a=-1983774720, b=-163708928) at modified.c:9:9
(lldb)  frame variable a -f dec 
(int) a = -1983774720
(lldb)  frame variable b -f dec 
(int) b = -163708928
(lldb)  continue
Process 75746 resuming
Command #5 'continue' continued the target.
(lldb)  frame info
frame #0: 0x00005555555bb429 modified_fuzz`gcd(a=-1964507136, b=-19267584) at modified.c:9:9
(lldb)  frame variable a -f dec 
(int) a = -1964507136
(lldb)  frame variable b -f dec 
(int) b = -19267584
(lldb)  continue
Process 75746 resuming
Command #5 'continue' continued the target.
(lldb)  frame info
frame #0: 0x00005555555bb429 modified_fuzz`gcd(a=-1946025984, b=-18481152) at modified.c:9:9
(lldb)  frame variable a -f dec 
(int) a = -1946025984
(lldb)  frame variable b -f dec 
(int) b = -18481152
(lldb)  continue
Process 75746 resuming
Command #5 'continue' continued the target.
(lldb)  frame info
frame #0: 0x00005555555bb429 modified_fuzz`gcd(a=-1940520960, b=-5505024) at modified.c:9:9
(lldb)  frame variable a -f dec 
(int) a = -1940520960
(lldb)  frame variable b -f dec 
(int) b = -5505024
(lldb)  continue
Process 75746 resuming
Command #5 'continue' continued the target.
(lldb)  frame info
frame #0: 0x00005555555bb429 modified_fuzz`gcd(a=-1937768448, b=-2752512) at modified.c:9:9
(lldb)  frame variable a -f dec 
(int) a = -1937768448
(lldb)  frame variable b -f dec 
(int) b = -2752512
(lldb)  continue
Process 75746 resuming
Command #5 'continue' continued the target.
(lldb)  frame info
frame #0: 0x00005555555bb429 modified_fuzz`gcd(a=-1937768448, b=0) at modified.c:9:9
(lldb)  frame variable a -f dec 
(int) a = -1937768448
(lldb)  frame variable b -f dec 
(int) b = 0
(lldb)  continue
Process 75746 resuming
Command #5 'continue' continued the target.
Executed /script/motivating_example/sample_set/gcd/fuzzing_test/modified_inputs/e4719b8508d63276a5e5e3e9dee885c21285603d in 17 ms
***
*** NOTE: fuzzing was not performed, you have only
***       executed the target code on a fixed set of inputs.
***
Process 75746 exited with status = 0 (0x00000000)
Process 75746 launched: '/script/motivating_example/sample_set/gcd/modified_fuzz' (x86_64)
(lldb) quit