(lldb) target create "original_2_fuzz"
Current executable set to '/script/motivating_example/sample_set/factorial/original_2_fuzz' (x86_64).
(lldb) command source -s 0 '/script/motivating_example/sample_set/factorial/fuzzing_test/original_2_debug/script/2f3f56e4bdec09237890b2639a12cdc8985dcc95/batch.lldb'
Executing commands in '/script/motivating_example/sample_set/factorial/fuzzing_test/original_2_debug/script/2f3f56e4bdec09237890b2639a12cdc8985dcc95/batch.lldb'.
(lldb) settings set interpreter.stop-command-source-on-error 0
(lldb) settings set auto-confirm 1
(lldb) breakpoint set --file /script/motivating_example/sample_set/factorial/original_2.c --line 11
Breakpoint 1: where = original_2_fuzz`factorial + 105 at original_2.c:11:9, address = 0x00000000000673f9
(lldb) breakpoint command add 1
(lldb) run /script/motivating_example/sample_set/factorial/fuzzing_test/modified_inputs/2f3f56e4bdec09237890b2639a12cdc8985dcc95
INFO: Running with entropic power schedule (0xFF, 100).
INFO: Seed: 750856777
INFO: Loaded 1 modules   (8 inline 8-bit counters): 8 [0x5555555defb0, 0x5555555defb8), 
INFO: Loaded 1 PC tables (8 PCs): 8 [0x5555555defb8,0x5555555df038), 
/script/motivating_example/sample_set/factorial/original_2_fuzz: Running 1 inputs 1 time(s) each.
Running: /script/motivating_example/sample_set/factorial/fuzzing_test/modified_inputs/2f3f56e4bdec09237890b2639a12cdc8985dcc95
(lldb)  frame info
frame #0: 0x00005555555bb3f9 original_2_fuzz`factorial(n=0) at original_2.c:11:9
(lldb)  frame variable i -f dec 
(unsigned int) i = 1
(lldb)  frame variable result -f dec 
(unsigned long) result = 1
(lldb)  continue
Process 147406 resuming
Command #5 'continue' continued the target.
Executed /script/motivating_example/sample_set/factorial/fuzzing_test/modified_inputs/2f3f56e4bdec09237890b2639a12cdc8985dcc95 in 10 ms
***
*** NOTE: fuzzing was not performed, you have only
***       executed the target code on a fixed set of inputs.
***
Process 147406 exited with status = 0 (0x00000000)
Process 147406 launched: '/script/motivating_example/sample_set/factorial/original_2_fuzz' (x86_64)
(lldb) quit