(lldb) target create "original_2_fuzz"
Current executable set to '/script/motivating_example/sample_set/concatenate_array/original_2_fuzz' (x86_64).
(lldb) command source -s 0 '/script/motivating_example/sample_set/concatenate_array/fuzzing_test/original_2_debug/script/c1957f6e7580414e2fe053ea4b2d9390fe26a8a7/batch.lldb'
Executing commands in '/script/motivating_example/sample_set/concatenate_array/fuzzing_test/original_2_debug/script/c1957f6e7580414e2fe053ea4b2d9390fe26a8a7/batch.lldb'.
(lldb) settings set interpreter.stop-command-source-on-error 0
(lldb) settings set auto-confirm 1
(lldb) breakpoint set --file /script/motivating_example/sample_set/concatenate_array/original_2.c --line 14
Breakpoint 1: where = original_2_fuzz`concatenate_array + 250 at original_2.c:14:9, address = 0x00000000000675da
(lldb) breakpoint command add 1
(lldb) breakpoint set --file /script/motivating_example/sample_set/concatenate_array/original_2.c --line 23
Breakpoint 2: where = original_2_fuzz`concatenate_array + 392 at original_2.c:23:9, address = 0x0000000000067668
(lldb) breakpoint command add 2
(lldb) run /script/motivating_example/sample_set/concatenate_array/fuzzing_test/modified_inputs/c1957f6e7580414e2fe053ea4b2d9390fe26a8a7
INFO: Running with entropic power schedule (0xFF, 100).
INFO: Seed: 3519753729
INFO: Loaded 1 modules   (10 inline 8-bit counters): 10 [0x5555555defc0, 0x5555555defca), 
INFO: Loaded 1 PC tables (10 PCs): 10 [0x5555555defd0,0x5555555df070), 
/script/motivating_example/sample_set/concatenate_array/original_2_fuzz: Running 1 inputs 1 time(s) each.
Running: /script/motivating_example/sample_set/concatenate_array/fuzzing_test/modified_inputs/c1957f6e7580414e2fe053ea4b2d9390fe26a8a7
(lldb)  frame info
frame #0: 0x00005555555bb5da original_2_fuzz`concatenate_array(arr1=0x0000555555f67fd0, size1=16, arr2=0x0000555555f68020, size2=1) at original_2.c:14:9
(lldb)  frame variable dest_pos -f dec 
(size_t) dest_pos = 0
(lldb)  frame variable orig_pos -f dec 
(size_t) orig_pos = 0
(lldb)  frame variable val -f dec 
(int) val = 0
(lldb)  continue
Process 117220 resuming
Command #6 'continue' continued the target.
(lldb)  frame info
frame #0: 0x00005555555bb5da original_2_fuzz`concatenate_array(arr1=0x0000555555f67fd0, size1=16, arr2=0x0000555555f68020, size2=1) at original_2.c:14:9
(lldb)  frame variable dest_pos -f dec 
(size_t) dest_pos = 1
(lldb)  frame variable orig_pos -f dec 
(size_t) orig_pos = 1
(lldb)  frame variable val -f dec 
(int) val = -117917952
(lldb)  continue
Process 117220 resuming
Command #6 'continue' continued the target.
(lldb)  frame info
frame #0: 0x00005555555bb5da original_2_fuzz`concatenate_array(arr1=0x0000555555f67fd0, size1=16, arr2=0x0000555555f68020, size2=1) at original_2.c:14:9
(lldb)  frame variable dest_pos -f dec 
(size_t) dest_pos = 2
(lldb)  frame variable orig_pos -f dec 
(size_t) orig_pos = 2
(lldb)  frame variable val -f dec 
(int) val = -117901064
(lldb)  continue
Process 117220 resuming
Command #6 'continue' continued the target.
(lldb)  frame info
frame #0: 0x00005555555bb5da original_2_fuzz`concatenate_array(arr1=0x0000555555f67fd0, size1=16, arr2=0x0000555555f68020, size2=1) at original_2.c:14:9
(lldb)  frame variable dest_pos -f dec 
(size_t) dest_pos = 3
(lldb)  frame variable orig_pos -f dec 
(size_t) orig_pos = 3
(lldb)  frame variable val -f dec 
(int) val = -117901064
(lldb)  continue
Process 117220 resuming
Command #6 'continue' continued the target.
(lldb)  frame info
frame #0: 0x00005555555bb5da original_2_fuzz`concatenate_array(arr1=0x0000555555f67fd0, size1=16, arr2=0x0000555555f68020, size2=1) at original_2.c:14:9
(lldb)  frame variable dest_pos -f dec 
(size_t) dest_pos = 4
(lldb)  frame variable orig_pos -f dec 
(size_t) orig_pos = 4
(lldb)  frame variable val -f dec 
(int) val = -117901064
(lldb)  continue
Process 117220 resuming
Command #6 'continue' continued the target.
(lldb)  frame info
frame #0: 0x00005555555bb5da original_2_fuzz`concatenate_array(arr1=0x0000555555f67fd0, size1=16, arr2=0x0000555555f68020, size2=1) at original_2.c:14:9
(lldb)  frame variable dest_pos -f dec 
(size_t) dest_pos = 5
(lldb)  frame variable orig_pos -f dec 
(size_t) orig_pos = 5
(lldb)  frame variable val -f dec 
(int) val = -117901064
(lldb)  continue
Process 117220 resuming
Command #6 'continue' continued the target.
(lldb)  frame info
frame #0: 0x00005555555bb5da original_2_fuzz`concatenate_array(arr1=0x0000555555f67fd0, size1=16, arr2=0x0000555555f68020, size2=1) at original_2.c:14:9
(lldb)  frame variable dest_pos -f dec 
(size_t) dest_pos = 6
(lldb)  frame variable orig_pos -f dec 
(size_t) orig_pos = 6
(lldb)  frame variable val -f dec 
(int) val = -117901064
(lldb)  continue
Process 117220 resuming
Command #6 'continue' continued the target.
(lldb)  frame info
frame #0: 0x00005555555bb5da original_2_fuzz`concatenate_array(arr1=0x0000555555f67fd0, size1=16, arr2=0x0000555555f68020, size2=1) at original_2.c:14:9
(lldb)  frame variable dest_pos -f dec 
(size_t) dest_pos = 7
(lldb)  frame variable orig_pos -f dec 
(size_t) orig_pos = 7
(lldb)  frame variable val -f dec 
(int) val = -117901064
(lldb)  continue
Process 117220 resuming
Command #6 'continue' continued the target.
(lldb)  frame info
frame #0: 0x00005555555bb5da original_2_fuzz`concatenate_array(arr1=0x0000555555f67fd0, size1=16, arr2=0x0000555555f68020, size2=1) at original_2.c:14:9
(lldb)  frame variable dest_pos -f dec 
(size_t) dest_pos = 8
(lldb)  frame variable orig_pos -f dec 
(size_t) orig_pos = 8
(lldb)  frame variable val -f dec 
(int) val = -117901064
(lldb)  continue
Process 117220 resuming
Command #6 'continue' continued the target.
(lldb)  frame info
frame #0: 0x00005555555bb5da original_2_fuzz`concatenate_array(arr1=0x0000555555f67fd0, size1=16, arr2=0x0000555555f68020, size2=1) at original_2.c:14:9
(lldb)  frame variable dest_pos -f dec 
(size_t) dest_pos = 9
(lldb)  frame variable orig_pos -f dec 
(size_t) orig_pos = 9
(lldb)  frame variable val -f dec 
(int) val = -117901064
(lldb)  continue
Process 117220 resuming
Command #6 'continue' continued the target.
(lldb)  frame info
frame #0: 0x00005555555bb5da original_2_fuzz`concatenate_array(arr1=0x0000555555f67fd0, size1=16, arr2=0x0000555555f68020, size2=1) at original_2.c:14:9
(lldb)  frame variable dest_pos -f dec 
(size_t) dest_pos = 10
(lldb)  frame variable orig_pos -f dec 
(size_t) orig_pos = 10
(lldb)  frame variable val -f dec 
(int) val = -117901064
(lldb)  continue
Process 117220 resuming
Command #6 'continue' continued the target.
(lldb)  frame info
frame #0: 0x00005555555bb5da original_2_fuzz`concatenate_array(arr1=0x0000555555f67fd0, size1=16, arr2=0x0000555555f68020, size2=1) at original_2.c:14:9
(lldb)  frame variable dest_pos -f dec 
(size_t) dest_pos = 11
(lldb)  frame variable orig_pos -f dec 
(size_t) orig_pos = 11
(lldb)  frame variable val -f dec 
(int) val = -117901064
(lldb)  continue
Process 117220 resuming
Command #6 'continue' continued the target.
(lldb)  frame info
frame #0: 0x00005555555bb5da original_2_fuzz`concatenate_array(arr1=0x0000555555f67fd0, size1=16, arr2=0x0000555555f68020, size2=1) at original_2.c:14:9
(lldb)  frame variable dest_pos -f dec 
(size_t) dest_pos = 12
(lldb)  frame variable orig_pos -f dec 
(size_t) orig_pos = 12
(lldb)  frame variable val -f dec 
(int) val = -117901064
(lldb)  continue
Process 117220 resuming
Command #6 'continue' continued the target.
(lldb)  frame info
frame #0: 0x00005555555bb5da original_2_fuzz`concatenate_array(arr1=0x0000555555f67fd0, size1=16, arr2=0x0000555555f68020, size2=1) at original_2.c:14:9
(lldb)  frame variable dest_pos -f dec 
(size_t) dest_pos = 13
(lldb)  frame variable orig_pos -f dec 
(size_t) orig_pos = 13
(lldb)  frame variable val -f dec 
(int) val = -117901064
(lldb)  continue
Process 117220 resuming
Command #6 'continue' continued the target.
(lldb)  frame info
frame #0: 0x00005555555bb5da original_2_fuzz`concatenate_array(arr1=0x0000555555f67fd0, size1=16, arr2=0x0000555555f68020, size2=1) at original_2.c:14:9
(lldb)  frame variable dest_pos -f dec 
(size_t) dest_pos = 14
(lldb)  frame variable orig_pos -f dec 
(size_t) orig_pos = 14
(lldb)  frame variable val -f dec 
(int) val = -117901064
(lldb)  continue
Process 117220 resuming
Command #6 'continue' continued the target.
(lldb)  frame info
frame #0: 0x00005555555bb5da original_2_fuzz`concatenate_array(arr1=0x0000555555f67fd0, size1=16, arr2=0x0000555555f68020, size2=1) at original_2.c:14:9
(lldb)  frame variable dest_pos -f dec 
(size_t) dest_pos = 15
(lldb)  frame variable orig_pos -f dec 
(size_t) orig_pos = 15
(lldb)  frame variable val -f dec 
(int) val = -117901064
(lldb)  continue
Process 117220 resuming
Command #6 'continue' continued the target.
(lldb)  frame info
