(lldb) target create "original_2_fuzz"
Current executable set to '/script/motivating_example/sample_set/gcd/original_2_fuzz' (x86_64).
(lldb) command source -s 0 '/script/motivating_example/sample_set/gcd/fuzzing_test/original_2_debug/script/2213ec03dd2ba537676eb2fd0144a19c72c13b0a/batch.lldb'
Executing commands in '/script/motivating_example/sample_set/gcd/fuzzing_test/original_2_debug/script/2213ec03dd2ba537676eb2fd0144a19c72c13b0a/batch.lldb'.
(lldb) settings set interpreter.stop-command-source-on-error 0
(lldb) settings set auto-confirm 1
(lldb) breakpoint set --file /script/motivating_example/sample_set/gcd/original_2.c --line 6
Breakpoint 1: where = original_2_fuzz`gcd + 82 at original_2.c:6:5, address = 0x0000000000067402
(lldb) breakpoint command add 1
(lldb) run /script/motivating_example/sample_set/gcd/fuzzing_test/modified_inputs/2213ec03dd2ba537676eb2fd0144a19c72c13b0a
INFO: Running with entropic power schedule (0xFF, 100).
INFO: Seed: 3506272759
INFO: Loaded 1 modules   (10 inline 8-bit counters): 10 [0x5555555defb0, 0x5555555defba), 
INFO: Loaded 1 PC tables (10 PCs): 10 [0x5555555defc0,0x5555555df060), 
/script/motivating_example/sample_set/gcd/original_2_fuzz: Running 1 inputs 1 time(s) each.
Running: /script/motivating_example/sample_set/gcd/fuzzing_test/modified_inputs/2213ec03dd2ba537676eb2fd0144a19c72c13b0a
(lldb)  frame info
frame #0: 0x00005555555bb402 original_2_fuzz`gcd(a=-167822923, b=-419728) at original_2.c:6:5
(lldb)  frame variable a -f dec 
(int) a = -167822923
(lldb)  frame variable b -f dec 
(int) b = -419728
(lldb)  continue
Process 89365 resuming
Command #5 'continue' continued the target.
(lldb)  frame info
frame #0: 0x00005555555bb402 original_2_fuzz`gcd(a=-419728, b=-351451) at original_2.c:6:5
(lldb)  frame variable a -f dec 
(int) a = -419728
(lldb)  frame variable b -f dec 
(int) b = -351451
(lldb)  continue
Process 89365 resuming
Command #5 'continue' continued the target.
(lldb)  frame info
frame #0: 0x00005555555bb402 original_2_fuzz`gcd(a=-351451, b=-68277) at original_2.c:6:5
(lldb)  frame variable a -f dec 
(int) a = -351451
(lldb)  frame variable b -f dec 
(int) b = -68277
(lldb)  continue
Process 89365 resuming
Command #5 'continue' continued the target.
(lldb)  frame info
frame #0: 0x00005555555bb402 original_2_fuzz`gcd(a=-68277, b=-10066) at original_2.c:6:5
(lldb)  frame variable a -f dec 
(int) a = -68277
(lldb)  frame variable b -f dec 
(int) b = -10066
(lldb)  continue
Process 89365 resuming
Command #5 'continue' continued the target.
(lldb)  frame info
frame #0: 0x00005555555bb402 original_2_fuzz`gcd(a=-10066, b=-7881) at original_2.c:6:5
(lldb)  frame variable a -f dec 
(int) a = -10066
(lldb)  frame variable b -f dec 
(int) b = -7881
(lldb)  continue
Process 89365 resuming
Command #5 'continue' continued the target.
(lldb)  frame info
frame #0: 0x00005555555bb402 original_2_fuzz`gcd(a=-7881, b=-2185) at original_2.c:6:5
(lldb)  frame variable a -f dec 
(int) a = -7881
(lldb)  frame variable b -f dec 
(int) b = -2185
(lldb)  continue
Process 89365 resuming
Command #5 'continue' continued the target.
(lldb)  frame info
frame #0: 0x00005555555bb402 original_2_fuzz`gcd(a=-2185, b=-1326) at original_2.c:6:5
(lldb)  frame variable a -f dec 
(int) a = -2185
(lldb)  frame variable b -f dec 
(int) b = -1326
(lldb)  continue
Process 89365 resuming
Command #5 'continue' continued the target.
(lldb)  frame info
frame #0: 0x00005555555bb402 original_2_fuzz`gcd(a=-1326, b=-859) at original_2.c:6:5
(lldb)  frame variable a -f dec 
(int) a = -1326
(lldb)  frame variable b -f dec 
(int) b = -859
(lldb)  continue
Process 89365 resuming
Command #5 'continue' continued the target.
(lldb)  frame info
frame #0: 0x00005555555bb402 original_2_fuzz`gcd(a=-859, b=-467) at original_2.c:6:5
(lldb)  frame variable a -f dec 
(int) a = -859
(lldb)  frame variable b -f dec 
(int) b = -467
(lldb)  continue
Process 89365 resuming
Command #5 'continue' continued the target.
(lldb)  frame info
frame #0: 0x00005555555bb402 original_2_fuzz`gcd(a=-467, b=-392) at original_2.c:6:5
(lldb)  frame variable a -f dec 
(int) a = -467
(lldb)  frame variable b -f dec 
(int) b = -392
(lldb)  continue
Process 89365 resuming
Command #5 'continue' continued the target.
(lldb)  frame info
frame #0: 0x00005555555bb402 original_2_fuzz`gcd(a=-392, b=-75) at original_2.c:6:5
(lldb)  frame variable a -f dec 
(int) a = -392
(lldb)  frame variable b -f dec 
(int) b = -75
(lldb)  continue
Process 89365 resuming
Command #5 'continue' continued the target.
(lldb)  frame info
frame #0: 0x00005555555bb402 original_2_fuzz`gcd(a=-75, b=-17) at original_2.c:6:5
(lldb)  frame variable a -f dec 
(int) a = -75
(lldb)  frame variable b -f dec 
(int) b = -17
(lldb)  continue
Process 89365 resuming
Command #5 'continue' continued the target.
(lldb)  frame info
frame #0: 0x00005555555bb402 original_2_fuzz`gcd(a=-17, b=-7) at original_2.c:6:5
(lldb)  frame variable a -f dec 
(int) a = -17
(lldb)  frame variable b -f dec 
(int) b = -7
(lldb)  continue
Process 89365 resuming
Command #5 'continue' continued the target.
(lldb)  frame info
frame #0: 0x00005555555bb402 original_2_fuzz`gcd(a=-7, b=-3) at original_2.c:6:5
(lldb)  frame variable a -f dec 
(int) a = -7
(lldb)  frame variable b -f dec 
(int) b = -3
(lldb)  continue
Process 89365 resuming
Command #5 'continue' continued the target.
(lldb)  frame info
frame #0: 0x00005555555bb402 original_2_fuzz`gcd(a=-3, b=-1) at original_2.c:6:5
(lldb)  frame variable a -f dec 
(int) a = -3
(lldb)  frame variable b -f dec 
(int) b = -1
(lldb)  continue
Process 89365 resuming
Command #5 'continue' continued the target.
(lldb)  frame info
frame #0: 0x00005555555bb402 original_2_fuzz`gcd(a=-1, b=0) at original_2.c:6:5
(lldb)  frame variable a -f dec 
(int) a = -1
(lldb)  frame variable b -f dec 
(int) b = 0
(lldb)  continue
Process 89365 resuming
Command #5 'continue' continued the target.
Executed /script/motivating_example/sample_set/gcd/fuzzing_test/modified_inputs/2213ec03dd2ba537676eb2fd0144a19c72c13b0a in 36 ms
***
*** NOTE: fuzzing was not performed, you have only
***       executed the target code on a fixed set of inputs.
***
Process 89365 exited with status = 0 (0x00000000)
Process 89365 launched: '/script/motivating_example/sample_set/gcd/original_2_fuzz' (x86_64)
(lldb) quit