(lldb) target create "original_2_fuzz"
Current executable set to '/script/motivating_example/sample_set/gcd/original_2_fuzz' (x86_64).
(lldb) command source -s 0 '/script/motivating_example/sample_set/gcd/fuzzing_test/original_2_debug/script/cd9c5f8f7331a5c1f0c944255bab5d24036acd25/batch.lldb'
Executing commands in '/script/motivating_example/sample_set/gcd/fuzzing_test/original_2_debug/script/cd9c5f8f7331a5c1f0c944255bab5d24036acd25/batch.lldb'.
(lldb) settings set interpreter.stop-command-source-on-error 0
(lldb) settings set auto-confirm 1
(lldb) breakpoint set --file /script/motivating_example/sample_set/gcd/original_2.c --line 6
Breakpoint 1: where = original_2_fuzz`gcd + 82 at original_2.c:6:5, address = 0x0000000000067402
(lldb) breakpoint command add 1
(lldb) run /script/motivating_example/sample_set/gcd/fuzzing_test/modified_inputs/cd9c5f8f7331a5c1f0c944255bab5d24036acd25
INFO: Running with entropic power schedule (0xFF, 100).
INFO: Seed: 762431566
INFO: Loaded 1 modules   (10 inline 8-bit counters): 10 [0x5555555defb0, 0x5555555defba), 
INFO: Loaded 1 PC tables (10 PCs): 10 [0x5555555defc0,0x5555555df060), 
/script/motivating_example/sample_set/gcd/original_2_fuzz: Running 1 inputs 1 time(s) each.
Running: /script/motivating_example/sample_set/gcd/fuzzing_test/modified_inputs/cd9c5f8f7331a5c1f0c944255bab5d24036acd25
(lldb)  frame info
frame #0: 0x00005555555bb402 original_2_fuzz`gcd(a=33488895, b=-16777216) at original_2.c:6:5
(lldb)  frame variable a -f dec 
(int) a = 33488895
(lldb)  frame variable b -f dec 
(int) b = -16777216
(lldb)  continue
Process 92085 resuming
Command #5 'continue' continued the target.
(lldb)  frame info
frame #0: 0x00005555555bb402 original_2_fuzz`gcd(a=-16777216, b=16711679) at original_2.c:6:5
(lldb)  frame variable a -f dec 
(int) a = -16777216
(lldb)  frame variable b -f dec 
(int) b = 16711679
(lldb)  continue
Process 92085 resuming
Command #5 'continue' continued the target.
(lldb)  frame info
frame #0: 0x00005555555bb402 original_2_fuzz`gcd(a=16711679, b=-65537) at original_2.c:6:5
(lldb)  frame variable a -f dec 
(int) a = 16711679
(lldb)  frame variable b -f dec 
(int) b = -65537
(lldb)  continue
Process 92085 resuming
Command #5 'continue' continued the target.
(lldb)  frame info
frame #0: 0x00005555555bb402 original_2_fuzz`gcd(a=-65537, b=65281) at original_2.c:6:5
(lldb)  frame variable a -f dec 
(int) a = -65537
(lldb)  frame variable b -f dec 
(int) b = 65281
(lldb)  continue
Process 92085 resuming
Command #5 'continue' continued the target.
(lldb)  frame info
frame #0: 0x00005555555bb402 original_2_fuzz`gcd(a=65281, b=-256) at original_2.c:6:5
(lldb)  frame variable a -f dec 
(int) a = 65281
(lldb)  frame variable b -f dec 
(int) b = -256
(lldb)  continue
Process 92085 resuming
Command #5 'continue' continued the target.
(lldb)  frame info
frame #0: 0x00005555555bb402 original_2_fuzz`gcd(a=-256, b=1) at original_2.c:6:5
(lldb)  frame variable a -f dec 
(int) a = -256
(lldb)  frame variable b -f dec 
(int) b = 1
(lldb)  continue
Process 92085 resuming
Command #5 'continue' continued the target.
(lldb)  frame info
frame #0: 0x00005555555bb402 original_2_fuzz`gcd(a=1, b=0) at original_2.c:6:5
(lldb)  frame variable a -f dec 
(int) a = 1
(lldb)  frame variable b -f dec 
(int) b = 0
(lldb)  continue
Process 92085 resuming
Command #5 'continue' continued the target.
Executed /script/motivating_example/sample_set/gcd/fuzzing_test/modified_inputs/cd9c5f8f7331a5c1f0c944255bab5d24036acd25 in 23 ms
***
*** NOTE: fuzzing was not performed, you have only
***       executed the target code on a fixed set of inputs.
***
Process 92085 exited with status = 0 (0x00000000)
Process 92085 launched: '/script/motivating_example/sample_set/gcd/original_2_fuzz' (x86_64)
(lldb) quit