(lldb) target create "original_2_fuzz"
Current executable set to '/script/motivating_example/sample_set/gcd/original_2_fuzz' (x86_64).
(lldb) command source -s 0 '/script/motivating_example/sample_set/gcd/fuzzing_test/original_2_debug/script/41c6276542045744fd212556ed25af9e9abff1bb/batch.lldb'
Executing commands in '/script/motivating_example/sample_set/gcd/fuzzing_test/original_2_debug/script/41c6276542045744fd212556ed25af9e9abff1bb/batch.lldb'.
(lldb) settings set interpreter.stop-command-source-on-error 0
(lldb) settings set auto-confirm 1
(lldb) breakpoint set --file /script/motivating_example/sample_set/gcd/original_2.c --line 6
Breakpoint 1: where = original_2_fuzz`gcd + 82 at original_2.c:6:5, address = 0x0000000000067402
(lldb) breakpoint command add 1
(lldb) run /script/motivating_example/sample_set/gcd/fuzzing_test/modified_inputs/41c6276542045744fd212556ed25af9e9abff1bb
INFO: Running with entropic power schedule (0xFF, 100).
INFO: Seed: 4048807407
INFO: Loaded 1 modules   (10 inline 8-bit counters): 10 [0x5555555defb0, 0x5555555defba), 
INFO: Loaded 1 PC tables (10 PCs): 10 [0x5555555defc0,0x5555555df060), 
/script/motivating_example/sample_set/gcd/original_2_fuzz: Running 1 inputs 1 time(s) each.
Running: /script/motivating_example/sample_set/gcd/fuzzing_test/modified_inputs/41c6276542045744fd212556ed25af9e9abff1bb
(lldb)  frame info
frame #0: 0x00005555555bb402 original_2_fuzz`gcd(a=1715207936, b=-1728053211) at original_2.c:6:5
(lldb)  frame variable a -f dec 
(int) a = 1715207936
(lldb)  frame variable b -f dec 
(int) b = -1728053211
(lldb)  continue
Process 89897 resuming
Command #5 'continue' continued the target.
(lldb)  frame info
frame #0: 0x00005555555bb402 original_2_fuzz`gcd(a=-1728053211, b=1715207936) at original_2.c:6:5
(lldb)  frame variable a -f dec 
(int) a = -1728053211
(lldb)  frame variable b -f dec 
(int) b = 1715207936
(lldb)  continue
Process 89897 resuming
Command #5 'continue' continued the target.
(lldb)  frame info
frame #0: 0x00005555555bb402 original_2_fuzz`gcd(a=1715207936, b=-12845275) at original_2.c:6:5
(lldb)  frame variable a -f dec 
(int) a = 1715207936
(lldb)  frame variable b -f dec 
(int) b = -12845275
(lldb)  continue
Process 89897 resuming
Command #5 'continue' continued the target.
(lldb)  frame info
frame #0: 0x00005555555bb402 original_2_fuzz`gcd(a=-12845275, b=6786361) at original_2.c:6:5
(lldb)  frame variable a -f dec 
(int) a = -12845275
(lldb)  frame variable b -f dec 
(int) b = 6786361
(lldb)  continue
Process 89897 resuming
Command #5 'continue' continued the target.
(lldb)  frame info
frame #0: 0x00005555555bb402 original_2_fuzz`gcd(a=6786361, b=-6058914) at original_2.c:6:5
(lldb)  frame variable a -f dec 
(int) a = 6786361
(lldb)  frame variable b -f dec 
(int) b = -6058914
(lldb)  continue
Process 89897 resuming
Command #5 'continue' continued the target.
(lldb)  frame info
frame #0: 0x00005555555bb402 original_2_fuzz`gcd(a=-6058914, b=727447) at original_2.c:6:5
(lldb)  frame variable a -f dec 
(int) a = -6058914
(lldb)  frame variable b -f dec 
(int) b = 727447
(lldb)  continue
Process 89897 resuming
Command #5 'continue' continued the target.
(lldb)  frame info
frame #0: 0x00005555555bb402 original_2_fuzz`gcd(a=727447, b=-239338) at original_2.c:6:5
(lldb)  frame variable a -f dec 
(int) a = 727447
(lldb)  frame variable b -f dec 
(int) b = -239338
(lldb)  continue
Process 89897 resuming
Command #5 'continue' continued the target.
(lldb)  frame info
frame #0: 0x00005555555bb402 original_2_fuzz`gcd(a=-239338, b=9433) at original_2.c:6:5
(lldb)  frame variable a -f dec 
(int) a = -239338
(lldb)  frame variable b -f dec 
(int) b = 9433
(lldb)  continue
Process 89897 resuming
Command #5 'continue' continued the target.
(lldb)  frame info
frame #0: 0x00005555555bb402 original_2_fuzz`gcd(a=9433, b=-3513) at original_2.c:6:5
(lldb)  frame variable a -f dec 
(int) a = 9433
(lldb)  frame variable b -f dec 
(int) b = -3513
(lldb)  continue
Process 89897 resuming
Command #5 'continue' continued the target.
(lldb)  frame info
frame #0: 0x00005555555bb402 original_2_fuzz`gcd(a=-3513, b=2407) at original_2.c:6:5
(lldb)  frame variable a -f dec 
(int) a = -3513
(lldb)  frame variable b -f dec 
(int) b = 2407
(lldb)  continue
Process 89897 resuming
Command #5 'continue' continued the target.
(lldb)  frame info
frame #0: 0x00005555555bb402 original_2_fuzz`gcd(a=2407, b=-1106) at original_2.c:6:5
(lldb)  frame variable a -f dec 
(int) a = 2407
(lldb)  frame variable b -f dec 
(int) b = -1106
(lldb)  continue
Process 89897 resuming
Command #5 'continue' continued the target.
(lldb)  frame info
frame #0: 0x00005555555bb402 original_2_fuzz`gcd(a=-1106, b=195) at original_2.c:6:5
(lldb)  frame variable a -f dec 
(int) a = -1106
(lldb)  frame variable b -f dec 
(int) b = 195
(lldb)  continue
Process 89897 resuming
Command #5 'continue' continued the target.
(lldb)  frame info
frame #0: 0x00005555555bb402 original_2_fuzz`gcd(a=195, b=-131) at original_2.c:6:5
(lldb)  frame variable a -f dec 
(int) a = 195
(lldb)  frame variable b -f dec 
(int) b = -131
(lldb)  continue
Process 89897 resuming
Command #5 'continue' continued the target.
(lldb)  frame info
frame #0: 0x00005555555bb402 original_2_fuzz`gcd(a=-131, b=64) at original_2.c:6:5
(lldb)  frame variable a -f dec 
(int) a = -131
(lldb)  frame variable b -f dec 
(int) b = 64
(lldb)  continue
Process 89897 resuming
Command #5 'continue' continued the target.
(lldb)  frame info
frame #0: 0x00005555555bb402 original_2_fuzz`gcd(a=64, b=-3) at original_2.c:6:5
(lldb)  frame variable a -f dec 
(int) a = 64
(lldb)  frame variable b -f dec 
(int) b = -3
(lldb)  continue
Process 89897 resuming
Command #5 'continue' continued the target.
(lldb)  frame info
frame #0: 0x00005555555bb402 original_2_fuzz`gcd(a=-3, b=1) at original_2.c:6:5
(lldb)  frame variable a -f dec 
(int) a = -3
(lldb)  frame variable b -f dec 
(int) b = 1
(lldb)  continue
Process 89897 resuming
Command #5 'continue' continued the target.
(lldb)  frame info
frame #0: 0x00005555555bb402 original_2_fuzz`gcd(a=1, b=0) at original_2.c:6:5
(lldb)  frame variable a -f dec 
(int) a = 1
(lldb)  frame variable b -f dec 
(int) b = 0
(lldb)  continue
Process 89897 resuming
Command #5 'continue' continued the target.
Executed /script/motivating_example/sample_set/gcd/fuzzing_test/modified_inputs/41c6276542045744fd212556ed25af9e9abff1bb in 31 ms
***
*** NOTE: fuzzing was not performed, you have only
***       executed the target code on a fixed set of inputs.
***
Process 89897 exited with status = 0 (0x00000000)
Process 89897 launched: '/script/motivating_example/sample_set/gcd/original_2_fuzz' (x86_64)
(lldb) quit
