(lldb) target create "modified_fuzz"
Current executable set to '/script/motivating_example/sample_set/gcd/modified_fuzz' (x86_64).
(lldb) command source -s 0 '/script/motivating_example/sample_set/gcd/fuzzing_test/modified_debug/script/b262107fa0423ee0402e2714a97bb5dd97d39e2e/batch.lldb'
Executing commands in '/script/motivating_example/sample_set/gcd/fuzzing_test/modified_debug/script/b262107fa0423ee0402e2714a97bb5dd97d39e2e/batch.lldb'.
(lldb) settings set interpreter.stop-command-source-on-error 0
(lldb) settings set auto-confirm 1
(lldb) breakpoint set --file /script/motivating_example/sample_set/gcd/modified.c --line 9
Breakpoint 1: where = modified_fuzz`gcd + 121 at modified.c:9:9, address = 0x0000000000067429
(lldb) breakpoint command add 1
(lldb) run /script/motivating_example/sample_set/gcd/fuzzing_test/modified_inputs/b262107fa0423ee0402e2714a97bb5dd97d39e2e
INFO: Running with entropic power schedule (0xFF, 100).
INFO: Seed: 1590476059
INFO: Loaded 1 modules   (10 inline 8-bit counters): 10 [0x5555555defb0, 0x5555555defba), 
INFO: Loaded 1 PC tables (10 PCs): 10 [0x5555555defc0,0x5555555df060), 
/script/motivating_example/sample_set/gcd/modified_fuzz: Running 1 inputs 1 time(s) each.
Running: /script/motivating_example/sample_set/gcd/fuzzing_test/modified_inputs/b262107fa0423ee0402e2714a97bb5dd97d39e2e
(lldb)  frame info
frame #0: 0x00005555555bb429 modified_fuzz`gcd(a=0, b=993733120) at modified.c:9:9
(lldb)  frame variable a -f dec 
(int) a = 0
(lldb)  frame variable b -f dec 
(int) b = 993733120
(lldb)  continue
Process 74840 resuming
Command #5 'continue' continued the target.
(lldb)  frame info
frame #0: 0x00005555555bb429 modified_fuzz`gcd(a=0, b=0) at modified.c:9:9
(lldb)  frame variable a -f dec 
(int) a = 0
(lldb)  frame variable b -f dec 
(int) b = 0
(lldb)  continue
Process 74840 resuming
Command #5 'continue' continued the target.
Executed /script/motivating_example/sample_set/gcd/fuzzing_test/modified_inputs/b262107fa0423ee0402e2714a97bb5dd97d39e2e in 11 ms
***
*** NOTE: fuzzing was not performed, you have only
***       executed the target code on a fixed set of inputs.
***
Process 74840 exited with status = 0 (0x00000000)
Process 74840 launched: '/script/motivating_example/sample_set/gcd/modified_fuzz' (x86_64)
(lldb) quit