(lldb) target create "modified_fuzz"
Current executable set to '/script/motivating_example/sample_set/gcd/modified_fuzz' (x86_64).
(lldb) command source -s 0 '/script/motivating_example/sample_set/gcd/fuzzing_test/modified_debug/script/e2edd4900591d2f0914aa6a157ddfd28b8d008d5/batch.lldb'
Executing commands in '/script/motivating_example/sample_set/gcd/fuzzing_test/modified_debug/script/e2edd4900591d2f0914aa6a157ddfd28b8d008d5/batch.lldb'.
(lldb) settings set interpreter.stop-command-source-on-error 0
(lldb) settings set auto-confirm 1
(lldb) breakpoint set --file /script/motivating_example/sample_set/gcd/modified.c --line 9
Breakpoint 1: where = modified_fuzz`gcd + 121 at modified.c:9:9, address = 0x0000000000067429
(lldb) breakpoint command add 1
(lldb) run /script/motivating_example/sample_set/gcd/fuzzing_test/modified_inputs/e2edd4900591d2f0914aa6a157ddfd28b8d008d5
INFO: Running with entropic power schedule (0xFF, 100).
INFO: Seed: 2671826741
INFO: Loaded 1 modules   (10 inline 8-bit counters): 10 [0x5555555defb0, 0x5555555defba), 
INFO: Loaded 1 PC tables (10 PCs): 10 [0x5555555defc0,0x5555555df060), 
/script/motivating_example/sample_set/gcd/modified_fuzz: Running 1 inputs 1 time(s) each.
Running: /script/motivating_example/sample_set/gcd/fuzzing_test/modified_inputs/e2edd4900591d2f0914aa6a157ddfd28b8d008d5
(lldb)  frame info
frame #0: 0x00005555555bb429 modified_fuzz`gcd(a=486539272, b=50331639) at modified.c:9:9
(lldb)  frame variable a -f dec 
(int) a = 486539272
(lldb)  frame variable b -f dec 
(int) b = 50331639
(lldb)  continue
Process 75694 resuming
Command #5 'continue' continued the target.
(lldb)  frame info
frame #0: 0x00005555555bb429 modified_fuzz`gcd(a=452984751, b=33554521) at modified.c:9:9
(lldb)  frame variable a -f dec 
(int) a = 452984751
(lldb)  frame variable b -f dec 
(int) b = 33554521
(lldb)  continue
Process 75694 resuming
Command #5 'continue' continued the target.
(lldb)  frame info
frame #0: 0x00005555555bb429 modified_fuzz`gcd(a=436208773, b=16775978) at modified.c:9:9
(lldb)  frame variable a -f dec 
(int) a = 436208773
(lldb)  frame variable b -f dec 
(int) b = 16775978
(lldb)  continue
Process 75694 resuming
Command #5 'continue' continued the target.
(lldb)  frame info
frame #0: 0x00005555555bb429 modified_fuzz`gcd(a=436175428, b=33345) at modified.c:9:9
(lldb)  frame variable a -f dec 
(int) a = 436175428
(lldb)  frame variable b -f dec 
(int) b = 33345
(lldb)  continue
Process 75694 resuming
Command #5 'continue' continued the target.
(lldb)  frame info
frame #0: 0x00005555555bb429 modified_fuzz`gcd(a=436152600, b=22828) at modified.c:9:9
(lldb)  frame variable a -f dec 
(int) a = 436152600
(lldb)  frame variable b -f dec 
(int) b = 22828
(lldb)  continue
Process 75694 resuming
Command #5 'continue' continued the target.
(lldb)  frame info
frame #0: 0x00005555555bb429 modified_fuzz`gcd(a=436151768, b=832) at modified.c:9:9
(lldb)  frame variable a -f dec 
(int) a = 436151768
(lldb)  frame variable b -f dec 
(int) b = 832
(lldb)  continue
Process 75694 resuming
Command #5 'continue' continued the target.
(lldb)  frame info
frame #0: 0x00005555555bb429 modified_fuzz`gcd(a=436151040, b=728) at modified.c:9:9
(lldb)  frame variable a -f dec 
(int) a = 436151040
(lldb)  frame variable b -f dec 
(int) b = 728
(lldb)  continue
Process 75694 resuming
Command #5 'continue' continued the target.
(lldb)  frame info
frame #0: 0x00005555555bb429 modified_fuzz`gcd(a=436150624, b=416) at modified.c:9:9
(lldb)  frame variable a -f dec 
(int) a = 436150624
(lldb)  frame variable b -f dec 
(int) b = 416
(lldb)  continue
Process 75694 resuming
Command #5 'continue' continued the target.
(lldb)  frame info
frame #0: 0x00005555555bb429 modified_fuzz`gcd(a=436150624, b=0) at modified.c:9:9
(lldb)  frame variable a -f dec 
(int) a = 436150624
(lldb)  frame variable b -f dec 
(int) b = 0
(lldb)  continue
Process 75694 resuming
Command #5 'continue' continued the target.
Executed /script/motivating_example/sample_set/gcd/fuzzing_test/modified_inputs/e2edd4900591d2f0914aa6a157ddfd28b8d008d5 in 20 ms
***
*** NOTE: fuzzing was not performed, you have only
***       executed the target code on a fixed set of inputs.
***
Process 75694 exited with status = 0 (0x00000000)
Process 75694 launched: '/script/motivating_example/sample_set/gcd/modified_fuzz' (x86_64)
(lldb) quit