(lldb) target create "modified_fuzz"
Current executable set to '/script/motivating_example/sample_set/gcd/modified_fuzz' (x86_64).
(lldb) command source -s 0 '/script/motivating_example/sample_set/gcd/fuzzing_test/modified_debug/script/f1a32f4c9115f4c0e20318cdf7297e6b1d766161/batch.lldb'
Executing commands in '/script/motivating_example/sample_set/gcd/fuzzing_test/modified_debug/script/f1a32f4c9115f4c0e20318cdf7297e6b1d766161/batch.lldb'.
(lldb) settings set interpreter.stop-command-source-on-error 0
(lldb) settings set auto-confirm 1
(lldb) breakpoint set --file /script/motivating_example/sample_set/gcd/modified.c --line 9
Breakpoint 1: where = modified_fuzz`gcd + 121 at modified.c:9:9, address = 0x0000000000067429
(lldb) breakpoint command add 1
(lldb) run /script/motivating_example/sample_set/gcd/fuzzing_test/modified_inputs/f1a32f4c9115f4c0e20318cdf7297e6b1d766161
INFO: Running with entropic power schedule (0xFF, 100).
INFO: Seed: 1168673524
INFO: Loaded 1 modules   (10 inline 8-bit counters): 10 [0x5555555defb0, 0x5555555defba), 
INFO: Loaded 1 PC tables (10 PCs): 10 [0x5555555defc0,0x5555555df060), 
/script/motivating_example/sample_set/gcd/modified_fuzz: Running 1 inputs 1 time(s) each.
Running: /script/motivating_example/sample_set/gcd/fuzzing_test/modified_inputs/f1a32f4c9115f4c0e20318cdf7297e6b1d766161
(lldb)  frame info
frame #0: 0x00005555555bb429 modified_fuzz`gcd(a=-1985216694, b=-162266954) at modified.c:9:9
(lldb)  frame variable a -f dec 
(int) a = -1985216694
(lldb)  frame variable b -f dec 
(int) b = -162266954
(lldb)  continue
Process 75875 resuming
Command #5 'continue' continued the target.
(lldb)  frame info
frame #0: 0x00005555555bb429 modified_fuzz`gcd(a=-1947203448, b=-38013246) at modified.c:9:9
(lldb)  frame variable a -f dec 
(int) a = -1947203448
(lldb)  frame variable b -f dec 
(int) b = -38013246
(lldb)  continue
Process 75875 resuming
Command #5 'continue' continued the target.
(lldb)  frame info
frame #0: 0x00005555555bb429 modified_fuzz`gcd(a=-1938675546, b=-8527902) at modified.c:9:9
(lldb)  frame variable a -f dec 
(int) a = -1938675546
(lldb)  frame variable b -f dec 
(int) b = -8527902
(lldb)  continue
Process 75875 resuming
Command #5 'continue' continued the target.
(lldb)  frame info
frame #0: 0x00005555555bb429 modified_fuzz`gcd(a=-1935833754, b=-2841792) at modified.c:9:9
(lldb)  frame variable a -f dec 
(int) a = -1935833754
(lldb)  frame variable b -f dec 
(int) b = -2841792
(lldb)  continue
Process 75875 resuming
Command #5 'continue' continued the target.
(lldb)  frame info
frame #0: 0x00005555555bb429 modified_fuzz`gcd(a=-1935260352, b=-573402) at modified.c:9:9
(lldb)  frame variable a -f dec 
(int) a = -1935260352
(lldb)  frame variable b -f dec 
(int) b = -573402
(lldb)  continue
Process 75875 resuming
Command #5 'continue' continued the target.
(lldb)  frame info
frame #0: 0x00005555555bb429 modified_fuzz`gcd(a=-1935231750, b=-28602) at modified.c:9:9
(lldb)  frame variable a -f dec 
(int) a = -1935231750
(lldb)  frame variable b -f dec 
(int) b = -28602
(lldb)  continue
Process 75875 resuming
Command #5 'continue' continued the target.
(lldb)  frame info
frame #0: 0x00005555555bb429 modified_fuzz`gcd(a=-1935211320, b=-20430) at modified.c:9:9
(lldb)  frame variable a -f dec 
(int) a = -1935211320
(lldb)  frame variable b -f dec 
(int) b = -20430
(lldb)  continue
Process 75875 resuming
Command #5 'continue' continued the target.
(lldb)  frame info
frame #0: 0x00005555555bb429 modified_fuzz`gcd(a=-1935211320, b=0) at modified.c:9:9
(lldb)  frame variable a -f dec 
(int) a = -1935211320
(lldb)  frame variable b -f dec 
(int) b = 0
(lldb)  continue
Process 75875 resuming
Command #5 'continue' continued the target.
Executed /script/motivating_example/sample_set/gcd/fuzzing_test/modified_inputs/f1a32f4c9115f4c0e20318cdf7297e6b1d766161 in 20 ms
***
*** NOTE: fuzzing was not performed, you have only
***       executed the target code on a fixed set of inputs.
***
Process 75875 exited with status = 0 (0x00000000)
Process 75875 launched: '/script/motivating_example/sample_set/gcd/modified_fuzz' (x86_64)
(lldb) quit
