(lldb) target create "original_2_fuzz"
Current executable set to '/script/motivating_example/sample_set/bubble_sort/original_2_fuzz' (x86_64).
(lldb) command source -s 0 '/script/motivating_example/sample_set/bubble_sort/fuzzing_test/original_2_debug/script/1702206165fd9c3f18a2def49e81de20aef64bae/batch.lldb'
Executing commands in '/script/motivating_example/sample_set/bubble_sort/fuzzing_test/original_2_debug/script/1702206165fd9c3f18a2def49e81de20aef64bae/batch.lldb'.
(lldb) settings set interpreter.stop-command-source-on-error 0
(lldb) settings set auto-confirm 1
(lldb) breakpoint set --file /script/motivating_example/sample_set/bubble_sort/original_2.c --line 18
Breakpoint 1: where = original_2_fuzz`bubble_sort + 361 at original_2.c:18:17, address = 0x0000000000067519
(lldb) breakpoint command add 1
(lldb) run /script/motivating_example/sample_set/bubble_sort/fuzzing_test/modified_inputs/1702206165fd9c3f18a2def49e81de20aef64bae
INFO: Running with entropic power schedule (0xFF, 100).
INFO: Seed: 4047151805
INFO: Loaded 1 modules   (12 inline 8-bit counters): 12 [0x5555555defc0, 0x5555555defcc), 
INFO: Loaded 1 PC tables (12 PCs): 12 [0x5555555defd0,0x5555555df090), 
/script/motivating_example/sample_set/bubble_sort/original_2_fuzz: Running 1 inputs 1 time(s) each.
Running: /script/motivating_example/sample_set/bubble_sort/fuzzing_test/modified_inputs/1702206165fd9c3f18a2def49e81de20aef64bae
(lldb)  frame info
frame #0: 0x00005555555bb519 original_2_fuzz`bubble_sort(arr=0x0000555555f67f50, size=2) at original_2.c:18:17
(lldb)  frame variable i -f dec 
(size_t) i = 0
(lldb)  frame variable j -f dec 
(size_t) j = 0
(lldb)  frame variable temp -f dec 
(int) temp = 168430142
(lldb)  continue
Process 135495 resuming
Command #6 'continue' continued the target.
Executed /script/motivating_example/sample_set/bubble_sort/fuzzing_test/modified_inputs/1702206165fd9c3f18a2def49e81de20aef64bae in 12 ms
***
*** NOTE: fuzzing was not performed, you have only
***       executed the target code on a fixed set of inputs.
***
Process 135495 exited with status = 0 (0x00000000)
Process 135495 launched: '/script/motivating_example/sample_set/bubble_sort/original_2_fuzz' (x86_64)
(lldb) quit