(lldb) target create "modified_fuzz"
Current executable set to '/script/motivating_example/sample_set/gcd/modified_fuzz' (x86_64).
(lldb) command source -s 0 '/script/motivating_example/sample_set/gcd/fuzzing_test/modified_debug/script/66767664c27777d66c75e519e9e722a4e338b533/batch.lldb'
Executing commands in '/script/motivating_example/sample_set/gcd/fuzzing_test/modified_debug/script/66767664c27777d66c75e519e9e722a4e338b533/batch.lldb'.
(lldb) settings set interpreter.stop-command-source-on-error 0
(lldb) settings set auto-confirm 1
(lldb) breakpoint set --file /script/motivating_example/sample_set/gcd/modified.c --line 9
Breakpoint 1: where = modified_fuzz`gcd + 121 at modified.c:9:9, address = 0x0000000000067429
(lldb) breakpoint command add 1
(lldb) run /script/motivating_example/sample_set/gcd/fuzzing_test/modified_inputs/66767664c27777d66c75e519e9e722a4e338b533
INFO: Running with entropic power schedule (0xFF, 100).
INFO: Seed: 3816313375
INFO: Loaded 1 modules   (10 inline 8-bit counters): 10 [0x5555555defb0, 0x5555555defba), 
INFO: Loaded 1 PC tables (10 PCs): 10 [0x5555555defc0,0x5555555df060), 
/script/motivating_example/sample_set/gcd/modified_fuzz: Running 1 inputs 1 time(s) each.
Running: /script/motivating_example/sample_set/gcd/fuzzing_test/modified_inputs/66767664c27777d66c75e519e9e722a4e338b533
(lldb)  frame info
frame #0: 0x00005555555bb429 modified_fuzz`gcd(a=1006579067, b=728250604) at modified.c:9:9
(lldb)  frame variable a -f dec 
(int) a = 1006579067
(lldb)  frame variable b -f dec 
(int) b = 728250604
(lldb)  continue
Process 73916 resuming
Command #5 'continue' continued the target.
(lldb)  frame info
frame #0: 0x00005555555bb429 modified_fuzz`gcd(a=728250604, b=278328463) at modified.c:9:9
(lldb)  frame variable a -f dec 
(int) a = 728250604
(lldb)  frame variable b -f dec 
(int) b = 278328463
(lldb)  continue
Process 73916 resuming
Command #5 'continue' continued the target.
(lldb)  frame info
frame #0: 0x00005555555bb429 modified_fuzz`gcd(a=556656926, b=171593678) at modified.c:9:9
(lldb)  frame variable a -f dec 
(int) a = 556656926
(lldb)  frame variable b -f dec 
(int) b = 171593678
(lldb)  continue
Process 73916 resuming
Command #5 'continue' continued the target.
(lldb)  frame info
frame #0: 0x00005555555bb429 modified_fuzz`gcd(a=514781034, b=41875892) at modified.c:9:9
(lldb)  frame variable a -f dec 
(int) a = 514781034
(lldb)  frame variable b -f dec 
(int) b = 41875892
(lldb)  continue
Process 73916 resuming
Command #5 'continue' continued the target.
(lldb)  frame info
frame #0: 0x00005555555bb429 modified_fuzz`gcd(a=502510704, b=12270330) at modified.c:9:9
(lldb)  frame variable a -f dec 
(int) a = 502510704
(lldb)  frame variable b -f dec 
(int) b = 12270330
(lldb)  continue
Process 73916 resuming
Command #5 'continue' continued the target.
(lldb)  frame info
frame #0: 0x00005555555bb429 modified_fuzz`gcd(a=490813200, b=11697504) at modified.c:9:9
(lldb)  frame variable a -f dec 
(int) a = 490813200
(lldb)  frame variable b -f dec 
(int) b = 11697504
(lldb)  continue
Process 73916 resuming
Command #5 'continue' continued the target.
(lldb)  frame info
frame #0: 0x00005555555bb429 modified_fuzz`gcd(a=479597664, b=11215536) at modified.c:9:9
(lldb)  frame variable a -f dec 
(int) a = 479597664
(lldb)  frame variable b -f dec 
(int) b = 11215536
(lldb)  continue
Process 73916 resuming
Command #5 'continue' continued the target.
(lldb)  frame info
frame #0: 0x00005555555bb429 modified_fuzz`gcd(a=471052512, b=8545152) at modified.c:9:9
(lldb)  frame variable a -f dec 
(int) a = 471052512
(lldb)  frame variable b -f dec 
(int) b = 8545152
(lldb)  continue
Process 73916 resuming
Command #5 'continue' continued the target.
(lldb)  frame info
frame #0: 0x00005555555bb429 modified_fuzz`gcd(a=469983360, b=1069152) at modified.c:9:9
(lldb)  frame variable a -f dec 
(int) a = 469983360
(lldb)  frame variable b -f dec 
(int) b = 1069152
(lldb)  continue
Process 73916 resuming
Command #5 'continue' continued the target.
(lldb)  frame info
frame #0: 0x00005555555bb429 modified_fuzz`gcd(a=469357728, b=625632) at modified.c:9:9
(lldb)  frame variable a -f dec 
(int) a = 469357728
(lldb)  frame variable b -f dec 
(int) b = 625632
(lldb)  continue
Process 73916 resuming
Command #5 'continue' continued the target.
(lldb)  frame info
frame #0: 0x00005555555bb429 modified_fuzz`gcd(a=469224000, b=133728) at modified.c:9:9
(lldb)  frame variable a -f dec 
(int) a = 469224000
(lldb)  frame variable b -f dec 
(int) b = 133728
(lldb)  continue
Process 73916 resuming
Command #5 'continue' continued the target.
(lldb)  frame info
frame #0: 0x00005555555bb429 modified_fuzz`gcd(a=469117824, b=106176) at modified.c:9:9
(lldb)  frame variable a -f dec 
(int) a = 469117824
(lldb)  frame variable b -f dec 
(int) b = 106176
(lldb)  continue
Process 73916 resuming
Command #5 'continue' continued the target.
(lldb)  frame info
frame #0: 0x00005555555bb429 modified_fuzz`gcd(a=469085568, b=32256) at modified.c:9:9
(lldb)  frame variable a -f dec 
(int) a = 469085568
(lldb)  frame variable b -f dec 
(int) b = 32256
(lldb)  continue
Process 73916 resuming
Command #5 'continue' continued the target.
(lldb)  frame info
frame #0: 0x00005555555bb429 modified_fuzz`gcd(a=469066752, b=18816) at modified.c:9:9
(lldb)  frame variable a -f dec 
(int) a = 469066752
(lldb)  frame variable b -f dec 
(int) b = 18816
(lldb)  continue
Process 73916 resuming
Command #5 'continue' continued the target.
(lldb)  frame info
frame #0: 0x00005555555bb429 modified_fuzz`gcd(a=469064064, b=2688) at modified.c:9:9
(lldb)  frame variable a -f dec 
(int) a = 469064064
(lldb)  frame variable b -f dec 
(int) b = 2688
(lldb)  continue
Process 73916 resuming
Command #5 'continue' continued the target.
(lldb)  frame info
frame #0: 0x00005555555bb429 modified_fuzz`gcd(a=469064064, b=0) at modified.c:9:9
(lldb)  frame variable a -f dec 
(int) a = 469064064
(lldb)  frame variable b -f dec 
(int) b = 0
(lldb)  continue
Process 73916 resuming
Command #5 'continue' continued the target.
Executed /script/motivating_example/sample_set/gcd/fuzzing_test/modified_inputs/66767664c27777d66c75e519e9e722a4e338b533 in 36 ms
***
*** NOTE: fuzzing was not performed, you have only
***       executed the target code on a fixed set of inputs.
***
Process 73916 exited with status = 0 (0x00000000)
Process 73916 launched: '/script/motivating_example/sample_set/gcd/modified_fuzz' (x86_64)
(lldb) quit