(lldb) target create "modified_fuzz"
Current executable set to '/script/motivating_example/sample_set/gcd/modified_fuzz' (x86_64).
(lldb) command source -s 0 '/script/motivating_example/sample_set/gcd/fuzzing_test/modified_debug/script/7a01a850dbbc3eec0e78a4afe4b4b1e4ffd573bb/batch.lldb'
Executing commands in '/script/motivating_example/sample_set/gcd/fuzzing_test/modified_debug/script/7a01a850dbbc3eec0e78a4afe4b4b1e4ffd573bb/batch.lldb'.
(lldb) settings set interpreter.stop-command-source-on-error 0
(lldb) settings set auto-confirm 1
(lldb) breakpoint set --file /script/motivating_example/sample_set/gcd/modified.c --line 9
Breakpoint 1: where = modified_fuzz`gcd + 121 at modified.c:9:9, address = 0x0000000000067429
(lldb) breakpoint command add 1
(lldb) run /script/motivating_example/sample_set/gcd/fuzzing_test/modified_inputs/7a01a850dbbc3eec0e78a4afe4b4b1e4ffd573bb
INFO: Running with entropic power schedule (0xFF, 100).
INFO: Seed: 2568120395
INFO: Loaded 1 modules   (10 inline 8-bit counters): 10 [0x5555555defb0, 0x5555555defba), 
INFO: Loaded 1 PC tables (10 PCs): 10 [0x5555555defc0,0x5555555df060), 
/script/motivating_example/sample_set/gcd/modified_fuzz: Running 1 inputs 1 time(s) each.
Running: /script/motivating_example/sample_set/gcd/fuzzing_test/modified_inputs/7a01a850dbbc3eec0e78a4afe4b4b1e4ffd573bb
(lldb)  frame info
frame #0: 0x00005555555bb429 modified_fuzz`gcd(a=-2114125185, b=-33358463) at modified.c:9:9
(lldb)  frame variable a -f dec 
(int) a = -2114125185
(lldb)  frame variable b -f dec 
(int) b = -33358463
(lldb)  continue
Process 74094 resuming
Command #5 'continue' continued the target.
(lldb)  frame info
frame #0: 0x00005555555bb429 modified_fuzz`gcd(a=-2101583169, b=-12542016) at modified.c:9:9
(lldb)  frame variable a -f dec 
(int) a = -2101583169
(lldb)  frame variable b -f dec 
(int) b = -12542016
(lldb)  continue
Process 74094 resuming
Command #5 'continue' continued the target.
(lldb)  frame info
frame #0: 0x00005555555bb429 modified_fuzz`gcd(a=-2094516672, b=-7066497) at modified.c:9:9
(lldb)  frame variable a -f dec 
(int) a = -2094516672
(lldb)  frame variable b -f dec 
(int) b = -7066497
(lldb)  continue
Process 74094 resuming
Command #5 'continue' continued the target.
(lldb)  frame info
frame #0: 0x00005555555bb429 modified_fuzz`gcd(a=-2091683112, b=-2833560) at modified.c:9:9
(lldb)  frame variable a -f dec 
(int) a = -2091683112
(lldb)  frame variable b -f dec 
(int) b = -2833560
(lldb)  continue
Process 74094 resuming
Command #5 'continue' continued the target.
(lldb)  frame info
frame #0: 0x00005555555bb429 modified_fuzz`gcd(a=-2091167280, b=-515832) at modified.c:9:9
(lldb)  frame variable a -f dec 
(int) a = -2091167280
(lldb)  frame variable b -f dec 
(int) b = -515832
(lldb)  continue
Process 74094 resuming
Command #5 'continue' continued the target.
(lldb)  frame info
frame #0: 0x00005555555bb429 modified_fuzz`gcd(a=-2090667096, b=-500184) at modified.c:9:9
(lldb)  frame variable a -f dec 
(int) a = -2090667096
(lldb)  frame variable b -f dec 
(int) b = -500184
(lldb)  continue
Process 74094 resuming
Command #5 'continue' continued the target.
(lldb)  frame info
frame #0: 0x00005555555bb429 modified_fuzz`gcd(a=-2090268936, b=-398160) at modified.c:9:9
(lldb)  frame variable a -f dec 
(int) a = -2090268936
(lldb)  frame variable b -f dec 
(int) b = -398160
(lldb)  continue
Process 74094 resuming
Command #5 'continue' continued the target.
(lldb)  frame info
frame #0: 0x00005555555bb429 modified_fuzz`gcd(a=-2089941840, b=-327096) at modified.c:9:9
(lldb)  frame variable a -f dec 
(int) a = -2089941840
(lldb)  frame variable b -f dec 
(int) b = -327096
(lldb)  continue
Process 74094 resuming
Command #5 'continue' continued the target.
(lldb)  frame info
frame #0: 0x00005555555bb429 modified_fuzz`gcd(a=-2089816344, b=-125496) at modified.c:9:9
(lldb)  frame variable a -f dec 
(int) a = -2089816344
(lldb)  frame variable b -f dec 
(int) b = -125496
(lldb)  continue
Process 74094 resuming
Command #5 'continue' continued the target.
(lldb)  frame info
frame #0: 0x00005555555bb429 modified_fuzz`gcd(a=-2089759392, b=-56952) at modified.c:9:9
(lldb)  frame variable a -f dec 
(int) a = -2089759392
(lldb)  frame variable b -f dec 
(int) b = -56952
(lldb)  continue
Process 74094 resuming
Command #5 'continue' continued the target.
(lldb)  frame info
frame #0: 0x00005555555bb429 modified_fuzz`gcd(a=-2089739736, b=-19656) at modified.c:9:9
(lldb)  frame variable a -f dec 
(int) a = -2089739736
(lldb)  frame variable b -f dec 
(int) b = -19656
(lldb)  continue
Process 74094 resuming
Command #5 'continue' continued the target.
(lldb)  frame info
frame #0: 0x00005555555bb429 modified_fuzz`gcd(a=-2089727640, b=-12096) at modified.c:9:9
(lldb)  frame variable a -f dec 
(int) a = -2089727640
(lldb)  frame variable b -f dec 
(int) b = -12096
(lldb)  continue
Process 74094 resuming
Command #5 'continue' continued the target.
(lldb)  frame info
frame #0: 0x00005555555bb429 modified_fuzz`gcd(a=-2089717056, b=-10584) at modified.c:9:9
(lldb)  frame variable a -f dec 
(int) a = -2089717056
(lldb)  frame variable b -f dec 
(int) b = -10584
(lldb)  continue
Process 74094 resuming
Command #5 'continue' continued the target.
(lldb)  frame info
frame #0: 0x00005555555bb429 modified_fuzz`gcd(a=-2089715544, b=-1512) at modified.c:9:9
(lldb)  frame variable a -f dec 
(int) a = -2089715544
(lldb)  frame variable b -f dec 
(int) b = -1512
(lldb)  continue
Process 74094 resuming
Command #5 'continue' continued the target.
(lldb)  frame info
frame #0: 0x00005555555bb429 modified_fuzz`gcd(a=-2089715544, b=0) at modified.c:9:9
(lldb)  frame variable a -f dec 
(int) a = -2089715544
(lldb)  frame variable b -f dec 
(int) b = 0
(lldb)  continue
Process 74094 resuming
Command #5 'continue' continued the target.
Executed /script/motivating_example/sample_set/gcd/fuzzing_test/modified_inputs/7a01a850dbbc3eec0e78a4afe4b4b1e4ffd573bb in 32 ms
***
*** NOTE: fuzzing was not performed, you have only
***       executed the target code on a fixed set of inputs.
***
Process 74094 exited with status = 0 (0x00000000)
Process 74094 launched: '/script/motivating_example/sample_set/gcd/modified_fuzz' (x86_64)
(lldb) quit
