(lldb) target create "original_2_fuzz"
Current executable set to '/script/motivating_example/sample_set/gcd/original_2_fuzz' (x86_64).
(lldb) command source -s 0 '/script/motivating_example/sample_set/gcd/fuzzing_test/original_2_debug/script/31c3bc58209e82c619f9b871733f7c1b658b8c4b/batch.lldb'
Executing commands in '/script/motivating_example/sample_set/gcd/fuzzing_test/original_2_debug/script/31c3bc58209e82c619f9b871733f7c1b658b8c4b/batch.lldb'.
(lldb) settings set interpreter.stop-command-source-on-error 0
(lldb) settings set auto-confirm 1
(lldb) breakpoint set --file /script/motivating_example/sample_set/gcd/original_2.c --line 6
Breakpoint 1: where = original_2_fuzz`gcd + 82 at original_2.c:6:5, address = 0x0000000000067402
(lldb) breakpoint command add 1
(lldb) run /script/motivating_example/sample_set/gcd/fuzzing_test/modified_inputs/31c3bc58209e82c619f9b871733f7c1b658b8c4b
INFO: Running with entropic power schedule (0xFF, 100).
INFO: Seed: 3309437600
INFO: Loaded 1 modules   (10 inline 8-bit counters): 10 [0x5555555defb0, 0x5555555defba), 
INFO: Loaded 1 PC tables (10 PCs): 10 [0x5555555defc0,0x5555555df060), 
/script/motivating_example/sample_set/gcd/original_2_fuzz: Running 1 inputs 1 time(s) each.
Running: /script/motivating_example/sample_set/gcd/fuzzing_test/modified_inputs/31c3bc58209e82c619f9b871733f7c1b658b8c4b
(lldb)  frame info
frame #0: 0x00005555555bb402 original_2_fuzz`gcd(a=2146434904, b=131073) at original_2.c:6:5
(lldb)  frame variable a -f dec 
(int) a = 2146434904
(lldb)  frame variable b -f dec 
(int) b = 131073
(lldb)  continue
Process 89595 resuming
Command #5 'continue' continued the target.
(lldb)  frame info
frame #0: 0x00005555555bb402 original_2_fuzz`gcd(a=131073, b=114529) at original_2.c:6:5
(lldb)  frame variable a -f dec 
(int) a = 131073
(lldb)  frame variable b -f dec 
(int) b = 114529
(lldb)  continue
Process 89595 resuming
Command #5 'continue' continued the target.
(lldb)  frame info
frame #0: 0x00005555555bb402 original_2_fuzz`gcd(a=114529, b=16544) at original_2.c:6:5
(lldb)  frame variable a -f dec 
(int) a = 114529
(lldb)  frame variable b -f dec 
(int) b = 16544
(lldb)  continue
Process 89595 resuming
Command #5 'continue' continued the target.
(lldb)  frame info
frame #0: 0x00005555555bb402 original_2_fuzz`gcd(a=16544, b=15265) at original_2.c:6:5
(lldb)  frame variable a -f dec 
(int) a = 16544
(lldb)  frame variable b -f dec 
(int) b = 15265
(lldb)  continue
Process 89595 resuming
Command #5 'continue' continued the target.
(lldb)  frame info
frame #0: 0x00005555555bb402 original_2_fuzz`gcd(a=15265, b=1279) at original_2.c:6:5
(lldb)  frame variable a -f dec 
(int) a = 15265
(lldb)  frame variable b -f dec 
(int) b = 1279
(lldb)  continue
Process 89595 resuming
Command #5 'continue' continued the target.
(lldb)  frame info
frame #0: 0x00005555555bb402 original_2_fuzz`gcd(a=1279, b=1196) at original_2.c:6:5
(lldb)  frame variable a -f dec 
(int) a = 1279
(lldb)  frame variable b -f dec 
(int) b = 1196
(lldb)  continue
Process 89595 resuming
Command #5 'continue' continued the target.
(lldb)  frame info
frame #0: 0x00005555555bb402 original_2_fuzz`gcd(a=1196, b=83) at original_2.c:6:5
(lldb)  frame variable a -f dec 
(int) a = 1196
(lldb)  frame variable b -f dec 
(int) b = 83
(lldb)  continue
Process 89595 resuming
Command #5 'continue' continued the target.
(lldb)  frame info
frame #0: 0x00005555555bb402 original_2_fuzz`gcd(a=83, b=34) at original_2.c:6:5
(lldb)  frame variable a -f dec 
(int) a = 83
(lldb)  frame variable b -f dec 
(int) b = 34
(lldb)  continue
Process 89595 resuming
Command #5 'continue' continued the target.
(lldb)  frame info
frame #0: 0x00005555555bb402 original_2_fuzz`gcd(a=34, b=15) at original_2.c:6:5
(lldb)  frame variable a -f dec 
(int) a = 34
(lldb)  frame variable b -f dec 
(int) b = 15
(lldb)  continue
Process 89595 resuming
Command #5 'continue' continued the target.
(lldb)  frame info
frame #0: 0x00005555555bb402 original_2_fuzz`gcd(a=15, b=4) at original_2.c:6:5
(lldb)  frame variable a -f dec 
(int) a = 15
(lldb)  frame variable b -f dec 
(int) b = 4
(lldb)  continue
Process 89595 resuming
Command #5 'continue' continued the target.
(lldb)  frame info
frame #0: 0x00005555555bb402 original_2_fuzz`gcd(a=4, b=3) at original_2.c:6:5
(lldb)  frame variable a -f dec 
(int) a = 4
(lldb)  frame variable b -f dec 
(int) b = 3
(lldb)  continue
Process 89595 resuming
Command #5 'continue' continued the target.
(lldb)  frame info
frame #0: 0x00005555555bb402 original_2_fuzz`gcd(a=3, b=1) at original_2.c:6:5
(lldb)  frame variable a -f dec 
(int) a = 3
(lldb)  frame variable b -f dec 
(int) b = 1
(lldb)  continue
Process 89595 resuming
Command #5 'continue' continued the target.
(lldb)  frame info
frame #0: 0x00005555555bb402 original_2_fuzz`gcd(a=1, b=0) at original_2.c:6:5
(lldb)  frame variable a -f dec 
(int) a = 1
(lldb)  frame variable b -f dec 
(int) b = 0
(lldb)  continue
Process 89595 resuming
Command #5 'continue' continued the target.
Executed /script/motivating_example/sample_set/gcd/fuzzing_test/modified_inputs/31c3bc58209e82c619f9b871733f7c1b658b8c4b in 30 ms
***
*** NOTE: fuzzing was not performed, you have only
***       executed the target code on a fixed set of inputs.
***
Process 89595 exited with status = 0 (0x00000000)
Process 89595 launched: '/script/motivating_example/sample_set/gcd/original_2_fuzz' (x86_64)
(lldb) quit
