(lldb) target create "original_1_fuzz"
Current executable set to '/script/motivating_example/sample_set/gcd/original_1_fuzz' (x86_64).
(lldb) command source -s 0 '/script/motivating_example/sample_set/gcd/fuzzing_test/original_1_debug/script/8689e7e9b3b481becbf64ca022972b383b24b7b4/batch.lldb'
Executing commands in '/script/motivating_example/sample_set/gcd/fuzzing_test/original_1_debug/script/8689e7e9b3b481becbf64ca022972b383b24b7b4/batch.lldb'.
(lldb) settings set interpreter.stop-command-source-on-error 0
(lldb) settings set auto-confirm 1
(lldb) breakpoint set --file /script/motivating_example/sample_set/gcd/original_1.c --line 10
Breakpoint 1: where = original_1_fuzz`gcd + 124 at original_1.c:10:9, address = 0x000000000006742c
(lldb) breakpoint command add 1
(lldb) run /script/motivating_example/sample_set/gcd/fuzzing_test/modified_inputs/8689e7e9b3b481becbf64ca022972b383b24b7b4
INFO: Running with entropic power schedule (0xFF, 100).
INFO: Seed: 1231606067
INFO: Loaded 1 modules   (10 inline 8-bit counters): 10 [0x5555555defb0, 0x5555555defba), 
INFO: Loaded 1 PC tables (10 PCs): 10 [0x5555555defc0,0x5555555df060), 
/script/motivating_example/sample_set/gcd/original_1_fuzz: Running 1 inputs 1 time(s) each.
Running: /script/motivating_example/sample_set/gcd/fuzzing_test/modified_inputs/8689e7e9b3b481becbf64ca022972b383b24b7b4
(lldb)  frame info
frame #0: 0x00005555555bb42c original_1_fuzz`gcd(a=1728734823, b=1064965) at original_1.c:10:9
(lldb)  frame variable a -f dec 
(int) a = 1728734823
(lldb)  frame variable b -f dec 
(int) b = 1064965
(lldb)  continue
Process 82642 resuming
Command #5 'continue' continued the target.
(lldb)  frame info
frame #0: 0x00005555555bb42c original_1_fuzz`gcd(a=1064965, b=296628) at original_1.c:10:9
(lldb)  frame variable a -f dec 
(int) a = 1064965
(lldb)  frame variable b -f dec 
(int) b = 296628
(lldb)  continue
Process 82642 resuming
Command #5 'continue' continued the target.
(lldb)  frame info
frame #0: 0x00005555555bb42c original_1_fuzz`gcd(a=296628, b=175081) at original_1.c:10:9
(lldb)  frame variable a -f dec 
(int) a = 296628
(lldb)  frame variable b -f dec 
(int) b = 175081
(lldb)  continue
Process 82642 resuming
Command #5 'continue' continued the target.
(lldb)  frame info
frame #0: 0x00005555555bb42c original_1_fuzz`gcd(a=175081, b=121547) at original_1.c:10:9
(lldb)  frame variable a -f dec 
(int) a = 175081
(lldb)  frame variable b -f dec 
(int) b = 121547
(lldb)  continue
Process 82642 resuming
Command #5 'continue' continued the target.
(lldb)  frame info
frame #0: 0x00005555555bb42c original_1_fuzz`gcd(a=121547, b=53534) at original_1.c:10:9
(lldb)  frame variable a -f dec 
(int) a = 121547
(lldb)  frame variable b -f dec 
(int) b = 53534
(lldb)  continue
Process 82642 resuming
Command #5 'continue' continued the target.
(lldb)  frame info
frame #0: 0x00005555555bb42c original_1_fuzz`gcd(a=53534, b=14479) at original_1.c:10:9
(lldb)  frame variable a -f dec 
(int) a = 53534
(lldb)  frame variable b -f dec 
(int) b = 14479
(lldb)  continue
Process 82642 resuming
Command #5 'continue' continued the target.
(lldb)  frame info
frame #0: 0x00005555555bb42c original_1_fuzz`gcd(a=14479, b=10097) at original_1.c:10:9
(lldb)  frame variable a -f dec 
(int) a = 14479
(lldb)  frame variable b -f dec 
(int) b = 10097
(lldb)  continue
Process 82642 resuming
Command #5 'continue' continued the target.
(lldb)  frame info
frame #0: 0x00005555555bb42c original_1_fuzz`gcd(a=10097, b=4382) at original_1.c:10:9
(lldb)  frame variable a -f dec 
(int) a = 10097
(lldb)  frame variable b -f dec 
(int) b = 4382
(lldb)  continue
Process 82642 resuming
Command #5 'continue' continued the target.
(lldb)  frame info
frame #0: 0x00005555555bb42c original_1_fuzz`gcd(a=4382, b=1333) at original_1.c:10:9
(lldb)  frame variable a -f dec 
(int) a = 4382
(lldb)  frame variable b -f dec 
(int) b = 1333
(lldb)  continue
Process 82642 resuming
Command #5 'continue' continued the target.
(lldb)  frame info
frame #0: 0x00005555555bb42c original_1_fuzz`gcd(a=1333, b=383) at original_1.c:10:9
(lldb)  frame variable a -f dec 
(int) a = 1333
(lldb)  frame variable b -f dec 
(int) b = 383
(lldb)  continue
Process 82642 resuming
Command #5 'continue' continued the target.
(lldb)  frame info
frame #0: 0x00005555555bb42c original_1_fuzz`gcd(a=383, b=184) at original_1.c:10:9
(lldb)  frame variable a -f dec 
(int) a = 383
(lldb)  frame variable b -f dec 
(int) b = 184
(lldb)  continue
Process 82642 resuming
Command #5 'continue' continued the target.
(lldb)  frame info
frame #0: 0x00005555555bb42c original_1_fuzz`gcd(a=184, b=15) at original_1.c:10:9
(lldb)  frame variable a -f dec 
(int) a = 184
(lldb)  frame variable b -f dec 
(int) b = 15
(lldb)  continue
Process 82642 resuming
Command #5 'continue' continued the target.
(lldb)  frame info
frame #0: 0x00005555555bb42c original_1_fuzz`gcd(a=15, b=4) at original_1.c:10:9
(lldb)  frame variable a -f dec 
(int) a = 15
(lldb)  frame variable b -f dec 
(int) b = 4
(lldb)  continue
Process 82642 resuming
Command #5 'continue' continued the target.
(lldb)  frame info
frame #0: 0x00005555555bb42c original_1_fuzz`gcd(a=4, b=3) at original_1.c:10:9
(lldb)  frame variable a -f dec 
(int) a = 4
(lldb)  frame variable b -f dec 
(int) b = 3
(lldb)  continue
Process 82642 resuming
Command #5 'continue' continued the target.
(lldb)  frame info
frame #0: 0x00005555555bb42c original_1_fuzz`gcd(a=3, b=1) at original_1.c:10:9
(lldb)  frame variable a -f dec 
(int) a = 3
(lldb)  frame variable b -f dec 
(int) b = 1
(lldb)  continue
Process 82642 resuming
Command #5 'continue' continued the target.
(lldb)  frame info
frame #0: 0x00005555555bb42c original_1_fuzz`gcd(a=1, b=0) at original_1.c:10:9
(lldb)  frame variable a -f dec 
(int) a = 1
(lldb)  frame variable b -f dec 
(int) b = 0
(lldb)  continue
Process 82642 resuming
Command #5 'continue' continued the target.
Executed /script/motivating_example/sample_set/gcd/fuzzing_test/modified_inputs/8689e7e9b3b481becbf64ca022972b383b24b7b4 in 33 ms
***
*** NOTE: fuzzing was not performed, you have only
***       executed the target code on a fixed set of inputs.
***
Process 82642 exited with status = 0 (0x00000000)
Process 82642 launched: '/script/motivating_example/sample_set/gcd/original_1_fuzz' (x86_64)
(lldb) quit
