(lldb) target create "original_2_fuzz"
Current executable set to '/script/motivating_example/sample_set/gcd/original_2_fuzz' (x86_64).
(lldb) command source -s 0 '/script/motivating_example/sample_set/gcd/fuzzing_test/original_2_debug/script/f2078a8592ed8de118a661d9c5efc3a8ac48fb0a/batch.lldb'
Executing commands in '/script/motivating_example/sample_set/gcd/fuzzing_test/original_2_debug/script/f2078a8592ed8de118a661d9c5efc3a8ac48fb0a/batch.lldb'.
(lldb) settings set interpreter.stop-command-source-on-error 0
(lldb) settings set auto-confirm 1
(lldb) breakpoint set --file /script/motivating_example/sample_set/gcd/original_2.c --line 6
Breakpoint 1: where = original_2_fuzz`gcd + 82 at original_2.c:6:5, address = 0x0000000000067402
(lldb) breakpoint command add 1
(lldb) run /script/motivating_example/sample_set/gcd/fuzzing_test/modified_inputs/f2078a8592ed8de118a661d9c5efc3a8ac48fb0a
INFO: Running with entropic power schedule (0xFF, 100).
INFO: Seed: 705410218
INFO: Loaded 1 modules   (10 inline 8-bit counters): 10 [0x5555555defb0, 0x5555555defba), 
INFO: Loaded 1 PC tables (10 PCs): 10 [0x5555555defc0,0x5555555df060), 
/script/motivating_example/sample_set/gcd/original_2_fuzz: Running 1 inputs 1 time(s) each.
Running: /script/motivating_example/sample_set/gcd/fuzzing_test/modified_inputs/f2078a8592ed8de118a661d9c5efc3a8ac48fb0a
(lldb)  frame info
frame #0: 0x00005555555bb402 original_2_fuzz`gcd(a=2147483392, b=41216) at original_2.c:6:5
(lldb)  frame variable a -f dec 
(int) a = 2147483392
(lldb)  frame variable b -f dec 
(int) b = 41216
(lldb)  continue
Process 92599 resuming
Command #5 'continue' continued the target.
(lldb)  frame info
frame #0: 0x00005555555bb402 original_2_fuzz`gcd(a=41216, b=6144) at original_2.c:6:5
(lldb)  frame variable a -f dec 
(int) a = 41216
(lldb)  frame variable b -f dec 
(int) b = 6144
(lldb)  continue
Process 92599 resuming
Command #5 'continue' continued the target.
(lldb)  frame info
frame #0: 0x00005555555bb402 original_2_fuzz`gcd(a=6144, b=4352) at original_2.c:6:5
(lldb)  frame variable a -f dec 
(int) a = 6144
(lldb)  frame variable b -f dec 
(int) b = 4352
(lldb)  continue
Process 92599 resuming
Command #5 'continue' continued the target.
(lldb)  frame info
frame #0: 0x00005555555bb402 original_2_fuzz`gcd(a=4352, b=1792) at original_2.c:6:5
(lldb)  frame variable a -f dec 
(int) a = 4352
(lldb)  frame variable b -f dec 
(int) b = 1792
(lldb)  continue
Process 92599 resuming
Command #5 'continue' continued the target.
(lldb)  frame info
frame #0: 0x00005555555bb402 original_2_fuzz`gcd(a=1792, b=768) at original_2.c:6:5
(lldb)  frame variable a -f dec 
(int) a = 1792
(lldb)  frame variable b -f dec 
(int) b = 768
(lldb)  continue
Process 92599 resuming
Command #5 'continue' continued the target.
(lldb)  frame info
frame #0: 0x00005555555bb402 original_2_fuzz`gcd(a=768, b=256) at original_2.c:6:5
(lldb)  frame variable a -f dec 
(int) a = 768
(lldb)  frame variable b -f dec 
(int) b = 256
(lldb)  continue
Process 92599 resuming
Command #5 'continue' continued the target.
(lldb)  frame info
frame #0: 0x00005555555bb402 original_2_fuzz`gcd(a=256, b=0) at original_2.c:6:5
(lldb)  frame variable a -f dec 
(int) a = 256
(lldb)  frame variable b -f dec 
(int) b = 0
(lldb)  continue
Process 92599 resuming
Command #5 'continue' continued the target.
Executed /script/motivating_example/sample_set/gcd/fuzzing_test/modified_inputs/f2078a8592ed8de118a661d9c5efc3a8ac48fb0a in 18 ms
***
*** NOTE: fuzzing was not performed, you have only
***       executed the target code on a fixed set of inputs.
***
Process 92599 exited with status = 0 (0x00000000)
Process 92599 launched: '/script/motivating_example/sample_set/gcd/original_2_fuzz' (x86_64)
(lldb) quit
