(lldb) target create "modified_fuzz"
Current executable set to '/script/motivating_example/sample_set/concatenate_array/modified_fuzz' (x86_64).
(lldb) command source -s 0 '/script/motivating_example/sample_set/concatenate_array/fuzzing_test/modified_debug/script/c4fbc0d700e38bc254479f84d67a16dd43680c7d/batch.lldb'
Executing commands in '/script/motivating_example/sample_set/concatenate_array/fuzzing_test/modified_debug/script/c4fbc0d700e38bc254479f84d67a16dd43680c7d/batch.lldb'.
(lldb) settings set interpreter.stop-command-source-on-error 0
(lldb) settings set auto-confirm 1
(lldb) breakpoint set --file /script/motivating_example/sample_set/concatenate_array/modified.c --line 14
Breakpoint 1: where = modified_fuzz`concatenate_array + 250 at modified.c:14:9, address = 0x00000000000675da
(lldb) breakpoint command add 1
(lldb) breakpoint set --file /script/motivating_example/sample_set/concatenate_array/modified.c --line 23
Breakpoint 2: where = modified_fuzz`concatenate_array + 388 at modified.c:23:9, address = 0x0000000000067664
(lldb) breakpoint command add 2
(lldb) run /script/motivating_example/sample_set/concatenate_array/fuzzing_test/modified_inputs/c4fbc0d700e38bc254479f84d67a16dd43680c7d
INFO: Running with entropic power schedule (0xFF, 100).
INFO: Seed: 3505844575
INFO: Loaded 1 modules   (10 inline 8-bit counters): 10 [0x5555555defc0, 0x5555555defca), 
INFO: Loaded 1 PC tables (10 PCs): 10 [0x5555555defd0,0x5555555df070), 
/script/motivating_example/sample_set/concatenate_array/modified_fuzz: Running 1 inputs 1 time(s) each.
Running: /script/motivating_example/sample_set/concatenate_array/fuzzing_test/modified_inputs/c4fbc0d700e38bc254479f84d67a16dd43680c7d
(lldb)  frame info
frame #0: 0x00005555555bb5da modified_fuzz`concatenate_array(arr1=0x0000555555f67fd0, size1=1, arr2=0x0000555555f67ff0, size2=17) at modified.c:14:9
(lldb)  frame variable dest_pos -f dec 
(size_t) dest_pos = 0
(lldb)  frame variable orig_pos -f dec 
(size_t) orig_pos = 0
(lldb)  frame variable val -f dec 
(int) val = -1465341784
(lldb)  continue
Process 109529 resuming
Command #6 'continue' continued the target.
(lldb)  frame info
