(lldb) target create "original_1_fuzz"
Current executable set to '/script/motivating_example/sample_set/gcd/original_1_fuzz' (x86_64).
(lldb) command source -s 0 '/script/motivating_example/sample_set/gcd/fuzzing_test/original_1_debug/script/630eb8ecfef56b8206bd33dbff85ed0b1d089024/batch.lldb'
Executing commands in '/script/motivating_example/sample_set/gcd/fuzzing_test/original_1_debug/script/630eb8ecfef56b8206bd33dbff85ed0b1d089024/batch.lldb'.
(lldb) settings set interpreter.stop-command-source-on-error 0
(lldb) settings set auto-confirm 1
(lldb) breakpoint set --file /script/motivating_example/sample_set/gcd/original_1.c --line 10
Breakpoint 1: where = original_1_fuzz`gcd + 124 at original_1.c:10:9, address = 0x000000000006742c
(lldb) breakpoint command add 1
(lldb) run /script/motivating_example/sample_set/gcd/fuzzing_test/modified_inputs/630eb8ecfef56b8206bd33dbff85ed0b1d089024
INFO: Running with entropic power schedule (0xFF, 100).
INFO: Seed: 3116665041
INFO: Loaded 1 modules   (10 inline 8-bit counters): 10 [0x5555555defb0, 0x5555555defba), 
INFO: Loaded 1 PC tables (10 PCs): 10 [0x5555555defc0,0x5555555df060), 
/script/motivating_example/sample_set/gcd/original_1_fuzz: Running 1 inputs 1 time(s) each.
Running: /script/motivating_example/sample_set/gcd/fuzzing_test/modified_inputs/630eb8ecfef56b8206bd33dbff85ed0b1d089024
(lldb)  frame info
frame #0: 0x00005555555bb42c original_1_fuzz`gcd(a=33554696, b=-33537800) at original_1.c:10:9
(lldb)  frame variable a -f dec 
(int) a = 33554696
(lldb)  frame variable b -f dec 
(int) b = -33537800
(lldb)  continue
Process 82257 resuming
Command #5 'continue' continued the target.
(lldb)  frame info
frame #0: 0x00005555555bb42c original_1_fuzz`gcd(a=-33537800, b=16896) at original_1.c:10:9
(lldb)  frame variable a -f dec 
(int) a = -33537800
(lldb)  frame variable b -f dec 
(int) b = 16896
(lldb)  continue
Process 82257 resuming
Command #5 'continue' continued the target.
(lldb)  frame info
frame #0: 0x00005555555bb42c original_1_fuzz`gcd(a=16896, b=-16136) at original_1.c:10:9
(lldb)  frame variable a -f dec 
(int) a = 16896
(lldb)  frame variable b -f dec 
(int) b = -16136
(lldb)  continue
Process 82257 resuming
Command #5 'continue' continued the target.
(lldb)  frame info
frame #0: 0x00005555555bb42c original_1_fuzz`gcd(a=-16136, b=760) at original_1.c:10:9
(lldb)  frame variable a -f dec 
(int) a = -16136
(lldb)  frame variable b -f dec 
(int) b = 760
(lldb)  continue
Process 82257 resuming
Command #5 'continue' continued the target.
(lldb)  frame info
frame #0: 0x00005555555bb42c original_1_fuzz`gcd(a=760, b=-176) at original_1.c:10:9
(lldb)  frame variable a -f dec 
(int) a = 760
(lldb)  frame variable b -f dec 
(int) b = -176
(lldb)  continue
Process 82257 resuming
Command #5 'continue' continued the target.
(lldb)  frame info
frame #0: 0x00005555555bb42c original_1_fuzz`gcd(a=-176, b=56) at original_1.c:10:9
(lldb)  frame variable a -f dec 
(int) a = -176
(lldb)  frame variable b -f dec 
(int) b = 56
(lldb)  continue
Process 82257 resuming
Command #5 'continue' continued the target.
(lldb)  frame info
frame #0: 0x00005555555bb42c original_1_fuzz`gcd(a=56, b=-8) at original_1.c:10:9
(lldb)  frame variable a -f dec 
(int) a = 56
(lldb)  frame variable b -f dec 
(int) b = -8
(lldb)  continue
Process 82257 resuming
Command #5 'continue' continued the target.
(lldb)  frame info
frame #0: 0x00005555555bb42c original_1_fuzz`gcd(a=-8, b=0) at original_1.c:10:9
(lldb)  frame variable a -f dec 
(int) a = -8
(lldb)  frame variable b -f dec 
(int) b = 0
(lldb)  continue
Process 82257 resuming
Command #5 'continue' continued the target.
Executed /script/motivating_example/sample_set/gcd/fuzzing_test/modified_inputs/630eb8ecfef56b8206bd33dbff85ed0b1d089024 in 20 ms
***
*** NOTE: fuzzing was not performed, you have only
***       executed the target code on a fixed set of inputs.
***
Process 82257 exited with status = 0 (0x00000000)
Process 82257 launched: '/script/motivating_example/sample_set/gcd/original_1_fuzz' (x86_64)
(lldb) quit