(lldb) target create "modified_fuzz"
Current executable set to '/script/motivating_example/sample_set/gcd/modified_fuzz' (x86_64).
(lldb) command source -s 0 '/script/motivating_example/sample_set/gcd/fuzzing_test/modified_debug/script/9486db4ced61fcc17d2faedc55e790a68048e6e9/batch.lldb'
Executing commands in '/script/motivating_example/sample_set/gcd/fuzzing_test/modified_debug/script/9486db4ced61fcc17d2faedc55e790a68048e6e9/batch.lldb'.
(lldb) settings set interpreter.stop-command-source-on-error 0
(lldb) settings set auto-confirm 1
(lldb) breakpoint set --file /script/motivating_example/sample_set/gcd/modified.c --line 9
Breakpoint 1: where = modified_fuzz`gcd + 121 at modified.c:9:9, address = 0x0000000000067429
(lldb) breakpoint command add 1
(lldb) run /script/motivating_example/sample_set/gcd/fuzzing_test/modified_inputs/9486db4ced61fcc17d2faedc55e790a68048e6e9
INFO: Running with entropic power schedule (0xFF, 100).
INFO: Seed: 160574385
INFO: Loaded 1 modules   (10 inline 8-bit counters): 10 [0x5555555defb0, 0x5555555defba), 
INFO: Loaded 1 PC tables (10 PCs): 10 [0x5555555defc0,0x5555555df060), 
/script/motivating_example/sample_set/gcd/modified_fuzz: Running 1 inputs 1 time(s) each.
Running: /script/motivating_example/sample_set/gcd/fuzzing_test/modified_inputs/9486db4ced61fcc17d2faedc55e790a68048e6e9
(lldb)  frame info
frame #0: 0x00005555555bb429 modified_fuzz`gcd(a=1006579003, b=728250668) at modified.c:9:9
(lldb)  frame variable a -f dec 
(int) a = 1006579003
(lldb)  frame variable b -f dec 
(int) b = 728250668
(lldb)  continue
Process 74480 resuming
Command #5 'continue' continued the target.
(lldb)  frame info
frame #0: 0x00005555555bb429 modified_fuzz`gcd(a=728250668, b=278328335) at modified.c:9:9
(lldb)  frame variable a -f dec 
(int) a = 728250668
(lldb)  frame variable b -f dec 
(int) b = 278328335
(lldb)  continue
Process 74480 resuming
Command #5 'continue' continued the target.
(lldb)  frame info
frame #0: 0x00005555555bb429 modified_fuzz`gcd(a=556656670, b=171593998) at modified.c:9:9
(lldb)  frame variable a -f dec 
(int) a = 556656670
(lldb)  frame variable b -f dec 
(int) b = 171593998
(lldb)  continue
Process 74480 resuming
Command #5 'continue' continued the target.
(lldb)  frame info
frame #0: 0x00005555555bb429 modified_fuzz`gcd(a=514781994, b=41874676) at modified.c:9:9
(lldb)  frame variable a -f dec 
(int) a = 514781994
(lldb)  frame variable b -f dec 
(int) b = 41874676
(lldb)  continue
Process 74480 resuming
Command #5 'continue' continued the target.
(lldb)  frame info
frame #0: 0x00005555555bb429 modified_fuzz`gcd(a=502496112, b=12285882) at modified.c:9:9
(lldb)  frame variable a -f dec 
(int) a = 502496112
(lldb)  frame variable b -f dec 
(int) b = 12285882
(lldb)  continue
Process 74480 resuming
Command #5 'continue' continued the target.
(lldb)  frame info
frame #0: 0x00005555555bb429 modified_fuzz`gcd(a=491435280, b=11060832) at modified.c:9:9
(lldb)  frame variable a -f dec 
(int) a = 491435280
(lldb)  frame variable b -f dec 
(int) b = 11060832
(lldb)  continue
Process 74480 resuming
Command #5 'continue' continued the target.
(lldb)  frame info
frame #0: 0x00005555555bb429 modified_fuzz`gcd(a=486676608, b=4758672) at modified.c:9:9
(lldb)  frame variable a -f dec 
(int) a = 486676608
(lldb)  frame variable b -f dec 
(int) b = 4758672
(lldb)  continue
Process 74480 resuming
Command #5 'continue' continued the target.
(lldb)  frame info
frame #0: 0x00005555555bb429 modified_fuzz`gcd(a=485384544, b=1292064) at modified.c:9:9
(lldb)  frame variable a -f dec 
(int) a = 485384544
(lldb)  frame variable b -f dec 
(int) b = 1292064
(lldb)  continue
Process 74480 resuming
Command #5 'continue' continued the target.
(lldb)  frame info
frame #0: 0x00005555555bb429 modified_fuzz`gcd(a=484524000, b=860544) at modified.c:9:9
(lldb)  frame variable a -f dec 
(int) a = 484524000
(lldb)  frame variable b -f dec 
(int) b = 860544
(lldb)  continue
Process 74480 resuming
Command #5 'continue' continued the target.
(lldb)  frame info
frame #0: 0x00005555555bb429 modified_fuzz`gcd(a=484486272, b=37728) at modified.c:9:9
(lldb)  frame variable a -f dec 
(int) a = 484486272
(lldb)  frame variable b -f dec 
(int) b = 37728
(lldb)  continue
Process 74480 resuming
Command #5 'continue' continued the target.
(lldb)  frame info
frame #0: 0x00005555555bb429 modified_fuzz`gcd(a=484465248, b=21024) at modified.c:9:9
(lldb)  frame variable a -f dec 
(int) a = 484465248
(lldb)  frame variable b -f dec 
(int) b = 21024
(lldb)  continue
Process 74480 resuming
Command #5 'continue' continued the target.
(lldb)  frame info
frame #0: 0x00005555555bb429 modified_fuzz`gcd(a=484456032, b=9216) at modified.c:9:9
(lldb)  frame variable a -f dec 
(int) a = 484456032
(lldb)  frame variable b -f dec 
(int) b = 9216
(lldb)  continue
Process 74480 resuming
Command #5 'continue' continued the target.
(lldb)  frame info
frame #0: 0x00005555555bb429 modified_fuzz`gcd(a=484448256, b=7776) at modified.c:9:9
(lldb)  frame variable a -f dec 
(int) a = 484448256
(lldb)  frame variable b -f dec 
(int) b = 7776
(lldb)  continue
Process 74480 resuming
Command #5 'continue' continued the target.
(lldb)  frame info
frame #0: 0x00005555555bb429 modified_fuzz`gcd(a=484444800, b=3456) at modified.c:9:9
(lldb)  frame variable a -f dec 
(int) a = 484444800
(lldb)  frame variable b -f dec 
(int) b = 3456
(lldb)  continue
Process 74480 resuming
Command #5 'continue' continued the target.
(lldb)  frame info
frame #0: 0x00005555555bb429 modified_fuzz`gcd(a=484444800, b=0) at modified.c:9:9
(lldb)  frame variable a -f dec 
(int) a = 484444800
(lldb)  frame variable b -f dec 
(int) b = 0
(lldb)  continue
Process 74480 resuming
Command #5 'continue' continued the target.
Executed /script/motivating_example/sample_set/gcd/fuzzing_test/modified_inputs/9486db4ced61fcc17d2faedc55e790a68048e6e9 in 30 ms
***
*** NOTE: fuzzing was not performed, you have only
***       executed the target code on a fixed set of inputs.
***
Process 74480 exited with status = 0 (0x00000000)
Process 74480 launched: '/script/motivating_example/sample_set/gcd/modified_fuzz' (x86_64)
(lldb) quit
