(lldb) target create "original_1_fuzz"
Current executable set to '/script/motivating_example/sample_set/gcd/original_1_fuzz' (x86_64).
(lldb) command source -s 0 '/script/motivating_example/sample_set/gcd/fuzzing_test/original_1_debug/script/0bdaab90aac6e515d9cdbe3fa21fa5f9425e9ddf/batch.lldb'
Executing commands in '/script/motivating_example/sample_set/gcd/fuzzing_test/original_1_debug/script/0bdaab90aac6e515d9cdbe3fa21fa5f9425e9ddf/batch.lldb'.
(lldb) settings set interpreter.stop-command-source-on-error 0
(lldb) settings set auto-confirm 1
(lldb) breakpoint set --file /script/motivating_example/sample_set/gcd/original_1.c --line 10
Breakpoint 1: where = original_1_fuzz`gcd + 124 at original_1.c:10:9, address = 0x000000000006742c
(lldb) breakpoint command add 1
(lldb) run /script/motivating_example/sample_set/gcd/fuzzing_test/modified_inputs/0bdaab90aac6e515d9cdbe3fa21fa5f9425e9ddf
INFO: Running with entropic power schedule (0xFF, 100).
INFO: Seed: 3492595615
INFO: Loaded 1 modules   (10 inline 8-bit counters): 10 [0x5555555defb0, 0x5555555defba), 
INFO: Loaded 1 PC tables (10 PCs): 10 [0x5555555defc0,0x5555555df060), 
/script/motivating_example/sample_set/gcd/original_1_fuzz: Running 1 inputs 1 time(s) each.
Running: /script/motivating_example/sample_set/gcd/fuzzing_test/modified_inputs/0bdaab90aac6e515d9cdbe3fa21fa5f9425e9ddf
(lldb)  frame info
frame #0: 0x00005555555bb42c original_1_fuzz`gcd(a=171927143, b=-84357932) at original_1.c:10:9
(lldb)  frame variable a -f dec 
(int) a = 171927143
(lldb)  frame variable b -f dec 
(int) b = -84357932
(lldb)  continue
Process 80738 resuming
Command #5 'continue' continued the target.
(lldb)  frame info
frame #0: 0x00005555555bb42c original_1_fuzz`gcd(a=-84357932, b=3211279) at original_1.c:10:9
(lldb)  frame variable a -f dec 
(int) a = -84357932
(lldb)  frame variable b -f dec 
(int) b = 3211279
(lldb)  continue
Process 80738 resuming
Command #5 'continue' continued the target.
(lldb)  frame info
frame #0: 0x00005555555bb42c original_1_fuzz`gcd(a=3211279, b=-864678) at original_1.c:10:9
(lldb)  frame variable a -f dec 
(int) a = 3211279
(lldb)  frame variable b -f dec 
(int) b = -864678
(lldb)  continue
Process 80738 resuming
Command #5 'continue' continued the target.
(lldb)  frame info
frame #0: 0x00005555555bb42c original_1_fuzz`gcd(a=-864678, b=617245) at original_1.c:10:9
(lldb)  frame variable a -f dec 
(int) a = -864678
(lldb)  frame variable b -f dec 
(int) b = 617245
(lldb)  continue
Process 80738 resuming
Command #5 'continue' continued the target.
(lldb)  frame info
frame #0: 0x00005555555bb42c original_1_fuzz`gcd(a=617245, b=-247433) at original_1.c:10:9
(lldb)  frame variable a -f dec 
(int) a = 617245
(lldb)  frame variable b -f dec 
(int) b = -247433
(lldb)  continue
Process 80738 resuming
Command #5 'continue' continued the target.
(lldb)  frame info
frame #0: 0x00005555555bb42c original_1_fuzz`gcd(a=-247433, b=122379) at original_1.c:10:9
(lldb)  frame variable a -f dec 
(int) a = -247433
(lldb)  frame variable b -f dec 
(int) b = 122379
(lldb)  continue
Process 80738 resuming
Command #5 'continue' continued the target.
(lldb)  frame info
frame #0: 0x00005555555bb42c original_1_fuzz`gcd(a=122379, b=-2675) at original_1.c:10:9
(lldb)  frame variable a -f dec 
(int) a = 122379
(lldb)  frame variable b -f dec 
(int) b = -2675
(lldb)  continue
Process 80738 resuming
Command #5 'continue' continued the target.
(lldb)  frame info
frame #0: 0x00005555555bb42c original_1_fuzz`gcd(a=-2675, b=2004) at original_1.c:10:9
(lldb)  frame variable a -f dec 
(int) a = -2675
(lldb)  frame variable b -f dec 
(int) b = 2004
(lldb)  continue
Process 80738 resuming
Command #5 'continue' continued the target.
(lldb)  frame info
frame #0: 0x00005555555bb42c original_1_fuzz`gcd(a=2004, b=-671) at original_1.c:10:9
(lldb)  frame variable a -f dec 
(int) a = 2004
(lldb)  frame variable b -f dec 
(int) b = -671
(lldb)  continue
Process 80738 resuming
Command #5 'continue' continued the target.
(lldb)  frame info
frame #0: 0x00005555555bb42c original_1_fuzz`gcd(a=-671, b=662) at original_1.c:10:9
(lldb)  frame variable a -f dec 
(int) a = -671
(lldb)  frame variable b -f dec 
(int) b = 662
(lldb)  continue
Process 80738 resuming
Command #5 'continue' continued the target.
(lldb)  frame info
frame #0: 0x00005555555bb42c original_1_fuzz`gcd(a=662, b=-9) at original_1.c:10:9
(lldb)  frame variable a -f dec 
(int) a = 662
(lldb)  frame variable b -f dec 
(int) b = -9
(lldb)  continue
Process 80738 resuming
Command #5 'continue' continued the target.
(lldb)  frame info
frame #0: 0x00005555555bb42c original_1_fuzz`gcd(a=-9, b=5) at original_1.c:10:9
(lldb)  frame variable a -f dec 
(int) a = -9
(lldb)  frame variable b -f dec 
(int) b = 5
(lldb)  continue
Process 80738 resuming
Command #5 'continue' continued the target.
(lldb)  frame info
frame #0: 0x00005555555bb42c original_1_fuzz`gcd(a=5, b=-4) at original_1.c:10:9
(lldb)  frame variable a -f dec 
(int) a = 5
(lldb)  frame variable b -f dec 
(int) b = -4
(lldb)  continue
Process 80738 resuming
Command #5 'continue' continued the target.
(lldb)  frame info
frame #0: 0x00005555555bb42c original_1_fuzz`gcd(a=-4, b=1) at original_1.c:10:9
(lldb)  frame variable a -f dec 
(int) a = -4
(lldb)  frame variable b -f dec 
(int) b = 1
(lldb)  continue
Process 80738 resuming
Command #5 'continue' continued the target.
(lldb)  frame info
frame #0: 0x00005555555bb42c original_1_fuzz`gcd(a=1, b=0) at original_1.c:10:9
(lldb)  frame variable a -f dec 
(int) a = 1
(lldb)  frame variable b -f dec 
(int) b = 0
(lldb)  continue
Process 80738 resuming
Command #5 'continue' continued the target.
Executed /script/motivating_example/sample_set/gcd/fuzzing_test/modified_inputs/0bdaab90aac6e515d9cdbe3fa21fa5f9425e9ddf in 34 ms
***
*** NOTE: fuzzing was not performed, you have only
***       executed the target code on a fixed set of inputs.
***
Process 80738 exited with status = 0 (0x00000000)
Process 80738 launched: '/script/motivating_example/sample_set/gcd/original_1_fuzz' (x86_64)
(lldb) quit
