(lldb) target create "modified_fuzz"
Current executable set to '/script/motivating_example/sample_set/gcd/modified_fuzz' (x86_64).
(lldb) command source -s 0 '/script/motivating_example/sample_set/gcd/fuzzing_test/modified_debug/script/d4aad858641600a8f7688a70cd5ec6d926c4f3f0/batch.lldb'
Executing commands in '/script/motivating_example/sample_set/gcd/fuzzing_test/modified_debug/script/d4aad858641600a8f7688a70cd5ec6d926c4f3f0/batch.lldb'.
(lldb) settings set interpreter.stop-command-source-on-error 0
(lldb) settings set auto-confirm 1
(lldb) breakpoint set --file /script/motivating_example/sample_set/gcd/modified.c --line 9
Breakpoint 1: where = modified_fuzz`gcd + 121 at modified.c:9:9, address = 0x0000000000067429
(lldb) breakpoint command add 1
(lldb) run /script/motivating_example/sample_set/gcd/fuzzing_test/modified_inputs/d4aad858641600a8f7688a70cd5ec6d926c4f3f0
INFO: Running with entropic power schedule (0xFF, 100).
INFO: Seed: 3139379132
INFO: Loaded 1 modules   (10 inline 8-bit counters): 10 [0x5555555defb0, 0x5555555defba), 
INFO: Loaded 1 PC tables (10 PCs): 10 [0x5555555defc0,0x5555555df060), 
/script/motivating_example/sample_set/gcd/modified_fuzz: Running 1 inputs 1 time(s) each.
Running: /script/motivating_example/sample_set/gcd/fuzzing_test/modified_inputs/d4aad858641600a8f7688a70cd5ec6d926c4f3f0
(lldb)  frame info
frame #0: 0x00005555555bb429 modified_fuzz`gcd(a=1726611125, b=8218546) at modified.c:9:9
(lldb)  frame variable a -f dec 
(int) a = 1726611125
(lldb)  frame variable b -f dec 
(int) b = 8218546
(lldb)  continue
Process 75461 resuming
Command #5 'continue' continued the target.
(lldb)  frame info
frame #0: 0x00005555555bb429 modified_fuzz`gcd(a=1725894660, b=716465) at modified.c:9:9
(lldb)  frame variable a -f dec 
(int) a = 1725894660
(lldb)  frame variable b -f dec 
(int) b = 716465
(lldb)  continue
Process 75461 resuming
Command #5 'continue' continued the target.
(lldb)  frame info
frame #0: 0x00005555555bb429 modified_fuzz`gcd(a=1725247720, b=646940) at modified.c:9:9
(lldb)  frame variable a -f dec 
(int) a = 1725247720
(lldb)  frame variable b -f dec 
(int) b = 646940
(lldb)  continue
Process 75461 resuming
Command #5 'continue' continued the target.
(lldb)  frame info
frame #0: 0x00005555555bb429 modified_fuzz`gcd(a=1724742040, b=505680) at modified.c:9:9
(lldb)  frame variable a -f dec 
(int) a = 1724742040
(lldb)  frame variable b -f dec 
(int) b = 505680
(lldb)  continue
Process 75461 resuming
Command #5 'continue' continued the target.
(lldb)  frame info
frame #0: 0x00005555555bb429 modified_fuzz`gcd(a=1724368800, b=373240) at modified.c:9:9
(lldb)  frame variable a -f dec 
(int) a = 1724368800
(lldb)  frame variable b -f dec 
(int) b = 373240
(lldb)  continue
Process 75461 resuming
Command #5 'continue' continued the target.
(lldb)  frame info
frame #0: 0x00005555555bb429 modified_fuzz`gcd(a=1724368800, b=0) at modified.c:9:9
(lldb)  frame variable a -f dec 
(int) a = 1724368800
(lldb)  frame variable b -f dec 
(int) b = 0
(lldb)  continue
Process 75461 resuming
Command #5 'continue' continued the target.
Executed /script/motivating_example/sample_set/gcd/fuzzing_test/modified_inputs/d4aad858641600a8f7688a70cd5ec6d926c4f3f0 in 21 ms
***
*** NOTE: fuzzing was not performed, you have only
***       executed the target code on a fixed set of inputs.
***
Process 75461 exited with status = 0 (0x00000000)
Process 75461 launched: '/script/motivating_example/sample_set/gcd/modified_fuzz' (x86_64)
(lldb) quit