(lldb) target create "original_2_fuzz"
Current executable set to '/script/motivating_example/sample_set/gcd/original_2_fuzz' (x86_64).
(lldb) command source -s 0 '/script/motivating_example/sample_set/gcd/fuzzing_test/original_2_debug/script/04632ffd4e57d20aaccc76273d04df4d48f8f0da/batch.lldb'
Executing commands in '/script/motivating_example/sample_set/gcd/fuzzing_test/original_2_debug/script/04632ffd4e57d20aaccc76273d04df4d48f8f0da/batch.lldb'.
(lldb) settings set interpreter.stop-command-source-on-error 0
(lldb) settings set auto-confirm 1
(lldb) breakpoint set --file /script/motivating_example/sample_set/gcd/original_2.c --line 6
Breakpoint 1: where = original_2_fuzz`gcd + 82 at original_2.c:6:5, address = 0x0000000000067402
(lldb) breakpoint command add 1
(lldb) run /script/motivating_example/sample_set/gcd/fuzzing_test/modified_inputs/04632ffd4e57d20aaccc76273d04df4d48f8f0da
INFO: Running with entropic power schedule (0xFF, 100).
INFO: Seed: 338893326
INFO: Loaded 1 modules   (10 inline 8-bit counters): 10 [0x5555555defb0, 0x5555555defba), 
INFO: Loaded 1 PC tables (10 PCs): 10 [0x5555555defc0,0x5555555df060), 
/script/motivating_example/sample_set/gcd/original_2_fuzz: Running 1 inputs 1 time(s) each.
Running: /script/motivating_example/sample_set/gcd/fuzzing_test/modified_inputs/04632ffd4e57d20aaccc76273d04df4d48f8f0da
(lldb)  frame info
frame #0: 0x00005555555bb402 original_2_fuzz`gcd(a=-607872613, b=-1006617814) at original_2.c:6:5
(lldb)  frame variable a -f dec 
(int) a = -607872613
(lldb)  frame variable b -f dec 
(int) b = -1006617814
(lldb)  continue
Process 88953 resuming
Command #5 'continue' continued the target.
(lldb)  frame info
frame #0: 0x00005555555bb402 original_2_fuzz`gcd(a=-1006617814, b=-607872613) at original_2.c:6:5
(lldb)  frame variable a -f dec 
(int) a = -1006617814
(lldb)  frame variable b -f dec 
(int) b = -607872613
(lldb)  continue
Process 88953 resuming
Command #5 'continue' continued the target.
(lldb)  frame info
frame #0: 0x00005555555bb402 original_2_fuzz`gcd(a=-607872613, b=-398745201) at original_2.c:6:5
(lldb)  frame variable a -f dec 
(int) a = -607872613
(lldb)  frame variable b -f dec 
(int) b = -398745201
(lldb)  continue
Process 88953 resuming
Command #5 'continue' continued the target.
(lldb)  frame info
frame #0: 0x00005555555bb402 original_2_fuzz`gcd(a=-398745201, b=-209127412) at original_2.c:6:5
(lldb)  frame variable a -f dec 
(int) a = -398745201
(lldb)  frame variable b -f dec 
(int) b = -209127412
(lldb)  continue
Process 88953 resuming
Command #5 'continue' continued the target.
(lldb)  frame info
frame #0: 0x00005555555bb402 original_2_fuzz`gcd(a=-209127412, b=-189617789) at original_2.c:6:5
(lldb)  frame variable a -f dec 
(int) a = -209127412
(lldb)  frame variable b -f dec 
(int) b = -189617789
(lldb)  continue
Process 88953 resuming
Command #5 'continue' continued the target.
(lldb)  frame info
frame #0: 0x00005555555bb402 original_2_fuzz`gcd(a=-189617789, b=-19509623) at original_2.c:6:5
(lldb)  frame variable a -f dec 
(int) a = -189617789
(lldb)  frame variable b -f dec 
(int) b = -19509623
(lldb)  continue
Process 88953 resuming
Command #5 'continue' continued the target.
(lldb)  frame info
frame #0: 0x00005555555bb402 original_2_fuzz`gcd(a=-19509623, b=-14031182) at original_2.c:6:5
(lldb)  frame variable a -f dec 
(int) a = -19509623
(lldb)  frame variable b -f dec 
(int) b = -14031182
(lldb)  continue
Process 88953 resuming
Command #5 'continue' continued the target.
(lldb)  frame info
frame #0: 0x00005555555bb402 original_2_fuzz`gcd(a=-14031182, b=-5478441) at original_2.c:6:5
(lldb)  frame variable a -f dec 
(int) a = -14031182
(lldb)  frame variable b -f dec 
(int) b = -5478441
(lldb)  continue
Process 88953 resuming
Command #5 'continue' continued the target.
(lldb)  frame info
frame #0: 0x00005555555bb402 original_2_fuzz`gcd(a=-5478441, b=-3074300) at original_2.c:6:5
(lldb)  frame variable a -f dec 
(int) a = -5478441
(lldb)  frame variable b -f dec 
(int) b = -3074300
(lldb)  continue
Process 88953 resuming
Command #5 'continue' continued the target.
(lldb)  frame info
frame #0: 0x00005555555bb402 original_2_fuzz`gcd(a=-3074300, b=-2404141) at original_2.c:6:5
(lldb)  frame variable a -f dec 
(int) a = -3074300
(lldb)  frame variable b -f dec 
(int) b = -2404141
(lldb)  continue
Process 88953 resuming
Command #5 'continue' continued the target.
(lldb)  frame info
frame #0: 0x00005555555bb402 original_2_fuzz`gcd(a=-2404141, b=-670159) at original_2.c:6:5
(lldb)  frame variable a -f dec 
(int) a = -2404141
(lldb)  frame variable b -f dec 
(int) b = -670159
(lldb)  continue
Process 88953 resuming
Command #5 'continue' continued the target.
(lldb)  frame info
frame #0: 0x00005555555bb402 original_2_fuzz`gcd(a=-670159, b=-393664) at original_2.c:6:5
(lldb)  frame variable a -f dec 
(int) a = -670159
(lldb)  frame variable b -f dec 
(int) b = -393664
(lldb)  continue
Process 88953 resuming
Command #5 'continue' continued the target.
(lldb)  frame info
frame #0: 0x00005555555bb402 original_2_fuzz`gcd(a=-393664, b=-276495) at original_2.c:6:5
(lldb)  frame variable a -f dec 
(int) a = -393664
(lldb)  frame variable b -f dec 
(int) b = -276495
(lldb)  continue
Process 88953 resuming
Command #5 'continue' continued the target.
(lldb)  frame info
frame #0: 0x00005555555bb402 original_2_fuzz`gcd(a=-276495, b=-117169) at original_2.c:6:5
(lldb)  frame variable a -f dec 
(int) a = -276495
(lldb)  frame variable b -f dec 
(int) b = -117169
(lldb)  continue
Process 88953 resuming
Command #5 'continue' continued the target.
(lldb)  frame info
frame #0: 0x00005555555bb402 original_2_fuzz`gcd(a=-117169, b=-42157) at original_2.c:6:5
(lldb)  frame variable a -f dec 
(int) a = -117169
(lldb)  frame variable b -f dec 
(int) b = -42157
(lldb)  continue
Process 88953 resuming
Command #5 'continue' continued the target.
(lldb)  frame info
frame #0: 0x00005555555bb402 original_2_fuzz`gcd(a=-42157, b=-32855) at original_2.c:6:5
(lldb)  frame variable a -f dec 
(int) a = -42157
(lldb)  frame variable b -f dec 
(int) b = -32855
(lldb)  continue
Process 88953 resuming
Command #5 'continue' continued the target.
(lldb)  frame info
frame #0: 0x00005555555bb402 original_2_fuzz`gcd(a=-32855, b=-9302) at original_2.c:6:5
(lldb)  frame variable a -f dec 
(int) a = -32855
(lldb)  frame variable b -f dec 
(int) b = -9302
(lldb)  continue
Process 88953 resuming
Command #5 'continue' continued the target.
(lldb)  frame info
frame #0: 0x00005555555bb402 original_2_fuzz`gcd(a=-9302, b=-4949) at original_2.c:6:5
(lldb)  frame variable a -f dec 
(int) a = -9302
(lldb)  frame variable b -f dec 
(int) b = -4949
(lldb)  continue
Process 88953 resuming
Command #5 'continue' continued the target.
(lldb)  frame info
frame #0: 0x00005555555bb402 original_2_fuzz`gcd(a=-4949, b=-4353) at original_2.c:6:5
(lldb)  frame variable a -f dec 
(int) a = -4949
(lldb)  frame variable b -f dec 
(int) b = -4353
(lldb)  continue
Process 88953 resuming
Command #5 'continue' continued the target.
(lldb)  frame info
frame #0: 0x00005555555bb402 original_2_fuzz`gcd(a=-4353, b=-596) at original_2.c:6:5
(lldb)  frame variable a -f dec 
(int) a = -4353
(lldb)  frame variable b -f dec 
(int) b = -596
(lldb)  continue
Process 88953 resuming
Command #5 'continue' continued the target.
(lldb)  frame info
frame #0: 0x00005555555bb402 original_2_fuzz`gcd(a=-596, b=-181) at original_2.c:6:5
(lldb)  frame variable a -f dec 
(int) a = -596
(lldb)  frame variable b -f dec 
(int) b = -181
(lldb)  continue
Process 88953 resuming
Command #5 'continue' continued the target.
(lldb)  frame info
frame #0: 0x00005555555bb402 original_2_fuzz`gcd(a=-181, b=-53) at original_2.c:6:5
(lldb)  frame variable a -f dec 
(int) a = -181
(lldb)  frame variable b -f dec 
(int) b = -53
(lldb)  continue
Process 88953 resuming
Command #5 'continue' continued the target.
(lldb)  frame info
frame #0: 0x00005555555bb402 original_2_fuzz`gcd(a=-53, b=-22) at original_2.c:6:5
(lldb)  frame variable a -f dec 
(int) a = -53
(lldb)  frame variable b -f dec 
(int) b = -22
(lldb)  continue
Process 88953 resuming
Command #5 'continue' continued the target.
(lldb)  frame info
frame #0: 0x00005555555bb402 original_2_fuzz`gcd(a=-22, b=-9) at original_2.c:6:5
(lldb)  frame variable a -f dec 
(int) a = -22
(lldb)  frame variable b -f dec 
(int) b = -9
(lldb)  continue
Process 88953 resuming
Command #5 'continue' continued the target.
(lldb)  frame info
frame #0: 0x00005555555bb402 original_2_fuzz`gcd(a=-9, b=-4) at original_2.c:6:5
(lldb)  frame variable a -f dec 
(int) a = -9
(lldb)  frame variable b -f dec 
(int) b = -4
(lldb)  continue
Process 88953 resuming
Command #5 'continue' continued the target.
(lldb)  frame info
frame #0: 0x00005555555bb402 original_2_fuzz`gcd(a=-4, b=-1) at original_2.c:6:5
(lldb)  frame variable a -f dec 
(int) a = -4
(lldb)  frame variable b -f dec 
(int) b = -1
(lldb)  continue
Process 88953 resuming
Command #5 'continue' continued the target.
(lldb)  frame info
frame #0: 0x00005555555bb402 original_2_fuzz`gcd(a=-1, b=0) at original_2.c:6:5
(lldb)  frame variable a -f dec 
(int) a = -1
(lldb)  frame variable b -f dec 
(int) b = 0
(lldb)  continue
Process 88953 resuming
Command #5 'continue' continued the target.
Executed /script/motivating_example/sample_set/gcd/fuzzing_test/modified_inputs/04632ffd4e57d20aaccc76273d04df4d48f8f0da in 52 ms
***
*** NOTE: fuzzing was not performed, you have only
***       executed the target code on a fixed set of inputs.
***
Process 88953 exited with status = 0 (0x00000000)
Process 88953 launched: '/script/motivating_example/sample_set/gcd/original_2_fuzz' (x86_64)
(lldb) quit
