(lldb) target create "original_1_fuzz"
Current executable set to '/script/motivating_example/sample_set/gcd/original_1_fuzz' (x86_64).
(lldb) command source -s 0 '/script/motivating_example/sample_set/gcd/fuzzing_test/original_1_debug/script/21daec1840d9a4ba84d9edd73b7c8f7fb28d34a1/batch.lldb'
Executing commands in '/script/motivating_example/sample_set/gcd/fuzzing_test/original_1_debug/script/21daec1840d9a4ba84d9edd73b7c8f7fb28d34a1/batch.lldb'.
(lldb) settings set interpreter.stop-command-source-on-error 0
(lldb) settings set auto-confirm 1
(lldb) breakpoint set --file /script/motivating_example/sample_set/gcd/original_1.c --line 10
Breakpoint 1: where = original_1_fuzz`gcd + 124 at original_1.c:10:9, address = 0x000000000006742c
(lldb) breakpoint command add 1
(lldb) run /script/motivating_example/sample_set/gcd/fuzzing_test/modified_inputs/21daec1840d9a4ba84d9edd73b7c8f7fb28d34a1
INFO: Running with entropic power schedule (0xFF, 100).
INFO: Seed: 4294415210
INFO: Loaded 1 modules   (10 inline 8-bit counters): 10 [0x5555555defb0, 0x5555555defba), 
INFO: Loaded 1 PC tables (10 PCs): 10 [0x5555555defc0,0x5555555df060), 
/script/motivating_example/sample_set/gcd/original_1_fuzz: Running 1 inputs 1 time(s) each.
Running: /script/motivating_example/sample_set/gcd/fuzzing_test/modified_inputs/21daec1840d9a4ba84d9edd73b7c8f7fb28d34a1
(lldb)  frame info
frame #0: 0x00005555555bb42c original_1_fuzz`gcd(a=-1718076569, b=402650318) at original_1.c:10:9
(lldb)  frame variable a -f dec 
(int) a = -1718076569
(lldb)  frame variable b -f dec 
(int) b = 402650318
(lldb)  continue
Process 81022 resuming
Command #5 'continue' continued the target.
(lldb)  frame info
frame #0: 0x00005555555bb42c original_1_fuzz`gcd(a=402650318, b=-107475297) at original_1.c:10:9
(lldb)  frame variable a -f dec 
(int) a = 402650318
(lldb)  frame variable b -f dec 
(int) b = -107475297
(lldb)  continue
Process 81022 resuming
Command #5 'continue' continued the target.
(lldb)  frame info
frame #0: 0x00005555555bb42c original_1_fuzz`gcd(a=-107475297, b=80224427) at original_1.c:10:9
(lldb)  frame variable a -f dec 
(int) a = -107475297
(lldb)  frame variable b -f dec 
(int) b = 80224427
(lldb)  continue
Process 81022 resuming
Command #5 'continue' continued the target.
(lldb)  frame info
frame #0: 0x00005555555bb42c original_1_fuzz`gcd(a=80224427, b=-27250870) at original_1.c:10:9
(lldb)  frame variable a -f dec 
(int) a = 80224427
(lldb)  frame variable b -f dec 
(int) b = -27250870
(lldb)  continue
Process 81022 resuming
Command #5 'continue' continued the target.
(lldb)  frame info
frame #0: 0x00005555555bb42c original_1_fuzz`gcd(a=-27250870, b=25722687) at original_1.c:10:9
(lldb)  frame variable a -f dec 
(int) a = -27250870
(lldb)  frame variable b -f dec 
(int) b = 25722687
(lldb)  continue
Process 81022 resuming
Command #5 'continue' continued the target.
(lldb)  frame info
frame #0: 0x00005555555bb42c original_1_fuzz`gcd(a=25722687, b=-1528183) at original_1.c:10:9
(lldb)  frame variable a -f dec 
(int) a = 25722687
(lldb)  frame variable b -f dec 
(int) b = -1528183
(lldb)  continue
Process 81022 resuming
Command #5 'continue' continued the target.
(lldb)  frame info
frame #0: 0x00005555555bb42c original_1_fuzz`gcd(a=-1528183, b=1271759) at original_1.c:10:9
(lldb)  frame variable a -f dec 
(int) a = -1528183
(lldb)  frame variable b -f dec 
(int) b = 1271759
(lldb)  continue
Process 81022 resuming
Command #5 'continue' continued the target.
(lldb)  frame info
frame #0: 0x00005555555bb42c original_1_fuzz`gcd(a=1271759, b=-256424) at original_1.c:10:9
(lldb)  frame variable a -f dec 
(int) a = 1271759
(lldb)  frame variable b -f dec 
(int) b = -256424
(lldb)  continue
Process 81022 resuming
Command #5 'continue' continued the target.
(lldb)  frame info
frame #0: 0x00005555555bb42c original_1_fuzz`gcd(a=-256424, b=246063) at original_1.c:10:9
(lldb)  frame variable a -f dec 
(int) a = -256424
(lldb)  frame variable b -f dec 
(int) b = 246063
(lldb)  continue
Process 81022 resuming
Command #5 'continue' continued the target.
(lldb)  frame info
frame #0: 0x00005555555bb42c original_1_fuzz`gcd(a=246063, b=-10361) at original_1.c:10:9
(lldb)  frame variable a -f dec 
(int) a = 246063
(lldb)  frame variable b -f dec 
(int) b = -10361
(lldb)  continue
Process 81022 resuming
Command #5 'continue' continued the target.
(lldb)  frame info
frame #0: 0x00005555555bb42c original_1_fuzz`gcd(a=-10361, b=7760) at original_1.c:10:9
(lldb)  frame variable a -f dec 
(int) a = -10361
(lldb)  frame variable b -f dec 
(int) b = 7760
(lldb)  continue
Process 81022 resuming
Command #5 'continue' continued the target.
(lldb)  frame info
frame #0: 0x00005555555bb42c original_1_fuzz`gcd(a=7760, b=-2601) at original_1.c:10:9
(lldb)  frame variable a -f dec 
(int) a = 7760
(lldb)  frame variable b -f dec 
(int) b = -2601
(lldb)  continue
Process 81022 resuming
Command #5 'continue' continued the target.
(lldb)  frame info
frame #0: 0x00005555555bb42c original_1_fuzz`gcd(a=-2601, b=2558) at original_1.c:10:9
(lldb)  frame variable a -f dec 
(int) a = -2601
(lldb)  frame variable b -f dec 
(int) b = 2558
(lldb)  continue
Process 81022 resuming
Command #5 'continue' continued the target.
(lldb)  frame info
frame #0: 0x00005555555bb42c original_1_fuzz`gcd(a=2558, b=-43) at original_1.c:10:9
(lldb)  frame variable a -f dec 
(int) a = 2558
(lldb)  frame variable b -f dec 
(int) b = -43
(lldb)  continue
Process 81022 resuming
Command #5 'continue' continued the target.
(lldb)  frame info
frame #0: 0x00005555555bb42c original_1_fuzz`gcd(a=-43, b=21) at original_1.c:10:9
(lldb)  frame variable a -f dec 
(int) a = -43
(lldb)  frame variable b -f dec 
(int) b = 21
(lldb)  continue
Process 81022 resuming
Command #5 'continue' continued the target.
(lldb)  frame info
frame #0: 0x00005555555bb42c original_1_fuzz`gcd(a=21, b=-1) at original_1.c:10:9
(lldb)  frame variable a -f dec 
(int) a = 21
(lldb)  frame variable b -f dec 
(int) b = -1
(lldb)  continue
Process 81022 resuming
Command #5 'continue' continued the target.
(lldb)  frame info
frame #0: 0x00005555555bb42c original_1_fuzz`gcd(a=-1, b=0) at original_1.c:10:9
(lldb)  frame variable a -f dec 
(int) a = -1
(lldb)  frame variable b -f dec 
(int) b = 0
(lldb)  continue
Process 81022 resuming
Command #5 'continue' continued the target.
Executed /script/motivating_example/sample_set/gcd/fuzzing_test/modified_inputs/21daec1840d9a4ba84d9edd73b7c8f7fb28d34a1 in 33 ms
***
*** NOTE: fuzzing was not performed, you have only
***       executed the target code on a fixed set of inputs.
***
Process 81022 exited with status = 0 (0x00000000)
Process 81022 launched: '/script/motivating_example/sample_set/gcd/original_1_fuzz' (x86_64)
(lldb) quit