(lldb) target create "original_2_fuzz"
Current executable set to '/script/motivating_example/sample_set/gcd/original_2_fuzz' (x86_64).
(lldb) command source -s 0 '/script/motivating_example/sample_set/gcd/fuzzing_test/original_2_debug/script/4ca9ad131281f28862141565ef06306715998647/batch.lldb'
Executing commands in '/script/motivating_example/sample_set/gcd/fuzzing_test/original_2_debug/script/4ca9ad131281f28862141565ef06306715998647/batch.lldb'.
(lldb) settings set interpreter.stop-command-source-on-error 0
(lldb) settings set auto-confirm 1
(lldb) breakpoint set --file /script/motivating_example/sample_set/gcd/original_2.c --line 6
Breakpoint 1: where = original_2_fuzz`gcd + 82 at original_2.c:6:5, address = 0x0000000000067402
(lldb) breakpoint command add 1
(lldb) run /script/motivating_example/sample_set/gcd/fuzzing_test/modified_inputs/4ca9ad131281f28862141565ef06306715998647
INFO: Running with entropic power schedule (0xFF, 100).
INFO: Seed: 3989143670
INFO: Loaded 1 modules   (10 inline 8-bit counters): 10 [0x5555555defb0, 0x5555555defba), 
INFO: Loaded 1 PC tables (10 PCs): 10 [0x5555555defc0,0x5555555df060), 
/script/motivating_example/sample_set/gcd/original_2_fuzz: Running 1 inputs 1 time(s) each.
Running: /script/motivating_example/sample_set/gcd/fuzzing_test/modified_inputs/4ca9ad131281f28862141565ef06306715998647
(lldb)  frame info
frame #0: 0x00005555555bb402 original_2_fuzz`gcd(a=15728635, b=-1702887424) at original_2.c:6:5
(lldb)  frame variable a -f dec 
(int) a = 15728635
(lldb)  frame variable b -f dec 
(int) b = -1702887424
(lldb)  continue
Process 90154 resuming
Command #5 'continue' continued the target.
(lldb)  frame info
frame #0: 0x00005555555bb402 original_2_fuzz`gcd(a=-1702887424, b=15728635) at original_2.c:6:5
(lldb)  frame variable a -f dec 
(int) a = -1702887424
(lldb)  frame variable b -f dec 
(int) b = 15728635
(lldb)  continue
Process 90154 resuming
Command #5 'continue' continued the target.
(lldb)  frame info
frame #0: 0x00005555555bb402 original_2_fuzz`gcd(a=15728635, b=-4194844) at original_2.c:6:5
(lldb)  frame variable a -f dec 
(int) a = 15728635
(lldb)  frame variable b -f dec 
(int) b = -4194844
(lldb)  continue
Process 90154 resuming
Command #5 'continue' continued the target.
(lldb)  frame info
frame #0: 0x00005555555bb402 original_2_fuzz`gcd(a=-4194844, b=3144103) at original_2.c:6:5
(lldb)  frame variable a -f dec 
(int) a = -4194844
(lldb)  frame variable b -f dec 
(int) b = 3144103
(lldb)  continue
Process 90154 resuming
Command #5 'continue' continued the target.
(lldb)  frame info
frame #0: 0x00005555555bb402 original_2_fuzz`gcd(a=3144103, b=-1050741) at original_2.c:6:5
(lldb)  frame variable a -f dec 
(int) a = 3144103
(lldb)  frame variable b -f dec 
(int) b = -1050741
(lldb)  continue
Process 90154 resuming
Command #5 'continue' continued the target.
(lldb)  frame info
frame #0: 0x00005555555bb402 original_2_fuzz`gcd(a=-1050741, b=1042621) at original_2.c:6:5
(lldb)  frame variable a -f dec 
(int) a = -1050741
(lldb)  frame variable b -f dec 
(int) b = 1042621
(lldb)  continue
Process 90154 resuming
Command #5 'continue' continued the target.
(lldb)  frame info
frame #0: 0x00005555555bb402 original_2_fuzz`gcd(a=1042621, b=-8120) at original_2.c:6:5
(lldb)  frame variable a -f dec 
(int) a = 1042621
(lldb)  frame variable b -f dec 
(int) b = -8120
(lldb)  continue
Process 90154 resuming
Command #5 'continue' continued the target.
(lldb)  frame info
frame #0: 0x00005555555bb402 original_2_fuzz`gcd(a=-8120, b=3261) at original_2.c:6:5
(lldb)  frame variable a -f dec 
(int) a = -8120
(lldb)  frame variable b -f dec 
(int) b = 3261
(lldb)  continue
Process 90154 resuming
Command #5 'continue' continued the target.
(lldb)  frame info
frame #0: 0x00005555555bb402 original_2_fuzz`gcd(a=3261, b=-1598) at original_2.c:6:5
(lldb)  frame variable a -f dec 
(int) a = 3261
(lldb)  frame variable b -f dec 
(int) b = -1598
(lldb)  continue
Process 90154 resuming
Command #5 'continue' continued the target.
(lldb)  frame info
frame #0: 0x00005555555bb402 original_2_fuzz`gcd(a=-1598, b=65) at original_2.c:6:5
(lldb)  frame variable a -f dec 
(int) a = -1598
(lldb)  frame variable b -f dec 
(int) b = 65
(lldb)  continue
Process 90154 resuming
Command #5 'continue' continued the target.
(lldb)  frame info
frame #0: 0x00005555555bb402 original_2_fuzz`gcd(a=65, b=-38) at original_2.c:6:5
(lldb)  frame variable a -f dec 
(int) a = 65
(lldb)  frame variable b -f dec 
(int) b = -38
(lldb)  continue
Process 90154 resuming
Command #5 'continue' continued the target.
(lldb)  frame info
frame #0: 0x00005555555bb402 original_2_fuzz`gcd(a=-38, b=27) at original_2.c:6:5
(lldb)  frame variable a -f dec 
(int) a = -38
(lldb)  frame variable b -f dec 
(int) b = 27
(lldb)  continue
Process 90154 resuming
Command #5 'continue' continued the target.
(lldb)  frame info
frame #0: 0x00005555555bb402 original_2_fuzz`gcd(a=27, b=-11) at original_2.c:6:5
(lldb)  frame variable a -f dec 
(int) a = 27
(lldb)  frame variable b -f dec 
(int) b = -11
(lldb)  continue
Process 90154 resuming
Command #5 'continue' continued the target.
(lldb)  frame info
frame #0: 0x00005555555bb402 original_2_fuzz`gcd(a=-11, b=5) at original_2.c:6:5
(lldb)  frame variable a -f dec 
(int) a = -11
(lldb)  frame variable b -f dec 
(int) b = 5
(lldb)  continue
Process 90154 resuming
Command #5 'continue' continued the target.
(lldb)  frame info
frame #0: 0x00005555555bb402 original_2_fuzz`gcd(a=5, b=-1) at original_2.c:6:5
(lldb)  frame variable a -f dec 
(int) a = 5
(lldb)  frame variable b -f dec 
(int) b = -1
(lldb)  continue
Process 90154 resuming
Command #5 'continue' continued the target.
(lldb)  frame info
frame #0: 0x00005555555bb402 original_2_fuzz`gcd(a=-1, b=0) at original_2.c:6:5
(lldb)  frame variable a -f dec 
(int) a = -1
(lldb)  frame variable b -f dec 
(int) b = 0
(lldb)  continue
Process 90154 resuming
Command #5 'continue' continued the target.
Executed /script/motivating_example/sample_set/gcd/fuzzing_test/modified_inputs/4ca9ad131281f28862141565ef06306715998647 in 33 ms
***
*** NOTE: fuzzing was not performed, you have only
***       executed the target code on a fixed set of inputs.
***
Process 90154 exited with status = 0 (0x00000000)
Process 90154 launched: '/script/motivating_example/sample_set/gcd/original_2_fuzz' (x86_64)
(lldb) quit
