(lldb) target create "original_2_fuzz"
Current executable set to '/script/motivating_example/sample_set/second_max/original_2_fuzz' (x86_64).
(lldb) command source -s 0 '/script/motivating_example/sample_set/second_max/fuzzing_test/original_2_debug/script/44c63420f4af9b874cbd524bcf9e814e6f0677a0/batch.lldb'
Executing commands in '/script/motivating_example/sample_set/second_max/fuzzing_test/original_2_debug/script/44c63420f4af9b874cbd524bcf9e814e6f0677a0/batch.lldb'.
(lldb) settings set interpreter.stop-command-source-on-error 0
(lldb) settings set auto-confirm 1
(lldb) breakpoint set --file /script/motivating_example/sample_set/second_max/original_2.c --line 19
Breakpoint 1: where = original_2_fuzz`second_max + 489 at original_2.c:19:9, address = 0x00000000000675a9
(lldb) breakpoint command add 1
(lldb) run /script/motivating_example/sample_set/second_max/fuzzing_test/modified_inputs/44c63420f4af9b874cbd524bcf9e814e6f0677a0
INFO: Running with entropic power schedule (0xFF, 100).
INFO: Seed: 998701716
INFO: Loaded 1 modules   (16 inline 8-bit counters): 16 [0x5555555defc0, 0x5555555defd0), 
INFO: Loaded 1 PC tables (16 PCs): 16 [0x5555555defd0,0x5555555df0d0), 
/script/motivating_example/sample_set/second_max/original_2_fuzz: Running 1 inputs 1 time(s) each.
Running: /script/motivating_example/sample_set/second_max/fuzzing_test/modified_inputs/44c63420f4af9b874cbd524bcf9e814e6f0677a0
(lldb)  frame info
frame #0: 0x00005555555bb5a9 original_2_fuzz`second_max(count=9, arr=0x0000555555f67f60) at original_2.c:19:9
(lldb)  frame variable count -f dec 
(unsigned int) count = 9
(lldb)  frame variable max -f dec 
(int) max = 16776960
(lldb)  frame variable sec -f dec 
(int) sec = -2147483648
(lldb)  frame variable a -f dec 
(int) a = 16776960
(lldb)  continue
Process 183067 resuming
Command #7 'continue' continued the target.
(lldb)  frame info
frame #0: 0x00005555555bb5a9 original_2_fuzz`second_max(count=9, arr=0x0000555555f67f60) at original_2.c:19:9
(lldb)  frame variable count -f dec 
(unsigned int) count = 9
(lldb)  frame variable max -f dec 
(int) max = 16776960
(lldb)  frame variable sec -f dec 
(int) sec = 0
(lldb)  frame variable a -f dec 
(int) a = 0
(lldb)  continue
Process 183067 resuming
Command #7 'continue' continued the target.
(lldb)  frame info
frame #0: 0x00005555555bb5a9 original_2_fuzz`second_max(count=9, arr=0x0000555555f67f60) at original_2.c:19:9
(lldb)  frame variable count -f dec 
(unsigned int) count = 9
(lldb)  frame variable max -f dec 
(int) max = 16776960
(lldb)  frame variable sec -f dec 
(int) sec = 0
(lldb)  frame variable a -f dec 
(int) a = 0
(lldb)  continue
Process 183067 resuming
Command #7 'continue' continued the target.
(lldb)  frame info
frame #0: 0x00005555555bb5a9 original_2_fuzz`second_max(count=9, arr=0x0000555555f67f60) at original_2.c:19:9
(lldb)  frame variable count -f dec 
(unsigned int) count = 9
(lldb)  frame variable max -f dec 
(int) max = 16776960
(lldb)  frame variable sec -f dec 
(int) sec = 0
(lldb)  frame variable a -f dec 
(int) a = 0
(lldb)  continue
Process 183067 resuming
Command #7 'continue' continued the target.
(lldb)  frame info
frame #0: 0x00005555555bb5a9 original_2_fuzz`second_max(count=9, arr=0x0000555555f67f60) at original_2.c:19:9
(lldb)  frame variable count -f dec 
(unsigned int) count = 9
(lldb)  frame variable max -f dec 
(int) max = 16776960
(lldb)  frame variable sec -f dec 
(int) sec = 0
(lldb)  frame variable a -f dec 
(int) a = 0
(lldb)  continue
Process 183067 resuming
Command #7 'continue' continued the target.
(lldb)  frame info
frame #0: 0x00005555555bb5a9 original_2_fuzz`second_max(count=9, arr=0x0000555555f67f60) at original_2.c:19:9
(lldb)  frame variable count -f dec 
(unsigned int) count = 9
(lldb)  frame variable max -f dec 
(int) max = 16776960
(lldb)  frame variable sec -f dec 
(int) sec = 0
(lldb)  frame variable a -f dec 
(int) a = 0
(lldb)  continue
Process 183067 resuming
Command #7 'continue' continued the target.
(lldb)  frame info
frame #0: 0x00005555555bb5a9 original_2_fuzz`second_max(count=9, arr=0x0000555555f67f60) at original_2.c:19:9
(lldb)  frame variable count -f dec 
(unsigned int) count = 9
(lldb)  frame variable max -f dec 
(int) max = 16776960
(lldb)  frame variable sec -f dec 
(int) sec = 0
(lldb)  frame variable a -f dec 
(int) a = -16777216
(lldb)  continue
Process 183067 resuming
Command #7 'continue' continued the target.
(lldb)  frame info
frame #0: 0x00005555555bb5a9 original_2_fuzz`second_max(count=9, arr=0x0000555555f67f60) at original_2.c:19:9
(lldb)  frame variable count -f dec 
(unsigned int) count = 9
(lldb)  frame variable max -f dec 
(int) max = 16776960
(lldb)  frame variable sec -f dec 
(int) sec = 0
(lldb)  frame variable a -f dec 
(int) a = -842202881
(lldb)  continue
Process 183067 resuming
Command #7 'continue' continued the target.
(lldb)  frame info
frame #0: 0x00005555555bb5a9 original_2_fuzz`second_max(count=9, arr=0x0000555555f67f60) at original_2.c:19:9
(lldb)  frame variable count -f dec 
(unsigned int) count = 9
(lldb)  frame variable max -f dec 
(int) max = 16776960
(lldb)  frame variable sec -f dec 
(int) sec = 52685
(lldb)  frame variable a -f dec 
(int) a = 52685
(lldb)  continue
Process 183067 resuming
Command #7 'continue' continued the target.
Executed /script/motivating_example/sample_set/second_max/fuzzing_test/modified_inputs/44c63420f4af9b874cbd524bcf9e814e6f0677a0 in 23 ms
***
*** NOTE: fuzzing was not performed, you have only
***       executed the target code on a fixed set of inputs.
***
Process 183067 exited with status = 0 (0x00000000)
Process 183067 launched: '/script/motivating_example/sample_set/second_max/original_2_fuzz' (x86_64)
(lldb) quit
