(lldb) target create "modified_fuzz"
Current executable set to '/script/motivating_example/sample_set/gcd/modified_fuzz' (x86_64).
(lldb) command source -s 0 '/script/motivating_example/sample_set/gcd/fuzzing_test/modified_debug/script/8061147974d1cf30b16e03e1bf3d2012dc218af4/batch.lldb'
Executing commands in '/script/motivating_example/sample_set/gcd/fuzzing_test/modified_debug/script/8061147974d1cf30b16e03e1bf3d2012dc218af4/batch.lldb'.
(lldb) settings set interpreter.stop-command-source-on-error 0
(lldb) settings set auto-confirm 1
(lldb) breakpoint set --file /script/motivating_example/sample_set/gcd/modified.c --line 9
Breakpoint 1: where = modified_fuzz`gcd + 121 at modified.c:9:9, address = 0x0000000000067429
(lldb) breakpoint command add 1
(lldb) run /script/motivating_example/sample_set/gcd/fuzzing_test/modified_inputs/8061147974d1cf30b16e03e1bf3d2012dc218af4
INFO: Running with entropic power schedule (0xFF, 100).
INFO: Seed: 36775895
INFO: Loaded 1 modules   (10 inline 8-bit counters): 10 [0x5555555defb0, 0x5555555defba), 
INFO: Loaded 1 PC tables (10 PCs): 10 [0x5555555defc0,0x5555555df060), 
/script/motivating_example/sample_set/gcd/modified_fuzz: Running 1 inputs 1 time(s) each.
Running: /script/motivating_example/sample_set/gcd/fuzzing_test/modified_inputs/8061147974d1cf30b16e03e1bf3d2012dc218af4
(lldb)  frame info
frame #0: 0x00005555555bb429 modified_fuzz`gcd(a=-2147475544, b=-8104) at modified.c:9:9
(lldb)  frame variable a -f dec 
(int) a = -2147475544
(lldb)  frame variable b -f dec 
(int) b = -8104
(lldb)  continue
Process 74194 resuming
Command #5 'continue' continued the target.
(lldb)  frame info
frame #0: 0x00005555555bb429 modified_fuzz`gcd(a=-2147470856, b=-4688) at modified.c:9:9
(lldb)  frame variable a -f dec 
(int) a = -2147470856
(lldb)  frame variable b -f dec 
(int) b = -4688
(lldb)  continue
Process 74194 resuming
Command #5 'continue' continued the target.
(lldb)  frame info
frame #0: 0x00005555555bb429 modified_fuzz`gcd(a=-2147469664, b=-1192) at modified.c:9:9
(lldb)  frame variable a -f dec 
(int) a = -2147469664
(lldb)  frame variable b -f dec 
(int) b = -1192
(lldb)  continue
Process 74194 resuming
Command #5 'continue' continued the target.
(lldb)  frame info
frame #0: 0x00005555555bb429 modified_fuzz`gcd(a=-2147469056, b=-608) at modified.c:9:9
(lldb)  frame variable a -f dec 
(int) a = -2147469056
(lldb)  frame variable b -f dec 
(int) b = -608
(lldb)  continue
Process 74194 resuming
Command #5 'continue' continued the target.
(lldb)  frame info
frame #0: 0x00005555555bb429 modified_fuzz`gcd(a=-2147468768, b=-288) at modified.c:9:9
(lldb)  frame variable a -f dec 
(int) a = -2147468768
(lldb)  frame variable b -f dec 
(int) b = -288
(lldb)  continue
Process 74194 resuming
Command #5 'continue' continued the target.
(lldb)  frame info
frame #0: 0x00005555555bb429 modified_fuzz`gcd(a=-2147468544, b=-224) at modified.c:9:9
(lldb)  frame variable a -f dec 
(int) a = -2147468544
(lldb)  frame variable b -f dec 
(int) b = -224
(lldb)  continue
Process 74194 resuming
Command #5 'continue' continued the target.
(lldb)  frame info
frame #0: 0x00005555555bb429 modified_fuzz`gcd(a=-2147468512, b=-32) at modified.c:9:9
(lldb)  frame variable a -f dec 
(int) a = -2147468512
(lldb)  frame variable b -f dec 
(int) b = -32
(lldb)  continue
Process 74194 resuming
Command #5 'continue' continued the target.
(lldb)  frame info
frame #0: 0x00005555555bb429 modified_fuzz`gcd(a=-2147468512, b=0) at modified.c:9:9
(lldb)  frame variable a -f dec 
(int) a = -2147468512
(lldb)  frame variable b -f dec 
(int) b = 0
(lldb)  continue
Process 74194 resuming
Command #5 'continue' continued the target.
Executed /script/motivating_example/sample_set/gcd/fuzzing_test/modified_inputs/8061147974d1cf30b16e03e1bf3d2012dc218af4 in 20 ms
***
*** NOTE: fuzzing was not performed, you have only
***       executed the target code on a fixed set of inputs.
***
Process 74194 exited with status = 0 (0x00000000)
Process 74194 launched: '/script/motivating_example/sample_set/gcd/modified_fuzz' (x86_64)
(lldb) quit
