(lldb) target create "original_1_fuzz"
Current executable set to '/script/motivating_example/sample_set/gcd/original_1_fuzz' (x86_64).
(lldb) command source -s 0 '/script/motivating_example/sample_set/gcd/fuzzing_test/original_1_debug/script/e4719b8508d63276a5e5e3e9dee885c21285603d/batch.lldb'
Executing commands in '/script/motivating_example/sample_set/gcd/fuzzing_test/original_1_debug/script/e4719b8508d63276a5e5e3e9dee885c21285603d/batch.lldb'.
(lldb) settings set interpreter.stop-command-source-on-error 0
(lldb) settings set auto-confirm 1
(lldb) breakpoint set --file /script/motivating_example/sample_set/gcd/original_1.c --line 10
Breakpoint 1: where = original_1_fuzz`gcd + 124 at original_1.c:10:9, address = 0x000000000006742c
(lldb) breakpoint command add 1
(lldb) run /script/motivating_example/sample_set/gcd/fuzzing_test/modified_inputs/e4719b8508d63276a5e5e3e9dee885c21285603d
INFO: Running with entropic power schedule (0xFF, 100).
INFO: Seed: 1494613331
INFO: Loaded 1 modules   (10 inline 8-bit counters): 10 [0x5555555defb0, 0x5555555defba), 
INFO: Loaded 1 PC tables (10 PCs): 10 [0x5555555defc0,0x5555555df060), 
/script/motivating_example/sample_set/gcd/original_1_fuzz: Running 1 inputs 1 time(s) each.
Running: /script/motivating_example/sample_set/gcd/fuzzing_test/modified_inputs/e4719b8508d63276a5e5e3e9dee885c21285603d
(lldb)  frame info
frame #0: 0x00005555555bb42c original_1_fuzz`gcd(a=991887360, b=-163708928) at original_1.c:10:9
(lldb)  frame variable a -f dec 
(int) a = 991887360
(lldb)  frame variable b -f dec 
(int) b = -163708928
(lldb)  continue
Process 84135 resuming
Command #5 'continue' continued the target.
(lldb)  frame info
frame #0: 0x00005555555bb42c original_1_fuzz`gcd(a=-163708928, b=9633792) at original_1.c:10:9
(lldb)  frame variable a -f dec 
(int) a = -163708928
(lldb)  frame variable b -f dec 
(int) b = 9633792
(lldb)  continue
Process 84135 resuming
Command #5 'continue' continued the target.
(lldb)  frame info
frame #0: 0x00005555555bb42c original_1_fuzz`gcd(a=9633792, b=-9568256) at original_1.c:10:9
(lldb)  frame variable a -f dec 
(int) a = 9633792
(lldb)  frame variable b -f dec 
(int) b = -9568256
(lldb)  continue
Process 84135 resuming
Command #5 'continue' continued the target.
(lldb)  frame info
frame #0: 0x00005555555bb42c original_1_fuzz`gcd(a=-9568256, b=65536) at original_1.c:10:9
(lldb)  frame variable a -f dec 
(int) a = -9568256
(lldb)  frame variable b -f dec 
(int) b = 65536
(lldb)  continue
Process 84135 resuming
Command #5 'continue' continued the target.
(lldb)  frame info
frame #0: 0x00005555555bb42c original_1_fuzz`gcd(a=65536, b=0) at original_1.c:10:9
(lldb)  frame variable a -f dec 
(int) a = 65536
(lldb)  frame variable b -f dec 
(int) b = 0
(lldb)  continue
Process 84135 resuming
Command #5 'continue' continued the target.
Executed /script/motivating_example/sample_set/gcd/fuzzing_test/modified_inputs/e4719b8508d63276a5e5e3e9dee885c21285603d in 16 ms
***
*** NOTE: fuzzing was not performed, you have only
***       executed the target code on a fixed set of inputs.
***
Process 84135 exited with status = 0 (0x00000000)
Process 84135 launched: '/script/motivating_example/sample_set/gcd/original_1_fuzz' (x86_64)
(lldb) quit
