(lldb) target create "original_1_fuzz"
Current executable set to '/script/motivating_example/sample_set/permutation/original_1_fuzz' (x86_64).
(lldb) command source -s 0 '/script/motivating_example/sample_set/permutation/fuzzing_test/original_1_debug/script/b6589fc6ab0dc82cf12099d1c2d40ab994e8410c/batch.lldb'
Executing commands in '/script/motivating_example/sample_set/permutation/fuzzing_test/original_1_debug/script/b6589fc6ab0dc82cf12099d1c2d40ab994e8410c/batch.lldb'.
(lldb) settings set interpreter.stop-command-source-on-error 0
(lldb) settings set auto-confirm 1
(lldb) breakpoint set --file /script/motivating_example/sample_set/permutation/original_1.c --line 29
Breakpoint 1: where = original_1_fuzz`permutation + 392 at original_1.c:29:13, address = 0x00000000000676d8
(lldb) breakpoint command add 1
(lldb) run /script/motivating_example/sample_set/permutation/fuzzing_test/modified_inputs/b6589fc6ab0dc82cf12099d1c2d40ab994e8410c
INFO: Running with entropic power schedule (0xFF, 100).
INFO: Seed: 110260737
INFO: Loaded 1 modules   (16 inline 8-bit counters): 16 [0x5555555defd0, 0x5555555defe0), 
INFO: Loaded 1 PC tables (16 PCs): 16 [0x5555555defe0,0x5555555df0e0), 
/script/motivating_example/sample_set/permutation/original_1_fuzz: Running 1 inputs 1 time(s) each.
Running: /script/motivating_example/sample_set/permutation/fuzzing_test/modified_inputs/b6589fc6ab0dc82cf12099d1c2d40ab994e8410c
48 
(lldb)  frame info
frame #0: 0x00005555555bb6d8 original_1_fuzz`permutation(arr=0x0000555555f67f50, size=1, index=0) at original_1.c:29:13
(lldb)  frame variable i -f dec 
(size_t) i = 0
(lldb)  frame variable index -f dec 
(size_t) index = 0
(lldb)  frame variable curr_val -f dec 
(int) curr_val = 48
(lldb)  continue
Process 150977 resuming
Command #6 'continue' continued the target.
Executed /script/motivating_example/sample_set/permutation/fuzzing_test/modified_inputs/b6589fc6ab0dc82cf12099d1c2d40ab994e8410c in 11 ms
***
*** NOTE: fuzzing was not performed, you have only
***       executed the target code on a fixed set of inputs.
***
Process 150977 exited with status = 0 (0x00000000)
Process 150977 launched: '/script/motivating_example/sample_set/permutation/original_1_fuzz' (x86_64)
(lldb) quit