(lldb) target create "original_1_fuzz"
Current executable set to '/script/motivating_example/sample_set/factorial/original_1_fuzz' (x86_64).
(lldb) command source -s 0 '/script/motivating_example/sample_set/factorial/fuzzing_test/original_1_debug/script/3c7946b3ef2576a4157e3ac123bd6a9e27e03e33/batch.lldb'
Executing commands in '/script/motivating_example/sample_set/factorial/fuzzing_test/original_1_debug/script/3c7946b3ef2576a4157e3ac123bd6a9e27e03e33/batch.lldb'.
(lldb) settings set interpreter.stop-command-source-on-error 0
(lldb) settings set auto-confirm 1
(lldb) breakpoint set --file /script/motivating_example/sample_set/factorial/original_1.c --line 9
Breakpoint 1: where = original_1_fuzz`factorial + 132 at original_1.c:9:9, address = 0x0000000000067414
(lldb) breakpoint command add 1
(lldb) run /script/motivating_example/sample_set/factorial/fuzzing_test/modified_inputs/3c7946b3ef2576a4157e3ac123bd6a9e27e03e33
INFO: Running with entropic power schedule (0xFF, 100).
INFO: Seed: 1795829530
INFO: Loaded 1 modules   (8 inline 8-bit counters): 8 [0x5555555defb0, 0x5555555defb8), 
INFO: Loaded 1 PC tables (8 PCs): 8 [0x5555555defb8,0x5555555df038), 
/script/motivating_example/sample_set/factorial/original_1_fuzz: Running 1 inputs 1 time(s) each.
Running: /script/motivating_example/sample_set/factorial/fuzzing_test/modified_inputs/3c7946b3ef2576a4157e3ac123bd6a9e27e03e33
(lldb)  frame info
frame #0: 0x00005555555bb414 original_1_fuzz`factorial(n=2) at original_1.c:9:9
(lldb)  frame variable i -f dec 
(int) i = 1
(lldb)  frame variable result -f dec 
(unsigned long) result = 1
(lldb)  continue
Process 145928 resuming
Command #5 'continue' continued the target.
(lldb)  frame info
frame #0: 0x00005555555bb414 original_1_fuzz`factorial(n=2) at original_1.c:9:9
(lldb)  frame variable i -f dec 
(int) i = 2
(lldb)  frame variable result -f dec 
(unsigned long) result = 2
(lldb)  continue
Process 145928 resuming
Command #5 'continue' continued the target.
Executed /script/motivating_example/sample_set/factorial/fuzzing_test/modified_inputs/3c7946b3ef2576a4157e3ac123bd6a9e27e03e33 in 13 ms
***
*** NOTE: fuzzing was not performed, you have only
***       executed the target code on a fixed set of inputs.
***
Process 145928 exited with status = 0 (0x00000000)
Process 145928 launched: '/script/motivating_example/sample_set/factorial/original_1_fuzz' (x86_64)
(lldb) quit