(lldb) target create "original_2_fuzz"
Current executable set to '/script/motivating_example/sample_set/reverse_string/original_2_fuzz' (x86_64).
(lldb) command source -s 0 '/script/motivating_example/sample_set/reverse_string/fuzzing_test/original_2_debug/script/238bc3834d3e1ad81ab088607e9a1a2c9f770fdb/batch.lldb'
Executing commands in '/script/motivating_example/sample_set/reverse_string/fuzzing_test/original_2_debug/script/238bc3834d3e1ad81ab088607e9a1a2c9f770fdb/batch.lldb'.
(lldb) settings set interpreter.stop-command-source-on-error 0
(lldb) settings set auto-confirm 1
(lldb) breakpoint set --file /script/motivating_example/sample_set/reverse_string/original_2.c --line 23
Breakpoint 1: where = original_2_fuzz`reverse_string + 254 at original_2.c:23:9, address = 0x000000000006746e
(lldb) breakpoint command add 1
(lldb) run /script/motivating_example/sample_set/reverse_string/fuzzing_test/modified_inputs/238bc3834d3e1ad81ab088607e9a1a2c9f770fdb
INFO: Running with entropic power schedule (0xFF, 100).
INFO: Seed: 1772412290
INFO: Loaded 1 modules   (8 inline 8-bit counters): 8 [0x5555555defc0, 0x5555555defc8), 
INFO: Loaded 1 PC tables (8 PCs): 8 [0x5555555defc8,0x5555555df048), 
/script/motivating_example/sample_set/reverse_string/original_2_fuzz: Running 1 inputs 1 time(s) each.
Running: /script/motivating_example/sample_set/reverse_string/fuzzing_test/modified_inputs/238bc3834d3e1ad81ab088607e9a1a2c9f770fdb
(lldb)  frame info
frame #0: 0x00005555555bb46e original_2_fuzz`reverse_string(str="\xc4\xfb\xe0\b\xfb\xe0\b\b\b\b\b\b\b\b\b\xbd") at original_2.c:23:9
(lldb)  frame variable start -f dec 
(size_t) start = 1
(lldb)  frame variable end -f dec 
(size_t) end = 14
(lldb)  frame variable temp -f dec 
(char) temp = -67
(lldb)  continue
Process 106478 resuming
Command #6 'continue' continued the target.
(lldb)  frame info
frame #0: 0x00005555555bb46e original_2_fuzz`reverse_string(str="\xc4\b\xe0\b\xfb\xe0\b\b\b\b\b\b\b\b\xfb\xbd") at original_2.c:23:9
(lldb)  frame variable start -f dec 
(size_t) start = 2
(lldb)  frame variable end -f dec 
(size_t) end = 13
(lldb)  frame variable temp -f dec 
(char) temp = -5
(lldb)  continue
Process 106478 resuming
Command #6 'continue' continued the target.
(lldb)  frame info
frame #0: 0x00005555555bb46e original_2_fuzz`reverse_string(str="\xc4\b\b\b\xfb\xe0\b\b\b\b\b\b\b\xe0\xfb\xbd") at original_2.c:23:9
(lldb)  frame variable start -f dec 
(size_t) start = 3
(lldb)  frame variable end -f dec 
(size_t) end = 12
(lldb)  frame variable temp -f dec 
(char) temp = -32
(lldb)  continue
Process 106478 resuming
Command #6 'continue' continued the target.
(lldb)  frame info
frame #0: 0x00005555555bb46e original_2_fuzz`reverse_string(str="\xc4\b\b\b\xfb\xe0\b\b\b\b\b\b\b\xe0\xfb\xbd") at original_2.c:23:9
(lldb)  frame variable start -f dec 
(size_t) start = 4
(lldb)  frame variable end -f dec 
(size_t) end = 11
(lldb)  frame variable temp -f dec 
(char) temp = 8
(lldb)  continue
Process 106478 resuming
Command #6 'continue' continued the target.
(lldb)  frame info
frame #0: 0x00005555555bb46e original_2_fuzz`reverse_string(str="\xc4\b\b\b\b\xe0\b\b\b\b\b\xfb\b\xe0\xfb\xbd") at original_2.c:23:9
(lldb)  frame variable start -f dec 
(size_t) start = 5
(lldb)  frame variable end -f dec 
(size_t) end = 10
(lldb)  frame variable temp -f dec 
(char) temp = -5
(lldb)  continue
Process 106478 resuming
Command #6 'continue' continued the target.
(lldb)  frame info
frame #0: 0x00005555555bb46e original_2_fuzz`reverse_string(str="\xc4\b\b\b\b\b\b\b\b\b\xe0\xfb\b\xe0\xfb\xbd") at original_2.c:23:9
(lldb)  frame variable start -f dec 
(size_t) start = 6
(lldb)  frame variable end -f dec 
(size_t) end = 9
(lldb)  frame variable temp -f dec 
(char) temp = -32
(lldb)  continue
Process 106478 resuming
Command #6 'continue' continued the target.
(lldb)  frame info
frame #0: 0x00005555555bb46e original_2_fuzz`reverse_string(str="\xc4\b\b\b\b\b\b\b\b\b\xe0\xfb\b\xe0\xfb\xbd") at original_2.c:23:9
(lldb)  frame variable start -f dec 
(size_t) start = 7
(lldb)  frame variable end -f dec 
(size_t) end = 8
(lldb)  frame variable temp -f dec 
(char) temp = 8
(lldb)  continue
Process 106478 resuming
Command #6 'continue' continued the target.
(lldb)  frame info
frame #0: 0x00005555555bb46e original_2_fuzz`reverse_string(str="\xc4\b\b\b\b\b\b\b\b\b\xe0\xfb\b\xe0\xfb\xbd") at original_2.c:23:9
(lldb)  frame variable start -f dec 
(size_t) start = 8
(lldb)  frame variable end -f dec 
(size_t) end = 7
(lldb)  frame variable temp -f dec 
(char) temp = 8
(lldb)  continue
Process 106478 resuming
Command #6 'continue' continued the target.
Executed /script/motivating_example/sample_set/reverse_string/fuzzing_test/modified_inputs/238bc3834d3e1ad81ab088607e9a1a2c9f770fdb in 20 ms
***
*** NOTE: fuzzing was not performed, you have only
***       executed the target code on a fixed set of inputs.
***
Process 106478 exited with status = 0 (0x00000000)
Process 106478 launched: '/script/motivating_example/sample_set/reverse_string/original_2_fuzz' (x86_64)
(lldb) quit