(lldb) target create "original_2_fuzz"
Current executable set to '/script/motivating_example/sample_set/second_max/original_2_fuzz' (x86_64).
(lldb) command source -s 0 '/script/motivating_example/sample_set/second_max/fuzzing_test/original_2_debug/script/dae32f52f893ab7250d74eba647fa290c0d06d82/batch.lldb'
Executing commands in '/script/motivating_example/sample_set/second_max/fuzzing_test/original_2_debug/script/dae32f52f893ab7250d74eba647fa290c0d06d82/batch.lldb'.
(lldb) settings set interpreter.stop-command-source-on-error 0
(lldb) settings set auto-confirm 1
(lldb) breakpoint set --file /script/motivating_example/sample_set/second_max/original_2.c --line 19
Breakpoint 1: where = original_2_fuzz`second_max + 489 at original_2.c:19:9, address = 0x00000000000675a9
(lldb) breakpoint command add 1
(lldb) run /script/motivating_example/sample_set/second_max/fuzzing_test/modified_inputs/dae32f52f893ab7250d74eba647fa290c0d06d82
INFO: Running with entropic power schedule (0xFF, 100).
INFO: Seed: 3145618460
INFO: Loaded 1 modules   (16 inline 8-bit counters): 16 [0x5555555defc0, 0x5555555defd0), 
INFO: Loaded 1 PC tables (16 PCs): 16 [0x5555555defd0,0x5555555df0d0), 
/script/motivating_example/sample_set/second_max/original_2_fuzz: Running 1 inputs 1 time(s) each.
Running: /script/motivating_example/sample_set/second_max/fuzzing_test/modified_inputs/dae32f52f893ab7250d74eba647fa290c0d06d82
Executed /script/motivating_example/sample_set/second_max/fuzzing_test/modified_inputs/dae32f52f893ab7250d74eba647fa290c0d06d82 in 0 ms
***
*** NOTE: fuzzing was not performed, you have only
***       executed the target code on a fixed set of inputs.
***
Process 186276 exited with status = 0 (0x00000000)
Process 186276 launched: '/script/motivating_example/sample_set/second_max/original_2_fuzz' (x86_64)
(lldb) quit