(lldb) target create "original_1_fuzz"
Current executable set to '/script/motivating_example/sample_set/concatenate_array/original_1_fuzz' (x86_64).
(lldb) command source -s 0 '/script/motivating_example/sample_set/concatenate_array/fuzzing_test/original_1_debug/script/710991c343c327fcc06c189741e8363825b18516/batch.lldb'
Executing commands in '/script/motivating_example/sample_set/concatenate_array/fuzzing_test/original_1_debug/script/710991c343c327fcc06c189741e8363825b18516/batch.lldb'.
(lldb) settings set interpreter.stop-command-source-on-error 0
(lldb) settings set auto-confirm 1
(lldb) breakpoint set --file /script/motivating_example/sample_set/concatenate_array/original_1.c --line 14
Breakpoint 1: where = original_1_fuzz`concatenate_array + 250 at original_1.c:14:9, address = 0x00000000000675da
(lldb) breakpoint command add 1
(lldb) breakpoint set --file /script/motivating_example/sample_set/concatenate_array/original_1.c --line 23
Breakpoint 2: where = original_1_fuzz`concatenate_array + 388 at original_1.c:23:9, address = 0x0000000000067664
(lldb) breakpoint command add 2
(lldb) run /script/motivating_example/sample_set/concatenate_array/fuzzing_test/modified_inputs/710991c343c327fcc06c189741e8363825b18516
INFO: Running with entropic power schedule (0xFF, 100).
INFO: Seed: 235851900
INFO: Loaded 1 modules   (10 inline 8-bit counters): 10 [0x5555555defc0, 0x5555555defca), 
INFO: Loaded 1 PC tables (10 PCs): 10 [0x5555555defd0,0x5555555df070), 
/script/motivating_example/sample_set/concatenate_array/original_1_fuzz: Running 1 inputs 1 time(s) each.
Running: /script/motivating_example/sample_set/concatenate_array/fuzzing_test/modified_inputs/710991c343c327fcc06c189741e8363825b18516
(lldb)  frame info
frame #0: 0x00005555555bb5da original_1_fuzz`concatenate_array(arr1=0x0000555555f67fb0, size1=8, arr2=0x0000555555f67fe0, size2=1) at original_1.c:14:9
(lldb)  frame variable dest_pos -f dec 
(size_t) dest_pos = 0
(lldb)  frame variable orig_pos -f dec 
(size_t) orig_pos = 0
(lldb)  frame variable val -f dec 
(int) val = -1330642385
(lldb)  continue
Process 112885 resuming
Command #6 'continue' continued the target.
(lldb)  frame info
frame #0: 0x00005555555bb5da original_1_fuzz`concatenate_array(arr1=0x0000555555f67fb0, size1=8, arr2=0x0000555555f67fe0, size2=1) at original_1.c:14:9
(lldb)  frame variable dest_pos -f dec 
(size_t) dest_pos = 1
(lldb)  frame variable orig_pos -f dec 
(size_t) orig_pos = 1
(lldb)  frame variable val -f dec 
(int) val = 1287981745
(lldb)  continue
Process 112885 resuming
Command #6 'continue' continued the target.
(lldb)  frame info
frame #0: 0x00005555555bb5da original_1_fuzz`concatenate_array(arr1=0x0000555555f67fb0, size1=8, arr2=0x0000555555f67fe0, size2=1) at original_1.c:14:9
(lldb)  frame variable dest_pos -f dec 
(size_t) dest_pos = 2
(lldb)  frame variable orig_pos -f dec 
(size_t) orig_pos = 2
(lldb)  frame variable val -f dec 
(int) val = 1308622848
(lldb)  continue
Process 112885 resuming
Command #6 'continue' continued the target.
(lldb)  frame info
frame #0: 0x00005555555bb5da original_1_fuzz`concatenate_array(arr1=0x0000555555f67fb0, size1=8, arr2=0x0000555555f67fe0, size2=1) at original_1.c:14:9
(lldb)  frame variable dest_pos -f dec 
(size_t) dest_pos = 3
(lldb)  frame variable orig_pos -f dec 
(size_t) orig_pos = 3
(lldb)  frame variable val -f dec 
(int) val = -1337044914
(lldb)  continue
Process 112885 resuming
Command #6 'continue' continued the target.
(lldb)  frame info
frame #0: 0x00005555555bb5da original_1_fuzz`concatenate_array(arr1=0x0000555555f67fb0, size1=8, arr2=0x0000555555f67fe0, size2=1) at original_1.c:14:9
(lldb)  frame variable dest_pos -f dec 
(size_t) dest_pos = 4
(lldb)  frame variable orig_pos -f dec 
(size_t) orig_pos = 4
(lldb)  frame variable val -f dec 
(int) val = -989154896
(lldb)  continue
Process 112885 resuming
Command #6 'continue' continued the target.
(lldb)  frame info
frame #0: 0x00005555555bb5da original_1_fuzz`concatenate_array(arr1=0x0000555555f67fb0, size1=8, arr2=0x0000555555f67fe0, size2=1) at original_1.c:14:9
(lldb)  frame variable dest_pos -f dec 
(size_t) dest_pos = 5
(lldb)  frame variable orig_pos -f dec 
(size_t) orig_pos = 5
(lldb)  frame variable val -f dec 
(int) val = 1317011532
(lldb)  continue
Process 112885 resuming
Command #6 'continue' continued the target.
(lldb)  frame info
frame #0: 0x00005555555bb5da original_1_fuzz`concatenate_array(arr1=0x0000555555f67fb0, size1=8, arr2=0x0000555555f67fe0, size2=1) at original_1.c:14:9
(lldb)  frame variable dest_pos -f dec 
(size_t) dest_pos = 6
(lldb)  frame variable orig_pos -f dec 
(size_t) orig_pos = 6
(lldb)  frame variable val -f dec 
(int) val = -1337044914
(lldb)  continue
Process 112885 resuming
Command #6 'continue' continued the target.
(lldb)  frame info
frame #0: 0x00005555555bb5da original_1_fuzz`concatenate_array(arr1=0x0000555555f67fb0, size1=8, arr2=0x0000555555f67fe0, size2=1) at original_1.c:14:9
(lldb)  frame variable dest_pos -f dec 
(size_t) dest_pos = 7
(lldb)  frame variable orig_pos -f dec 
(size_t) orig_pos = 7
(lldb)  frame variable val -f dec 
(int) val = 1308623024
(lldb)  continue
Process 112885 resuming
Command #6 'continue' continued the target.
(lldb)  frame info
