(lldb) target create "modified_fuzz"
Current executable set to '/script/motivating_example/sample_set/concatenate_array/modified_fuzz' (x86_64).
(lldb) command source -s 0 '/script/motivating_example/sample_set/concatenate_array/fuzzing_test/modified_debug/script/ea7321bd30a448ab59ff1c2987e7cc900f5b274f/batch.lldb'
Executing commands in '/script/motivating_example/sample_set/concatenate_array/fuzzing_test/modified_debug/script/ea7321bd30a448ab59ff1c2987e7cc900f5b274f/batch.lldb'.
(lldb) settings set interpreter.stop-command-source-on-error 0
(lldb) settings set auto-confirm 1
(lldb) breakpoint set --file /script/motivating_example/sample_set/concatenate_array/modified.c --line 14
Breakpoint 1: where = modified_fuzz`concatenate_array + 250 at modified.c:14:9, address = 0x00000000000675da
(lldb) breakpoint command add 1
(lldb) breakpoint set --file /script/motivating_example/sample_set/concatenate_array/modified.c --line 23
Breakpoint 2: where = modified_fuzz`concatenate_array + 388 at modified.c:23:9, address = 0x0000000000067664
(lldb) breakpoint command add 2
(lldb) run /script/motivating_example/sample_set/concatenate_array/fuzzing_test/modified_inputs/ea7321bd30a448ab59ff1c2987e7cc900f5b274f
INFO: Running with entropic power schedule (0xFF, 100).
INFO: Seed: 4231581412
INFO: Loaded 1 modules   (10 inline 8-bit counters): 10 [0x5555555defc0, 0x5555555defca), 
INFO: Loaded 1 PC tables (10 PCs): 10 [0x5555555defd0,0x5555555df070), 
/script/motivating_example/sample_set/concatenate_array/modified_fuzz: Running 1 inputs 1 time(s) each.
Running: /script/motivating_example/sample_set/concatenate_array/fuzzing_test/modified_inputs/ea7321bd30a448ab59ff1c2987e7cc900f5b274f
Executed /script/motivating_example/sample_set/concatenate_array/fuzzing_test/modified_inputs/ea7321bd30a448ab59ff1c2987e7cc900f5b274f in 0 ms
***
*** NOTE: fuzzing was not performed, you have only
***       executed the target code on a fixed set of inputs.
***
Process 109838 exited with status = 0 (0x00000000)
Process 109838 launched: '/script/motivating_example/sample_set/concatenate_array/modified_fuzz' (x86_64)
(lldb) quit