(lldb) target create "original_1_fuzz"
Current executable set to '/script/motivating_example/sample_set/gcd/original_1_fuzz' (x86_64).
(lldb) command source -s 0 '/script/motivating_example/sample_set/gcd/fuzzing_test/original_1_debug/script/765d07f622c3a24bd12a2c9a8c24271c3050ea19/batch.lldb'
Executing commands in '/script/motivating_example/sample_set/gcd/fuzzing_test/original_1_debug/script/765d07f622c3a24bd12a2c9a8c24271c3050ea19/batch.lldb'.
(lldb) settings set interpreter.stop-command-source-on-error 0
(lldb) settings set auto-confirm 1
(lldb) breakpoint set --file /script/motivating_example/sample_set/gcd/original_1.c --line 10
Breakpoint 1: where = original_1_fuzz`gcd + 124 at original_1.c:10:9, address = 0x000000000006742c
(lldb) breakpoint command add 1
(lldb) run /script/motivating_example/sample_set/gcd/fuzzing_test/modified_inputs/765d07f622c3a24bd12a2c9a8c24271c3050ea19
INFO: Running with entropic power schedule (0xFF, 100).
INFO: Seed: 1778541380
INFO: Loaded 1 modules   (10 inline 8-bit counters): 10 [0x5555555defb0, 0x5555555defba), 
INFO: Loaded 1 PC tables (10 PCs): 10 [0x5555555defc0,0x5555555df060), 
/script/motivating_example/sample_set/gcd/original_1_fuzz: Running 1 inputs 1 time(s) each.
Running: /script/motivating_example/sample_set/gcd/fuzzing_test/modified_inputs/765d07f622c3a24bd12a2c9a8c24271c3050ea19
(lldb)  frame info
frame #0: 0x00005555555bb42c original_1_fuzz`gcd(a=1736441855, b=411041792) at original_1.c:10:9
(lldb)  frame variable a -f dec 
(int) a = 1736441855
(lldb)  frame variable b -f dec 
(int) b = 411041792
(lldb)  continue
Process 82436 resuming
Command #5 'continue' continued the target.
(lldb)  frame info
frame #0: 0x00005555555bb42c original_1_fuzz`gcd(a=411041792, b=92274687) at original_1.c:10:9
(lldb)  frame variable a -f dec 
(int) a = 411041792
(lldb)  frame variable b -f dec 
(int) b = 92274687
(lldb)  continue
Process 82436 resuming
Command #5 'continue' continued the target.
(lldb)  frame info
frame #0: 0x00005555555bb42c original_1_fuzz`gcd(a=92274687, b=41943044) at original_1.c:10:9
(lldb)  frame variable a -f dec 
(int) a = 92274687
(lldb)  frame variable b -f dec 
(int) b = 41943044
(lldb)  continue
Process 82436 resuming
Command #5 'continue' continued the target.
(lldb)  frame info
frame #0: 0x00005555555bb42c original_1_fuzz`gcd(a=41943044, b=8388599) at original_1.c:10:9
(lldb)  frame variable a -f dec 
(int) a = 41943044
(lldb)  frame variable b -f dec 
(int) b = 8388599
(lldb)  continue
Process 82436 resuming
Command #5 'continue' continued the target.
(lldb)  frame info
frame #0: 0x00005555555bb42c original_1_fuzz`gcd(a=8388599, b=49) at original_1.c:10:9
(lldb)  frame variable a -f dec 
(int) a = 8388599
(lldb)  frame variable b -f dec 
(int) b = 49
(lldb)  continue
Process 82436 resuming
Command #5 'continue' continued the target.
(lldb)  frame info
frame #0: 0x00005555555bb42c original_1_fuzz`gcd(a=49, b=44) at original_1.c:10:9
(lldb)  frame variable a -f dec 
(int) a = 49
(lldb)  frame variable b -f dec 
(int) b = 44
(lldb)  continue
Process 82436 resuming
Command #5 'continue' continued the target.
(lldb)  frame info
frame #0: 0x00005555555bb42c original_1_fuzz`gcd(a=44, b=5) at original_1.c:10:9
(lldb)  frame variable a -f dec 
(int) a = 44
(lldb)  frame variable b -f dec 
(int) b = 5
(lldb)  continue
Process 82436 resuming
Command #5 'continue' continued the target.
(lldb)  frame info
frame #0: 0x00005555555bb42c original_1_fuzz`gcd(a=5, b=4) at original_1.c:10:9
(lldb)  frame variable a -f dec 
(int) a = 5
(lldb)  frame variable b -f dec 
(int) b = 4
(lldb)  continue
Process 82436 resuming
Command #5 'continue' continued the target.
(lldb)  frame info
frame #0: 0x00005555555bb42c original_1_fuzz`gcd(a=4, b=1) at original_1.c:10:9
(lldb)  frame variable a -f dec 
(int) a = 4
(lldb)  frame variable b -f dec 
(int) b = 1
(lldb)  continue
Process 82436 resuming
Command #5 'continue' continued the target.
(lldb)  frame info
frame #0: 0x00005555555bb42c original_1_fuzz`gcd(a=1, b=0) at original_1.c:10:9
(lldb)  frame variable a -f dec 
(int) a = 1
(lldb)  frame variable b -f dec 
(int) b = 0
(lldb)  continue
Process 82436 resuming
Command #5 'continue' continued the target.
Executed /script/motivating_example/sample_set/gcd/fuzzing_test/modified_inputs/765d07f622c3a24bd12a2c9a8c24271c3050ea19 in 33 ms
***
*** NOTE: fuzzing was not performed, you have only
***       executed the target code on a fixed set of inputs.
***
Process 82436 exited with status = 0 (0x00000000)
Process 82436 launched: '/script/motivating_example/sample_set/gcd/original_1_fuzz' (x86_64)
(lldb) quit
