(lldb) target create "original_1_fuzz"
Current executable set to '/script/motivating_example/sample_set/gcd/original_1_fuzz' (x86_64).
(lldb) command source -s 0 '/script/motivating_example/sample_set/gcd/fuzzing_test/original_1_debug/script/6fa4846d4ff41a4925bb3ada742c58791fc1ce8a/batch.lldb'
Executing commands in '/script/motivating_example/sample_set/gcd/fuzzing_test/original_1_debug/script/6fa4846d4ff41a4925bb3ada742c58791fc1ce8a/batch.lldb'.
(lldb) settings set interpreter.stop-command-source-on-error 0
(lldb) settings set auto-confirm 1
(lldb) breakpoint set --file /script/motivating_example/sample_set/gcd/original_1.c --line 10
Breakpoint 1: where = original_1_fuzz`gcd + 124 at original_1.c:10:9, address = 0x000000000006742c
(lldb) breakpoint command add 1
(lldb) run /script/motivating_example/sample_set/gcd/fuzzing_test/modified_inputs/6fa4846d4ff41a4925bb3ada742c58791fc1ce8a
INFO: Running with entropic power schedule (0xFF, 100).
INFO: Seed: 485329123
INFO: Loaded 1 modules   (10 inline 8-bit counters): 10 [0x5555555defb0, 0x5555555defba), 
INFO: Loaded 1 PC tables (10 PCs): 10 [0x5555555defc0,0x5555555df060), 
/script/motivating_example/sample_set/gcd/original_1_fuzz: Running 1 inputs 1 time(s) each.
Running: /script/motivating_example/sample_set/gcd/fuzzing_test/modified_inputs/6fa4846d4ff41a4925bb3ada742c58791fc1ce8a
(lldb)  frame info
frame #0: 0x00005555555bb42c original_1_fuzz`gcd(a=-134217473, b=-4080) at original_1.c:10:9
(lldb)  frame variable a -f dec 
(int) a = -134217473
(lldb)  frame variable b -f dec 
(int) b = -4080
(lldb)  continue
Process 82359 resuming
Command #5 'continue' continued the target.
(lldb)  frame info
frame #0: 0x00005555555bb42c original_1_fuzz`gcd(a=-4080, b=-1793) at original_1.c:10:9
(lldb)  frame variable a -f dec 
(int) a = -4080
(lldb)  frame variable b -f dec 
(int) b = -1793
(lldb)  continue
Process 82359 resuming
Command #5 'continue' continued the target.
(lldb)  frame info
frame #0: 0x00005555555bb42c original_1_fuzz`gcd(a=-1793, b=-494) at original_1.c:10:9
(lldb)  frame variable a -f dec 
(int) a = -1793
(lldb)  frame variable b -f dec 
(int) b = -494
(lldb)  continue
Process 82359 resuming
Command #5 'continue' continued the target.
(lldb)  frame info
frame #0: 0x00005555555bb42c original_1_fuzz`gcd(a=-494, b=-311) at original_1.c:10:9
(lldb)  frame variable a -f dec 
(int) a = -494
(lldb)  frame variable b -f dec 
(int) b = -311
(lldb)  continue
Process 82359 resuming
Command #5 'continue' continued the target.
(lldb)  frame info
frame #0: 0x00005555555bb42c original_1_fuzz`gcd(a=-311, b=-183) at original_1.c:10:9
(lldb)  frame variable a -f dec 
(int) a = -311
(lldb)  frame variable b -f dec 
(int) b = -183
(lldb)  continue
Process 82359 resuming
Command #5 'continue' continued the target.
(lldb)  frame info
frame #0: 0x00005555555bb42c original_1_fuzz`gcd(a=-183, b=-128) at original_1.c:10:9
(lldb)  frame variable a -f dec 
(int) a = -183
(lldb)  frame variable b -f dec 
(int) b = -128
(lldb)  continue
Process 82359 resuming
Command #5 'continue' continued the target.
(lldb)  frame info
frame #0: 0x00005555555bb42c original_1_fuzz`gcd(a=-128, b=-55) at original_1.c:10:9
(lldb)  frame variable a -f dec 
(int) a = -128
(lldb)  frame variable b -f dec 
(int) b = -55
(lldb)  continue
Process 82359 resuming
Command #5 'continue' continued the target.
(lldb)  frame info
frame #0: 0x00005555555bb42c original_1_fuzz`gcd(a=-55, b=-18) at original_1.c:10:9
(lldb)  frame variable a -f dec 
(int) a = -55
(lldb)  frame variable b -f dec 
(int) b = -18
(lldb)  continue
Process 82359 resuming
Command #5 'continue' continued the target.
(lldb)  frame info
frame #0: 0x00005555555bb42c original_1_fuzz`gcd(a=-18, b=-1) at original_1.c:10:9
(lldb)  frame variable a -f dec 
(int) a = -18
(lldb)  frame variable b -f dec 
(int) b = -1
(lldb)  continue
Process 82359 resuming
Command #5 'continue' continued the target.
(lldb)  frame info
frame #0: 0x00005555555bb42c original_1_fuzz`gcd(a=-1, b=0) at original_1.c:10:9
(lldb)  frame variable a -f dec 
(int) a = -1
(lldb)  frame variable b -f dec 
(int) b = 0
(lldb)  continue
Process 82359 resuming
Command #5 'continue' continued the target.
Executed /script/motivating_example/sample_set/gcd/fuzzing_test/modified_inputs/6fa4846d4ff41a4925bb3ada742c58791fc1ce8a in 25 ms
***
*** NOTE: fuzzing was not performed, you have only
***       executed the target code on a fixed set of inputs.
***
Process 82359 exited with status = 0 (0x00000000)
Process 82359 launched: '/script/motivating_example/sample_set/gcd/original_1_fuzz' (x86_64)
(lldb) quit