(lldb) target create "modified_fuzz"
Current executable set to '/script/motivating_example/sample_set/bubble_sort/modified_fuzz' (x86_64).
(lldb) command source -s 0 '/script/motivating_example/sample_set/bubble_sort/fuzzing_test/modified_debug/script/94e3b8b637b2447a6f0584125d03b97aa4e4d982/batch.lldb'
Executing commands in '/script/motivating_example/sample_set/bubble_sort/fuzzing_test/modified_debug/script/94e3b8b637b2447a6f0584125d03b97aa4e4d982/batch.lldb'.
(lldb) settings set interpreter.stop-command-source-on-error 0
(lldb) settings set auto-confirm 1
(lldb) breakpoint set --file /script/motivating_example/sample_set/bubble_sort/modified.c --line 18
Breakpoint 1: where = modified_fuzz`bubble_sort + 361 at modified.c:18:17, address = 0x0000000000067519
(lldb) breakpoint command add 1
(lldb) run /script/motivating_example/sample_set/bubble_sort/fuzzing_test/modified_inputs/94e3b8b637b2447a6f0584125d03b97aa4e4d982
INFO: Running with entropic power schedule (0xFF, 100).
INFO: Seed: 1404470688
INFO: Loaded 1 modules   (12 inline 8-bit counters): 12 [0x5555555defc0, 0x5555555defcc), 
INFO: Loaded 1 PC tables (12 PCs): 12 [0x5555555defd0,0x5555555df090), 
/script/motivating_example/sample_set/bubble_sort/modified_fuzz: Running 1 inputs 1 time(s) each.
Running: /script/motivating_example/sample_set/bubble_sort/fuzzing_test/modified_inputs/94e3b8b637b2447a6f0584125d03b97aa4e4d982
(lldb)  frame info
frame #0: 0x00005555555bb519 modified_fuzz`bubble_sort(arr=0x0000555555f67fc0, size=33) at modified.c:18:17
(lldb)  frame variable i -f dec 
(size_t) i = 0
(lldb)  frame variable j -f dec 
(size_t) j = 0
(lldb)  frame variable temp -f dec 
(int) temp = 100664835
(lldb)  continue
Process 125796 resuming
Command #6 'continue' continued the target.
(lldb)  frame info
frame #0: 0x00005555555bb519 modified_fuzz`bubble_sort(arr=0x0000555555f67fc0, size=33) at modified.c:18:17
(lldb)  frame variable i -f dec 
(size_t) i = 0
(lldb)  frame variable j -f dec 
(size_t) j = 1
(lldb)  frame variable temp -f dec 
(int) temp = 100664835
(lldb)  continue
Process 125796 resuming
Command #6 'continue' continued the target.
(lldb)  frame info
frame #0: 0x00005555555bb519 modified_fuzz`bubble_sort(arr=0x0000555555f67fc0, size=33) at modified.c:18:17
(lldb)  frame variable i -f dec 
(size_t) i = 0
(lldb)  frame variable j -f dec 
(size_t) j = 2
(lldb)  frame variable temp -f dec 
(int) temp = 100664835
(lldb)  continue
Process 125796 resuming
Command #6 'continue' continued the target.
(lldb)  frame info
frame #0: 0x00005555555bb519 modified_fuzz`bubble_sort(arr=0x0000555555f67fc0, size=33) at modified.c:18:17
(lldb)  frame variable i -f dec 
(size_t) i = 0
(lldb)  frame variable j -f dec 
(size_t) j = 3
(lldb)  frame variable temp -f dec 
(int) temp = 100664835
(lldb)  continue
Process 125796 resuming
Command #6 'continue' continued the target.
(lldb)  frame info
frame #0: 0x00005555555bb519 modified_fuzz`bubble_sort(arr=0x0000555555f67fc0, size=33) at modified.c:18:17
(lldb)  frame variable i -f dec 
(size_t) i = 0
(lldb)  frame variable j -f dec 
(size_t) j = 4
(lldb)  frame variable temp -f dec 
(int) temp = 100664835
(lldb)  continue
Process 125796 resuming
Command #6 'continue' continued the target.
(lldb)  frame info
frame #0: 0x00005555555bb519 modified_fuzz`bubble_sort(arr=0x0000555555f67fc0, size=33) at modified.c:18:17
(lldb)  frame variable i -f dec 
(size_t) i = 0
(lldb)  frame variable j -f dec 
(size_t) j = 5
(lldb)  frame variable temp -f dec 
(int) temp = 100664835
(lldb)  continue
Process 125796 resuming
Command #6 'continue' continued the target.
(lldb)  frame info
frame #0: 0x00005555555bb519 modified_fuzz`bubble_sort(arr=0x0000555555f67fc0, size=33) at modified.c:18:17
(lldb)  frame variable i -f dec 
(size_t) i = 0
(lldb)  frame variable j -f dec 
(size_t) j = 6
(lldb)  frame variable temp -f dec 
(int) temp = 100664835
(lldb)  continue
Process 125796 resuming
Command #6 'continue' continued the target.
(lldb)  frame info
frame #0: 0x00005555555bb519 modified_fuzz`bubble_sort(arr=0x0000555555f67fc0, size=33) at modified.c:18:17
(lldb)  frame variable i -f dec 
(size_t) i = 0
(lldb)  frame variable j -f dec 
(size_t) j = 7
(lldb)  frame variable temp -f dec 
(int) temp = 100664835
(lldb)  continue
Process 125796 resuming
Command #6 'continue' continued the target.
(lldb)  frame info
frame #0: 0x00005555555bb519 modified_fuzz`bubble_sort(arr=0x0000555555f67fc0, size=33) at modified.c:18:17
(lldb)  frame variable i -f dec 
(size_t) i = 0
(lldb)  frame variable j -f dec 
(size_t) j = 8
(lldb)  frame variable temp -f dec 
(int) temp = 100664835
(lldb)  continue
Process 125796 resuming
Command #6 'continue' continued the target.
(lldb)  frame info
frame #0: 0x00005555555bb519 modified_fuzz`bubble_sort(arr=0x0000555555f67fc0, size=33) at modified.c:18:17
(lldb)  frame variable i -f dec 
(size_t) i = 0
(lldb)  frame variable j -f dec 
(size_t) j = 9
(lldb)  frame variable temp -f dec 
(int) temp = 100664835
(lldb)  continue
Process 125796 resuming
Command #6 'continue' continued the target.
(lldb)  frame info
frame #0: 0x00005555555bb519 modified_fuzz`bubble_sort(arr=0x0000555555f67fc0, size=33) at modified.c:18:17
(lldb)  frame variable i -f dec 
(size_t) i = 0
(lldb)  frame variable j -f dec 
(size_t) j = 10
(lldb)  frame variable temp -f dec 
(int) temp = 100664835
(lldb)  continue
Process 125796 resuming
Command #6 'continue' continued the target.
(lldb)  frame info
frame #0: 0x00005555555bb519 modified_fuzz`bubble_sort(arr=0x0000555555f67fc0, size=33) at modified.c:18:17
(lldb)  frame variable i -f dec 
(size_t) i = 0
(lldb)  frame variable j -f dec 
(size_t) j = 11
(lldb)  frame variable temp -f dec 
(int) temp = 100664835
(lldb)  continue
Process 125796 resuming
Command #6 'continue' continued the target.
(lldb)  frame info
frame #0: 0x00005555555bb519 modified_fuzz`bubble_sort(arr=0x0000555555f67fc0, size=33) at modified.c:18:17
(lldb)  frame variable i -f dec 
(size_t) i = 0
(lldb)  frame variable j -f dec 
(size_t) j = 12
(lldb)  frame variable temp -f dec 
(int) temp = 100664835
(lldb)  continue
Process 125796 resuming
Command #6 'continue' continued the target.
(lldb)  frame info
frame #0: 0x00005555555bb519 modified_fuzz`bubble_sort(arr=0x0000555555f67fc0, size=33) at modified.c:18:17
(lldb)  frame variable i -f dec 
(size_t) i = 0
(lldb)  frame variable j -f dec 
(size_t) j = 13
(lldb)  frame variable temp -f dec 
(int) temp = 100664835
(lldb)  continue
Process 125796 resuming
Command #6 'continue' continued the target.
(lldb)  frame info
frame #0: 0x00005555555bb519 modified_fuzz`bubble_sort(arr=0x0000555555f67fc0, size=33) at modified.c:18:17
(lldb)  frame variable i -f dec 
(size_t) i = 0
(lldb)  frame variable j -f dec 
(size_t) j = 14
(lldb)  frame variable temp -f dec 
(int) temp = 100664835
(lldb)  continue
Process 125796 resuming
Command #6 'continue' continued the target.
(lldb)  frame info
frame #0: 0x00005555555bb519 modified_fuzz`bubble_sort(arr=0x0000555555f67fc0, size=33) at modified.c:18:17
(lldb)  frame variable i -f dec 
(size_t) i = 0
(lldb)  frame variable j -f dec 
(size_t) j = 15
(lldb)  frame variable temp -f dec 
(int) temp = 100664835
(lldb)  continue
Process 125796 resuming
Command #6 'continue' continued the target.
(lldb)  frame info
frame #0: 0x00005555555bb519 modified_fuzz`bubble_sort(arr=0x0000555555f67fc0, size=33) at modified.c:18:17
(lldb)  frame variable i -f dec 
(size_t) i = 0
(lldb)  frame variable j -f dec 
(size_t) j = 16
(lldb)  frame variable temp -f dec 
(int) temp = 100664835
(lldb)  continue
Process 125796 resuming
Command #6 'continue' continued the target.
(lldb)  frame info
frame #0: 0x00005555555bb519 modified_fuzz`bubble_sort(arr=0x0000555555f67fc0, size=33) at modified.c:18:17
(lldb)  frame variable i -f dec 
(size_t) i = 0
(lldb)  frame variable j -f dec 
(size_t) j = 17
(lldb)  frame variable temp -f dec 
(int) temp = 100664835
(lldb)  continue
Process 125796 resuming
Command #6 'continue' continued the target.
(lldb)  frame info
frame #0: 0x00005555555bb519 modified_fuzz`bubble_sort(arr=0x0000555555f67fc0, size=33) at modified.c:18:17
(lldb)  frame variable i -f dec 
(size_t) i = 0
(lldb)  frame variable j -f dec 
(size_t) j = 18
(lldb)  frame variable temp -f dec 
(int) temp = 100664835
(lldb)  continue
Process 125796 resuming
Command #6 'continue' continued the target.
(lldb)  frame info
frame #0: 0x00005555555bb519 modified_fuzz`bubble_sort(arr=0x0000555555f67fc0, size=33) at modified.c:18:17
(lldb)  frame variable i -f dec 
(size_t) i = 0
(lldb)  frame variable j -f dec 
(size_t) j = 19
(lldb)  frame variable temp -f dec 
(int) temp = 100664835
(lldb)  continue
Process 125796 resuming
Command #6 'continue' continued the target.
(lldb)  frame info
frame #0: 0x00005555555bb519 modified_fuzz`bubble_sort(arr=0x0000555555f67fc0, size=33) at modified.c:18:17
(lldb)  frame variable i -f dec 
(size_t) i = 0
(lldb)  frame variable j -f dec 
(size_t) j = 20
(lldb)  frame variable temp -f dec 
(int) temp = 100664835
(lldb)  continue
Process 125796 resuming
Command #6 'continue' continued the target.
(lldb)  frame info
frame #0: 0x00005555555bb519 modified_fuzz`bubble_sort(arr=0x0000555555f67fc0, size=33) at modified.c:18:17
(lldb)  frame variable i -f dec 
(size_t) i = 0
(lldb)  frame variable j -f dec 
(size_t) j = 21
(lldb)  frame variable temp -f dec 
(int) temp = 100664835
(lldb)  continue
Process 125796 resuming
Command #6 'continue' continued the target.
(lldb)  frame info
frame #0: 0x00005555555bb519 modified_fuzz`bubble_sort(arr=0x0000555555f67fc0, size=33) at modified.c:18:17
(lldb)  frame variable i -f dec 
(size_t) i = 0
(lldb)  frame variable j -f dec 
(size_t) j = 22
(lldb)  frame variable temp -f dec 
(int) temp = 100664835
(lldb)  continue
Process 125796 resuming
Command #6 'continue' continued the target.
(lldb)  frame info
frame #0: 0x00005555555bb519 modified_fuzz`bubble_sort(arr=0x0000555555f67fc0, size=33) at modified.c:18:17
(lldb)  frame variable i -f dec 
(size_t) i = 0
(lldb)  frame variable j -f dec 
(size_t) j = 23
(lldb)  frame variable temp -f dec 
(int) temp = 100664835
(lldb)  continue
Process 125796 resuming
Command #6 'continue' continued the target.
(lldb)  frame info
frame #0: 0x00005555555bb519 modified_fuzz`bubble_sort(arr=0x0000555555f67fc0, size=33) at modified.c:18:17
(lldb)  frame variable i -f dec 
(size_t) i = 0
(lldb)  frame variable j -f dec 
(size_t) j = 24
(lldb)  frame variable temp -f dec 
(int) temp = 100664835
(lldb)  continue
Process 125796 resuming
Command #6 'continue' continued the target.
(lldb)  frame info
frame #0: 0x00005555555bb519 modified_fuzz`bubble_sort(arr=0x0000555555f67fc0, size=33) at modified.c:18:17
(lldb)  frame variable i -f dec 
(size_t) i = 0
(lldb)  frame variable j -f dec 
(size_t) j = 25
(lldb)  frame variable temp -f dec 
(int) temp = 100664835
(lldb)  continue
Process 125796 resuming
Command #6 'continue' continued the target.
(lldb)  frame info
frame #0: 0x00005555555bb519 modified_fuzz`bubble_sort(arr=0x0000555555f67fc0, size=33) at modified.c:18:17
(lldb)  frame variable i -f dec 
(size_t) i = 0
(lldb)  frame variable j -f dec 
(size_t) j = 26
(lldb)  frame variable temp -f dec 
(int) temp = 100664835
(lldb)  continue
Process 125796 resuming
Command #6 'continue' continued the target.
(lldb)  frame info
frame #0: 0x00005555555bb519 modified_fuzz`bubble_sort(arr=0x0000555555f67fc0, size=33) at modified.c:18:17
(lldb)  frame variable i -f dec 
(size_t) i = 0
(lldb)  frame variable j -f dec 
(size_t) j = 27
(lldb)  frame variable temp -f dec 
(int) temp = 100664835
(lldb)  continue
Process 125796 resuming
Command #6 'continue' continued the target.
(lldb)  frame info
frame #0: 0x00005555555bb519 modified_fuzz`bubble_sort(arr=0x0000555555f67fc0, size=33) at modified.c:18:17
(lldb)  frame variable i -f dec 
(size_t) i = 0
(lldb)  frame variable j -f dec 
(size_t) j = 28
(lldb)  frame variable temp -f dec 
(int) temp = 100664835
(lldb)  continue
Process 125796 resuming
Command #6 'continue' continued the target.
(lldb)  frame info
frame #0: 0x00005555555bb519 modified_fuzz`bubble_sort(arr=0x0000555555f67fc0, size=33) at modified.c:18:17
(lldb)  frame variable i -f dec 
(size_t) i = 0
(lldb)  frame variable j -f dec 
(size_t) j = 29
(lldb)  frame variable temp -f dec 
(int) temp = 100664835
(lldb)  continue
Process 125796 resuming
Command #6 'continue' continued the target.
(lldb)  frame info
frame #0: 0x00005555555bb519 modified_fuzz`bubble_sort(arr=0x0000555555f67fc0, size=33) at modified.c:18:17
(lldb)  frame variable i -f dec 
(size_t) i = 0
(lldb)  frame variable j -f dec 
(size_t) j = 30
(lldb)  frame variable temp -f dec 
(int) temp = 100664835
(lldb)  continue
Process 125796 resuming
Command #6 'continue' continued the target.
(lldb)  frame info
frame #0: 0x00005555555bb519 modified_fuzz`bubble_sort(arr=0x0000555555f67fc0, size=33) at modified.c:18:17
(lldb)  frame variable i -f dec 
(size_t) i = 0
(lldb)  frame variable j -f dec 
(size_t) j = 31
(lldb)  frame variable temp -f dec 
(int) temp = 100664835
(lldb)  continue
Process 125796 resuming
Command #6 'continue' continued the target.
Executed /script/motivating_example/sample_set/bubble_sort/fuzzing_test/modified_inputs/94e3b8b637b2447a6f0584125d03b97aa4e4d982 in 50 ms
***
*** NOTE: fuzzing was not performed, you have only
***       executed the target code on a fixed set of inputs.
***
Process 125796 exited with status = 0 (0x00000000)
Process 125796 launched: '/script/motivating_example/sample_set/bubble_sort/modified_fuzz' (x86_64)
(lldb) quit