(lldb) target create "modified_fuzz"
Current executable set to '/script/motivating_example/sample_set/gcd/modified_fuzz' (x86_64).
(lldb) command source -s 0 '/script/motivating_example/sample_set/gcd/fuzzing_test/modified_debug/script/21daec1840d9a4ba84d9edd73b7c8f7fb28d34a1/batch.lldb'
Executing commands in '/script/motivating_example/sample_set/gcd/fuzzing_test/modified_debug/script/21daec1840d9a4ba84d9edd73b7c8f7fb28d34a1/batch.lldb'.
(lldb) settings set interpreter.stop-command-source-on-error 0
(lldb) settings set auto-confirm 1
(lldb) breakpoint set --file /script/motivating_example/sample_set/gcd/modified.c --line 9
Breakpoint 1: where = modified_fuzz`gcd + 121 at modified.c:9:9, address = 0x0000000000067429
(lldb) breakpoint command add 1
(lldb) run /script/motivating_example/sample_set/gcd/fuzzing_test/modified_inputs/21daec1840d9a4ba84d9edd73b7c8f7fb28d34a1
INFO: Running with entropic power schedule (0xFF, 100).
INFO: Seed: 2197081045
INFO: Loaded 1 modules   (10 inline 8-bit counters): 10 [0x5555555defb0, 0x5555555defba), 
INFO: Loaded 1 PC tables (10 PCs): 10 [0x5555555defc0,0x5555555df060), 
/script/motivating_example/sample_set/gcd/modified_fuzz: Running 1 inputs 1 time(s) each.
Running: /script/motivating_example/sample_set/gcd/fuzzing_test/modified_inputs/21daec1840d9a4ba84d9edd73b7c8f7fb28d34a1
(lldb)  frame info
frame #0: 0x00005555555bb429 modified_fuzz`gcd(a=1718076569, b=402650318) at modified.c:9:9
(lldb)  frame variable a -f dec 
(int) a = 1718076569
(lldb)  frame variable b -f dec 
(int) b = 402650318
(lldb)  continue
Process 72632 resuming
Command #5 'continue' continued the target.
(lldb)  frame info
frame #0: 0x00005555555bb429 modified_fuzz`gcd(a=1610601272, b=107475297) at modified.c:9:9
(lldb)  frame variable a -f dec 
(int) a = 1610601272
(lldb)  frame variable b -f dec 
(int) b = 107475297
(lldb)  continue
Process 72632 resuming
Command #5 'continue' continued the target.
(lldb)  frame info
frame #0: 0x00005555555bb429 modified_fuzz`gcd(a=1504654158, b=105947114) at modified.c:9:9
(lldb)  frame variable a -f dec 
(int) a = 1504654158
(lldb)  frame variable b -f dec 
(int) b = 105947114
(lldb)  continue
Process 72632 resuming
Command #5 'continue' continued the target.
(lldb)  frame info
frame #0: 0x00005555555bb429 modified_fuzz`gcd(a=1483259596, b=21394562) at modified.c:9:9
(lldb)  frame variable a -f dec 
(int) a = 1483259596
(lldb)  frame variable b -f dec 
(int) b = 21394562
(lldb)  continue
Process 72632 resuming
Command #5 'continue' continued the target.
(lldb)  frame info
frame #0: 0x00005555555bb429 modified_fuzz`gcd(a=1476224778, b=7034818) at modified.c:9:9
(lldb)  frame variable a -f dec 
(int) a = 1476224778
(lldb)  frame variable b -f dec 
(int) b = 7034818
(lldb)  continue
Process 72632 resuming
Command #5 'continue' continued the target.
(lldb)  frame info
frame #0: 0x00005555555bb429 modified_fuzz`gcd(a=1470276962, b=5947816) at modified.c:9:9
(lldb)  frame variable a -f dec 
(int) a = 1470276962
(lldb)  frame variable b -f dec 
(int) b = 5947816
(lldb)  continue
Process 72632 resuming
Command #5 'continue' continued the target.
(lldb)  frame info
frame #0: 0x00005555555bb429 modified_fuzz`gcd(a=1469110552, b=1166410) at modified.c:9:9
(lldb)  frame variable a -f dec 
(int) a = 1469110552
(lldb)  frame variable b -f dec 
(int) b = 1166410
(lldb)  continue
Process 72632 resuming
Command #5 'continue' continued the target.
(lldb)  frame info
frame #0: 0x00005555555bb429 modified_fuzz`gcd(a=1468510190, b=600362) at modified.c:9:9
(lldb)  frame variable a -f dec 
(int) a = 1468510190
(lldb)  frame variable b -f dec 
(int) b = 600362
(lldb)  continue
Process 72632 resuming
Command #5 'continue' continued the target.
(lldb)  frame info
frame #0: 0x00005555555bb429 modified_fuzz`gcd(a=1468485452, b=24738) at modified.c:9:9
(lldb)  frame variable a -f dec 
(int) a = 1468485452
(lldb)  frame variable b -f dec 
(int) b = 24738
(lldb)  continue
Process 72632 resuming
Command #5 'continue' continued the target.
(lldb)  frame info
frame #0: 0x00005555555bb429 modified_fuzz`gcd(a=1468472418, b=13034) at modified.c:9:9
(lldb)  frame variable a -f dec 
(int) a = 1468472418
(lldb)  frame variable b -f dec 
(int) b = 13034
(lldb)  continue
Process 72632 resuming
Command #5 'continue' continued the target.
(lldb)  frame info
frame #0: 0x00005555555bb429 modified_fuzz`gcd(a=1468462576, b=9842) at modified.c:9:9
(lldb)  frame variable a -f dec 
(int) a = 1468462576
(lldb)  frame variable b -f dec 
(int) b = 9842
(lldb)  continue
Process 72632 resuming
Command #5 'continue' continued the target.
(lldb)  frame info
frame #0: 0x00005555555bb429 modified_fuzz`gcd(a=1468455926, b=6650) at modified.c:9:9
(lldb)  frame variable a -f dec 
(int) a = 1468455926
(lldb)  frame variable b -f dec 
(int) b = 6650
(lldb)  continue
Process 72632 resuming
Command #5 'continue' continued the target.
(lldb)  frame info
frame #0: 0x00005555555bb429 modified_fuzz`gcd(a=1468453000, b=2926) at modified.c:9:9
(lldb)  frame variable a -f dec 
(int) a = 1468453000
(lldb)  frame variable b -f dec 
(int) b = 2926
(lldb)  continue
Process 72632 resuming
Command #5 'continue' continued the target.
(lldb)  frame info
frame #0: 0x00005555555bb429 modified_fuzz`gcd(a=1468451138, b=1862) at modified.c:9:9
(lldb)  frame variable a -f dec 
(int) a = 1468451138
(lldb)  frame variable b -f dec 
(int) b = 1862
(lldb)  continue
Process 72632 resuming
Command #5 'continue' continued the target.
(lldb)  frame info
frame #0: 0x00005555555bb429 modified_fuzz`gcd(a=1468449542, b=1596) at modified.c:9:9
(lldb)  frame variable a -f dec 
(int) a = 1468449542
(lldb)  frame variable b -f dec 
(int) b = 1596
(lldb)  continue
Process 72632 resuming
Command #5 'continue' continued the target.
(lldb)  frame info
frame #0: 0x00005555555bb429 modified_fuzz`gcd(a=1468449276, b=266) at modified.c:9:9
(lldb)  frame variable a -f dec 
(int) a = 1468449276
(lldb)  frame variable b -f dec 
(int) b = 266
(lldb)  continue
Process 72632 resuming
Command #5 'continue' continued the target.
(lldb)  frame info
frame #0: 0x00005555555bb429 modified_fuzz`gcd(a=1468449276, b=0) at modified.c:9:9
(lldb)  frame variable a -f dec 
(int) a = 1468449276
(lldb)  frame variable b -f dec 
(int) b = 0
(lldb)  continue
Process 72632 resuming
Command #5 'continue' continued the target.
Executed /script/motivating_example/sample_set/gcd/fuzzing_test/modified_inputs/21daec1840d9a4ba84d9edd73b7c8f7fb28d34a1 in 37 ms
***
*** NOTE: fuzzing was not performed, you have only
***       executed the target code on a fixed set of inputs.
***
Process 72632 exited with status = 0 (0x00000000)
Process 72632 launched: '/script/motivating_example/sample_set/gcd/modified_fuzz' (x86_64)
(lldb) quit