(lldb) target create "original_2_fuzz"
Current executable set to '/script/motivating_example/sample_set/gcd/original_2_fuzz' (x86_64).
(lldb) command source -s 0 '/script/motivating_example/sample_set/gcd/fuzzing_test/original_2_debug/script/9486db4ced61fcc17d2faedc55e790a68048e6e9/batch.lldb'
Executing commands in '/script/motivating_example/sample_set/gcd/fuzzing_test/original_2_debug/script/9486db4ced61fcc17d2faedc55e790a68048e6e9/batch.lldb'.
(lldb) settings set interpreter.stop-command-source-on-error 0
(lldb) settings set auto-confirm 1
(lldb) breakpoint set --file /script/motivating_example/sample_set/gcd/original_2.c --line 6
Breakpoint 1: where = original_2_fuzz`gcd + 82 at original_2.c:6:5, address = 0x0000000000067402
(lldb) breakpoint command add 1
(lldb) run /script/motivating_example/sample_set/gcd/fuzzing_test/modified_inputs/9486db4ced61fcc17d2faedc55e790a68048e6e9
INFO: Running with entropic power schedule (0xFF, 100).
INFO: Seed: 3714032432
INFO: Loaded 1 modules   (10 inline 8-bit counters): 10 [0x5555555defb0, 0x5555555defba), 
INFO: Loaded 1 PC tables (10 PCs): 10 [0x5555555defc0,0x5555555df060), 
/script/motivating_example/sample_set/gcd/original_2_fuzz: Running 1 inputs 1 time(s) each.
Running: /script/motivating_example/sample_set/gcd/fuzzing_test/modified_inputs/9486db4ced61fcc17d2faedc55e790a68048e6e9
(lldb)  frame info
frame #0: 0x00005555555bb402 original_2_fuzz`gcd(a=1734829671, b=1006579003) at original_2.c:6:5
(lldb)  frame variable a -f dec 
(int) a = 1734829671
(lldb)  frame variable b -f dec 
(int) b = 1006579003
(lldb)  continue
Process 91181 resuming
Command #5 'continue' continued the target.
(lldb)  frame info
frame #0: 0x00005555555bb402 original_2_fuzz`gcd(a=1006579003, b=728250668) at original_2.c:6:5
(lldb)  frame variable a -f dec 
(int) a = 1006579003
(lldb)  frame variable b -f dec 
(int) b = 728250668
(lldb)  continue
Process 91181 resuming
Command #5 'continue' continued the target.
(lldb)  frame info
frame #0: 0x00005555555bb402 original_2_fuzz`gcd(a=728250668, b=278328335) at original_2.c:6:5
(lldb)  frame variable a -f dec 
(int) a = 728250668
(lldb)  frame variable b -f dec 
(int) b = 278328335
(lldb)  continue
Process 91181 resuming
Command #5 'continue' continued the target.
(lldb)  frame info
frame #0: 0x00005555555bb402 original_2_fuzz`gcd(a=278328335, b=171593998) at original_2.c:6:5
(lldb)  frame variable a -f dec 
(int) a = 278328335
(lldb)  frame variable b -f dec 
(int) b = 171593998
(lldb)  continue
Process 91181 resuming
Command #5 'continue' continued the target.
(lldb)  frame info
frame #0: 0x00005555555bb402 original_2_fuzz`gcd(a=171593998, b=106734337) at original_2.c:6:5
(lldb)  frame variable a -f dec 
(int) a = 171593998
(lldb)  frame variable b -f dec 
(int) b = 106734337
(lldb)  continue
Process 91181 resuming
Command #5 'continue' continued the target.
(lldb)  frame info
frame #0: 0x00005555555bb402 original_2_fuzz`gcd(a=106734337, b=64859661) at original_2.c:6:5
(lldb)  frame variable a -f dec 
(int) a = 106734337
(lldb)  frame variable b -f dec 
(int) b = 64859661
(lldb)  continue
Process 91181 resuming
Command #5 'continue' continued the target.
(lldb)  frame info
frame #0: 0x00005555555bb402 original_2_fuzz`gcd(a=64859661, b=41874676) at original_2.c:6:5
(lldb)  frame variable a -f dec 
(int) a = 64859661
(lldb)  frame variable b -f dec 
(int) b = 41874676
(lldb)  continue
Process 91181 resuming
Command #5 'continue' continued the target.
(lldb)  frame info
frame #0: 0x00005555555bb402 original_2_fuzz`gcd(a=41874676, b=22984985) at original_2.c:6:5
(lldb)  frame variable a -f dec 
(int) a = 41874676
(lldb)  frame variable b -f dec 
(int) b = 22984985
(lldb)  continue
Process 91181 resuming
Command #5 'continue' continued the target.
(lldb)  frame info
frame #0: 0x00005555555bb402 original_2_fuzz`gcd(a=22984985, b=18889691) at original_2.c:6:5
(lldb)  frame variable a -f dec 
(int) a = 22984985
(lldb)  frame variable b -f dec 
(int) b = 18889691
(lldb)  continue
Process 91181 resuming
Command #5 'continue' continued the target.
(lldb)  frame info
frame #0: 0x00005555555bb402 original_2_fuzz`gcd(a=18889691, b=4095294) at original_2.c:6:5
(lldb)  frame variable a -f dec 
(int) a = 18889691
(lldb)  frame variable b -f dec 
(int) b = 4095294
(lldb)  continue
Process 91181 resuming
Command #5 'continue' continued the target.
(lldb)  frame info
frame #0: 0x00005555555bb402 original_2_fuzz`gcd(a=4095294, b=2508515) at original_2.c:6:5
(lldb)  frame variable a -f dec 
(int) a = 4095294
(lldb)  frame variable b -f dec 
(int) b = 2508515
(lldb)  continue
Process 91181 resuming
Command #5 'continue' continued the target.
(lldb)  frame info
frame #0: 0x00005555555bb402 original_2_fuzz`gcd(a=2508515, b=1586779) at original_2.c:6:5
(lldb)  frame variable a -f dec 
(int) a = 2508515
(lldb)  frame variable b -f dec 
(int) b = 1586779
(lldb)  continue
Process 91181 resuming
Command #5 'continue' continued the target.
(lldb)  frame info
frame #0: 0x00005555555bb402 original_2_fuzz`gcd(a=1586779, b=921736) at original_2.c:6:5
(lldb)  frame variable a -f dec 
(int) a = 1586779
(lldb)  frame variable b -f dec 
(int) b = 921736
(lldb)  continue
Process 91181 resuming
Command #5 'continue' continued the target.
(lldb)  frame info
frame #0: 0x00005555555bb402 original_2_fuzz`gcd(a=921736, b=665043) at original_2.c:6:5
(lldb)  frame variable a -f dec 
(int) a = 921736
(lldb)  frame variable b -f dec 
(int) b = 665043
(lldb)  continue
Process 91181 resuming
Command #5 'continue' continued the target.
(lldb)  frame info
frame #0: 0x00005555555bb402 original_2_fuzz`gcd(a=665043, b=256693) at original_2.c:6:5
(lldb)  frame variable a -f dec 
(int) a = 665043
(lldb)  frame variable b -f dec 
(int) b = 256693
(lldb)  continue
Process 91181 resuming
Command #5 'continue' continued the target.
(lldb)  frame info
frame #0: 0x00005555555bb402 original_2_fuzz`gcd(a=256693, b=151657) at original_2.c:6:5
(lldb)  frame variable a -f dec 
(int) a = 256693
(lldb)  frame variable b -f dec 
(int) b = 151657
(lldb)  continue
Process 91181 resuming
Command #5 'continue' continued the target.
(lldb)  frame info
frame #0: 0x00005555555bb402 original_2_fuzz`gcd(a=151657, b=105036) at original_2.c:6:5
(lldb)  frame variable a -f dec 
(int) a = 151657
(lldb)  frame variable b -f dec 
(int) b = 105036
(lldb)  continue
Process 91181 resuming
Command #5 'continue' continued the target.
(lldb)  frame info
frame #0: 0x00005555555bb402 original_2_fuzz`gcd(a=105036, b=46621) at original_2.c:6:5
(lldb)  frame variable a -f dec 
(int) a = 105036
(lldb)  frame variable b -f dec 
(int) b = 46621
(lldb)  continue
Process 91181 resuming
Command #5 'continue' continued the target.
(lldb)  frame info
frame #0: 0x00005555555bb402 original_2_fuzz`gcd(a=46621, b=11794) at original_2.c:6:5
(lldb)  frame variable a -f dec 
(int) a = 46621
(lldb)  frame variable b -f dec 
(int) b = 11794
(lldb)  continue
Process 91181 resuming
Command #5 'continue' continued the target.
(lldb)  frame info
frame #0: 0x00005555555bb402 original_2_fuzz`gcd(a=11794, b=11239) at original_2.c:6:5
(lldb)  frame variable a -f dec 
(int) a = 11794
(lldb)  frame variable b -f dec 
(int) b = 11239
(lldb)  continue
Process 91181 resuming
Command #5 'continue' continued the target.
(lldb)  frame info
frame #0: 0x00005555555bb402 original_2_fuzz`gcd(a=11239, b=555) at original_2.c:6:5
(lldb)  frame variable a -f dec 
(int) a = 11239
(lldb)  frame variable b -f dec 
(int) b = 555
(lldb)  continue
Process 91181 resuming
Command #5 'continue' continued the target.
(lldb)  frame info
frame #0: 0x00005555555bb402 original_2_fuzz`gcd(a=555, b=139) at original_2.c:6:5
(lldb)  frame variable a -f dec 
(int) a = 555
(lldb)  frame variable b -f dec 
(int) b = 139
(lldb)  continue
Process 91181 resuming
Command #5 'continue' continued the target.
(lldb)  frame info
frame #0: 0x00005555555bb402 original_2_fuzz`gcd(a=139, b=138) at original_2.c:6:5
(lldb)  frame variable a -f dec 
(int) a = 139
(lldb)  frame variable b -f dec 
(int) b = 138
(lldb)  continue
Process 91181 resuming
Command #5 'continue' continued the target.
(lldb)  frame info
frame #0: 0x00005555555bb402 original_2_fuzz`gcd(a=138, b=1) at original_2.c:6:5
(lldb)  frame variable a -f dec 
(int) a = 138
(lldb)  frame variable b -f dec 
(int) b = 1
(lldb)  continue
Process 91181 resuming
Command #5 'continue' continued the target.
(lldb)  frame info
frame #0: 0x00005555555bb402 original_2_fuzz`gcd(a=1, b=0) at original_2.c:6:5
(lldb)  frame variable a -f dec 
(int) a = 1
(lldb)  frame variable b -f dec 
(int) b = 0
(lldb)  continue
Process 91181 resuming
Command #5 'continue' continued the target.
Executed /script/motivating_example/sample_set/gcd/fuzzing_test/modified_inputs/9486db4ced61fcc17d2faedc55e790a68048e6e9 in 39 ms
***
*** NOTE: fuzzing was not performed, you have only
***       executed the target code on a fixed set of inputs.
***
Process 91181 exited with status = 0 (0x00000000)
Process 91181 launched: '/script/motivating_example/sample_set/gcd/original_2_fuzz' (x86_64)
(lldb) quit