(lldb) target create "original_1_fuzz"
Current executable set to '/script/motivating_example/sample_set/gcd/original_1_fuzz' (x86_64).
(lldb) command source -s 0 '/script/motivating_example/sample_set/gcd/fuzzing_test/original_1_debug/script/743c42e7511daadf0a3e086ad1e47022e57c96e0/batch.lldb'
Executing commands in '/script/motivating_example/sample_set/gcd/fuzzing_test/original_1_debug/script/743c42e7511daadf0a3e086ad1e47022e57c96e0/batch.lldb'.
(lldb) settings set interpreter.stop-command-source-on-error 0
(lldb) settings set auto-confirm 1
(lldb) breakpoint set --file /script/motivating_example/sample_set/gcd/original_1.c --line 10
Breakpoint 1: where = original_1_fuzz`gcd + 124 at original_1.c:10:9, address = 0x000000000006742c
(lldb) breakpoint command add 1
(lldb) run /script/motivating_example/sample_set/gcd/fuzzing_test/modified_inputs/743c42e7511daadf0a3e086ad1e47022e57c96e0
INFO: Running with entropic power schedule (0xFF, 100).
INFO: Seed: 1328136945
INFO: Loaded 1 modules   (10 inline 8-bit counters): 10 [0x5555555defb0, 0x5555555defba), 
INFO: Loaded 1 PC tables (10 PCs): 10 [0x5555555defc0,0x5555555df060), 
/script/motivating_example/sample_set/gcd/original_1_fuzz: Running 1 inputs 1 time(s) each.
Running: /script/motivating_example/sample_set/gcd/fuzzing_test/modified_inputs/743c42e7511daadf0a3e086ad1e47022e57c96e0
(lldb)  frame info
frame #0: 0x00005555555bb42c original_1_fuzz`gcd(a=-616890325, b=-296812673) at original_1.c:10:9
(lldb)  frame variable a -f dec 
(int) a = -616890325
(lldb)  frame variable b -f dec 
(int) b = -296812673
(lldb)  continue
Process 82410 resuming
Command #5 'continue' continued the target.
(lldb)  frame info
frame #0: 0x00005555555bb42c original_1_fuzz`gcd(a=-296812673, b=-23264979) at original_1.c:10:9
(lldb)  frame variable a -f dec 
(int) a = -296812673
(lldb)  frame variable b -f dec 
(int) b = -23264979
(lldb)  continue
Process 82410 resuming
Command #5 'continue' continued the target.
(lldb)  frame info
frame #0: 0x00005555555bb42c original_1_fuzz`gcd(a=-23264979, b=-17632925) at original_1.c:10:9
(lldb)  frame variable a -f dec 
(int) a = -23264979
(lldb)  frame variable b -f dec 
(int) b = -17632925
(lldb)  continue
Process 82410 resuming
Command #5 'continue' continued the target.
(lldb)  frame info
frame #0: 0x00005555555bb42c original_1_fuzz`gcd(a=-17632925, b=-5632054) at original_1.c:10:9
(lldb)  frame variable a -f dec 
(int) a = -17632925
(lldb)  frame variable b -f dec 
(int) b = -5632054
(lldb)  continue
Process 82410 resuming
Command #5 'continue' continued the target.
(lldb)  frame info
frame #0: 0x00005555555bb42c original_1_fuzz`gcd(a=-5632054, b=-736763) at original_1.c:10:9
(lldb)  frame variable a -f dec 
(int) a = -5632054
(lldb)  frame variable b -f dec 
(int) b = -736763
(lldb)  continue
Process 82410 resuming
Command #5 'continue' continued the target.
(lldb)  frame info
frame #0: 0x00005555555bb42c original_1_fuzz`gcd(a=-736763, b=-474713) at original_1.c:10:9
(lldb)  frame variable a -f dec 
(int) a = -736763
(lldb)  frame variable b -f dec 
(int) b = -474713
(lldb)  continue
Process 82410 resuming
Command #5 'continue' continued the target.
(lldb)  frame info
frame #0: 0x00005555555bb42c original_1_fuzz`gcd(a=-474713, b=-262050) at original_1.c:10:9
(lldb)  frame variable a -f dec 
(int) a = -474713
(lldb)  frame variable b -f dec 
(int) b = -262050
(lldb)  continue
Process 82410 resuming
Command #5 'continue' continued the target.
(lldb)  frame info
frame #0: 0x00005555555bb42c original_1_fuzz`gcd(a=-262050, b=-212663) at original_1.c:10:9
(lldb)  frame variable a -f dec 
(int) a = -262050
(lldb)  frame variable b -f dec 
(int) b = -212663
(lldb)  continue
Process 82410 resuming
Command #5 'continue' continued the target.
(lldb)  frame info
frame #0: 0x00005555555bb42c original_1_fuzz`gcd(a=-212663, b=-49387) at original_1.c:10:9
(lldb)  frame variable a -f dec 
(int) a = -212663
(lldb)  frame variable b -f dec 
(int) b = -49387
(lldb)  continue
Process 82410 resuming
Command #5 'continue' continued the target.
(lldb)  frame info
frame #0: 0x00005555555bb42c original_1_fuzz`gcd(a=-49387, b=-15115) at original_1.c:10:9
(lldb)  frame variable a -f dec 
(int) a = -49387
(lldb)  frame variable b -f dec 
(int) b = -15115
(lldb)  continue
Process 82410 resuming
Command #5 'continue' continued the target.
(lldb)  frame info
frame #0: 0x00005555555bb42c original_1_fuzz`gcd(a=-15115, b=-4042) at original_1.c:10:9
(lldb)  frame variable a -f dec 
(int) a = -15115
(lldb)  frame variable b -f dec 
(int) b = -4042
(lldb)  continue
Process 82410 resuming
Command #5 'continue' continued the target.
(lldb)  frame info
frame #0: 0x00005555555bb42c original_1_fuzz`gcd(a=-4042, b=-2989) at original_1.c:10:9
(lldb)  frame variable a -f dec 
(int) a = -4042
(lldb)  frame variable b -f dec 
(int) b = -2989
(lldb)  continue
Process 82410 resuming
Command #5 'continue' continued the target.
(lldb)  frame info
frame #0: 0x00005555555bb42c original_1_fuzz`gcd(a=-2989, b=-1053) at original_1.c:10:9
(lldb)  frame variable a -f dec 
(int) a = -2989
(lldb)  frame variable b -f dec 
(int) b = -1053
(lldb)  continue
Process 82410 resuming
Command #5 'continue' continued the target.
(lldb)  frame info
frame #0: 0x00005555555bb42c original_1_fuzz`gcd(a=-1053, b=-883) at original_1.c:10:9
(lldb)  frame variable a -f dec 
(int) a = -1053
(lldb)  frame variable b -f dec 
(int) b = -883
(lldb)  continue
Process 82410 resuming
Command #5 'continue' continued the target.
(lldb)  frame info
frame #0: 0x00005555555bb42c original_1_fuzz`gcd(a=-883, b=-170) at original_1.c:10:9
(lldb)  frame variable a -f dec 
(int) a = -883
(lldb)  frame variable b -f dec 
(int) b = -170
(lldb)  continue
Process 82410 resuming
Command #5 'continue' continued the target.
(lldb)  frame info
frame #0: 0x00005555555bb42c original_1_fuzz`gcd(a=-170, b=-33) at original_1.c:10:9
(lldb)  frame variable a -f dec 
(int) a = -170
(lldb)  frame variable b -f dec 
(int) b = -33
(lldb)  continue
Process 82410 resuming
Command #5 'continue' continued the target.
(lldb)  frame info
frame #0: 0x00005555555bb42c original_1_fuzz`gcd(a=-33, b=-5) at original_1.c:10:9
(lldb)  frame variable a -f dec 
(int) a = -33
(lldb)  frame variable b -f dec 
(int) b = -5
(lldb)  continue
Process 82410 resuming
Command #5 'continue' continued the target.
(lldb)  frame info
frame #0: 0x00005555555bb42c original_1_fuzz`gcd(a=-5, b=-3) at original_1.c:10:9
(lldb)  frame variable a -f dec 
(int) a = -5
(lldb)  frame variable b -f dec 
(int) b = -3
(lldb)  continue
Process 82410 resuming
Command #5 'continue' continued the target.
(lldb)  frame info
frame #0: 0x00005555555bb42c original_1_fuzz`gcd(a=-3, b=-2) at original_1.c:10:9
(lldb)  frame variable a -f dec 
(int) a = -3
(lldb)  frame variable b -f dec 
(int) b = -2
(lldb)  continue
Process 82410 resuming
Command #5 'continue' continued the target.
(lldb)  frame info
frame #0: 0x00005555555bb42c original_1_fuzz`gcd(a=-2, b=-1) at original_1.c:10:9
(lldb)  frame variable a -f dec 
(int) a = -2
(lldb)  frame variable b -f dec 
(int) b = -1
(lldb)  continue
Process 82410 resuming
Command #5 'continue' continued the target.
(lldb)  frame info
frame #0: 0x00005555555bb42c original_1_fuzz`gcd(a=-1, b=0) at original_1.c:10:9
(lldb)  frame variable a -f dec 
(int) a = -1
(lldb)  frame variable b -f dec 
(int) b = 0
(lldb)  continue
Process 82410 resuming
Command #5 'continue' continued the target.
Executed /script/motivating_example/sample_set/gcd/fuzzing_test/modified_inputs/743c42e7511daadf0a3e086ad1e47022e57c96e0 in 43 ms
***
*** NOTE: fuzzing was not performed, you have only
***       executed the target code on a fixed set of inputs.
***
Process 82410 exited with status = 0 (0x00000000)
Process 82410 launched: '/script/motivating_example/sample_set/gcd/original_1_fuzz' (x86_64)
(lldb) quit