(lldb) target create "modified_fuzz"
Current executable set to '/script/motivating_example/sample_set/gcd/modified_fuzz' (x86_64).
(lldb) command source -s 0 '/script/motivating_example/sample_set/gcd/fuzzing_test/modified_debug/script/abd0fb53aff07d5f7444e3914b9d70dee308fd64/batch.lldb'
Executing commands in '/script/motivating_example/sample_set/gcd/fuzzing_test/modified_debug/script/abd0fb53aff07d5f7444e3914b9d70dee308fd64/batch.lldb'.
(lldb) settings set interpreter.stop-command-source-on-error 0
(lldb) settings set auto-confirm 1
(lldb) breakpoint set --file /script/motivating_example/sample_set/gcd/modified.c --line 9
Breakpoint 1: where = modified_fuzz`gcd + 121 at modified.c:9:9, address = 0x0000000000067429
(lldb) breakpoint command add 1
(lldb) run /script/motivating_example/sample_set/gcd/fuzzing_test/modified_inputs/abd0fb53aff07d5f7444e3914b9d70dee308fd64
INFO: Running with entropic power schedule (0xFF, 100).
INFO: Seed: 3053022137
INFO: Loaded 1 modules   (10 inline 8-bit counters): 10 [0x5555555defb0, 0x5555555defba), 
INFO: Loaded 1 PC tables (10 PCs): 10 [0x5555555defc0,0x5555555df060), 
/script/motivating_example/sample_set/gcd/modified_fuzz: Running 1 inputs 1 time(s) each.
Running: /script/motivating_example/sample_set/gcd/fuzzing_test/modified_inputs/abd0fb53aff07d5f7444e3914b9d70dee308fd64
(lldb)  frame info
frame #0: 0x00005555555bb429 modified_fuzz`gcd(a=-2147227911, b=-255737) at modified.c:9:9
(lldb)  frame variable a -f dec 
(int) a = -2147227911
(lldb)  frame variable b -f dec 
(int) b = -255737
(lldb)  continue
Process 74658 resuming
Command #5 'continue' continued the target.
(lldb)  frame info
frame #0: 0x00005555555bb429 modified_fuzz`gcd(a=-2147167852, b=-60059) at modified.c:9:9
(lldb)  frame variable a -f dec 
(int) a = -2147167852
(lldb)  frame variable b -f dec 
(int) b = -60059
(lldb)  continue
Process 74658 resuming
Command #5 'continue' continued the target.
(lldb)  frame info
frame #0: 0x00005555555bb429 modified_fuzz`gcd(a=-2147109250, b=-58602) at modified.c:9:9
(lldb)  frame variable a -f dec 
(int) a = -2147109250
(lldb)  frame variable b -f dec 
(int) b = -58602
(lldb)  continue
Process 74658 resuming
Command #5 'continue' continued the target.
(lldb)  frame info
frame #0: 0x00005555555bb429 modified_fuzz`gcd(a=-2147060076, b=-49174) at modified.c:9:9
(lldb)  frame variable a -f dec 
(int) a = -2147060076
(lldb)  frame variable b -f dec 
(int) b = -49174
(lldb)  continue
Process 74658 resuming
Command #5 'continue' continued the target.
(lldb)  frame info
frame #0: 0x00005555555bb429 modified_fuzz`gcd(a=-2147035188, b=-24888) at modified.c:9:9
(lldb)  frame variable a -f dec 
(int) a = -2147035188
(lldb)  frame variable b -f dec 
(int) b = -24888
(lldb)  continue
Process 74658 resuming
Command #5 'continue' continued the target.
(lldb)  frame info
frame #0: 0x00005555555bb429 modified_fuzz`gcd(a=-2147013096, b=-22092) at modified.c:9:9
(lldb)  frame variable a -f dec 
(int) a = -2147013096
(lldb)  frame variable b -f dec 
(int) b = -22092
(lldb)  continue
Process 74658 resuming
Command #5 'continue' continued the target.
(lldb)  frame info
frame #0: 0x00005555555bb429 modified_fuzz`gcd(a=-2147011020, b=-2076) at modified.c:9:9
(lldb)  frame variable a -f dec 
(int) a = -2147011020
(lldb)  frame variable b -f dec 
(int) b = -2076
(lldb)  continue
Process 74658 resuming
Command #5 'continue' continued the target.
(lldb)  frame info
frame #0: 0x00005555555bb429 modified_fuzz`gcd(a=-2147009580, b=-1440) at modified.c:9:9
(lldb)  frame variable a -f dec 
(int) a = -2147009580
(lldb)  frame variable b -f dec 
(int) b = -1440
(lldb)  continue
Process 74658 resuming
Command #5 'continue' continued the target.
(lldb)  frame info
frame #0: 0x00005555555bb429 modified_fuzz`gcd(a=-2147008320, b=-1260) at modified.c:9:9
(lldb)  frame variable a -f dec 
(int) a = -2147008320
(lldb)  frame variable b -f dec 
(int) b = -1260
(lldb)  continue
Process 74658 resuming
Command #5 'continue' continued the target.
(lldb)  frame info
frame #0: 0x00005555555bb429 modified_fuzz`gcd(a=-2147007240, b=-1080) at modified.c:9:9
(lldb)  frame variable a -f dec 
(int) a = -2147007240
(lldb)  frame variable b -f dec 
(int) b = -1080
(lldb)  continue
Process 74658 resuming
Command #5 'continue' continued the target.
(lldb)  frame info
frame #0: 0x00005555555bb429 modified_fuzz`gcd(a=-2147006520, b=-720) at modified.c:9:9
(lldb)  frame variable a -f dec 
(int) a = -2147006520
(lldb)  frame variable b -f dec 
(int) b = -720
(lldb)  continue
Process 74658 resuming
Command #5 'continue' continued the target.
(lldb)  frame info
frame #0: 0x00005555555bb429 modified_fuzz`gcd(a=-2147006160, b=-360) at modified.c:9:9
(lldb)  frame variable a -f dec 
(int) a = -2147006160
(lldb)  frame variable b -f dec 
(int) b = -360
(lldb)  continue
Process 74658 resuming
Command #5 'continue' continued the target.
(lldb)  frame info
frame #0: 0x00005555555bb429 modified_fuzz`gcd(a=-2147006160, b=0) at modified.c:9:9
(lldb)  frame variable a -f dec 
(int) a = -2147006160
(lldb)  frame variable b -f dec 
(int) b = 0
(lldb)  continue
Process 74658 resuming
Command #5 'continue' continued the target.
Executed /script/motivating_example/sample_set/gcd/fuzzing_test/modified_inputs/abd0fb53aff07d5f7444e3914b9d70dee308fd64 in 31 ms
***
*** NOTE: fuzzing was not performed, you have only
***       executed the target code on a fixed set of inputs.
***
Process 74658 exited with status = 0 (0x00000000)
Process 74658 launched: '/script/motivating_example/sample_set/gcd/modified_fuzz' (x86_64)
(lldb) quit
