(lldb) target create "modified_fuzz"
Current executable set to '/script/motivating_example/sample_set/gcd/modified_fuzz' (x86_64).
(lldb) command source -s 0 '/script/motivating_example/sample_set/gcd/fuzzing_test/modified_debug/script/f9f3cfe9a1e61c70a2d06610a636739eca3b76bb/batch.lldb'
Executing commands in '/script/motivating_example/sample_set/gcd/fuzzing_test/modified_debug/script/f9f3cfe9a1e61c70a2d06610a636739eca3b76bb/batch.lldb'.
(lldb) settings set interpreter.stop-command-source-on-error 0
(lldb) settings set auto-confirm 1
(lldb) breakpoint set --file /script/motivating_example/sample_set/gcd/modified.c --line 9
Breakpoint 1: where = modified_fuzz`gcd + 121 at modified.c:9:9, address = 0x0000000000067429
(lldb) breakpoint command add 1
(lldb) run /script/motivating_example/sample_set/gcd/fuzzing_test/modified_inputs/f9f3cfe9a1e61c70a2d06610a636739eca3b76bb
INFO: Running with entropic power schedule (0xFF, 100).
INFO: Seed: 2853876411
INFO: Loaded 1 modules   (10 inline 8-bit counters): 10 [0x5555555defb0, 0x5555555defba), 
INFO: Loaded 1 PC tables (10 PCs): 10 [0x5555555defc0,0x5555555df060), 
/script/motivating_example/sample_set/gcd/modified_fuzz: Running 1 inputs 1 time(s) each.
Running: /script/motivating_example/sample_set/gcd/fuzzing_test/modified_inputs/f9f3cfe9a1e61c70a2d06610a636739eca3b76bb
(lldb)  frame info
frame #0: 0x00005555555bb429 modified_fuzz`gcd(a=2097152000, b=49483776) at modified.c:9:9
(lldb)  frame variable a -f dec 
(int) a = 2097152000
(lldb)  frame variable b -f dec 
(int) b = 49483776
(lldb)  continue
Process 75979 resuming
Command #5 'continue' continued the target.
(lldb)  frame info
frame #0: 0x00005555555bb429 modified_fuzz`gcd(a=2078318592, b=18833408) at modified.c:9:9
(lldb)  frame variable a -f dec 
(int) a = 2078318592
(lldb)  frame variable b -f dec 
(int) b = 18833408
(lldb)  continue
Process 75979 resuming
Command #5 'continue' continued the target.
(lldb)  frame info
frame #0: 0x00005555555bb429 modified_fuzz`gcd(a=2071674880, b=6643712) at modified.c:9:9
(lldb)  frame variable a -f dec 
(int) a = 2071674880
(lldb)  frame variable b -f dec 
(int) b = 6643712
(lldb)  continue
Process 75979 resuming
Command #5 'continue' continued the target.
(lldb)  frame info
frame #0: 0x00005555555bb429 modified_fuzz`gcd(a=2066194432, b=5480448) at modified.c:9:9
(lldb)  frame variable a -f dec 
(int) a = 2066194432
(lldb)  frame variable b -f dec 
(int) b = 5480448
(lldb)  continue
Process 75979 resuming
Command #5 'continue' continued the target.
(lldb)  frame info
frame #0: 0x00005555555bb429 modified_fuzz`gcd(a=2066128896, b=65536) at modified.c:9:9
(lldb)  frame variable a -f dec 
(int) a = 2066128896
(lldb)  frame variable b -f dec 
(int) b = 65536
(lldb)  continue
Process 75979 resuming
Command #5 'continue' continued the target.
(lldb)  frame info
frame #0: 0x00005555555bb429 modified_fuzz`gcd(a=2066087936, b=40960) at modified.c:9:9
(lldb)  frame variable a -f dec 
(int) a = 2066087936
(lldb)  frame variable b -f dec 
(int) b = 40960
(lldb)  continue
Process 75979 resuming
Command #5 'continue' continued the target.
(lldb)  frame info
frame #0: 0x00005555555bb429 modified_fuzz`gcd(a=2066063360, b=24576) at modified.c:9:9
(lldb)  frame variable a -f dec 
(int) a = 2066063360
(lldb)  frame variable b -f dec 
(int) b = 24576
(lldb)  continue
Process 75979 resuming
Command #5 'continue' continued the target.
(lldb)  frame info
frame #0: 0x00005555555bb429 modified_fuzz`gcd(a=2066055168, b=8192) at modified.c:9:9
(lldb)  frame variable a -f dec 
(int) a = 2066055168
(lldb)  frame variable b -f dec 
(int) b = 8192
(lldb)  continue
Process 75979 resuming
Command #5 'continue' continued the target.
(lldb)  frame info
frame #0: 0x00005555555bb429 modified_fuzz`gcd(a=2066055168, b=0) at modified.c:9:9
(lldb)  frame variable a -f dec 
(int) a = 2066055168
(lldb)  frame variable b -f dec 
(int) b = 0
(lldb)  continue
Process 75979 resuming
Command #5 'continue' continued the target.
Executed /script/motivating_example/sample_set/gcd/fuzzing_test/modified_inputs/f9f3cfe9a1e61c70a2d06610a636739eca3b76bb in 23 ms
***
*** NOTE: fuzzing was not performed, you have only
***       executed the target code on a fixed set of inputs.
***
Process 75979 exited with status = 0 (0x00000000)
Process 75979 launched: '/script/motivating_example/sample_set/gcd/modified_fuzz' (x86_64)
(lldb) quit