(lldb) target create "modified_fuzz"
Current executable set to '/script/motivating_example/sample_set/gcd/modified_fuzz' (x86_64).
(lldb) command source -s 0 '/script/motivating_example/sample_set/gcd/fuzzing_test/modified_debug/script/23cc1bb99fa781fe32e3cc7c1797b259fdae2e3e/batch.lldb'
Executing commands in '/script/motivating_example/sample_set/gcd/fuzzing_test/modified_debug/script/23cc1bb99fa781fe32e3cc7c1797b259fdae2e3e/batch.lldb'.
(lldb) settings set interpreter.stop-command-source-on-error 0
(lldb) settings set auto-confirm 1
(lldb) breakpoint set --file /script/motivating_example/sample_set/gcd/modified.c --line 9
Breakpoint 1: where = modified_fuzz`gcd + 121 at modified.c:9:9, address = 0x0000000000067429
(lldb) breakpoint command add 1
(lldb) run /script/motivating_example/sample_set/gcd/fuzzing_test/modified_inputs/23cc1bb99fa781fe32e3cc7c1797b259fdae2e3e
INFO: Running with entropic power schedule (0xFF, 100).
INFO: Seed: 3098487270
INFO: Loaded 1 modules   (10 inline 8-bit counters): 10 [0x5555555defb0, 0x5555555defba), 
INFO: Loaded 1 PC tables (10 PCs): 10 [0x5555555defc0,0x5555555df060), 
/script/motivating_example/sample_set/gcd/modified_fuzz: Running 1 inputs 1 time(s) each.
Running: /script/motivating_example/sample_set/gcd/fuzzing_test/modified_inputs/23cc1bb99fa781fe32e3cc7c1797b259fdae2e3e
(lldb)  frame info
frame #0: 0x00005555555bb429 modified_fuzz`gcd(a=-2147258345, b=-225303) at modified.c:9:9
(lldb)  frame variable a -f dec 
(int) a = -2147258345
(lldb)  frame variable b -f dec 
(int) b = -225303
(lldb)  continue
Process 72684 resuming
Command #5 'continue' continued the target.
(lldb)  frame info
frame #0: 0x00005555555bb429 modified_fuzz`gcd(a=-2147137590, b=-120755) at modified.c:9:9
(lldb)  frame variable a -f dec 
(int) a = -2147137590
(lldb)  frame variable b -f dec 
(int) b = -120755
(lldb)  continue
Process 72684 resuming
Command #5 'continue' continued the target.
(lldb)  frame info
frame #0: 0x00005555555bb429 modified_fuzz`gcd(a=-2147023900, b=-113690) at modified.c:9:9
(lldb)  frame variable a -f dec 
(int) a = -2147023900
(lldb)  frame variable b -f dec 
(int) b = -113690
(lldb)  continue
Process 72684 resuming
Command #5 'continue' continued the target.
(lldb)  frame info
frame #0: 0x00005555555bb429 modified_fuzz`gcd(a=-2146921960, b=-101940) at modified.c:9:9
(lldb)  frame variable a -f dec 
(int) a = -2146921960
(lldb)  frame variable b -f dec 
(int) b = -101940
(lldb)  continue
Process 72684 resuming
Command #5 'continue' continued the target.
(lldb)  frame info
frame #0: 0x00005555555bb429 modified_fuzz`gcd(a=-2146856400, b=-65560) at modified.c:9:9
(lldb)  frame variable a -f dec 
(int) a = -2146856400
(lldb)  frame variable b -f dec 
(int) b = -65560
(lldb)  continue
Process 72684 resuming
Command #5 'continue' continued the target.
(lldb)  frame info
frame #0: 0x00005555555bb429 modified_fuzz`gcd(a=-2146827760, b=-28640) at modified.c:9:9
(lldb)  frame variable a -f dec 
(int) a = -2146827760
(lldb)  frame variable b -f dec 
(int) b = -28640
(lldb)  continue
Process 72684 resuming
Command #5 'continue' continued the target.
(lldb)  frame info
frame #0: 0x00005555555bb429 modified_fuzz`gcd(a=-2146825760, b=-2000) at modified.c:9:9
(lldb)  frame variable a -f dec 
(int) a = -2146825760
(lldb)  frame variable b -f dec 
(int) b = -2000
(lldb)  continue
Process 72684 resuming
Command #5 'continue' continued the target.
(lldb)  frame info
frame #0: 0x00005555555bb429 modified_fuzz`gcd(a=-2146824000, b=-1760) at modified.c:9:9
(lldb)  frame variable a -f dec 
(int) a = -2146824000
(lldb)  frame variable b -f dec 
(int) b = -1760
(lldb)  continue
Process 72684 resuming
Command #5 'continue' continued the target.
(lldb)  frame info
frame #0: 0x00005555555bb429 modified_fuzz`gcd(a=-2146823360, b=-640) at modified.c:9:9
(lldb)  frame variable a -f dec 
(int) a = -2146823360
(lldb)  frame variable b -f dec 
(int) b = -640
(lldb)  continue
Process 72684 resuming
Command #5 'continue' continued the target.
(lldb)  frame info
frame #0: 0x00005555555bb429 modified_fuzz`gcd(a=-2146823040, b=-320) at modified.c:9:9
(lldb)  frame variable a -f dec 
(int) a = -2146823040
(lldb)  frame variable b -f dec 
(int) b = -320
(lldb)  continue
Process 72684 resuming
Command #5 'continue' continued the target.
(lldb)  frame info
frame #0: 0x00005555555bb429 modified_fuzz`gcd(a=-2146823040, b=0) at modified.c:9:9
(lldb)  frame variable a -f dec 
(int) a = -2146823040
(lldb)  frame variable b -f dec 
(int) b = 0
(lldb)  continue
Process 72684 resuming
Command #5 'continue' continued the target.
Executed /script/motivating_example/sample_set/gcd/fuzzing_test/modified_inputs/23cc1bb99fa781fe32e3cc7c1797b259fdae2e3e in 31 ms
***
*** NOTE: fuzzing was not performed, you have only
***       executed the target code on a fixed set of inputs.
***
Process 72684 exited with status = 0 (0x00000000)
Process 72684 launched: '/script/motivating_example/sample_set/gcd/modified_fuzz' (x86_64)
(lldb) quit
