(lldb) target create "modified_fuzz"
Current executable set to '/script/motivating_example/sample_set/permutation/modified_fuzz' (x86_64).
(lldb) command source -s 0 '/script/motivating_example/sample_set/permutation/fuzzing_test/modified_debug/script/590bae601c6a5fda76180e10e049a5ab84b1693c/batch.lldb'
Executing commands in '/script/motivating_example/sample_set/permutation/fuzzing_test/modified_debug/script/590bae601c6a5fda76180e10e049a5ab84b1693c/batch.lldb'.
(lldb) settings set interpreter.stop-command-source-on-error 0
(lldb) settings set auto-confirm 1
(lldb) breakpoint set --file /script/motivating_example/sample_set/permutation/modified.c --line 26
Breakpoint 1: where = modified_fuzz`permutation + 499 at modified.c:26:17, address = 0x0000000000067783
(lldb) breakpoint command add 1
(lldb) run /script/motivating_example/sample_set/permutation/fuzzing_test/modified_inputs/590bae601c6a5fda76180e10e049a5ab84b1693c
INFO: Running with entropic power schedule (0xFF, 100).
INFO: Seed: 3507426484
INFO: Loaded 1 modules   (18 inline 8-bit counters): 18 [0x5555555defd0, 0x5555555defe2), 
INFO: Loaded 1 PC tables (18 PCs): 18 [0x5555555defe8,0x5555555df108), 
/script/motivating_example/sample_set/permutation/modified_fuzz: Running 1 inputs 1 time(s) each.
Running: /script/motivating_example/sample_set/permutation/fuzzing_test/modified_inputs/590bae601c6a5fda76180e10e049a5ab84b1693c
-138286112 10 10 
(lldb)  frame info
frame #0: 0x00005555555bb783 modified_fuzz`permutation(arr=0x0000555555f67f50, size=3, current=0x0000555555f67f70, used=0x0000555555f67f90, index=2) at modified.c:26:17
(lldb)  frame variable i -f dec 
(size_t) i = 2
(lldb)  frame variable index -f dec 
(size_t) index = 2
(lldb)  frame variable curr_val -f dec 
(int) curr_val = 10
(lldb)  continue
Process 150371 resuming
Command #6 'continue' continued the target.
(lldb)  frame info
frame #0: 0x00005555555bb783 modified_fuzz`permutation(arr=0x0000555555f67f50, size=3, current=0x0000555555f67f70, used=0x0000555555f67f90, index=1) at modified.c:26:17
(lldb)  frame variable i -f dec 
(size_t) i = 1
(lldb)  frame variable index -f dec 
(size_t) index = 1
(lldb)  frame variable curr_val -f dec 
(int) curr_val = 10
(lldb)  continue
Process 150371 resuming
Command #6 'continue' continued the target.
-138286112 10 48 
(lldb)  frame info
frame #0: 0x00005555555bb783 modified_fuzz`permutation(arr=0x0000555555f67f50, size=3, current=0x0000555555f67f70, used=0x0000555555f67f90, index=2) at modified.c:26:17
(lldb)  frame variable i -f dec 
(size_t) i = 1
(lldb)  frame variable index -f dec 
(size_t) index = 2
(lldb)  frame variable curr_val -f dec 
(int) curr_val = 48
(lldb)  continue
Process 150371 resuming
Command #6 'continue' continued the target.
(lldb)  frame info
frame #0: 0x00005555555bb783 modified_fuzz`permutation(arr=0x0000555555f67f50, size=3, current=0x0000555555f67f70, used=0x0000555555f67f90, index=1) at modified.c:26:17
(lldb)  frame variable i -f dec 
(size_t) i = 2
(lldb)  frame variable index -f dec 
(size_t) index = 1
(lldb)  frame variable curr_val -f dec 
(int) curr_val = 10
(lldb)  continue
Process 150371 resuming
Command #6 'continue' continued the target.
(lldb)  frame info
frame #0: 0x00005555555bb783 modified_fuzz`permutation(arr=0x0000555555f67f50, size=3, current=0x0000555555f67f70, used=0x0000555555f67f90, index=0) at modified.c:26:17
(lldb)  frame variable i -f dec 
(size_t) i = 0
(lldb)  frame variable index -f dec 
(size_t) index = 0
(lldb)  frame variable curr_val -f dec 
(int) curr_val = -138286112
(lldb)  continue
Process 150371 resuming
Command #6 'continue' continued the target.
-138286112 10 10 
(lldb)  frame info
frame #0: 0x00005555555bb783 modified_fuzz`permutation(arr=0x0000555555f67f50, size=3, current=0x0000555555f67f70, used=0x0000555555f67f90, index=2) at modified.c:26:17
(lldb)  frame variable i -f dec 
(size_t) i = 2
(lldb)  frame variable index -f dec 
(size_t) index = 2
(lldb)  frame variable curr_val -f dec 
(int) curr_val = 10
(lldb)  continue
Process 150371 resuming
Command #6 'continue' continued the target.
(lldb)  frame info
frame #0: 0x00005555555bb783 modified_fuzz`permutation(arr=0x0000555555f67f50, size=3, current=0x0000555555f67f70, used=0x0000555555f67f90, index=1) at modified.c:26:17
(lldb)  frame variable i -f dec 
(size_t) i = 0
(lldb)  frame variable index -f dec 
(size_t) index = 1
(lldb)  frame variable curr_val -f dec 
(int) curr_val = 10
(lldb)  continue
Process 150371 resuming
Command #6 'continue' continued the target.
-138286112 10 48 
(lldb)  frame info
frame #0: 0x00005555555bb783 modified_fuzz`permutation(arr=0x0000555555f67f50, size=3, current=0x0000555555f67f70, used=0x0000555555f67f90, index=2) at modified.c:26:17
(lldb)  frame variable i -f dec 
(size_t) i = 0
(lldb)  frame variable index -f dec 
(size_t) index = 2
(lldb)  frame variable curr_val -f dec 
(int) curr_val = 48
(lldb)  continue
Process 150371 resuming
Command #6 'continue' continued the target.
(lldb)  frame info
frame #0: 0x00005555555bb783 modified_fuzz`permutation(arr=0x0000555555f67f50, size=3, current=0x0000555555f67f70, used=0x0000555555f67f90, index=1) at modified.c:26:17
(lldb)  frame variable i -f dec 
(size_t) i = 2
(lldb)  frame variable index -f dec 
(size_t) index = 1
(lldb)  frame variable curr_val -f dec 
(int) curr_val = 10
(lldb)  continue
Process 150371 resuming
Command #6 'continue' continued the target.
(lldb)  frame info
frame #0: 0x00005555555bb783 modified_fuzz`permutation(arr=0x0000555555f67f50, size=3, current=0x0000555555f67f70, used=0x0000555555f67f90, index=0) at modified.c:26:17
(lldb)  frame variable i -f dec 
(size_t) i = 1
(lldb)  frame variable index -f dec 
(size_t) index = 0
(lldb)  frame variable curr_val -f dec 
(int) curr_val = -138286112
(lldb)  continue
Process 150371 resuming
Command #6 'continue' continued the target.
-138286112 48 10 
(lldb)  frame info
frame #0: 0x00005555555bb783 modified_fuzz`permutation(arr=0x0000555555f67f50, size=3, current=0x0000555555f67f70, used=0x0000555555f67f90, index=2) at modified.c:26:17
(lldb)  frame variable i -f dec 
(size_t) i = 1
(lldb)  frame variable index -f dec 
(size_t) index = 2
(lldb)  frame variable curr_val -f dec 
(int) curr_val = 10
(lldb)  continue
Process 150371 resuming
Command #6 'continue' continued the target.
(lldb)  frame info
frame #0: 0x00005555555bb783 modified_fuzz`permutation(arr=0x0000555555f67f50, size=3, current=0x0000555555f67f70, used=0x0000555555f67f90, index=1) at modified.c:26:17
(lldb)  frame variable i -f dec 
(size_t) i = 0
(lldb)  frame variable index -f dec 
(size_t) index = 1
(lldb)  frame variable curr_val -f dec 
(int) curr_val = 48
(lldb)  continue
Process 150371 resuming
Command #6 'continue' continued the target.
-138286112 48 10 
(lldb)  frame info
frame #0: 0x00005555555bb783 modified_fuzz`permutation(arr=0x0000555555f67f50, size=3, current=0x0000555555f67f70, used=0x0000555555f67f90, index=2) at modified.c:26:17
(lldb)  frame variable i -f dec 
(size_t) i = 0
(lldb)  frame variable index -f dec 
(size_t) index = 2
(lldb)  frame variable curr_val -f dec 
(int) curr_val = 10
(lldb)  continue
Process 150371 resuming
Command #6 'continue' continued the target.
(lldb)  frame info
frame #0: 0x00005555555bb783 modified_fuzz`permutation(arr=0x0000555555f67f50, size=3, current=0x0000555555f67f70, used=0x0000555555f67f90, index=1) at modified.c:26:17
(lldb)  frame variable i -f dec 
(size_t) i = 1
(lldb)  frame variable index -f dec 
(size_t) index = 1
(lldb)  frame variable curr_val -f dec 
(int) curr_val = 48
(lldb)  continue
Process 150371 resuming
Command #6 'continue' continued the target.
(lldb)  frame info
frame #0: 0x00005555555bb783 modified_fuzz`permutation(arr=0x0000555555f67f50, size=3, current=0x0000555555f67f70, used=0x0000555555f67f90, index=0) at modified.c:26:17
(lldb)  frame variable i -f dec 
(size_t) i = 2
(lldb)  frame variable index -f dec 
(size_t) index = 0
(lldb)  frame variable curr_val -f dec 
(int) curr_val = -138286112
(lldb)  continue
Process 150371 resuming
Command #6 'continue' continued the target.
Executed /script/motivating_example/sample_set/permutation/fuzzing_test/modified_inputs/590bae601c6a5fda76180e10e049a5ab84b1693c in 35 ms
***
*** NOTE: fuzzing was not performed, you have only
***       executed the target code on a fixed set of inputs.
***
Process 150371 exited with status = 0 (0x00000000)
Process 150371 launched: '/script/motivating_example/sample_set/permutation/modified_fuzz' (x86_64)
(lldb) quit
