(lldb) target create "original_2_fuzz"
Current executable set to '/script/motivating_example/sample_set/gcd/original_2_fuzz' (x86_64).
(lldb) command source -s 0 '/script/motivating_example/sample_set/gcd/fuzzing_test/original_2_debug/script/b5e7be15b24a8e656416be8b799e79928fbea49c/batch.lldb'
Executing commands in '/script/motivating_example/sample_set/gcd/fuzzing_test/original_2_debug/script/b5e7be15b24a8e656416be8b799e79928fbea49c/batch.lldb'.
(lldb) settings set interpreter.stop-command-source-on-error 0
(lldb) settings set auto-confirm 1
(lldb) breakpoint set --file /script/motivating_example/sample_set/gcd/original_2.c --line 6
Breakpoint 1: where = original_2_fuzz`gcd + 82 at original_2.c:6:5, address = 0x0000000000067402
(lldb) breakpoint command add 1
(lldb) run /script/motivating_example/sample_set/gcd/fuzzing_test/modified_inputs/b5e7be15b24a8e656416be8b799e79928fbea49c
INFO: Running with entropic power schedule (0xFF, 100).
INFO: Seed: 2052320866
INFO: Loaded 1 modules   (10 inline 8-bit counters): 10 [0x5555555defb0, 0x5555555defba), 
INFO: Loaded 1 PC tables (10 PCs): 10 [0x5555555defc0,0x5555555df060), 
/script/motivating_example/sample_set/gcd/original_2_fuzz: Running 1 inputs 1 time(s) each.
Running: /script/motivating_example/sample_set/gcd/fuzzing_test/modified_inputs/b5e7be15b24a8e656416be8b799e79928fbea49c
(lldb)  frame info
frame #0: 0x00005555555bb402 original_2_fuzz`gcd(a=1730425703, b=134217728) at original_2.c:6:5
(lldb)  frame variable a -f dec 
(int) a = 1730425703
(lldb)  frame variable b -f dec 
(int) b = 134217728
(lldb)  continue
Process 91619 resuming
Command #5 'continue' continued the target.
(lldb)  frame info
frame #0: 0x00005555555bb402 original_2_fuzz`gcd(a=134217728, b=119812967) at original_2.c:6:5
(lldb)  frame variable a -f dec 
(int) a = 134217728
(lldb)  frame variable b -f dec 
(int) b = 119812967
(lldb)  continue
Process 91619 resuming
Command #5 'continue' continued the target.
(lldb)  frame info
frame #0: 0x00005555555bb402 original_2_fuzz`gcd(a=119812967, b=14404761) at original_2.c:6:5
(lldb)  frame variable a -f dec 
(int) a = 119812967
(lldb)  frame variable b -f dec 
(int) b = 14404761
(lldb)  continue
Process 91619 resuming
Command #5 'continue' continued the target.
(lldb)  frame info
frame #0: 0x00005555555bb402 original_2_fuzz`gcd(a=14404761, b=4574879) at original_2.c:6:5
(lldb)  frame variable a -f dec 
(int) a = 14404761
(lldb)  frame variable b -f dec 
(int) b = 4574879
(lldb)  continue
Process 91619 resuming
Command #5 'continue' continued the target.
(lldb)  frame info
frame #0: 0x00005555555bb402 original_2_fuzz`gcd(a=4574879, b=680124) at original_2.c:6:5
(lldb)  frame variable a -f dec 
(int) a = 4574879
(lldb)  frame variable b -f dec 
(int) b = 680124
(lldb)  continue
Process 91619 resuming
Command #5 'continue' continued the target.
(lldb)  frame info
frame #0: 0x00005555555bb402 original_2_fuzz`gcd(a=680124, b=494135) at original_2.c:6:5
(lldb)  frame variable a -f dec 
(int) a = 680124
(lldb)  frame variable b -f dec 
(int) b = 494135
(lldb)  continue
Process 91619 resuming
Command #5 'continue' continued the target.
(lldb)  frame info
frame #0: 0x00005555555bb402 original_2_fuzz`gcd(a=494135, b=185989) at original_2.c:6:5
(lldb)  frame variable a -f dec 
(int) a = 494135
(lldb)  frame variable b -f dec 
(int) b = 185989
(lldb)  continue
Process 91619 resuming
Command #5 'continue' continued the target.
(lldb)  frame info
frame #0: 0x00005555555bb402 original_2_fuzz`gcd(a=185989, b=122157) at original_2.c:6:5
(lldb)  frame variable a -f dec 
(int) a = 185989
(lldb)  frame variable b -f dec 
(int) b = 122157
(lldb)  continue
Process 91619 resuming
Command #5 'continue' continued the target.
(lldb)  frame info
frame #0: 0x00005555555bb402 original_2_fuzz`gcd(a=122157, b=63832) at original_2.c:6:5
(lldb)  frame variable a -f dec 
(int) a = 122157
(lldb)  frame variable b -f dec 
(int) b = 63832
(lldb)  continue
Process 91619 resuming
Command #5 'continue' continued the target.
(lldb)  frame info
frame #0: 0x00005555555bb402 original_2_fuzz`gcd(a=63832, b=58325) at original_2.c:6:5
(lldb)  frame variable a -f dec 
(int) a = 63832
(lldb)  frame variable b -f dec 
(int) b = 58325
(lldb)  continue
Process 91619 resuming
Command #5 'continue' continued the target.
(lldb)  frame info
frame #0: 0x00005555555bb402 original_2_fuzz`gcd(a=58325, b=5507) at original_2.c:6:5
(lldb)  frame variable a -f dec 
(int) a = 58325
(lldb)  frame variable b -f dec 
(int) b = 5507
(lldb)  continue
Process 91619 resuming
Command #5 'continue' continued the target.
(lldb)  frame info
frame #0: 0x00005555555bb402 original_2_fuzz`gcd(a=5507, b=3255) at original_2.c:6:5
(lldb)  frame variable a -f dec 
(int) a = 5507
(lldb)  frame variable b -f dec 
(int) b = 3255
(lldb)  continue
Process 91619 resuming
Command #5 'continue' continued the target.
(lldb)  frame info
frame #0: 0x00005555555bb402 original_2_fuzz`gcd(a=3255, b=2252) at original_2.c:6:5
(lldb)  frame variable a -f dec 
(int) a = 3255
(lldb)  frame variable b -f dec 
(int) b = 2252
(lldb)  continue
Process 91619 resuming
Command #5 'continue' continued the target.
(lldb)  frame info
frame #0: 0x00005555555bb402 original_2_fuzz`gcd(a=2252, b=1003) at original_2.c:6:5
(lldb)  frame variable a -f dec 
(int) a = 2252
(lldb)  frame variable b -f dec 
(int) b = 1003
(lldb)  continue
Process 91619 resuming
Command #5 'continue' continued the target.
(lldb)  frame info
frame #0: 0x00005555555bb402 original_2_fuzz`gcd(a=1003, b=246) at original_2.c:6:5
(lldb)  frame variable a -f dec 
(int) a = 1003
(lldb)  frame variable b -f dec 
(int) b = 246
(lldb)  continue
Process 91619 resuming
Command #5 'continue' continued the target.
(lldb)  frame info
frame #0: 0x00005555555bb402 original_2_fuzz`gcd(a=246, b=19) at original_2.c:6:5
(lldb)  frame variable a -f dec 
(int) a = 246
(lldb)  frame variable b -f dec 
(int) b = 19
(lldb)  continue
Process 91619 resuming
Command #5 'continue' continued the target.
(lldb)  frame info
frame #0: 0x00005555555bb402 original_2_fuzz`gcd(a=19, b=18) at original_2.c:6:5
(lldb)  frame variable a -f dec 
(int) a = 19
(lldb)  frame variable b -f dec 
(int) b = 18
(lldb)  continue
Process 91619 resuming
Command #5 'continue' continued the target.
(lldb)  frame info
frame #0: 0x00005555555bb402 original_2_fuzz`gcd(a=18, b=1) at original_2.c:6:5
(lldb)  frame variable a -f dec 
(int) a = 18
(lldb)  frame variable b -f dec 
(int) b = 1
(lldb)  continue
Process 91619 resuming
Command #5 'continue' continued the target.
(lldb)  frame info
frame #0: 0x00005555555bb402 original_2_fuzz`gcd(a=1, b=0) at original_2.c:6:5
(lldb)  frame variable a -f dec 
(int) a = 1
(lldb)  frame variable b -f dec 
(int) b = 0
(lldb)  continue
Process 91619 resuming
Command #5 'continue' continued the target.
Executed /script/motivating_example/sample_set/gcd/fuzzing_test/modified_inputs/b5e7be15b24a8e656416be8b799e79928fbea49c in 33 ms
***
*** NOTE: fuzzing was not performed, you have only
***       executed the target code on a fixed set of inputs.
***
Process 91619 exited with status = 0 (0x00000000)
Process 91619 launched: '/script/motivating_example/sample_set/gcd/original_2_fuzz' (x86_64)
(lldb) quit
