(lldb) target create "modified_fuzz"
Current executable set to '/script/motivating_example/sample_set/factorial/modified_fuzz' (x86_64).
(lldb) command source -s 0 '/script/motivating_example/sample_set/factorial/fuzzing_test/modified_debug/script/5ec906fd921404c560dfbe8ec50edf1f0ea110ce/batch.lldb'
Executing commands in '/script/motivating_example/sample_set/factorial/fuzzing_test/modified_debug/script/5ec906fd921404c560dfbe8ec50edf1f0ea110ce/batch.lldb'.
(lldb) settings set interpreter.stop-command-source-on-error 0
(lldb) settings set auto-confirm 1
(lldb) breakpoint set --file /script/motivating_example/sample_set/factorial/modified.c --line 11
Breakpoint 1: where = modified_fuzz`factorial + 131 at modified.c:11:9, address = 0x0000000000067413
(lldb) breakpoint command add 1
(lldb) run /script/motivating_example/sample_set/factorial/fuzzing_test/modified_inputs/5ec906fd921404c560dfbe8ec50edf1f0ea110ce
INFO: Running with entropic power schedule (0xFF, 100).
INFO: Seed: 1128363503
INFO: Loaded 1 modules   (8 inline 8-bit counters): 8 [0x5555555defb0, 0x5555555defb8), 
INFO: Loaded 1 PC tables (8 PCs): 8 [0x5555555defb8,0x5555555df038), 
/script/motivating_example/sample_set/factorial/modified_fuzz: Running 1 inputs 1 time(s) each.
Running: /script/motivating_example/sample_set/factorial/fuzzing_test/modified_inputs/5ec906fd921404c560dfbe8ec50edf1f0ea110ce
(lldb)  frame info
frame #0: 0x00005555555bb413 modified_fuzz`factorial(n=4) at modified.c:11:9
(lldb)  frame variable i -f dec 
(unsigned int) i = 2
(lldb)  frame variable result -f dec 
(unsigned long) result = 1
(lldb)  continue
Process 144532 resuming
Command #5 'continue' continued the target.
(lldb)  frame info
frame #0: 0x00005555555bb413 modified_fuzz`factorial(n=4) at modified.c:11:9
(lldb)  frame variable i -f dec 
(unsigned int) i = 3
(lldb)  frame variable result -f dec 
(unsigned long) result = 2
(lldb)  continue
Process 144532 resuming
Command #5 'continue' continued the target.
(lldb)  frame info
frame #0: 0x00005555555bb413 modified_fuzz`factorial(n=4) at modified.c:11:9
(lldb)  frame variable i -f dec 
(unsigned int) i = 4
(lldb)  frame variable result -f dec 
(unsigned long) result = 6
(lldb)  continue
Process 144532 resuming
Command #5 'continue' continued the target.
Executed /script/motivating_example/sample_set/factorial/fuzzing_test/modified_inputs/5ec906fd921404c560dfbe8ec50edf1f0ea110ce in 14 ms
***
*** NOTE: fuzzing was not performed, you have only
***       executed the target code on a fixed set of inputs.
***
Process 144532 exited with status = 0 (0x00000000)
Process 144532 launched: '/script/motivating_example/sample_set/factorial/modified_fuzz' (x86_64)
(lldb) quit
