(lldb) target create "modified_fuzz"
Current executable set to '/script/motivating_example/sample_set/gcd/modified_fuzz' (x86_64).
(lldb) command source -s 0 '/script/motivating_example/sample_set/gcd/fuzzing_test/modified_debug/script/3693d1d41d6205348292dac31b4b589e96b5a40c/batch.lldb'
Executing commands in '/script/motivating_example/sample_set/gcd/fuzzing_test/modified_debug/script/3693d1d41d6205348292dac31b4b589e96b5a40c/batch.lldb'.
(lldb) settings set interpreter.stop-command-source-on-error 0
(lldb) settings set auto-confirm 1
(lldb) breakpoint set --file /script/motivating_example/sample_set/gcd/modified.c --line 9
Breakpoint 1: where = modified_fuzz`gcd + 121 at modified.c:9:9, address = 0x0000000000067429
(lldb) breakpoint command add 1
(lldb) run /script/motivating_example/sample_set/gcd/fuzzing_test/modified_inputs/3693d1d41d6205348292dac31b4b589e96b5a40c
INFO: Running with entropic power schedule (0xFF, 100).
INFO: Seed: 172216414
INFO: Loaded 1 modules   (10 inline 8-bit counters): 10 [0x5555555defb0, 0x5555555defba), 
INFO: Loaded 1 PC tables (10 PCs): 10 [0x5555555defc0,0x5555555df060), 
/script/motivating_example/sample_set/gcd/modified_fuzz: Running 1 inputs 1 time(s) each.
Running: /script/motivating_example/sample_set/gcd/fuzzing_test/modified_inputs/3693d1d41d6205348292dac31b4b589e96b5a40c
(lldb)  frame info
frame #0: 0x00005555555bb429 modified_fuzz`gcd(a=664403904, b=59) at modified.c:9:9
(lldb)  frame variable a -f dec 
(int) a = 664403904
(lldb)  frame variable b -f dec 
(int) b = 59
(lldb)  continue
Process 72993 resuming
Command #5 'continue' continued the target.
(lldb)  frame info
frame #0: 0x00005555555bb429 modified_fuzz`gcd(a=664403897, b=7) at modified.c:9:9
(lldb)  frame variable a -f dec 
(int) a = 664403897
(lldb)  frame variable b -f dec 
(int) b = 7
(lldb)  continue
Process 72993 resuming
Command #5 'continue' continued the target.
(lldb)  frame info
frame #0: 0x00005555555bb429 modified_fuzz`gcd(a=664403894, b=3) at modified.c:9:9
(lldb)  frame variable a -f dec 
(int) a = 664403894
(lldb)  frame variable b -f dec 
(int) b = 3
(lldb)  continue
Process 72993 resuming
Command #5 'continue' continued the target.
(lldb)  frame info
frame #0: 0x00005555555bb429 modified_fuzz`gcd(a=664403892, b=2) at modified.c:9:9
(lldb)  frame variable a -f dec 
(int) a = 664403892
(lldb)  frame variable b -f dec 
(int) b = 2
(lldb)  continue
Process 72993 resuming
Command #5 'continue' continued the target.
(lldb)  frame info
frame #0: 0x00005555555bb429 modified_fuzz`gcd(a=664403892, b=0) at modified.c:9:9
(lldb)  frame variable a -f dec 
(int) a = 664403892
(lldb)  frame variable b -f dec 
(int) b = 0
(lldb)  continue
Process 72993 resuming
Command #5 'continue' continued the target.
Executed /script/motivating_example/sample_set/gcd/fuzzing_test/modified_inputs/3693d1d41d6205348292dac31b4b589e96b5a40c in 19 ms
***
*** NOTE: fuzzing was not performed, you have only
***       executed the target code on a fixed set of inputs.
***
Process 72993 exited with status = 0 (0x00000000)
Process 72993 launched: '/script/motivating_example/sample_set/gcd/modified_fuzz' (x86_64)
(lldb) quit
