(lldb) target create "modified_fuzz"
Current executable set to '/script/motivating_example/sample_set/gcd/modified_fuzz' (x86_64).
(lldb) command source -s 0 '/script/motivating_example/sample_set/gcd/fuzzing_test/modified_debug/script/ace96b378e8050dfbc73c2ea8d1b5a264669436f/batch.lldb'
Executing commands in '/script/motivating_example/sample_set/gcd/fuzzing_test/modified_debug/script/ace96b378e8050dfbc73c2ea8d1b5a264669436f/batch.lldb'.
(lldb) settings set interpreter.stop-command-source-on-error 0
(lldb) settings set auto-confirm 1
(lldb) breakpoint set --file /script/motivating_example/sample_set/gcd/modified.c --line 9
Breakpoint 1: where = modified_fuzz`gcd + 121 at modified.c:9:9, address = 0x0000000000067429
(lldb) breakpoint command add 1
(lldb) run /script/motivating_example/sample_set/gcd/fuzzing_test/modified_inputs/ace96b378e8050dfbc73c2ea8d1b5a264669436f
INFO: Running with entropic power schedule (0xFF, 100).
INFO: Seed: 3476334367
INFO: Loaded 1 modules   (10 inline 8-bit counters): 10 [0x5555555defb0, 0x5555555defba), 
INFO: Loaded 1 PC tables (10 PCs): 10 [0x5555555defc0,0x5555555df060), 
/script/motivating_example/sample_set/gcd/modified_fuzz: Running 1 inputs 1 time(s) each.
Running: /script/motivating_example/sample_set/gcd/fuzzing_test/modified_inputs/ace96b378e8050dfbc73c2ea8d1b5a264669436f
(lldb)  frame info
frame #0: 0x00005555555bb429 modified_fuzz`gcd(a=-2146750515, b=-733133) at modified.c:9:9
(lldb)  frame variable a -f dec 
(int) a = -2146750515
(lldb)  frame variable b -f dec 
(int) b = -733133
(lldb)  continue
Process 74684 resuming
Command #5 'continue' continued the target.
(lldb)  frame info
frame #0: 0x00005555555bb429 modified_fuzz`gcd(a=-2146613424, b=-137091) at modified.c:9:9
(lldb)  frame variable a -f dec 
(int) a = -2146613424
(lldb)  frame variable b -f dec 
(int) b = -137091
(lldb)  continue
Process 74684 resuming
Command #5 'continue' continued the target.
(lldb)  frame info
frame #0: 0x00005555555bb429 modified_fuzz`gcd(a=-2146570878, b=-42546) at modified.c:9:9
(lldb)  frame variable a -f dec 
(int) a = -2146570878
(lldb)  frame variable b -f dec 
(int) b = -42546
(lldb)  continue
Process 74684 resuming
Command #5 'continue' continued the target.
(lldb)  frame info
frame #0: 0x00005555555bb429 modified_fuzz`gcd(a=-2146530792, b=-40086) at modified.c:9:9
(lldb)  frame variable a -f dec 
(int) a = -2146530792
(lldb)  frame variable b -f dec 
(int) b = -40086
(lldb)  continue
Process 74684 resuming
Command #5 'continue' continued the target.
(lldb)  frame info
frame #0: 0x00005555555bb429 modified_fuzz`gcd(a=-2146525128, b=-5664) at modified.c:9:9
(lldb)  frame variable a -f dec 
(int) a = -2146525128
(lldb)  frame variable b -f dec 
(int) b = -5664
(lldb)  continue
Process 74684 resuming
Command #5 'continue' continued the target.
(lldb)  frame info
frame #0: 0x00005555555bb429 modified_fuzz`gcd(a=-2146520064, b=-5064) at modified.c:9:9
(lldb)  frame variable a -f dec 
(int) a = -2146520064
(lldb)  frame variable b -f dec 
(int) b = -5064
(lldb)  continue
Process 74684 resuming
Command #5 'continue' continued the target.
(lldb)  frame info
frame #0: 0x00005555555bb429 modified_fuzz`gcd(a=-2146518192, b=-1872) at modified.c:9:9
(lldb)  frame variable a -f dec 
(int) a = -2146518192
(lldb)  frame variable b -f dec 
(int) b = -1872
(lldb)  continue
Process 74684 resuming
Command #5 'continue' continued the target.
(lldb)  frame info
frame #0: 0x00005555555bb429 modified_fuzz`gcd(a=-2146517568, b=-624) at modified.c:9:9
(lldb)  frame variable a -f dec 
(int) a = -2146517568
(lldb)  frame variable b -f dec 
(int) b = -624
(lldb)  continue
Process 74684 resuming
Command #5 'continue' continued the target.
(lldb)  frame info
frame #0: 0x00005555555bb429 modified_fuzz`gcd(a=-2146517568, b=0) at modified.c:9:9
(lldb)  frame variable a -f dec 
(int) a = -2146517568
(lldb)  frame variable b -f dec 
(int) b = 0
(lldb)  continue
Process 74684 resuming
Command #5 'continue' continued the target.
Executed /script/motivating_example/sample_set/gcd/fuzzing_test/modified_inputs/ace96b378e8050dfbc73c2ea8d1b5a264669436f in 23 ms
***
*** NOTE: fuzzing was not performed, you have only
***       executed the target code on a fixed set of inputs.
***
Process 74684 exited with status = 0 (0x00000000)
Process 74684 launched: '/script/motivating_example/sample_set/gcd/modified_fuzz' (x86_64)
(lldb) quit