(lldb) target create "original_1_fuzz"
Current executable set to '/script/motivating_example/sample_set/gcd/original_1_fuzz' (x86_64).
(lldb) command source -s 0 '/script/motivating_example/sample_set/gcd/fuzzing_test/original_1_debug/script/35ea4e4ac62f72f1c8dbd3021a52dbcf85748225/batch.lldb'
Executing commands in '/script/motivating_example/sample_set/gcd/fuzzing_test/original_1_debug/script/35ea4e4ac62f72f1c8dbd3021a52dbcf85748225/batch.lldb'.
(lldb) settings set interpreter.stop-command-source-on-error 0
(lldb) settings set auto-confirm 1
(lldb) breakpoint set --file /script/motivating_example/sample_set/gcd/original_1.c --line 10
Breakpoint 1: where = original_1_fuzz`gcd + 124 at original_1.c:10:9, address = 0x000000000006742c
(lldb) breakpoint command add 1
(lldb) run /script/motivating_example/sample_set/gcd/fuzzing_test/modified_inputs/35ea4e4ac62f72f1c8dbd3021a52dbcf85748225
INFO: Running with entropic power schedule (0xFF, 100).
INFO: Seed: 1447899732
INFO: Loaded 1 modules   (10 inline 8-bit counters): 10 [0x5555555defb0, 0x5555555defba), 
INFO: Loaded 1 PC tables (10 PCs): 10 [0x5555555defc0,0x5555555df060), 
/script/motivating_example/sample_set/gcd/original_1_fuzz: Running 1 inputs 1 time(s) each.
Running: /script/motivating_example/sample_set/gcd/fuzzing_test/modified_inputs/35ea4e4ac62f72f1c8dbd3021a52dbcf85748225
(lldb)  frame info
frame #0: 0x00005555555bb42c original_1_fuzz`gcd(a=-13959168, b=-11730944) at original_1.c:10:9
(lldb)  frame variable a -f dec 
(int) a = -13959168
(lldb)  frame variable b -f dec 
(int) b = -11730944
(lldb)  continue
Process 81357 resuming
Command #5 'continue' continued the target.
(lldb)  frame info
frame #0: 0x00005555555bb42c original_1_fuzz`gcd(a=-11730944, b=-2228224) at original_1.c:10:9
(lldb)  frame variable a -f dec 
(int) a = -11730944
(lldb)  frame variable b -f dec 
(int) b = -2228224
(lldb)  continue
Process 81357 resuming
Command #5 'continue' continued the target.
(lldb)  frame info
frame #0: 0x00005555555bb42c original_1_fuzz`gcd(a=-2228224, b=-589824) at original_1.c:10:9
(lldb)  frame variable a -f dec 
(int) a = -2228224
(lldb)  frame variable b -f dec 
(int) b = -589824
(lldb)  continue
Process 81357 resuming
Command #5 'continue' continued the target.
(lldb)  frame info
frame #0: 0x00005555555bb42c original_1_fuzz`gcd(a=-589824, b=-458752) at original_1.c:10:9
(lldb)  frame variable a -f dec 
(int) a = -589824
(lldb)  frame variable b -f dec 
(int) b = -458752
(lldb)  continue
Process 81357 resuming
Command #5 'continue' continued the target.
(lldb)  frame info
frame #0: 0x00005555555bb42c original_1_fuzz`gcd(a=-458752, b=-131072) at original_1.c:10:9
(lldb)  frame variable a -f dec 
(int) a = -458752
(lldb)  frame variable b -f dec 
(int) b = -131072
(lldb)  continue
Process 81357 resuming
Command #5 'continue' continued the target.
(lldb)  frame info
frame #0: 0x00005555555bb42c original_1_fuzz`gcd(a=-131072, b=-65536) at original_1.c:10:9
(lldb)  frame variable a -f dec 
(int) a = -131072
(lldb)  frame variable b -f dec 
(int) b = -65536
(lldb)  continue
Process 81357 resuming
Command #5 'continue' continued the target.
(lldb)  frame info
frame #0: 0x00005555555bb42c original_1_fuzz`gcd(a=-65536, b=0) at original_1.c:10:9
(lldb)  frame variable a -f dec 
(int) a = -65536
(lldb)  frame variable b -f dec 
(int) b = 0
(lldb)  continue
Process 81357 resuming
Command #5 'continue' continued the target.
Executed /script/motivating_example/sample_set/gcd/fuzzing_test/modified_inputs/35ea4e4ac62f72f1c8dbd3021a52dbcf85748225 in 19 ms
***
*** NOTE: fuzzing was not performed, you have only
***       executed the target code on a fixed set of inputs.
***
Process 81357 exited with status = 0 (0x00000000)
Process 81357 launched: '/script/motivating_example/sample_set/gcd/original_1_fuzz' (x86_64)
(lldb) quit