(lldb) target create "modified_fuzz"
Current executable set to '/script/motivating_example/sample_set/gcd/modified_fuzz' (x86_64).
(lldb) command source -s 0 '/script/motivating_example/sample_set/gcd/fuzzing_test/modified_debug/script/1ca1a4785bbf836d215ca2c73d307f252c517dd8/batch.lldb'
Executing commands in '/script/motivating_example/sample_set/gcd/fuzzing_test/modified_debug/script/1ca1a4785bbf836d215ca2c73d307f252c517dd8/batch.lldb'.
(lldb) settings set interpreter.stop-command-source-on-error 0
(lldb) settings set auto-confirm 1
(lldb) breakpoint set --file /script/motivating_example/sample_set/gcd/modified.c --line 9
Breakpoint 1: where = modified_fuzz`gcd + 121 at modified.c:9:9, address = 0x0000000000067429
(lldb) breakpoint command add 1
(lldb) run /script/motivating_example/sample_set/gcd/fuzzing_test/modified_inputs/1ca1a4785bbf836d215ca2c73d307f252c517dd8
INFO: Running with entropic power schedule (0xFF, 100).
INFO: Seed: 1298541304
INFO: Loaded 1 modules   (10 inline 8-bit counters): 10 [0x5555555defb0, 0x5555555defba), 
INFO: Loaded 1 PC tables (10 PCs): 10 [0x5555555defc0,0x5555555df060), 
/script/motivating_example/sample_set/gcd/modified_fuzz: Running 1 inputs 1 time(s) each.
Running: /script/motivating_example/sample_set/gcd/fuzzing_test/modified_inputs/1ca1a4785bbf836d215ca2c73d307f252c517dd8
(lldb)  frame info
frame #0: 0x00005555555bb429 modified_fuzz`gcd(a=-2105376255, b=-42107393) at modified.c:9:9
(lldb)  frame variable a -f dec 
(int) a = -2105376255
(lldb)  frame variable b -f dec 
(int) b = -42107393
(lldb)  continue
Process 72581 resuming
Command #5 'continue' continued the target.
(lldb)  frame info
frame #0: 0x00005555555bb429 modified_fuzz`gcd(a=-2105369650, b=-6605) at modified.c:9:9
(lldb)  frame variable a -f dec 
(int) a = -2105369650
(lldb)  frame variable b -f dec 
(int) b = -6605
(lldb)  continue
Process 72581 resuming
Command #5 'continue' continued the target.
(lldb)  frame info
frame #0: 0x00005555555bb429 modified_fuzz`gcd(a=-2105363565, b=-6085) at modified.c:9:9
(lldb)  frame variable a -f dec 
(int) a = -2105363565
(lldb)  frame variable b -f dec 
(int) b = -6085
(lldb)  continue
Process 72581 resuming
Command #5 'continue' continued the target.
(lldb)  frame info
frame #0: 0x00005555555bb429 modified_fuzz`gcd(a=-2105361320, b=-2245) at modified.c:9:9
(lldb)  frame variable a -f dec 
(int) a = -2105361320
(lldb)  frame variable b -f dec 
(int) b = -2245
(lldb)  continue
Process 72581 resuming
Command #5 'continue' continued the target.
(lldb)  frame info
frame #0: 0x00005555555bb429 modified_fuzz`gcd(a=-2105361000, b=-320) at modified.c:9:9
(lldb)  frame variable a -f dec 
(int) a = -2105361000
(lldb)  frame variable b -f dec 
(int) b = -320
(lldb)  continue
Process 72581 resuming
Command #5 'continue' continued the target.
(lldb)  frame info
frame #0: 0x00005555555bb429 modified_fuzz`gcd(a=-2105360960, b=-40) at modified.c:9:9
(lldb)  frame variable a -f dec 
(int) a = -2105360960
(lldb)  frame variable b -f dec 
(int) b = -40
(lldb)  continue
Process 72581 resuming
Command #5 'continue' continued the target.
(lldb)  frame info
frame #0: 0x00005555555bb429 modified_fuzz`gcd(a=-2105360960, b=0) at modified.c:9:9
(lldb)  frame variable a -f dec 
(int) a = -2105360960
(lldb)  frame variable b -f dec 
(int) b = 0
(lldb)  continue
Process 72581 resuming
Command #5 'continue' continued the target.
Executed /script/motivating_example/sample_set/gcd/fuzzing_test/modified_inputs/1ca1a4785bbf836d215ca2c73d307f252c517dd8 in 19 ms
***
*** NOTE: fuzzing was not performed, you have only
***       executed the target code on a fixed set of inputs.
***
Process 72581 exited with status = 0 (0x00000000)
Process 72581 launched: '/script/motivating_example/sample_set/gcd/modified_fuzz' (x86_64)
(lldb) quit