(lldb) target create "original_2_fuzz"
Current executable set to '/script/motivating_example/sample_set/gcd/original_2_fuzz' (x86_64).
(lldb) command source -s 0 '/script/motivating_example/sample_set/gcd/fuzzing_test/original_2_debug/script/2b7129f44ba1c300745a2196b8fd27627452789b/batch.lldb'
Executing commands in '/script/motivating_example/sample_set/gcd/fuzzing_test/original_2_debug/script/2b7129f44ba1c300745a2196b8fd27627452789b/batch.lldb'.
(lldb) settings set interpreter.stop-command-source-on-error 0
(lldb) settings set auto-confirm 1
(lldb) breakpoint set --file /script/motivating_example/sample_set/gcd/original_2.c --line 6
Breakpoint 1: where = original_2_fuzz`gcd + 82 at original_2.c:6:5, address = 0x0000000000067402
(lldb) breakpoint command add 1
(lldb) run /script/motivating_example/sample_set/gcd/fuzzing_test/modified_inputs/2b7129f44ba1c300745a2196b8fd27627452789b
INFO: Running with entropic power schedule (0xFF, 100).
INFO: Seed: 2447434124
INFO: Loaded 1 modules   (10 inline 8-bit counters): 10 [0x5555555defb0, 0x5555555defba), 
INFO: Loaded 1 PC tables (10 PCs): 10 [0x5555555defc0,0x5555555df060), 
/script/motivating_example/sample_set/gcd/original_2_fuzz: Running 1 inputs 1 time(s) each.
Running: /script/motivating_example/sample_set/gcd/fuzzing_test/modified_inputs/2b7129f44ba1c300745a2196b8fd27627452789b
(lldb)  frame info
frame #0: 0x00005555555bb402 original_2_fuzz`gcd(a=607872615, b=-65520) at original_2.c:6:5
(lldb)  frame variable a -f dec 
(int) a = 607872615
(lldb)  frame variable b -f dec 
(int) b = -65520
(lldb)  continue
Process 89543 resuming
Command #5 'continue' continued the target.
(lldb)  frame info
frame #0: 0x00005555555bb402 original_2_fuzz`gcd(a=-65520, b=43575) at original_2.c:6:5
(lldb)  frame variable a -f dec 
(int) a = -65520
(lldb)  frame variable b -f dec 
(int) b = 43575
(lldb)  continue
Process 89543 resuming
Command #5 'continue' continued the target.
(lldb)  frame info
frame #0: 0x00005555555bb402 original_2_fuzz`gcd(a=43575, b=-21945) at original_2.c:6:5
(lldb)  frame variable a -f dec 
(int) a = 43575
(lldb)  frame variable b -f dec 
(int) b = -21945
(lldb)  continue
Process 89543 resuming
Command #5 'continue' continued the target.
(lldb)  frame info
frame #0: 0x00005555555bb402 original_2_fuzz`gcd(a=-21945, b=21630) at original_2.c:6:5
(lldb)  frame variable a -f dec 
(int) a = -21945
(lldb)  frame variable b -f dec 
(int) b = 21630
(lldb)  continue
Process 89543 resuming
Command #5 'continue' continued the target.
(lldb)  frame info
frame #0: 0x00005555555bb402 original_2_fuzz`gcd(a=21630, b=-315) at original_2.c:6:5
(lldb)  frame variable a -f dec 
(int) a = 21630
(lldb)  frame variable b -f dec 
(int) b = -315
(lldb)  continue
Process 89543 resuming
Command #5 'continue' continued the target.
(lldb)  frame info
frame #0: 0x00005555555bb402 original_2_fuzz`gcd(a=-315, b=210) at original_2.c:6:5
(lldb)  frame variable a -f dec 
(int) a = -315
(lldb)  frame variable b -f dec 
(int) b = 210
(lldb)  continue
Process 89543 resuming
Command #5 'continue' continued the target.
(lldb)  frame info
frame #0: 0x00005555555bb402 original_2_fuzz`gcd(a=210, b=-105) at original_2.c:6:5
(lldb)  frame variable a -f dec 
(int) a = 210
(lldb)  frame variable b -f dec 
(int) b = -105
(lldb)  continue
Process 89543 resuming
Command #5 'continue' continued the target.
(lldb)  frame info
frame #0: 0x00005555555bb402 original_2_fuzz`gcd(a=-105, b=0) at original_2.c:6:5
(lldb)  frame variable a -f dec 
(int) a = -105
(lldb)  frame variable b -f dec 
(int) b = 0
(lldb)  continue
Process 89543 resuming
Command #5 'continue' continued the target.
Executed /script/motivating_example/sample_set/gcd/fuzzing_test/modified_inputs/2b7129f44ba1c300745a2196b8fd27627452789b in 23 ms
***
*** NOTE: fuzzing was not performed, you have only
***       executed the target code on a fixed set of inputs.
***
Process 89543 exited with status = 0 (0x00000000)
Process 89543 launched: '/script/motivating_example/sample_set/gcd/original_2_fuzz' (x86_64)
(lldb) quit
