(lldb) target create "modified_fuzz"
Current executable set to '/script/motivating_example/sample_set/gcd/modified_fuzz' (x86_64).
(lldb) command source -s 0 '/script/motivating_example/sample_set/gcd/fuzzing_test/modified_debug/script/4ce27ccfbfa60988eca4fed8aebb5b0290171481/batch.lldb'
Executing commands in '/script/motivating_example/sample_set/gcd/fuzzing_test/modified_debug/script/4ce27ccfbfa60988eca4fed8aebb5b0290171481/batch.lldb'.
(lldb) settings set interpreter.stop-command-source-on-error 0
(lldb) settings set auto-confirm 1
(lldb) breakpoint set --file /script/motivating_example/sample_set/gcd/modified.c --line 9
Breakpoint 1: where = modified_fuzz`gcd + 121 at modified.c:9:9, address = 0x0000000000067429
(lldb) breakpoint command add 1
(lldb) run /script/motivating_example/sample_set/gcd/fuzzing_test/modified_inputs/4ce27ccfbfa60988eca4fed8aebb5b0290171481
INFO: Running with entropic power schedule (0xFF, 100).
INFO: Seed: 353024825
INFO: Loaded 1 modules   (10 inline 8-bit counters): 10 [0x5555555defb0, 0x5555555defba), 
INFO: Loaded 1 PC tables (10 PCs): 10 [0x5555555defc0,0x5555555df060), 
/script/motivating_example/sample_set/gcd/modified_fuzz: Running 1 inputs 1 time(s) each.
Running: /script/motivating_example/sample_set/gcd/fuzzing_test/modified_inputs/4ce27ccfbfa60988eca4fed8aebb5b0290171481
(lldb)  frame info
frame #0: 0x00005555555bb429 modified_fuzz`gcd(a=2147479552, b=3584) at modified.c:9:9
(lldb)  frame variable a -f dec 
(int) a = 2147479552
(lldb)  frame variable b -f dec 
(int) b = 3584
(lldb)  continue
Process 73485 resuming
Command #5 'continue' continued the target.
(lldb)  frame info
frame #0: 0x00005555555bb429 modified_fuzz`gcd(a=2147479040, b=512) at modified.c:9:9
(lldb)  frame variable a -f dec 
(int) a = 2147479040
(lldb)  frame variable b -f dec 
(int) b = 512
(lldb)  continue
Process 73485 resuming
Command #5 'continue' continued the target.
(lldb)  frame info
frame #0: 0x00005555555bb429 modified_fuzz`gcd(a=2147479040, b=0) at modified.c:9:9
(lldb)  frame variable a -f dec 
(int) a = 2147479040
(lldb)  frame variable b -f dec 
(int) b = 0
(lldb)  continue
Process 73485 resuming
Command #5 'continue' continued the target.
Executed /script/motivating_example/sample_set/gcd/fuzzing_test/modified_inputs/4ce27ccfbfa60988eca4fed8aebb5b0290171481 in 14 ms
***
*** NOTE: fuzzing was not performed, you have only
***       executed the target code on a fixed set of inputs.
***
Process 73485 exited with status = 0 (0x00000000)
Process 73485 launched: '/script/motivating_example/sample_set/gcd/modified_fuzz' (x86_64)
(lldb) quit
