(lldb) target create "original_2_fuzz"
Current executable set to '/script/motivating_example/sample_set/gcd/original_2_fuzz' (x86_64).
(lldb) command source -s 0 '/script/motivating_example/sample_set/gcd/fuzzing_test/original_2_debug/script/5d21e2ecd0d679c6cf400572df4c1b08db62a05f/batch.lldb'
Executing commands in '/script/motivating_example/sample_set/gcd/fuzzing_test/original_2_debug/script/5d21e2ecd0d679c6cf400572df4c1b08db62a05f/batch.lldb'.
(lldb) settings set interpreter.stop-command-source-on-error 0
(lldb) settings set auto-confirm 1
(lldb) breakpoint set --file /script/motivating_example/sample_set/gcd/original_2.c --line 6
Breakpoint 1: where = original_2_fuzz`gcd + 82 at original_2.c:6:5, address = 0x0000000000067402
(lldb) breakpoint command add 1
(lldb) run /script/motivating_example/sample_set/gcd/fuzzing_test/modified_inputs/5d21e2ecd0d679c6cf400572df4c1b08db62a05f
INFO: Running with entropic power schedule (0xFF, 100).
INFO: Seed: 553527861
INFO: Loaded 1 modules   (10 inline 8-bit counters): 10 [0x5555555defb0, 0x5555555defba), 
INFO: Loaded 1 PC tables (10 PCs): 10 [0x5555555defc0,0x5555555df060), 
/script/motivating_example/sample_set/gcd/original_2_fuzz: Running 1 inputs 1 time(s) each.
Running: /script/motivating_example/sample_set/gcd/fuzzing_test/modified_inputs/5d21e2ecd0d679c6cf400572df4c1b08db62a05f
(lldb)  frame info
frame #0: 0x00005555555bb402 original_2_fuzz`gcd(a=2147483610, b=651493375) at original_2.c:6:5
(lldb)  frame variable a -f dec 
(int) a = 2147483610
(lldb)  frame variable b -f dec 
(int) b = 651493375
(lldb)  continue
Process 90463 resuming
Command #5 'continue' continued the target.
(lldb)  frame info
frame #0: 0x00005555555bb402 original_2_fuzz`gcd(a=651493375, b=193003485) at original_2.c:6:5
(lldb)  frame variable a -f dec 
(int) a = 651493375
(lldb)  frame variable b -f dec 
(int) b = 193003485
(lldb)  continue
Process 90463 resuming
Command #5 'continue' continued the target.
(lldb)  frame info
frame #0: 0x00005555555bb402 original_2_fuzz`gcd(a=193003485, b=72482920) at original_2.c:6:5
(lldb)  frame variable a -f dec 
(int) a = 193003485
(lldb)  frame variable b -f dec 
(int) b = 72482920
(lldb)  continue
Process 90463 resuming
Command #5 'continue' continued the target.
(lldb)  frame info
frame #0: 0x00005555555bb402 original_2_fuzz`gcd(a=72482920, b=48037645) at original_2.c:6:5
(lldb)  frame variable a -f dec 
(int) a = 72482920
(lldb)  frame variable b -f dec 
(int) b = 48037645
(lldb)  continue
Process 90463 resuming
Command #5 'continue' continued the target.
(lldb)  frame info
frame #0: 0x00005555555bb402 original_2_fuzz`gcd(a=48037645, b=24445275) at original_2.c:6:5
(lldb)  frame variable a -f dec 
(int) a = 48037645
(lldb)  frame variable b -f dec 
(int) b = 24445275
(lldb)  continue
Process 90463 resuming
Command #5 'continue' continued the target.
(lldb)  frame info
frame #0: 0x00005555555bb402 original_2_fuzz`gcd(a=24445275, b=23592370) at original_2.c:6:5
(lldb)  frame variable a -f dec 
(int) a = 24445275
(lldb)  frame variable b -f dec 
(int) b = 23592370
(lldb)  continue
Process 90463 resuming
Command #5 'continue' continued the target.
(lldb)  frame info
frame #0: 0x00005555555bb402 original_2_fuzz`gcd(a=23592370, b=852905) at original_2.c:6:5
(lldb)  frame variable a -f dec 
(int) a = 23592370
(lldb)  frame variable b -f dec 
(int) b = 852905
(lldb)  continue
Process 90463 resuming
Command #5 'continue' continued the target.
(lldb)  frame info
frame #0: 0x00005555555bb402 original_2_fuzz`gcd(a=852905, b=563935) at original_2.c:6:5
(lldb)  frame variable a -f dec 
(int) a = 852905
(lldb)  frame variable b -f dec 
(int) b = 563935
(lldb)  continue
Process 90463 resuming
Command #5 'continue' continued the target.
(lldb)  frame info
frame #0: 0x00005555555bb402 original_2_fuzz`gcd(a=563935, b=288970) at original_2.c:6:5
(lldb)  frame variable a -f dec 
(int) a = 563935
(lldb)  frame variable b -f dec 
(int) b = 288970
(lldb)  continue
Process 90463 resuming
Command #5 'continue' continued the target.
(lldb)  frame info
frame #0: 0x00005555555bb402 original_2_fuzz`gcd(a=288970, b=274965) at original_2.c:6:5
(lldb)  frame variable a -f dec 
(int) a = 288970
(lldb)  frame variable b -f dec 
(int) b = 274965
(lldb)  continue
Process 90463 resuming
Command #5 'continue' continued the target.
(lldb)  frame info
frame #0: 0x00005555555bb402 original_2_fuzz`gcd(a=274965, b=14005) at original_2.c:6:5
(lldb)  frame variable a -f dec 
(int) a = 274965
(lldb)  frame variable b -f dec 
(int) b = 14005
(lldb)  continue
Process 90463 resuming
Command #5 'continue' continued the target.
(lldb)  frame info
frame #0: 0x00005555555bb402 original_2_fuzz`gcd(a=14005, b=8870) at original_2.c:6:5
(lldb)  frame variable a -f dec 
(int) a = 14005
(lldb)  frame variable b -f dec 
(int) b = 8870
(lldb)  continue
Process 90463 resuming
Command #5 'continue' continued the target.
(lldb)  frame info
frame #0: 0x00005555555bb402 original_2_fuzz`gcd(a=8870, b=5135) at original_2.c:6:5
(lldb)  frame variable a -f dec 
(int) a = 8870
(lldb)  frame variable b -f dec 
(int) b = 5135
(lldb)  continue
Process 90463 resuming
Command #5 'continue' continued the target.
(lldb)  frame info
frame #0: 0x00005555555bb402 original_2_fuzz`gcd(a=5135, b=3735) at original_2.c:6:5
(lldb)  frame variable a -f dec 
(int) a = 5135
(lldb)  frame variable b -f dec 
(int) b = 3735
(lldb)  continue
Process 90463 resuming
Command #5 'continue' continued the target.
(lldb)  frame info
frame #0: 0x00005555555bb402 original_2_fuzz`gcd(a=3735, b=1400) at original_2.c:6:5
(lldb)  frame variable a -f dec 
(int) a = 3735
(lldb)  frame variable b -f dec 
(int) b = 1400
(lldb)  continue
Process 90463 resuming
Command #5 'continue' continued the target.
(lldb)  frame info
frame #0: 0x00005555555bb402 original_2_fuzz`gcd(a=1400, b=935) at original_2.c:6:5
(lldb)  frame variable a -f dec 
(int) a = 1400
(lldb)  frame variable b -f dec 
(int) b = 935
(lldb)  continue
Process 90463 resuming
Command #5 'continue' continued the target.
(lldb)  frame info
frame #0: 0x00005555555bb402 original_2_fuzz`gcd(a=935, b=465) at original_2.c:6:5
(lldb)  frame variable a -f dec 
(int) a = 935
(lldb)  frame variable b -f dec 
(int) b = 465
(lldb)  continue
Process 90463 resuming
Command #5 'continue' continued the target.
(lldb)  frame info
frame #0: 0x00005555555bb402 original_2_fuzz`gcd(a=465, b=5) at original_2.c:6:5
(lldb)  frame variable a -f dec 
(int) a = 465
(lldb)  frame variable b -f dec 
(int) b = 5
(lldb)  continue
Process 90463 resuming
Command #5 'continue' continued the target.
(lldb)  frame info
frame #0: 0x00005555555bb402 original_2_fuzz`gcd(a=5, b=0) at original_2.c:6:5
(lldb)  frame variable a -f dec 
(int) a = 5
(lldb)  frame variable b -f dec 
(int) b = 0
(lldb)  continue
Process 90463 resuming
Command #5 'continue' continued the target.
Executed /script/motivating_example/sample_set/gcd/fuzzing_test/modified_inputs/5d21e2ecd0d679c6cf400572df4c1b08db62a05f in 37 ms
***
*** NOTE: fuzzing was not performed, you have only
***       executed the target code on a fixed set of inputs.
***
Process 90463 exited with status = 0 (0x00000000)
Process 90463 launched: '/script/motivating_example/sample_set/gcd/original_2_fuzz' (x86_64)
(lldb) quit