(lldb) target create "original_2_fuzz"
Current executable set to '/script/motivating_example/sample_set/gcd/original_2_fuzz' (x86_64).
(lldb) command source -s 0 '/script/motivating_example/sample_set/gcd/fuzzing_test/original_2_debug/script/ed8c85caa75ef74ce3b0026fe98a25faabad51c3/batch.lldb'
Executing commands in '/script/motivating_example/sample_set/gcd/fuzzing_test/original_2_debug/script/ed8c85caa75ef74ce3b0026fe98a25faabad51c3/batch.lldb'.
(lldb) settings set interpreter.stop-command-source-on-error 0
(lldb) settings set auto-confirm 1
(lldb) breakpoint set --file /script/motivating_example/sample_set/gcd/original_2.c --line 6
Breakpoint 1: where = original_2_fuzz`gcd + 82 at original_2.c:6:5, address = 0x0000000000067402
(lldb) breakpoint command add 1
(lldb) run /script/motivating_example/sample_set/gcd/fuzzing_test/modified_inputs/ed8c85caa75ef74ce3b0026fe98a25faabad51c3
INFO: Running with entropic power schedule (0xFF, 100).
INFO: Seed: 3336961214
INFO: Loaded 1 modules   (10 inline 8-bit counters): 10 [0x5555555defb0, 0x5555555defba), 
INFO: Loaded 1 PC tables (10 PCs): 10 [0x5555555defc0,0x5555555df060), 
/script/motivating_example/sample_set/gcd/original_2_fuzz: Running 1 inputs 1 time(s) each.
Running: /script/motivating_example/sample_set/gcd/fuzzing_test/modified_inputs/ed8c85caa75ef74ce3b0026fe98a25faabad51c3
(lldb)  frame info
frame #0: 0x00005555555bb402 original_2_fuzz`gcd(a=131080, b=-196612) at original_2.c:6:5
(lldb)  frame variable a -f dec 
(int) a = 131080
(lldb)  frame variable b -f dec 
(int) b = -196612
(lldb)  continue
Process 92497 resuming
Command #5 'continue' continued the target.
(lldb)  frame info
frame #0: 0x00005555555bb402 original_2_fuzz`gcd(a=-196612, b=131080) at original_2.c:6:5
(lldb)  frame variable a -f dec 
(int) a = -196612
(lldb)  frame variable b -f dec 
(int) b = 131080
(lldb)  continue
Process 92497 resuming
Command #5 'continue' continued the target.
(lldb)  frame info
frame #0: 0x00005555555bb402 original_2_fuzz`gcd(a=131080, b=-65532) at original_2.c:6:5
(lldb)  frame variable a -f dec 
(int) a = 131080
(lldb)  frame variable b -f dec 
(int) b = -65532
(lldb)  continue
Process 92497 resuming
Command #5 'continue' continued the target.
(lldb)  frame info
frame #0: 0x00005555555bb402 original_2_fuzz`gcd(a=-65532, b=16) at original_2.c:6:5
(lldb)  frame variable a -f dec 
(int) a = -65532
(lldb)  frame variable b -f dec 
(int) b = 16
(lldb)  continue
Process 92497 resuming
Command #5 'continue' continued the target.
(lldb)  frame info
frame #0: 0x00005555555bb402 original_2_fuzz`gcd(a=16, b=-12) at original_2.c:6:5
(lldb)  frame variable a -f dec 
(int) a = 16
(lldb)  frame variable b -f dec 
(int) b = -12
(lldb)  continue
Process 92497 resuming
Command #5 'continue' continued the target.
(lldb)  frame info
frame #0: 0x00005555555bb402 original_2_fuzz`gcd(a=-12, b=4) at original_2.c:6:5
(lldb)  frame variable a -f dec 
(int) a = -12
(lldb)  frame variable b -f dec 
(int) b = 4
(lldb)  continue
Process 92497 resuming
Command #5 'continue' continued the target.
(lldb)  frame info
frame #0: 0x00005555555bb402 original_2_fuzz`gcd(a=4, b=0) at original_2.c:6:5
(lldb)  frame variable a -f dec 
(int) a = 4
(lldb)  frame variable b -f dec 
(int) b = 0
(lldb)  continue
Process 92497 resuming
Command #5 'continue' continued the target.
Executed /script/motivating_example/sample_set/gcd/fuzzing_test/modified_inputs/ed8c85caa75ef74ce3b0026fe98a25faabad51c3 in 17 ms
***
*** NOTE: fuzzing was not performed, you have only
***       executed the target code on a fixed set of inputs.
***
Process 92497 exited with status = 0 (0x00000000)
Process 92497 launched: '/script/motivating_example/sample_set/gcd/original_2_fuzz' (x86_64)
(lldb) quit