(lldb) target create "modified_fuzz"
Current executable set to '/script/motivating_example/sample_set/gcd/modified_fuzz' (x86_64).
(lldb) command source -s 0 '/script/motivating_example/sample_set/gcd/fuzzing_test/modified_debug/script/49f896eec5c55cbb32659b4d94e8e1bb648d82ef/batch.lldb'
Executing commands in '/script/motivating_example/sample_set/gcd/fuzzing_test/modified_debug/script/49f896eec5c55cbb32659b4d94e8e1bb648d82ef/batch.lldb'.
(lldb) settings set interpreter.stop-command-source-on-error 0
(lldb) settings set auto-confirm 1
(lldb) breakpoint set --file /script/motivating_example/sample_set/gcd/modified.c --line 9
Breakpoint 1: where = modified_fuzz`gcd + 121 at modified.c:9:9, address = 0x0000000000067429
(lldb) breakpoint command add 1
(lldb) run /script/motivating_example/sample_set/gcd/fuzzing_test/modified_inputs/49f896eec5c55cbb32659b4d94e8e1bb648d82ef
INFO: Running with entropic power schedule (0xFF, 100).
INFO: Seed: 2767500269
INFO: Loaded 1 modules   (10 inline 8-bit counters): 10 [0x5555555defb0, 0x5555555defba), 
INFO: Loaded 1 PC tables (10 PCs): 10 [0x5555555defc0,0x5555555df060), 
/script/motivating_example/sample_set/gcd/modified_fuzz: Running 1 inputs 1 time(s) each.
Running: /script/motivating_example/sample_set/gcd/fuzzing_test/modified_inputs/49f896eec5c55cbb32659b4d94e8e1bb648d82ef
(lldb)  frame info
frame #0: 0x00005555555bb429 modified_fuzz`gcd(a=-959265640, b=-775585279) at modified.c:9:9
(lldb)  frame variable a -f dec 
(int) a = -959265640
(lldb)  frame variable b -f dec 
(int) b = -775585279
(lldb)  continue
Process 73381 resuming
Command #5 'continue' continued the target.
(lldb)  frame info
frame #0: 0x00005555555bb429 modified_fuzz`gcd(a=-775585279, b=-183680361) at modified.c:9:9
(lldb)  frame variable a -f dec 
(int) a = -775585279
(lldb)  frame variable b -f dec 
(int) b = -183680361
(lldb)  continue
Process 73381 resuming
Command #5 'continue' continued the target.
(lldb)  frame info
frame #0: 0x00005555555bb429 modified_fuzz`gcd(a=-734721444, b=-40863835) at modified.c:9:9
(lldb)  frame variable a -f dec 
(int) a = -734721444
(lldb)  frame variable b -f dec 
(int) b = -40863835
(lldb)  continue
Process 73381 resuming
Command #5 'continue' continued the target.
(lldb)  frame info
frame #0: 0x00005555555bb429 modified_fuzz`gcd(a=-694685195, b=-40036249) at modified.c:9:9
(lldb)  frame variable a -f dec 
(int) a = -694685195
(lldb)  frame variable b -f dec 
(int) b = -40036249
(lldb)  continue
Process 73381 resuming
Command #5 'continue' continued the target.
(lldb)  frame info
frame #0: 0x00005555555bb429 modified_fuzz`gcd(a=-680616233, b=-14068962) at modified.c:9:9
(lldb)  frame variable a -f dec 
(int) a = -680616233
(lldb)  frame variable b -f dec 
(int) b = -14068962
(lldb)  continue
Process 73381 resuming
Command #5 'continue' continued the target.
(lldb)  frame info
frame #0: 0x00005555555bb429 modified_fuzz`gcd(a=-675310176, b=-5306057) at modified.c:9:9
(lldb)  frame variable a -f dec 
(int) a = -675310176
(lldb)  frame variable b -f dec 
(int) b = -5306057
(lldb)  continue
Process 73381 resuming
Command #5 'continue' continued the target.
(lldb)  frame info
frame #0: 0x00005555555bb429 modified_fuzz`gcd(a=-673869239, b=-1440937) at modified.c:9:9
(lldb)  frame variable a -f dec 
(int) a = -673869239
(lldb)  frame variable b -f dec 
(int) b = -1440937
(lldb)  continue
Process 73381 resuming
Command #5 'continue' continued the target.
(lldb)  frame info
frame #0: 0x00005555555bb429 modified_fuzz`gcd(a=-672917579, b=-951660) at modified.c:9:9
(lldb)  frame variable a -f dec 
(int) a = -672917579
(lldb)  frame variable b -f dec 
(int) b = -951660
(lldb)  continue
Process 73381 resuming
Command #5 'continue' continued the target.
(lldb)  frame info
frame #0: 0x00005555555bb429 modified_fuzz`gcd(a=-672823620, b=-93959) at modified.c:9:9
(lldb)  frame variable a -f dec 
(int) a = -672823620
(lldb)  frame variable b -f dec 
(int) b = -93959
(lldb)  continue
Process 73381 resuming
Command #5 'continue' continued the target.
(lldb)  frame info
frame #0: 0x00005555555bb429 modified_fuzz`gcd(a=-672746440, b=-77180) at modified.c:9:9
(lldb)  frame variable a -f dec 
(int) a = -672746440
(lldb)  frame variable b -f dec 
(int) b = -77180
(lldb)  continue
Process 73381 resuming
Command #5 'continue' continued the target.
(lldb)  frame info
frame #0: 0x00005555555bb429 modified_fuzz`gcd(a=-672700880, b=-45560) at modified.c:9:9
(lldb)  frame variable a -f dec 
(int) a = -672700880
(lldb)  frame variable b -f dec 
(int) b = -45560
(lldb)  continue
Process 73381 resuming
Command #5 'continue' continued the target.
(lldb)  frame info
frame #0: 0x00005555555bb429 modified_fuzz`gcd(a=-672693400, b=-7480) at modified.c:9:9
(lldb)  frame variable a -f dec 
(int) a = -672693400
(lldb)  frame variable b -f dec 
(int) b = -7480
(lldb)  continue
Process 73381 resuming
Command #5 'continue' continued the target.
(lldb)  frame info
frame #0: 0x00005555555bb429 modified_fuzz`gcd(a=-672691360, b=-2040) at modified.c:9:9
(lldb)  frame variable a -f dec 
(int) a = -672691360
(lldb)  frame variable b -f dec 
(int) b = -2040
(lldb)  continue
Process 73381 resuming
Command #5 'continue' continued the target.
(lldb)  frame info
frame #0: 0x00005555555bb429 modified_fuzz`gcd(a=-672690000, b=-1360) at modified.c:9:9
(lldb)  frame variable a -f dec 
(int) a = -672690000
(lldb)  frame variable b -f dec 
(int) b = -1360
(lldb)  continue
Process 73381 resuming
Command #5 'continue' continued the target.
(lldb)  frame info
frame #0: 0x00005555555bb429 modified_fuzz`gcd(a=-672690000, b=0) at modified.c:9:9
(lldb)  frame variable a -f dec 
(int) a = -672690000
(lldb)  frame variable b -f dec 
(int) b = 0
(lldb)  continue
Process 73381 resuming
Command #5 'continue' continued the target.
Executed /script/motivating_example/sample_set/gcd/fuzzing_test/modified_inputs/49f896eec5c55cbb32659b4d94e8e1bb648d82ef in 34 ms
***
*** NOTE: fuzzing was not performed, you have only
***       executed the target code on a fixed set of inputs.
***
Process 73381 exited with status = 0 (0x00000000)
Process 73381 launched: '/script/motivating_example/sample_set/gcd/modified_fuzz' (x86_64)
(lldb) quit
