(lldb) target create "original_2_fuzz"
Current executable set to '/script/motivating_example/sample_set/gcd/original_2_fuzz' (x86_64).
(lldb) command source -s 0 '/script/motivating_example/sample_set/gcd/fuzzing_test/original_2_debug/script/23cc1bb99fa781fe32e3cc7c1797b259fdae2e3e/batch.lldb'
Executing commands in '/script/motivating_example/sample_set/gcd/fuzzing_test/original_2_debug/script/23cc1bb99fa781fe32e3cc7c1797b259fdae2e3e/batch.lldb'.
(lldb) settings set interpreter.stop-command-source-on-error 0
(lldb) settings set auto-confirm 1
(lldb) breakpoint set --file /script/motivating_example/sample_set/gcd/original_2.c --line 6
Breakpoint 1: where = original_2_fuzz`gcd + 82 at original_2.c:6:5, address = 0x0000000000067402
(lldb) breakpoint command add 1
(lldb) run /script/motivating_example/sample_set/gcd/fuzzing_test/modified_inputs/23cc1bb99fa781fe32e3cc7c1797b259fdae2e3e
INFO: Running with entropic power schedule (0xFF, 100).
INFO: Seed: 3961003941
INFO: Loaded 1 modules   (10 inline 8-bit counters): 10 [0x5555555defb0, 0x5555555defba), 
INFO: Loaded 1 PC tables (10 PCs): 10 [0x5555555defc0,0x5555555df060), 
/script/motivating_example/sample_set/gcd/original_2_fuzz: Running 1 inputs 1 time(s) each.
Running: /script/motivating_example/sample_set/gcd/fuzzing_test/modified_inputs/23cc1bb99fa781fe32e3cc7c1797b259fdae2e3e
(lldb)  frame info
frame #0: 0x00005555555bb402 original_2_fuzz`gcd(a=-2147483648, b=4013567) at original_2.c:6:5
(lldb)  frame variable a -f dec 
(int) a = -2147483648
(lldb)  frame variable b -f dec 
(int) b = 4013567
(lldb)  continue
Process 89390 resuming
Command #5 'continue' continued the target.
(lldb)  frame info
frame #0: 0x00005555555bb402 original_2_fuzz`gcd(a=4013567, b=-225303) at original_2.c:6:5
(lldb)  frame variable a -f dec 
(int) a = 4013567
(lldb)  frame variable b -f dec 
(int) b = -225303
(lldb)  continue
Process 89390 resuming
Command #5 'continue' continued the target.
(lldb)  frame info
frame #0: 0x00005555555bb402 original_2_fuzz`gcd(a=-225303, b=183416) at original_2.c:6:5
(lldb)  frame variable a -f dec 
(int) a = -225303
(lldb)  frame variable b -f dec 
(int) b = 183416
(lldb)  continue
Process 89390 resuming
Command #5 'continue' continued the target.
(lldb)  frame info
frame #0: 0x00005555555bb402 original_2_fuzz`gcd(a=183416, b=-41887) at original_2.c:6:5
(lldb)  frame variable a -f dec 
(int) a = 183416
(lldb)  frame variable b -f dec 
(int) b = -41887
(lldb)  continue
Process 89390 resuming
Command #5 'continue' continued the target.
(lldb)  frame info
frame #0: 0x00005555555bb402 original_2_fuzz`gcd(a=-41887, b=15868) at original_2.c:6:5
(lldb)  frame variable a -f dec 
(int) a = -41887
(lldb)  frame variable b -f dec 
(int) b = 15868
(lldb)  continue
Process 89390 resuming
Command #5 'continue' continued the target.
(lldb)  frame info
frame #0: 0x00005555555bb402 original_2_fuzz`gcd(a=15868, b=-10151) at original_2.c:6:5
(lldb)  frame variable a -f dec 
(int) a = 15868
(lldb)  frame variable b -f dec 
(int) b = -10151
(lldb)  continue
Process 89390 resuming
Command #5 'continue' continued the target.
(lldb)  frame info
frame #0: 0x00005555555bb402 original_2_fuzz`gcd(a=-10151, b=5717) at original_2.c:6:5
(lldb)  frame variable a -f dec 
(int) a = -10151
(lldb)  frame variable b -f dec 
(int) b = 5717
(lldb)  continue
Process 89390 resuming
Command #5 'continue' continued the target.
(lldb)  frame info
frame #0: 0x00005555555bb402 original_2_fuzz`gcd(a=5717, b=-4434) at original_2.c:6:5
(lldb)  frame variable a -f dec 
(int) a = 5717
(lldb)  frame variable b -f dec 
(int) b = -4434
(lldb)  continue
Process 89390 resuming
Command #5 'continue' continued the target.
(lldb)  frame info
frame #0: 0x00005555555bb402 original_2_fuzz`gcd(a=-4434, b=1283) at original_2.c:6:5
(lldb)  frame variable a -f dec 
(int) a = -4434
(lldb)  frame variable b -f dec 
(int) b = 1283
(lldb)  continue
Process 89390 resuming
Command #5 'continue' continued the target.
(lldb)  frame info
frame #0: 0x00005555555bb402 original_2_fuzz`gcd(a=1283, b=-585) at original_2.c:6:5
(lldb)  frame variable a -f dec 
(int) a = 1283
(lldb)  frame variable b -f dec 
(int) b = -585
(lldb)  continue
Process 89390 resuming
Command #5 'continue' continued the target.
(lldb)  frame info
frame #0: 0x00005555555bb402 original_2_fuzz`gcd(a=-585, b=113) at original_2.c:6:5
(lldb)  frame variable a -f dec 
(int) a = -585
(lldb)  frame variable b -f dec 
(int) b = 113
(lldb)  continue
Process 89390 resuming
Command #5 'continue' continued the target.
(lldb)  frame info
frame #0: 0x00005555555bb402 original_2_fuzz`gcd(a=113, b=-20) at original_2.c:6:5
(lldb)  frame variable a -f dec 
(int) a = 113
(lldb)  frame variable b -f dec 
(int) b = -20
(lldb)  continue
Process 89390 resuming
Command #5 'continue' continued the target.
(lldb)  frame info
frame #0: 0x00005555555bb402 original_2_fuzz`gcd(a=-20, b=13) at original_2.c:6:5
(lldb)  frame variable a -f dec 
(int) a = -20
(lldb)  frame variable b -f dec 
(int) b = 13
(lldb)  continue
Process 89390 resuming
Command #5 'continue' continued the target.
(lldb)  frame info
frame #0: 0x00005555555bb402 original_2_fuzz`gcd(a=13, b=-7) at original_2.c:6:5
(lldb)  frame variable a -f dec 
(int) a = 13
(lldb)  frame variable b -f dec 
(int) b = -7
(lldb)  continue
Process 89390 resuming
Command #5 'continue' continued the target.
(lldb)  frame info
frame #0: 0x00005555555bb402 original_2_fuzz`gcd(a=-7, b=6) at original_2.c:6:5
(lldb)  frame variable a -f dec 
(int) a = -7
(lldb)  frame variable b -f dec 
(int) b = 6
(lldb)  continue
Process 89390 resuming
Command #5 'continue' continued the target.
(lldb)  frame info
frame #0: 0x00005555555bb402 original_2_fuzz`gcd(a=6, b=-1) at original_2.c:6:5
(lldb)  frame variable a -f dec 
(int) a = 6
(lldb)  frame variable b -f dec 
(int) b = -1
(lldb)  continue
Process 89390 resuming
Command #5 'continue' continued the target.
(lldb)  frame info
frame #0: 0x00005555555bb402 original_2_fuzz`gcd(a=-1, b=0) at original_2.c:6:5
(lldb)  frame variable a -f dec 
(int) a = -1
(lldb)  frame variable b -f dec 
(int) b = 0
(lldb)  continue
Process 89390 resuming
Command #5 'continue' continued the target.
Executed /script/motivating_example/sample_set/gcd/fuzzing_test/modified_inputs/23cc1bb99fa781fe32e3cc7c1797b259fdae2e3e in 36 ms
***
*** NOTE: fuzzing was not performed, you have only
***       executed the target code on a fixed set of inputs.
***
Process 89390 exited with status = 0 (0x00000000)
Process 89390 launched: '/script/motivating_example/sample_set/gcd/original_2_fuzz' (x86_64)
(lldb) quit