(lldb) target create "original_1_fuzz"
Current executable set to '/script/motivating_example/sample_set/gcd/original_1_fuzz' (x86_64).
(lldb) command source -s 0 '/script/motivating_example/sample_set/gcd/fuzzing_test/original_1_debug/script/7b217316c030cb3b7cfc198950d390ff2331bec8/batch.lldb'
Executing commands in '/script/motivating_example/sample_set/gcd/fuzzing_test/original_1_debug/script/7b217316c030cb3b7cfc198950d390ff2331bec8/batch.lldb'.
(lldb) settings set interpreter.stop-command-source-on-error 0
(lldb) settings set auto-confirm 1
(lldb) breakpoint set --file /script/motivating_example/sample_set/gcd/original_1.c --line 10
Breakpoint 1: where = original_1_fuzz`gcd + 124 at original_1.c:10:9, address = 0x000000000006742c
(lldb) breakpoint command add 1
(lldb) run /script/motivating_example/sample_set/gcd/fuzzing_test/modified_inputs/7b217316c030cb3b7cfc198950d390ff2331bec8
INFO: Running with entropic power schedule (0xFF, 100).
INFO: Seed: 3203159894
INFO: Loaded 1 modules   (10 inline 8-bit counters): 10 [0x5555555defb0, 0x5555555defba), 
INFO: Loaded 1 PC tables (10 PCs): 10 [0x5555555defc0,0x5555555df060), 
/script/motivating_example/sample_set/gcd/original_1_fuzz: Running 1 inputs 1 time(s) each.
Running: /script/motivating_example/sample_set/gcd/fuzzing_test/modified_inputs/7b217316c030cb3b7cfc198950d390ff2331bec8
(lldb)  frame info
frame #0: 0x00005555555bb42c original_1_fuzz`gcd(a=1744830463, b=402620416) at original_1.c:10:9
(lldb)  frame variable a -f dec 
(int) a = 1744830463
(lldb)  frame variable b -f dec 
(int) b = 402620416
(lldb)  continue
Process 82512 resuming
Command #5 'continue' continued the target.
(lldb)  frame info
frame #0: 0x00005555555bb42c original_1_fuzz`gcd(a=402620416, b=134348799) at original_1.c:10:9
(lldb)  frame variable a -f dec 
(int) a = 402620416
(lldb)  frame variable b -f dec 
(int) b = 134348799
(lldb)  continue
Process 82512 resuming
Command #5 'continue' continued the target.
(lldb)  frame info
frame #0: 0x00005555555bb42c original_1_fuzz`gcd(a=134348799, b=133922818) at original_1.c:10:9
(lldb)  frame variable a -f dec 
(int) a = 134348799
(lldb)  frame variable b -f dec 
(int) b = 133922818
(lldb)  continue
Process 82512 resuming
Command #5 'continue' continued the target.
(lldb)  frame info
frame #0: 0x00005555555bb42c original_1_fuzz`gcd(a=133922818, b=425981) at original_1.c:10:9
(lldb)  frame variable a -f dec 
(int) a = 133922818
(lldb)  frame variable b -f dec 
(int) b = 425981
(lldb)  continue
Process 82512 resuming
Command #5 'continue' continued the target.
(lldb)  frame info
frame #0: 0x00005555555bb42c original_1_fuzz`gcd(a=425981, b=164784) at original_1.c:10:9
(lldb)  frame variable a -f dec 
(int) a = 425981
(lldb)  frame variable b -f dec 
(int) b = 164784
(lldb)  continue
Process 82512 resuming
Command #5 'continue' continued the target.
(lldb)  frame info
frame #0: 0x00005555555bb42c original_1_fuzz`gcd(a=164784, b=96413) at original_1.c:10:9
(lldb)  frame variable a -f dec 
(int) a = 164784
(lldb)  frame variable b -f dec 
(int) b = 96413
(lldb)  continue
Process 82512 resuming
Command #5 'continue' continued the target.
(lldb)  frame info
frame #0: 0x00005555555bb42c original_1_fuzz`gcd(a=96413, b=68371) at original_1.c:10:9
(lldb)  frame variable a -f dec 
(int) a = 96413
(lldb)  frame variable b -f dec 
(int) b = 68371
(lldb)  continue
Process 82512 resuming
Command #5 'continue' continued the target.
(lldb)  frame info
frame #0: 0x00005555555bb42c original_1_fuzz`gcd(a=68371, b=28042) at original_1.c:10:9
(lldb)  frame variable a -f dec 
(int) a = 68371
(lldb)  frame variable b -f dec 
(int) b = 28042
(lldb)  continue
Process 82512 resuming
Command #5 'continue' continued the target.
(lldb)  frame info
frame #0: 0x00005555555bb42c original_1_fuzz`gcd(a=28042, b=12287) at original_1.c:10:9
(lldb)  frame variable a -f dec 
(int) a = 28042
(lldb)  frame variable b -f dec 
(int) b = 12287
(lldb)  continue
Process 82512 resuming
Command #5 'continue' continued the target.
(lldb)  frame info
frame #0: 0x00005555555bb42c original_1_fuzz`gcd(a=12287, b=3468) at original_1.c:10:9
(lldb)  frame variable a -f dec 
(int) a = 12287
(lldb)  frame variable b -f dec 
(int) b = 3468
(lldb)  continue
Process 82512 resuming
Command #5 'continue' continued the target.
(lldb)  frame info
frame #0: 0x00005555555bb42c original_1_fuzz`gcd(a=3468, b=1883) at original_1.c:10:9
(lldb)  frame variable a -f dec 
(int) a = 3468
(lldb)  frame variable b -f dec 
(int) b = 1883
(lldb)  continue
Process 82512 resuming
Command #5 'continue' continued the target.
(lldb)  frame info
frame #0: 0x00005555555bb42c original_1_fuzz`gcd(a=1883, b=1585) at original_1.c:10:9
(lldb)  frame variable a -f dec 
(int) a = 1883
(lldb)  frame variable b -f dec 
(int) b = 1585
(lldb)  continue
Process 82512 resuming
Command #5 'continue' continued the target.
(lldb)  frame info
frame #0: 0x00005555555bb42c original_1_fuzz`gcd(a=1585, b=298) at original_1.c:10:9
(lldb)  frame variable a -f dec 
(int) a = 1585
(lldb)  frame variable b -f dec 
(int) b = 298
(lldb)  continue
Process 82512 resuming
Command #5 'continue' continued the target.
(lldb)  frame info
frame #0: 0x00005555555bb42c original_1_fuzz`gcd(a=298, b=95) at original_1.c:10:9
(lldb)  frame variable a -f dec 
(int) a = 298
(lldb)  frame variable b -f dec 
(int) b = 95
(lldb)  continue
Process 82512 resuming
Command #5 'continue' continued the target.
(lldb)  frame info
frame #0: 0x00005555555bb42c original_1_fuzz`gcd(a=95, b=13) at original_1.c:10:9
(lldb)  frame variable a -f dec 
(int) a = 95
(lldb)  frame variable b -f dec 
(int) b = 13
(lldb)  continue
Process 82512 resuming
Command #5 'continue' continued the target.
(lldb)  frame info
frame #0: 0x00005555555bb42c original_1_fuzz`gcd(a=13, b=4) at original_1.c:10:9
(lldb)  frame variable a -f dec 
(int) a = 13
(lldb)  frame variable b -f dec 
(int) b = 4
(lldb)  continue
Process 82512 resuming
Command #5 'continue' continued the target.
(lldb)  frame info
frame #0: 0x00005555555bb42c original_1_fuzz`gcd(a=4, b=1) at original_1.c:10:9
(lldb)  frame variable a -f dec 
(int) a = 4
(lldb)  frame variable b -f dec 
(int) b = 1
(lldb)  continue
Process 82512 resuming
Command #5 'continue' continued the target.
(lldb)  frame info
frame #0: 0x00005555555bb42c original_1_fuzz`gcd(a=1, b=0) at original_1.c:10:9
(lldb)  frame variable a -f dec 
(int) a = 1
(lldb)  frame variable b -f dec 
(int) b = 0
(lldb)  continue
Process 82512 resuming
Command #5 'continue' continued the target.
Executed /script/motivating_example/sample_set/gcd/fuzzing_test/modified_inputs/7b217316c030cb3b7cfc198950d390ff2331bec8 in 36 ms
***
*** NOTE: fuzzing was not performed, you have only
***       executed the target code on a fixed set of inputs.
***
Process 82512 exited with status = 0 (0x00000000)
Process 82512 launched: '/script/motivating_example/sample_set/gcd/original_1_fuzz' (x86_64)
(lldb) quit