(lldb) target create "original_1_fuzz"
Current executable set to '/script/motivating_example/sample_set/reverse_string/original_1_fuzz' (x86_64).
(lldb) command source -s 0 '/script/motivating_example/sample_set/reverse_string/fuzzing_test/original_1_debug/script/bfff4f673f79be2fb6d71a41f6dd7b0e20b5818c/batch.lldb'
Executing commands in '/script/motivating_example/sample_set/reverse_string/fuzzing_test/original_1_debug/script/bfff4f673f79be2fb6d71a41f6dd7b0e20b5818c/batch.lldb'.
(lldb) settings set interpreter.stop-command-source-on-error 0
(lldb) settings set auto-confirm 1
(lldb) breakpoint set --file /script/motivating_example/sample_set/reverse_string/original_1.c --line 18
Breakpoint 1: where = original_1_fuzz`reverse_string + 203 at original_1.c:18:9, address = 0x000000000006743b
(lldb) breakpoint command add 1
(lldb) run /script/motivating_example/sample_set/reverse_string/fuzzing_test/modified_inputs/bfff4f673f79be2fb6d71a41f6dd7b0e20b5818c
INFO: Running with entropic power schedule (0xFF, 100).
INFO: Seed: 2996514300
INFO: Loaded 1 modules   (7 inline 8-bit counters): 7 [0x5555555defc0, 0x5555555defc7), 
INFO: Loaded 1 PC tables (7 PCs): 7 [0x5555555defc8,0x5555555df038), 
/script/motivating_example/sample_set/reverse_string/original_1_fuzz: Running 1 inputs 1 time(s) each.
Running: /script/motivating_example/sample_set/reverse_string/fuzzing_test/modified_inputs/bfff4f673f79be2fb6d71a41f6dd7b0e20b5818c
(lldb)  frame info
frame #0: 0x00005555555bb43b original_1_fuzz`reverse_string(str="/\U0000001e\U0000001e\U0000001e\U0000001e\U0000001e\U0000001e\U0000001e\U0000001e\U0000001e\U0000001e\U0000001e\U0000001e\U0000001e\U0000001e\U0000001e\U0000001e\U0000001e\U0000001e\U0000001e\U0000001e\U0000001e\U0000001e\U0000001e\U0000001e\U0000001e\U0000001e\U0000001e\U0000001e\U0000001e\U0000001e\U0000001e\U0000001e\U0000001e\U0000001e\U0000001e\U0000001e\U0000001e\U0000001e\U0000001e\U0000001e\U0000001e\U0000001e\U0000001e\U0000001e\U0000001e\U0000001e\U0000001e\U0000001e\U0000001e\U0000001e\U0000001e\U0000001e\U0000001e\xfb\r\r\r\r\xe0\x92Ľ") at original_1.c:18:9
(lldb)  frame variable start -f dec 
(size_t) start = 1
(lldb)  frame variable end -f dec 
(size_t) end = 61
(lldb)  frame variable temp -f dec 
(char) temp = -67
(lldb)  continue
Process 105546 resuming
Command #6 'continue' continued the target.
(lldb)  frame info
frame #0: 0x00005555555bb43b original_1_fuzz`reverse_string(str="/\xc4\U0000001e\U0000001e\U0000001e\U0000001e\U0000001e\U0000001e\U0000001e\U0000001e\U0000001e\U0000001e\U0000001e\U0000001e\U0000001e\U0000001e\U0000001e\U0000001e\U0000001e\U0000001e\U0000001e\U0000001e\U0000001e\U0000001e\U0000001e\U0000001e\U0000001e\U0000001e\U0000001e\U0000001e\U0000001e\U0000001e\U0000001e\U0000001e\U0000001e\U0000001e\U0000001e\U0000001e\U0000001e\U0000001e\U0000001e\U0000001e\U0000001e\U0000001e\U0000001e\U0000001e\U0000001e\U0000001e\U0000001e\U0000001e\U0000001e\U0000001e\U0000001e\U0000001e\xfb\r\r\r\r\xe0\x92\U0000001e\xbd") at original_1.c:18:9
(lldb)  frame variable start -f dec 
(size_t) start = 2
(lldb)  frame variable end -f dec 
(size_t) end = 60
(lldb)  frame variable temp -f dec 
(char) temp = 30
(lldb)  continue
Process 105546 resuming
Command #6 'continue' continued the target.
(lldb)  frame info
frame #0: 0x00005555555bb43b original_1_fuzz`reverse_string(str="/Ē\U0000001e\U0000001e\U0000001e\U0000001e\U0000001e\U0000001e\U0000001e\U0000001e\U0000001e\U0000001e\U0000001e\U0000001e\U0000001e\U0000001e\U0000001e\U0000001e\U0000001e\U0000001e\U0000001e\U0000001e\U0000001e\U0000001e\U0000001e\U0000001e\U0000001e\U0000001e\U0000001e\U0000001e\U0000001e\U0000001e\U0000001e\U0000001e\U0000001e\U0000001e\U0000001e\U0000001e\U0000001e\U0000001e\U0000001e\U0000001e\U0000001e\U0000001e\U0000001e\U0000001e\U0000001e\U0000001e\U0000001e\U0000001e\U0000001e\U0000001e\U0000001e\xfb\r\r\r\r\xe0\U0000001e\U0000001e\xbd") at original_1.c:18:9
(lldb)  frame variable start -f dec 
(size_t) start = 3
(lldb)  frame variable end -f dec 
(size_t) end = 59
(lldb)  frame variable temp -f dec 
(char) temp = 30
(lldb)  continue
Process 105546 resuming
Command #6 'continue' continued the target.
(lldb)  frame info
frame #0: 0x00005555555bb43b original_1_fuzz`reverse_string(str="/Ē\xe0\U0000001e\U0000001e\U0000001e\U0000001e\U0000001e\U0000001e\U0000001e\U0000001e\U0000001e\U0000001e\U0000001e\U0000001e\U0000001e\U0000001e\U0000001e\U0000001e\U0000001e\U0000001e\U0000001e\U0000001e\U0000001e\U0000001e\U0000001e\U0000001e\U0000001e\U0000001e\U0000001e\U0000001e\U0000001e\U0000001e\U0000001e\U0000001e\U0000001e\U0000001e\U0000001e\U0000001e\U0000001e\U0000001e\U0000001e\U0000001e\U0000001e\U0000001e\U0000001e\U0000001e\U0000001e\U0000001e\U0000001e\U0000001e\U0000001e\U0000001e\xfb\r\r\r\r\U0000001e\U0000001e\U0000001e\xbd") at original_1.c:18:9
(lldb)  frame variable start -f dec 
(size_t) start = 4
(lldb)  frame variable end -f dec 
(size_t) end = 58
(lldb)  frame variable temp -f dec 
(char) temp = 30
(lldb)  continue
Process 105546 resuming
Command #6 'continue' continued the target.
(lldb)  frame info
frame #0: 0x00005555555bb43b original_1_fuzz`reverse_string(str="/Ē\xe0\r\U0000001e\U0000001e\U0000001e\U0000001e\U0000001e\U0000001e\U0000001e\U0000001e\U0000001e\U0000001e\U0000001e\U0000001e\U0000001e\U0000001e\U0000001e\U0000001e\U0000001e\U0000001e\U0000001e\U0000001e\U0000001e\U0000001e\U0000001e\U0000001e\U0000001e\U0000001e\U0000001e\U0000001e\U0000001e\U0000001e\U0000001e\U0000001e\U0000001e\U0000001e\U0000001e\U0000001e\U0000001e\U0000001e\U0000001e\U0000001e\U0000001e\U0000001e\U0000001e\U0000001e\U0000001e\U0000001e\U0000001e\U0000001e\U0000001e\xfb\r\r\r\U0000001e\U0000001e\U0000001e\U0000001e\xbd") at original_1.c:18:9
(lldb)  frame variable start -f dec 
(size_t) start = 5
(lldb)  frame variable end -f dec 
(size_t) end = 57
(lldb)  frame variable temp -f dec 
(char) temp = 30
(lldb)  continue
Process 105546 resuming
Command #6 'continue' continued the target.
(lldb)  frame info
frame #0: 0x00005555555bb43b original_1_fuzz`reverse_string(str="/Ē\xe0\r\r\U0000001e\U0000001e\U0000001e\U0000001e\U0000001e\U0000001e\U0000001e\U0000001e\U0000001e\U0000001e\U0000001e\U0000001e\U0000001e\U0000001e\U0000001e\U0000001e\U0000001e\U0000001e\U0000001e\U0000001e\U0000001e\U0000001e\U0000001e\U0000001e\U0000001e\U0000001e\U0000001e\U0000001e\U0000001e\U0000001e\U0000001e\U0000001e\U0000001e\U0000001e\U0000001e\U0000001e\U0000001e\U0000001e\U0000001e\U0000001e\U0000001e\U0000001e\U0000001e\U0000001e\U0000001e\U0000001e\U0000001e\U0000001e\xfb\r\r\U0000001e\U0000001e\U0000001e\U0000001e\U0000001e\xbd") at original_1.c:18:9
(lldb)  frame variable start -f dec 
(size_t) start = 6
(lldb)  frame variable end -f dec 
(size_t) end = 56
(lldb)  frame variable temp -f dec 
(char) temp = 30
(lldb)  continue
Process 105546 resuming
Command #6 'continue' continued the target.
(lldb)  frame info
frame #0: 0x00005555555bb43b original_1_fuzz`reverse_string(str="/Ē\xe0\r\r\r\U0000001e\U0000001e\U0000001e\U0000001e\U0000001e\U0000001e\U0000001e\U0000001e\U0000001e\U0000001e\U0000001e\U0000001e\U0000001e\U0000001e\U0000001e\U0000001e\U0000001e\U0000001e\U0000001e\U0000001e\U0000001e\U0000001e\U0000001e\U0000001e\U0000001e\U0000001e\U0000001e\U0000001e\U0000001e\U0000001e\U0000001e\U0000001e\U0000001e\U0000001e\U0000001e\U0000001e\U0000001e\U0000001e\U0000001e\U0000001e\U0000001e\U0000001e\U0000001e\U0000001e\U0000001e\U0000001e\U0000001e\xfb\r\U0000001e\U0000001e\U0000001e\U0000001e\U0000001e\U0000001e\xbd") at original_1.c:18:9
(lldb)  frame variable start -f dec 
(size_t) start = 7
(lldb)  frame variable end -f dec 
(size_t) end = 55
(lldb)  frame variable temp -f dec 
(char) temp = 30
(lldb)  continue
Process 105546 resuming
Command #6 'continue' continued the target.
(lldb)  frame info
frame #0: 0x00005555555bb43b original_1_fuzz`reverse_string(str="/Ē\xe0\r\r\r\r\U0000001e\U0000001e\U0000001e\U0000001e\U0000001e\U0000001e\U0000001e\U0000001e\U0000001e\U0000001e\U0000001e\U0000001e\U0000001e\U0000001e\U0000001e\U0000001e\U0000001e\U0000001e\U0000001e\U0000001e\U0000001e\U0000001e\U0000001e\U0000001e\U0000001e\U0000001e\U0000001e\U0000001e\U0000001e\U0000001e\U0000001e\U0000001e\U0000001e\U0000001e\U0000001e\U0000001e\U0000001e\U0000001e\U0000001e\U0000001e\U0000001e\U0000001e\U0000001e\U0000001e\U0000001e\U0000001e\xfb\U0000001e\U0000001e\U0000001e\U0000001e\U0000001e\U0000001e\U0000001e\xbd") at original_1.c:18:9
(lldb)  frame variable start -f dec 
(size_t) start = 8
(lldb)  frame variable end -f dec 
(size_t) end = 54
(lldb)  frame variable temp -f dec 
(char) temp = 30
(lldb)  continue
Process 105546 resuming
Command #6 'continue' continued the target.
(lldb)  frame info
frame #0: 0x00005555555bb43b original_1_fuzz`reverse_string(str="/Ē\xe0\r\r\r\r\xfb\U0000001e\U0000001e\U0000001e\U0000001e\U0000001e\U0000001e\U0000001e\U0000001e\U0000001e\U0000001e\U0000001e\U0000001e\U0000001e\U0000001e\U0000001e\U0000001e\U0000001e\U0000001e\U0000001e\U0000001e\U0000001e\U0000001e\U0000001e\U0000001e\U0000001e\U0000001e\U0000001e\U0000001e\U0000001e\U0000001e\U0000001e\U0000001e\U0000001e\U0000001e\U0000001e\U0000001e\U0000001e\U0000001e\U0000001e\U0000001e\U0000001e\U0000001e\U0000001e\U0000001e\U0000001e\U0000001e\U0000001e\U0000001e\U0000001e\U0000001e\U0000001e\U0000001e\U0000001e\xbd") at original_1.c:18:9
(lldb)  frame variable start -f dec 
(size_t) start = 9
(lldb)  frame variable end -f dec 
(size_t) end = 53
(lldb)  frame variable temp -f dec 
(char) temp = 30
(lldb)  continue
Process 105546 resuming
Command #6 'continue' continued the target.
(lldb)  frame info
frame #0: 0x00005555555bb43b original_1_fuzz`reverse_string(str="/Ē\xe0\r\r\r\r\xfb\U0000001e\U0000001e\U0000001e\U0000001e\U0000001e\U0000001e\U0000001e\U0000001e\U0000001e\U0000001e\U0000001e\U0000001e\U0000001e\U0000001e\U0000001e\U0000001e\U0000001e\U0000001e\U0000001e\U0000001e\U0000001e\U0000001e\U0000001e\U0000001e\U0000001e\U0000001e\U0000001e\U0000001e\U0000001e\U0000001e\U0000001e\U0000001e\U0000001e\U0000001e\U0000001e\U0000001e\U0000001e\U0000001e\U0000001e\U0000001e\U0000001e\U0000001e\U0000001e\U0000001e\U0000001e\U0000001e\U0000001e\U0000001e\U0000001e\U0000001e\U0000001e\U0000001e\U0000001e\xbd") at original_1.c:18:9
(lldb)  frame variable start -f dec 
(size_t) start = 10
(lldb)  frame variable end -f dec 
(size_t) end = 52
(lldb)  frame variable temp -f dec 
(char) temp = 30
(lldb)  continue
Process 105546 resuming
Command #6 'continue' continued the target.
(lldb)  frame info
frame #0: 0x00005555555bb43b original_1_fuzz`reverse_string(str="/Ē\xe0\r\r\r\r\xfb\U0000001e\U0000001e\U0000001e\U0000001e\U0000001e\U0000001e\U0000001e\U0000001e\U0000001e\U0000001e\U0000001e\U0000001e\U0000001e\U0000001e\U0000001e\U0000001e\U0000001e\U0000001e\U0000001e\U0000001e\U0000001e\U0000001e\U0000001e\U0000001e\U0000001e\U0000001e\U0000001e\U0000001e\U0000001e\U0000001e\U0000001e\U0000001e\U0000001e\U0000001e\U0000001e\U0000001e\U0000001e\U0000001e\U0000001e\U0000001e\U0000001e\U0000001e\U0000001e\U0000001e\U0000001e\U0000001e\U0000001e\U0000001e\U0000001e\U0000001e\U0000001e\U0000001e\U0000001e\xbd") at original_1.c:18:9
(lldb)  frame variable start -f dec 
(size_t) start = 11
(lldb)  frame variable end -f dec 
(size_t) end = 51
(lldb)  frame variable temp -f dec 
(char) temp = 30
(lldb)  continue
Process 105546 resuming
Command #6 'continue' continued the target.
(lldb)  frame info
frame #0: 0x00005555555bb43b original_1_fuzz`reverse_string(str="/Ē\xe0\r\r\r\r\xfb\U0000001e\U0000001e\U0000001e\U0000001e\U0000001e\U0000001e\U0000001e\U0000001e\U0000001e\U0000001e\U0000001e\U0000001e\U0000001e\U0000001e\U0000001e\U0000001e\U0000001e\U0000001e\U0000001e\U0000001e\U0000001e\U0000001e\U0000001e\U0000001e\U0000001e\U0000001e\U0000001e\U0000001e\U0000001e\U0000001e\U0000001e\U0000001e\U0000001e\U0000001e\U0000001e\U0000001e\U0000001e\U0000001e\U0000001e\U0000001e\U0000001e\U0000001e\U0000001e\U0000001e\U0000001e\U0000001e\U0000001e\U0000001e\U0000001e\U0000001e\U0000001e\U0000001e\U0000001e\xbd") at original_1.c:18:9
(lldb)  frame variable start -f dec 
(size_t) start = 12
(lldb)  frame variable end -f dec 
(size_t) end = 50
(lldb)  frame variable temp -f dec 
(char) temp = 30
(lldb)  continue
Process 105546 resuming
Command #6 'continue' continued the target.
(lldb)  frame info
frame #0: 0x00005555555bb43b original_1_fuzz`reverse_string(str="/Ē\xe0\r\r\r\r\xfb\U0000001e\U0000001e\U0000001e\U0000001e\U0000001e\U0000001e\U0000001e\U0000001e\U0000001e\U0000001e\U0000001e\U0000001e\U0000001e\U0000001e\U0000001e\U0000001e\U0000001e\U0000001e\U0000001e\U0000001e\U0000001e\U0000001e\U0000001e\U0000001e\U0000001e\U0000001e\U0000001e\U0000001e\U0000001e\U0000001e\U0000001e\U0000001e\U0000001e\U0000001e\U0000001e\U0000001e\U0000001e\U0000001e\U0000001e\U0000001e\U0000001e\U0000001e\U0000001e\U0000001e\U0000001e\U0000001e\U0000001e\U0000001e\U0000001e\U0000001e\U0000001e\U0000001e\U0000001e\xbd") at original_1.c:18:9
(lldb)  frame variable start -f dec 
(size_t) start = 13
(lldb)  frame variable end -f dec 
(size_t) end = 49
(lldb)  frame variable temp -f dec 
(char) temp = 30
(lldb)  continue
Process 105546 resuming
Command #6 'continue' continued the target.
(lldb)  frame info
frame #0: 0x00005555555bb43b original_1_fuzz`reverse_string(str="/Ē\xe0\r\r\r\r\xfb\U0000001e\U0000001e\U0000001e\U0000001e\U0000001e\U0000001e\U0000001e\U0000001e\U0000001e\U0000001e\U0000001e\U0000001e\U0000001e\U0000001e\U0000001e\U0000001e\U0000001e\U0000001e\U0000001e\U0000001e\U0000001e\U0000001e\U0000001e\U0000001e\U0000001e\U0000001e\U0000001e\U0000001e\U0000001e\U0000001e\U0000001e\U0000001e\U0000001e\U0000001e\U0000001e\U0000001e\U0000001e\U0000001e\U0000001e\U0000001e\U0000001e\U0000001e\U0000001e\U0000001e\U0000001e\U0000001e\U0000001e\U0000001e\U0000001e\U0000001e\U0000001e\U0000001e\U0000001e\xbd") at original_1.c:18:9
(lldb)  frame variable start -f dec 
(size_t) start = 14
(lldb)  frame variable end -f dec 
(size_t) end = 48
(lldb)  frame variable temp -f dec 
(char) temp = 30
(lldb)  continue
Process 105546 resuming
Command #6 'continue' continued the target.
(lldb)  frame info
frame #0: 0x00005555555bb43b original_1_fuzz`reverse_string(str="/Ē\xe0\r\r\r\r\xfb\U0000001e\U0000001e\U0000001e\U0000001e\U0000001e\U0000001e\U0000001e\U0000001e\U0000001e\U0000001e\U0000001e\U0000001e\U0000001e\U0000001e\U0000001e\U0000001e\U0000001e\U0000001e\U0000001e\U0000001e\U0000001e\U0000001e\U0000001e\U0000001e\U0000001e\U0000001e\U0000001e\U0000001e\U0000001e\U0000001e\U0000001e\U0000001e\U0000001e\U0000001e\U0000001e\U0000001e\U0000001e\U0000001e\U0000001e\U0000001e\U0000001e\U0000001e\U0000001e\U0000001e\U0000001e\U0000001e\U0000001e\U0000001e\U0000001e\U0000001e\U0000001e\U0000001e\U0000001e\xbd") at original_1.c:18:9
(lldb)  frame variable start -f dec 
(size_t) start = 15
(lldb)  frame variable end -f dec 
(size_t) end = 47
(lldb)  frame variable temp -f dec 
(char) temp = 30
(lldb)  continue
Process 105546 resuming
Command #6 'continue' continued the target.
(lldb)  frame info
frame #0: 0x00005555555bb43b original_1_fuzz`reverse_string(str="/Ē\xe0\r\r\r\r\xfb\U0000001e\U0000001e\U0000001e\U0000001e\U0000001e\U0000001e\U0000001e\U0000001e\U0000001e\U0000001e\U0000001e\U0000001e\U0000001e\U0000001e\U0000001e\U0000001e\U0000001e\U0000001e\U0000001e\U0000001e\U0000001e\U0000001e\U0000001e\U0000001e\U0000001e\U0000001e\U0000001e\U0000001e\U0000001e\U0000001e\U0000001e\U0000001e\U0000001e\U0000001e\U0000001e\U0000001e\U0000001e\U0000001e\U0000001e\U0000001e\U0000001e\U0000001e\U0000001e\U0000001e\U0000001e\U0000001e\U0000001e\U0000001e\U0000001e\U0000001e\U0000001e\U0000001e\U0000001e\xbd") at original_1.c:18:9
(lldb)  frame variable start -f dec 
(size_t) start = 16
(lldb)  frame variable end -f dec 
(size_t) end = 46
(lldb)  frame variable temp -f dec 
(char) temp = 30
(lldb)  continue
Process 105546 resuming
Command #6 'continue' continued the target.
(lldb)  frame info
frame #0: 0x00005555555bb43b original_1_fuzz`reverse_string(str="/Ē\xe0\r\r\r\r\xfb\U0000001e\U0000001e\U0000001e\U0000001e\U0000001e\U0000001e\U0000001e\U0000001e\U0000001e\U0000001e\U0000001e\U0000001e\U0000001e\U0000001e\U0000001e\U0000001e\U0000001e\U0000001e\U0000001e\U0000001e\U0000001e\U0000001e\U0000001e\U0000001e\U0000001e\U0000001e\U0000001e\U0000001e\U0000001e\U0000001e\U0000001e\U0000001e\U0000001e\U0000001e\U0000001e\U0000001e\U0000001e\U0000001e\U0000001e\U0000001e\U0000001e\U0000001e\U0000001e\U0000001e\U0000001e\U0000001e\U0000001e\U0000001e\U0000001e\U0000001e\U0000001e\U0000001e\U0000001e\xbd") at original_1.c:18:9
(lldb)  frame variable start -f dec 
(size_t) start = 17
(lldb)  frame variable end -f dec 
(size_t) end = 45
(lldb)  frame variable temp -f dec 
(char) temp = 30
(lldb)  continue
Process 105546 resuming
Command #6 'continue' continued the target.
(lldb)  frame info
frame #0: 0x00005555555bb43b original_1_fuzz`reverse_string(str="/Ē\xe0\r\r\r\r\xfb\U0000001e\U0000001e\U0000001e\U0000001e\U0000001e\U0000001e\U0000001e\U0000001e\U0000001e\U0000001e\U0000001e\U0000001e\U0000001e\U0000001e\U0000001e\U0000001e\U0000001e\U0000001e\U0000001e\U0000001e\U0000001e\U0000001e\U0000001e\U0000001e\U0000001e\U0000001e\U0000001e\U0000001e\U0000001e\U0000001e\U0000001e\U0000001e\U0000001e\U0000001e\U0000001e\U0000001e\U0000001e\U0000001e\U0000001e\U0000001e\U0000001e\U0000001e\U0000001e\U0000001e\U0000001e\U0000001e\U0000001e\U0000001e\U0000001e\U0000001e\U0000001e\U0000001e\U0000001e\xbd") at original_1.c:18:9
(lldb)  frame variable start -f dec 
(size_t) start = 18
(lldb)  frame variable end -f dec 
(size_t) end = 44
(lldb)  frame variable temp -f dec 
(char) temp = 30
(lldb)  continue
Process 105546 resuming
Command #6 'continue' continued the target.
(lldb)  frame info
frame #0: 0x00005555555bb43b original_1_fuzz`reverse_string(str="/Ē\xe0\r\r\r\r\xfb\U0000001e\U0000001e\U0000001e\U0000001e\U0000001e\U0000001e\U0000001e\U0000001e\U0000001e\U0000001e\U0000001e\U0000001e\U0000001e\U0000001e\U0000001e\U0000001e\U0000001e\U0000001e\U0000001e\U0000001e\U0000001e\U0000001e\U0000001e\U0000001e\U0000001e\U0000001e\U0000001e\U0000001e\U0000001e\U0000001e\U0000001e\U0000001e\U0000001e\U0000001e\U0000001e\U0000001e\U0000001e\U0000001e\U0000001e\U0000001e\U0000001e\U0000001e\U0000001e\U0000001e\U0000001e\U0000001e\U0000001e\U0000001e\U0000001e\U0000001e\U0000001e\U0000001e\U0000001e\xbd") at original_1.c:18:9
(lldb)  frame variable start -f dec 
(size_t) start = 19
(lldb)  frame variable end -f dec 
(size_t) end = 43
(lldb)  frame variable temp -f dec 
(char) temp = 30
(lldb)  continue
Process 105546 resuming
Command #6 'continue' continued the target.
(lldb)  frame info
frame #0: 0x00005555555bb43b original_1_fuzz`reverse_string(str="/Ē\xe0\r\r\r\r\xfb\U0000001e\U0000001e\U0000001e\U0000001e\U0000001e\U0000001e\U0000001e\U0000001e\U0000001e\U0000001e\U0000001e\U0000001e\U0000001e\U0000001e\U0000001e\U0000001e\U0000001e\U0000001e\U0000001e\U0000001e\U0000001e\U0000001e\U0000001e\U0000001e\U0000001e\U0000001e\U0000001e\U0000001e\U0000001e\U0000001e\U0000001e\U0000001e\U0000001e\U0000001e\U0000001e\U0000001e\U0000001e\U0000001e\U0000001e\U0000001e\U0000001e\U0000001e\U0000001e\U0000001e\U0000001e\U0000001e\U0000001e\U0000001e\U0000001e\U0000001e\U0000001e\U0000001e\U0000001e\xbd") at original_1.c:18:9
(lldb)  frame variable start -f dec 
(size_t) start = 20
(lldb)  frame variable end -f dec 
(size_t) end = 42
(lldb)  frame variable temp -f dec 
(char) temp = 30
(lldb)  continue
Process 105546 resuming
Command #6 'continue' continued the target.
(lldb)  frame info
frame #0: 0x00005555555bb43b original_1_fuzz`reverse_string(str="/Ē\xe0\r\r\r\r\xfb\U0000001e\U0000001e\U0000001e\U0000001e\U0000001e\U0000001e\U0000001e\U0000001e\U0000001e\U0000001e\U0000001e\U0000001e\U0000001e\U0000001e\U0000001e\U0000001e\U0000001e\U0000001e\U0000001e\U0000001e\U0000001e\U0000001e\U0000001e\U0000001e\U0000001e\U0000001e\U0000001e\U0000001e\U0000001e\U0000001e\U0000001e\U0000001e\U0000001e\U0000001e\U0000001e\U0000001e\U0000001e\U0000001e\U0000001e\U0000001e\U0000001e\U0000001e\U0000001e\U0000001e\U0000001e\U0000001e\U0000001e\U0000001e\U0000001e\U0000001e\U0000001e\U0000001e\U0000001e\xbd") at original_1.c:18:9
(lldb)  frame variable start -f dec 
(size_t) start = 21
(lldb)  frame variable end -f dec 
(size_t) end = 41
(lldb)  frame variable temp -f dec 
(char) temp = 30
(lldb)  continue
Process 105546 resuming
Command #6 'continue' continued the target.
(lldb)  frame info
frame #0: 0x00005555555bb43b original_1_fuzz`reverse_string(str="/Ē\xe0\r\r\r\r\xfb\U0000001e\U0000001e\U0000001e\U0000001e\U0000001e\U0000001e\U0000001e\U0000001e\U0000001e\U0000001e\U0000001e\U0000001e\U0000001e\U0000001e\U0000001e\U0000001e\U0000001e\U0000001e\U0000001e\U0000001e\U0000001e\U0000001e\U0000001e\U0000001e\U0000001e\U0000001e\U0000001e\U0000001e\U0000001e\U0000001e\U0000001e\U0000001e\U0000001e\U0000001e\U0000001e\U0000001e\U0000001e\U0000001e\U0000001e\U0000001e\U0000001e\U0000001e\U0000001e\U0000001e\U0000001e\U0000001e\U0000001e\U0000001e\U0000001e\U0000001e\U0000001e\U0000001e\U0000001e\xbd") at original_1.c:18:9
(lldb)  frame variable start -f dec 
(size_t) start = 22
(lldb)  frame variable end -f dec 
(size_t) end = 40
(lldb)  frame variable temp -f dec 
(char) temp = 30
(lldb)  continue
Process 105546 resuming
Command #6 'continue' continued the target.
(lldb)  frame info
frame #0: 0x00005555555bb43b original_1_fuzz`reverse_string(str="/Ē\xe0\r\r\r\r\xfb\U0000001e\U0000001e\U0000001e\U0000001e\U0000001e\U0000001e\U0000001e\U0000001e\U0000001e\U0000001e\U0000001e\U0000001e\U0000001e\U0000001e\U0000001e\U0000001e\U0000001e\U0000001e\U0000001e\U0000001e\U0000001e\U0000001e\U0000001e\U0000001e\U0000001e\U0000001e\U0000001e\U0000001e\U0000001e\U0000001e\U0000001e\U0000001e\U0000001e\U0000001e\U0000001e\U0000001e\U0000001e\U0000001e\U0000001e\U0000001e\U0000001e\U0000001e\U0000001e\U0000001e\U0000001e\U0000001e\U0000001e\U0000001e\U0000001e\U0000001e\U0000001e\U0000001e\U0000001e\xbd") at original_1.c:18:9
(lldb)  frame variable start -f dec 
(size_t) start = 23
(lldb)  frame variable end -f dec 
(size_t) end = 39
(lldb)  frame variable temp -f dec 
(char) temp = 30
(lldb)  continue
Process 105546 resuming
Command #6 'continue' continued the target.
(lldb)  frame info
frame #0: 0x00005555555bb43b original_1_fuzz`reverse_string(str="/Ē\xe0\r\r\r\r\xfb\U0000001e\U0000001e\U0000001e\U0000001e\U0000001e\U0000001e\U0000001e\U0000001e\U0000001e\U0000001e\U0000001e\U0000001e\U0000001e\U0000001e\U0000001e\U0000001e\U0000001e\U0000001e\U0000001e\U0000001e\U0000001e\U0000001e\U0000001e\U0000001e\U0000001e\U0000001e\U0000001e\U0000001e\U0000001e\U0000001e\U0000001e\U0000001e\U0000001e\U0000001e\U0000001e\U0000001e\U0000001e\U0000001e\U0000001e\U0000001e\U0000001e\U0000001e\U0000001e\U0000001e\U0000001e\U0000001e\U0000001e\U0000001e\U0000001e\U0000001e\U0000001e\U0000001e\U0000001e\xbd") at original_1.c:18:9
(lldb)  frame variable start -f dec 
(size_t) start = 24
(lldb)  frame variable end -f dec 
(size_t) end = 38
(lldb)  frame variable temp -f dec 
(char) temp = 30
(lldb)  continue
Process 105546 resuming
Command #6 'continue' continued the target.
(lldb)  frame info
frame #0: 0x00005555555bb43b original_1_fuzz`reverse_string(str="/Ē\xe0\r\r\r\r\xfb\U0000001e\U0000001e\U0000001e\U0000001e\U0000001e\U0000001e\U0000001e\U0000001e\U0000001e\U0000001e\U0000001e\U0000001e\U0000001e\U0000001e\U0000001e\U0000001e\U0000001e\U0000001e\U0000001e\U0000001e\U0000001e\U0000001e\U0000001e\U0000001e\U0000001e\U0000001e\U0000001e\U0000001e\U0000001e\U0000001e\U0000001e\U0000001e\U0000001e\U0000001e\U0000001e\U0000001e\U0000001e\U0000001e\U0000001e\U0000001e\U0000001e\U0000001e\U0000001e\U0000001e\U0000001e\U0000001e\U0000001e\U0000001e\U0000001e\U0000001e\U0000001e\U0000001e\U0000001e\xbd") at original_1.c:18:9
(lldb)  frame variable start -f dec 
(size_t) start = 25
(lldb)  frame variable end -f dec 
(size_t) end = 37
(lldb)  frame variable temp -f dec 
(char) temp = 30
(lldb)  continue
Process 105546 resuming
Command #6 'continue' continued the target.
(lldb)  frame info
frame #0: 0x00005555555bb43b original_1_fuzz`reverse_string(str="/Ē\xe0\r\r\r\r\xfb\U0000001e\U0000001e\U0000001e\U0000001e\U0000001e\U0000001e\U0000001e\U0000001e\U0000001e\U0000001e\U0000001e\U0000001e\U0000001e\U0000001e\U0000001e\U0000001e\U0000001e\U0000001e\U0000001e\U0000001e\U0000001e\U0000001e\U0000001e\U0000001e\U0000001e\U0000001e\U0000001e\U0000001e\U0000001e\U0000001e\U0000001e\U0000001e\U0000001e\U0000001e\U0000001e\U0000001e\U0000001e\U0000001e\U0000001e\U0000001e\U0000001e\U0000001e\U0000001e\U0000001e\U0000001e\U0000001e\U0000001e\U0000001e\U0000001e\U0000001e\U0000001e\U0000001e\U0000001e\xbd") at original_1.c:18:9
(lldb)  frame variable start -f dec 
(size_t) start = 26
(lldb)  frame variable end -f dec 
(size_t) end = 36
(lldb)  frame variable temp -f dec 
(char) temp = 30
(lldb)  continue
Process 105546 resuming
Command #6 'continue' continued the target.
(lldb)  frame info
frame #0: 0x00005555555bb43b original_1_fuzz`reverse_string(str="/Ē\xe0\r\r\r\r\xfb\U0000001e\U0000001e\U0000001e\U0000001e\U0000001e\U0000001e\U0000001e\U0000001e\U0000001e\U0000001e\U0000001e\U0000001e\U0000001e\U0000001e\U0000001e\U0000001e\U0000001e\U0000001e\U0000001e\U0000001e\U0000001e\U0000001e\U0000001e\U0000001e\U0000001e\U0000001e\U0000001e\U0000001e\U0000001e\U0000001e\U0000001e\U0000001e\U0000001e\U0000001e\U0000001e\U0000001e\U0000001e\U0000001e\U0000001e\U0000001e\U0000001e\U0000001e\U0000001e\U0000001e\U0000001e\U0000001e\U0000001e\U0000001e\U0000001e\U0000001e\U0000001e\U0000001e\U0000001e\xbd") at original_1.c:18:9
(lldb)  frame variable start -f dec 
(size_t) start = 27
(lldb)  frame variable end -f dec 
(size_t) end = 35
(lldb)  frame variable temp -f dec 
(char) temp = 30
(lldb)  continue
Process 105546 resuming
Command #6 'continue' continued the target.
(lldb)  frame info
frame #0: 0x00005555555bb43b original_1_fuzz`reverse_string(str="/Ē\xe0\r\r\r\r\xfb\U0000001e\U0000001e\U0000001e\U0000001e\U0000001e\U0000001e\U0000001e\U0000001e\U0000001e\U0000001e\U0000001e\U0000001e\U0000001e\U0000001e\U0000001e\U0000001e\U0000001e\U0000001e\U0000001e\U0000001e\U0000001e\U0000001e\U0000001e\U0000001e\U0000001e\U0000001e\U0000001e\U0000001e\U0000001e\U0000001e\U0000001e\U0000001e\U0000001e\U0000001e\U0000001e\U0000001e\U0000001e\U0000001e\U0000001e\U0000001e\U0000001e\U0000001e\U0000001e\U0000001e\U0000001e\U0000001e\U0000001e\U0000001e\U0000001e\U0000001e\U0000001e\U0000001e\U0000001e\xbd") at original_1.c:18:9
(lldb)  frame variable start -f dec 
(size_t) start = 28
(lldb)  frame variable end -f dec 
(size_t) end = 34
(lldb)  frame variable temp -f dec 
(char) temp = 30
(lldb)  continue
Process 105546 resuming
Command #6 'continue' continued the target.
(lldb)  frame info
frame #0: 0x00005555555bb43b original_1_fuzz`reverse_string(str="/Ē\xe0\r\r\r\r\xfb\U0000001e\U0000001e\U0000001e\U0000001e\U0000001e\U0000001e\U0000001e\U0000001e\U0000001e\U0000001e\U0000001e\U0000001e\U0000001e\U0000001e\U0000001e\U0000001e\U0000001e\U0000001e\U0000001e\U0000001e\U0000001e\U0000001e\U0000001e\U0000001e\U0000001e\U0000001e\U0000001e\U0000001e\U0000001e\U0000001e\U0000001e\U0000001e\U0000001e\U0000001e\U0000001e\U0000001e\U0000001e\U0000001e\U0000001e\U0000001e\U0000001e\U0000001e\U0000001e\U0000001e\U0000001e\U0000001e\U0000001e\U0000001e\U0000001e\U0000001e\U0000001e\U0000001e\U0000001e\xbd") at original_1.c:18:9
(lldb)  frame variable start -f dec 
(size_t) start = 29
(lldb)  frame variable end -f dec 
(size_t) end = 33
(lldb)  frame variable temp -f dec 
(char) temp = 30
(lldb)  continue
Process 105546 resuming
Command #6 'continue' continued the target.
(lldb)  frame info
frame #0: 0x00005555555bb43b original_1_fuzz`reverse_string(str="/Ē\xe0\r\r\r\r\xfb\U0000001e\U0000001e\U0000001e\U0000001e\U0000001e\U0000001e\U0000001e\U0000001e\U0000001e\U0000001e\U0000001e\U0000001e\U0000001e\U0000001e\U0000001e\U0000001e\U0000001e\U0000001e\U0000001e\U0000001e\U0000001e\U0000001e\U0000001e\U0000001e\U0000001e\U0000001e\U0000001e\U0000001e\U0000001e\U0000001e\U0000001e\U0000001e\U0000001e\U0000001e\U0000001e\U0000001e\U0000001e\U0000001e\U0000001e\U0000001e\U0000001e\U0000001e\U0000001e\U0000001e\U0000001e\U0000001e\U0000001e\U0000001e\U0000001e\U0000001e\U0000001e\U0000001e\U0000001e\xbd") at original_1.c:18:9
(lldb)  frame variable start -f dec 
(size_t) start = 30
(lldb)  frame variable end -f dec 
(size_t) end = 32
(lldb)  frame variable temp -f dec 
(char) temp = 30
(lldb)  continue
Process 105546 resuming
Command #6 'continue' continued the target.
(lldb)  frame info
frame #0: 0x00005555555bb43b original_1_fuzz`reverse_string(str="/Ē\xe0\r\r\r\r\xfb\U0000001e\U0000001e\U0000001e\U0000001e\U0000001e\U0000001e\U0000001e\U0000001e\U0000001e\U0000001e\U0000001e\U0000001e\U0000001e\U0000001e\U0000001e\U0000001e\U0000001e\U0000001e\U0000001e\U0000001e\U0000001e\U0000001e\U0000001e\U0000001e\U0000001e\U0000001e\U0000001e\U0000001e\U0000001e\U0000001e\U0000001e\U0000001e\U0000001e\U0000001e\U0000001e\U0000001e\U0000001e\U0000001e\U0000001e\U0000001e\U0000001e\U0000001e\U0000001e\U0000001e\U0000001e\U0000001e\U0000001e\U0000001e\U0000001e\U0000001e\U0000001e\U0000001e\U0000001e\xbd") at original_1.c:18:9
(lldb)  frame variable start -f dec 
(size_t) start = 31
(lldb)  frame variable end -f dec 
(size_t) end = 31
(lldb)  frame variable temp -f dec 
(char) temp = 30
(lldb)  continue
Process 105546 resuming
Command #6 'continue' continued the target.
Executed /script/motivating_example/sample_set/reverse_string/fuzzing_test/modified_inputs/bfff4f673f79be2fb6d71a41f6dd7b0e20b5818c in 56 ms
***
*** NOTE: fuzzing was not performed, you have only
***       executed the target code on a fixed set of inputs.
***
Process 105546 exited with status = 0 (0x00000000)
Process 105546 launched: '/script/motivating_example/sample_set/reverse_string/original_1_fuzz' (x86_64)
(lldb) quit
