(lldb) target create "modified_fuzz"
Current executable set to '/script/motivating_example/sample_set/gcd/modified_fuzz' (x86_64).
(lldb) command source -s 0 '/script/motivating_example/sample_set/gcd/fuzzing_test/modified_debug/script/0bdaab90aac6e515d9cdbe3fa21fa5f9425e9ddf/batch.lldb'
Executing commands in '/script/motivating_example/sample_set/gcd/fuzzing_test/modified_debug/script/0bdaab90aac6e515d9cdbe3fa21fa5f9425e9ddf/batch.lldb'.
(lldb) settings set interpreter.stop-command-source-on-error 0
(lldb) settings set auto-confirm 1
(lldb) breakpoint set --file /script/motivating_example/sample_set/gcd/modified.c --line 9
Breakpoint 1: where = modified_fuzz`gcd + 121 at modified.c:9:9, address = 0x0000000000067429
(lldb) breakpoint command add 1
(lldb) run /script/motivating_example/sample_set/gcd/fuzzing_test/modified_inputs/0bdaab90aac6e515d9cdbe3fa21fa5f9425e9ddf
INFO: Running with entropic power schedule (0xFF, 100).
INFO: Seed: 1584800731
INFO: Loaded 1 modules   (10 inline 8-bit counters): 10 [0x5555555defb0, 0x5555555defba), 
INFO: Loaded 1 PC tables (10 PCs): 10 [0x5555555defc0,0x5555555df060), 
/script/motivating_example/sample_set/gcd/modified_fuzz: Running 1 inputs 1 time(s) each.
Running: /script/motivating_example/sample_set/gcd/fuzzing_test/modified_inputs/0bdaab90aac6e515d9cdbe3fa21fa5f9425e9ddf
(lldb)  frame info
frame #0: 0x00005555555bb429 modified_fuzz`gcd(a=-2063125716, b=-84357932) at modified.c:9:9
(lldb)  frame variable a -f dec 
(int) a = -2063125716
(lldb)  frame variable b -f dec 
(int) b = -84357932
(lldb)  continue
Process 72353 resuming
Command #5 'continue' continued the target.
(lldb)  frame info
frame #0: 0x00005555555bb429 modified_fuzz`gcd(a=-2024590368, b=-38535348) at modified.c:9:9
(lldb)  frame variable a -f dec 
(int) a = -2024590368
(lldb)  frame variable b -f dec 
(int) b = -38535348
(lldb)  continue
Process 72353 resuming
Command #5 'continue' continued the target.
(lldb)  frame info
frame #0: 0x00005555555bb429 modified_fuzz`gcd(a=-2003838096, b=-20752272) at modified.c:9:9
(lldb)  frame variable a -f dec 
(int) a = -2003838096
(lldb)  frame variable b -f dec 
(int) b = -20752272
(lldb)  continue
Process 72353 resuming
Command #5 'continue' continued the target.
(lldb)  frame info
frame #0: 0x00005555555bb429 modified_fuzz`gcd(a=-1992218112, b=-11619984) at modified.c:9:9
(lldb)  frame variable a -f dec 
(int) a = -1992218112
(lldb)  frame variable b -f dec 
(int) b = -11619984
(lldb)  continue
Process 72353 resuming
Command #5 'continue' continued the target.
(lldb)  frame info
frame #0: 0x00005555555bb429 modified_fuzz`gcd(a=-1987017264, b=-5200848) at modified.c:9:9
(lldb)  frame variable a -f dec 
(int) a = -1987017264
(lldb)  frame variable b -f dec 
(int) b = -5200848
(lldb)  continue
Process 72353 resuming
Command #5 'continue' continued the target.
(lldb)  frame info
frame #0: 0x00005555555bb429 modified_fuzz`gcd(a=-1986723936, b=-293328) at modified.c:9:9
(lldb)  frame variable a -f dec 
(int) a = -1986723936
(lldb)  frame variable b -f dec 
(int) b = -293328
(lldb)  continue
Process 72353 resuming
Command #5 'continue' continued the target.
(lldb)  frame info
frame #0: 0x00005555555bb429 modified_fuzz`gcd(a=-1986710544, b=-13392) at modified.c:9:9
(lldb)  frame variable a -f dec 
(int) a = -1986710544
(lldb)  frame variable b -f dec 
(int) b = -13392
(lldb)  continue
Process 72353 resuming
Command #5 'continue' continued the target.
(lldb)  frame info
frame #0: 0x00005555555bb429 modified_fuzz`gcd(a=-1986703200, b=-7344) at modified.c:9:9
(lldb)  frame variable a -f dec 
(int) a = -1986703200
(lldb)  frame variable b -f dec 
(int) b = -7344
(lldb)  continue
Process 72353 resuming
Command #5 'continue' continued the target.
(lldb)  frame info
frame #0: 0x00005555555bb429 modified_fuzz`gcd(a=-1986698880, b=-4320) at modified.c:9:9
(lldb)  frame variable a -f dec 
(int) a = -1986698880
(lldb)  frame variable b -f dec 
(int) b = -4320
(lldb)  continue
Process 72353 resuming
Command #5 'continue' continued the target.
(lldb)  frame info
frame #0: 0x00005555555bb429 modified_fuzz`gcd(a=-1986698880, b=0) at modified.c:9:9
(lldb)  frame variable a -f dec 
(int) a = -1986698880
(lldb)  frame variable b -f dec 
(int) b = 0
(lldb)  continue
Process 72353 resuming
Command #5 'continue' continued the target.
Executed /script/motivating_example/sample_set/gcd/fuzzing_test/modified_inputs/0bdaab90aac6e515d9cdbe3fa21fa5f9425e9ddf in 22 ms
***
*** NOTE: fuzzing was not performed, you have only
***       executed the target code on a fixed set of inputs.
***
Process 72353 exited with status = 0 (0x00000000)
Process 72353 launched: '/script/motivating_example/sample_set/gcd/modified_fuzz' (x86_64)
(lldb) quit