(lldb) target create "modified_fuzz"
Current executable set to '/script/motivating_example/sample_set/gcd/modified_fuzz' (x86_64).
(lldb) command source -s 0 '/script/motivating_example/sample_set/gcd/fuzzing_test/modified_debug/script/27e47009512b6a96304f22b7d6d1b2ad091b57fc/batch.lldb'
Executing commands in '/script/motivating_example/sample_set/gcd/fuzzing_test/modified_debug/script/27e47009512b6a96304f22b7d6d1b2ad091b57fc/batch.lldb'.
(lldb) settings set interpreter.stop-command-source-on-error 0
(lldb) settings set auto-confirm 1
(lldb) breakpoint set --file /script/motivating_example/sample_set/gcd/modified.c --line 9
Breakpoint 1: where = modified_fuzz`gcd + 121 at modified.c:9:9, address = 0x0000000000067429
(lldb) breakpoint command add 1
(lldb) run /script/motivating_example/sample_set/gcd/fuzzing_test/modified_inputs/27e47009512b6a96304f22b7d6d1b2ad091b57fc
INFO: Running with entropic power schedule (0xFF, 100).
INFO: Seed: 773617494
INFO: Loaded 1 modules   (10 inline 8-bit counters): 10 [0x5555555defb0, 0x5555555defba), 
INFO: Loaded 1 PC tables (10 PCs): 10 [0x5555555defc0,0x5555555df060), 
/script/motivating_example/sample_set/gcd/modified_fuzz: Running 1 inputs 1 time(s) each.
Running: /script/motivating_example/sample_set/gcd/fuzzing_test/modified_inputs/27e47009512b6a96304f22b7d6d1b2ad091b57fc
(lldb)  frame info
frame #0: 0x00005555555bb429 modified_fuzz`gcd(a=-2146965912, b=-517736) at modified.c:9:9
(lldb)  frame variable a -f dec 
(int) a = -2146965912
(lldb)  frame variable b -f dec 
(int) b = -517736
(lldb)  continue
Process 72788 resuming
Command #5 'continue' continued the target.
(lldb)  frame info
frame #0: 0x00005555555bb429 modified_fuzz`gcd(a=-2146533456, b=-432456) at modified.c:9:9
(lldb)  frame variable a -f dec 
(int) a = -2146533456
(lldb)  frame variable b -f dec 
(int) b = -432456
(lldb)  continue
Process 72788 resuming
Command #5 'continue' continued the target.
(lldb)  frame info
frame #0: 0x00005555555bb429 modified_fuzz`gcd(a=-2146279128, b=-254328) at modified.c:9:9
(lldb)  frame variable a -f dec 
(int) a = -2146279128
(lldb)  frame variable b -f dec 
(int) b = -254328
(lldb)  continue
Process 72788 resuming
Command #5 'continue' continued the target.
(lldb)  frame info
frame #0: 0x00005555555bb429 modified_fuzz`gcd(a=-2146273992, b=-5136) at modified.c:9:9
(lldb)  frame variable a -f dec 
(int) a = -2146273992
(lldb)  frame variable b -f dec 
(int) b = -5136
(lldb)  continue
Process 72788 resuming
Command #5 'continue' continued the target.
(lldb)  frame info
frame #0: 0x00005555555bb429 modified_fuzz`gcd(a=-2146272768, b=-1224) at modified.c:9:9
(lldb)  frame variable a -f dec 
(int) a = -2146272768
(lldb)  frame variable b -f dec 
(int) b = -1224
(lldb)  continue
Process 72788 resuming
Command #5 'continue' continued the target.
(lldb)  frame info
frame #0: 0x00005555555bb429 modified_fuzz`gcd(a=-2146271760, b=-1008) at modified.c:9:9
(lldb)  frame variable a -f dec 
(int) a = -2146271760
(lldb)  frame variable b -f dec 
(int) b = -1008
(lldb)  continue
Process 72788 resuming
Command #5 'continue' continued the target.
(lldb)  frame info
frame #0: 0x00005555555bb429 modified_fuzz`gcd(a=-2146270896, b=-864) at modified.c:9:9
(lldb)  frame variable a -f dec 
(int) a = -2146270896
(lldb)  frame variable b -f dec 
(int) b = -864
(lldb)  continue
Process 72788 resuming
Command #5 'continue' continued the target.
(lldb)  frame info
frame #0: 0x00005555555bb429 modified_fuzz`gcd(a=-2146270176, b=-720) at modified.c:9:9
(lldb)  frame variable a -f dec 
(int) a = -2146270176
(lldb)  frame variable b -f dec 
(int) b = -720
(lldb)  continue
Process 72788 resuming
Command #5 'continue' continued the target.
(lldb)  frame info
frame #0: 0x00005555555bb429 modified_fuzz`gcd(a=-2146269600, b=-576) at modified.c:9:9
(lldb)  frame variable a -f dec 
(int) a = -2146269600
(lldb)  frame variable b -f dec 
(int) b = -576
(lldb)  continue
Process 72788 resuming
Command #5 'continue' continued the target.
(lldb)  frame info
frame #0: 0x00005555555bb429 modified_fuzz`gcd(a=-2146269312, b=-288) at modified.c:9:9
(lldb)  frame variable a -f dec 
(int) a = -2146269312
(lldb)  frame variable b -f dec 
(int) b = -288
(lldb)  continue
Process 72788 resuming
Command #5 'continue' continued the target.
(lldb)  frame info
frame #0: 0x00005555555bb429 modified_fuzz`gcd(a=-2146269312, b=0) at modified.c:9:9
(lldb)  frame variable a -f dec 
(int) a = -2146269312
(lldb)  frame variable b -f dec 
(int) b = 0
(lldb)  continue
Process 72788 resuming
Command #5 'continue' continued the target.
Executed /script/motivating_example/sample_set/gcd/fuzzing_test/modified_inputs/27e47009512b6a96304f22b7d6d1b2ad091b57fc in 25 ms
***
*** NOTE: fuzzing was not performed, you have only
***       executed the target code on a fixed set of inputs.
***
Process 72788 exited with status = 0 (0x00000000)
Process 72788 launched: '/script/motivating_example/sample_set/gcd/modified_fuzz' (x86_64)
(lldb) quit