(lldb) target create "modified_fuzz"
Current executable set to '/script/motivating_example/sample_set/gcd/modified_fuzz' (x86_64).
(lldb) command source -s 0 '/script/motivating_example/sample_set/gcd/fuzzing_test/modified_debug/script/c43bdfe39c19439351e90fd2f024f590835c44fa/batch.lldb'
Executing commands in '/script/motivating_example/sample_set/gcd/fuzzing_test/modified_debug/script/c43bdfe39c19439351e90fd2f024f590835c44fa/batch.lldb'.
(lldb) settings set interpreter.stop-command-source-on-error 0
(lldb) settings set auto-confirm 1
(lldb) breakpoint set --file /script/motivating_example/sample_set/gcd/modified.c --line 9
Breakpoint 1: where = modified_fuzz`gcd + 121 at modified.c:9:9, address = 0x0000000000067429
(lldb) breakpoint command add 1
(lldb) run /script/motivating_example/sample_set/gcd/fuzzing_test/modified_inputs/c43bdfe39c19439351e90fd2f024f590835c44fa
INFO: Running with entropic power schedule (0xFF, 100).
INFO: Seed: 2092115026
INFO: Loaded 1 modules   (10 inline 8-bit counters): 10 [0x5555555defb0, 0x5555555defba), 
INFO: Loaded 1 PC tables (10 PCs): 10 [0x5555555defc0,0x5555555df060), 
/script/motivating_example/sample_set/gcd/modified_fuzz: Running 1 inputs 1 time(s) each.
Running: /script/motivating_example/sample_set/gcd/fuzzing_test/modified_inputs/c43bdfe39c19439351e90fd2f024f590835c44fa
(lldb)  frame info
frame #0: 0x00005555555bb429 modified_fuzz`gcd(a=992601267, b=7244) at modified.c:9:9
(lldb)  frame variable a -f dec 
(int) a = 992601267
(lldb)  frame variable b -f dec 
(int) b = 7244
(lldb)  continue
Process 75151 resuming
Command #5 'continue' continued the target.
(lldb)  frame info
frame #0: 0x00005555555bb429 modified_fuzz`gcd(a=992594612, b=6655) at modified.c:9:9
(lldb)  frame variable a -f dec 
(int) a = 992594612
(lldb)  frame variable b -f dec 
(int) b = 6655
(lldb)  continue
Process 75151 resuming
Command #5 'continue' continued the target.
(lldb)  frame info
frame #0: 0x00005555555bb429 modified_fuzz`gcd(a=992593250, b=1362) at modified.c:9:9
(lldb)  frame variable a -f dec 
(int) a = 992593250
(lldb)  frame variable b -f dec 
(int) b = 1362
(lldb)  continue
Process 75151 resuming
Command #5 'continue' continued the target.
(lldb)  frame info
frame #0: 0x00005555555bb429 modified_fuzz`gcd(a=992592912, b=338) at modified.c:9:9
(lldb)  frame variable a -f dec 
(int) a = 992592912
(lldb)  frame variable b -f dec 
(int) b = 338
(lldb)  continue
Process 75151 resuming
Command #5 'continue' continued the target.
(lldb)  frame info
frame #0: 0x00005555555bb429 modified_fuzz`gcd(a=992592770, b=142) at modified.c:9:9
(lldb)  frame variable a -f dec 
(int) a = 992592770
(lldb)  frame variable b -f dec 
(int) b = 142
(lldb)  continue
Process 75151 resuming
Command #5 'continue' continued the target.
(lldb)  frame info
frame #0: 0x00005555555bb429 modified_fuzz`gcd(a=992592638, b=132) at modified.c:9:9
(lldb)  frame variable a -f dec 
(int) a = 992592638
(lldb)  frame variable b -f dec 
(int) b = 132
(lldb)  continue
Process 75151 resuming
Command #5 'continue' continued the target.
(lldb)  frame info
frame #0: 0x00005555555bb429 modified_fuzz`gcd(a=992592612, b=26) at modified.c:9:9
(lldb)  frame variable a -f dec 
(int) a = 992592612
(lldb)  frame variable b -f dec 
(int) b = 26
(lldb)  continue
Process 75151 resuming
Command #5 'continue' continued the target.
(lldb)  frame info
frame #0: 0x00005555555bb429 modified_fuzz`gcd(a=992592588, b=24) at modified.c:9:9
(lldb)  frame variable a -f dec 
(int) a = 992592588
(lldb)  frame variable b -f dec 
(int) b = 24
(lldb)  continue
Process 75151 resuming
Command #5 'continue' continued the target.
(lldb)  frame info
frame #0: 0x00005555555bb429 modified_fuzz`gcd(a=992592576, b=12) at modified.c:9:9
(lldb)  frame variable a -f dec 
(int) a = 992592576
(lldb)  frame variable b -f dec 
(int) b = 12
(lldb)  continue
Process 75151 resuming
Command #5 'continue' continued the target.
(lldb)  frame info
frame #0: 0x00005555555bb429 modified_fuzz`gcd(a=992592576, b=0) at modified.c:9:9
(lldb)  frame variable a -f dec 
(int) a = 992592576
(lldb)  frame variable b -f dec 
(int) b = 0
(lldb)  continue
Process 75151 resuming
Command #5 'continue' continued the target.
Executed /script/motivating_example/sample_set/gcd/fuzzing_test/modified_inputs/c43bdfe39c19439351e90fd2f024f590835c44fa in 28 ms
***
*** NOTE: fuzzing was not performed, you have only
***       executed the target code on a fixed set of inputs.
***
Process 75151 exited with status = 0 (0x00000000)
Process 75151 launched: '/script/motivating_example/sample_set/gcd/modified_fuzz' (x86_64)
(lldb) quit