(lldb) target create "modified_fuzz"
Current executable set to '/script/motivating_example/sample_set/gcd/modified_fuzz' (x86_64).
(lldb) command source -s 0 '/script/motivating_example/sample_set/gcd/fuzzing_test/modified_debug/script/b6c23f89cdf4f7a8cd25801160d3fba291a4ca9a/batch.lldb'
Executing commands in '/script/motivating_example/sample_set/gcd/fuzzing_test/modified_debug/script/b6c23f89cdf4f7a8cd25801160d3fba291a4ca9a/batch.lldb'.
(lldb) settings set interpreter.stop-command-source-on-error 0
(lldb) settings set auto-confirm 1
(lldb) breakpoint set --file /script/motivating_example/sample_set/gcd/modified.c --line 9
Breakpoint 1: where = modified_fuzz`gcd + 121 at modified.c:9:9, address = 0x0000000000067429
(lldb) breakpoint command add 1
(lldb) run /script/motivating_example/sample_set/gcd/fuzzing_test/modified_inputs/b6c23f89cdf4f7a8cd25801160d3fba291a4ca9a
INFO: Running with entropic power schedule (0xFF, 100).
INFO: Seed: 3939738329
INFO: Loaded 1 modules   (10 inline 8-bit counters): 10 [0x5555555defb0, 0x5555555defba), 
INFO: Loaded 1 PC tables (10 PCs): 10 [0x5555555defc0,0x5555555df060), 
/script/motivating_example/sample_set/gcd/modified_fuzz: Running 1 inputs 1 time(s) each.
Running: /script/motivating_example/sample_set/gcd/fuzzing_test/modified_inputs/b6c23f89cdf4f7a8cd25801160d3fba291a4ca9a
(lldb)  frame info
frame #0: 0x00005555555bb429 modified_fuzz`gcd(a=-2145910816, b=-1572832) at modified.c:9:9
(lldb)  frame variable a -f dec 
(int) a = -2145910816
(lldb)  frame variable b -f dec 
(int) b = -1572832
(lldb)  continue
Process 74995 resuming
Command #5 'continue' continued the target.
(lldb)  frame info
frame #0: 0x00005555555bb429 modified_fuzz`gcd(a=-2145342848, b=-567968) at modified.c:9:9
(lldb)  frame variable a -f dec 
(int) a = -2145342848
(lldb)  frame variable b -f dec 
(int) b = -567968
(lldb)  continue
Process 74995 resuming
Command #5 'continue' continued the target.
(lldb)  frame info
frame #0: 0x00005555555bb429 modified_fuzz`gcd(a=-2145215136, b=-127712) at modified.c:9:9
(lldb)  frame variable a -f dec 
(int) a = -2145215136
(lldb)  frame variable b -f dec 
(int) b = -127712
(lldb)  continue
Process 74995 resuming
Command #5 'continue' continued the target.
(lldb)  frame info
frame #0: 0x00005555555bb429 modified_fuzz`gcd(a=-2145178464, b=-36672) at modified.c:9:9
(lldb)  frame variable a -f dec 
(int) a = -2145178464
(lldb)  frame variable b -f dec 
(int) b = -36672
(lldb)  continue
Process 74995 resuming
Command #5 'continue' continued the target.
(lldb)  frame info
frame #0: 0x00005555555bb429 modified_fuzz`gcd(a=-2145165312, b=-13152) at modified.c:9:9
(lldb)  frame variable a -f dec 
(int) a = -2145165312
(lldb)  frame variable b -f dec 
(int) b = -13152
(lldb)  continue
Process 74995 resuming
Command #5 'continue' continued the target.
(lldb)  frame info
frame #0: 0x00005555555bb429 modified_fuzz`gcd(a=-2145156960, b=-8352) at modified.c:9:9
(lldb)  frame variable a -f dec 
(int) a = -2145156960
(lldb)  frame variable b -f dec 
(int) b = -8352
(lldb)  continue
Process 74995 resuming
Command #5 'continue' continued the target.
(lldb)  frame info
frame #0: 0x00005555555bb429 modified_fuzz`gcd(a=-2145152736, b=-4224) at modified.c:9:9
(lldb)  frame variable a -f dec 
(int) a = -2145152736
(lldb)  frame variable b -f dec 
(int) b = -4224
(lldb)  continue
Process 74995 resuming
Command #5 'continue' continued the target.
(lldb)  frame info
frame #0: 0x00005555555bb429 modified_fuzz`gcd(a=-2145149952, b=-2784) at modified.c:9:9
(lldb)  frame variable a -f dec 
(int) a = -2145149952
(lldb)  frame variable b -f dec 
(int) b = -2784
(lldb)  continue
Process 74995 resuming
Command #5 'continue' continued the target.
(lldb)  frame info
frame #0: 0x00005555555bb429 modified_fuzz`gcd(a=-2145149952, b=0) at modified.c:9:9
(lldb)  frame variable a -f dec 
(int) a = -2145149952
(lldb)  frame variable b -f dec 
(int) b = 0
(lldb)  continue
Process 74995 resuming
Command #5 'continue' continued the target.
Executed /script/motivating_example/sample_set/gcd/fuzzing_test/modified_inputs/b6c23f89cdf4f7a8cd25801160d3fba291a4ca9a in 21 ms
***
*** NOTE: fuzzing was not performed, you have only
***       executed the target code on a fixed set of inputs.
***
Process 74995 exited with status = 0 (0x00000000)
Process 74995 launched: '/script/motivating_example/sample_set/gcd/modified_fuzz' (x86_64)
(lldb) quit
