(lldb) target create "original_1_fuzz"
Current executable set to '/script/motivating_example/sample_set/bubble_sort/original_1_fuzz' (x86_64).
(lldb) command source -s 0 '/script/motivating_example/sample_set/bubble_sort/fuzzing_test/original_1_debug/script/afeeb6568cbe72e6d9c2e8f39b9c05b8ef2d4a1f/batch.lldb'
Executing commands in '/script/motivating_example/sample_set/bubble_sort/fuzzing_test/original_1_debug/script/afeeb6568cbe72e6d9c2e8f39b9c05b8ef2d4a1f/batch.lldb'.
(lldb) settings set interpreter.stop-command-source-on-error 0
(lldb) settings set auto-confirm 1
(lldb) breakpoint set --file /script/motivating_example/sample_set/bubble_sort/original_1.c --line 15
Breakpoint 1: where = original_1_fuzz`bubble_sort + 325 at original_1.c:15:17, address = 0x00000000000674f5
(lldb) breakpoint command add 1
(lldb) run /script/motivating_example/sample_set/bubble_sort/fuzzing_test/modified_inputs/afeeb6568cbe72e6d9c2e8f39b9c05b8ef2d4a1f
INFO: Running with entropic power schedule (0xFF, 100).
INFO: Seed: 3043835812
INFO: Loaded 1 modules   (11 inline 8-bit counters): 11 [0x5555555defc0, 0x5555555defcb), 
INFO: Loaded 1 PC tables (11 PCs): 11 [0x5555555defd0,0x5555555df080), 
/script/motivating_example/sample_set/bubble_sort/original_1_fuzz: Running 1 inputs 1 time(s) each.
Running: /script/motivating_example/sample_set/bubble_sort/fuzzing_test/modified_inputs/afeeb6568cbe72e6d9c2e8f39b9c05b8ef2d4a1f
Executed /script/motivating_example/sample_set/bubble_sort/fuzzing_test/modified_inputs/afeeb6568cbe72e6d9c2e8f39b9c05b8ef2d4a1f in 0 ms
***
*** NOTE: fuzzing was not performed, you have only
***       executed the target code on a fixed set of inputs.
***
Process 131973 exited with status = 0 (0x00000000)
Process 131973 launched: '/script/motivating_example/sample_set/bubble_sort/original_1_fuzz' (x86_64)
(lldb) quit