(lldb) target create "original_2_fuzz"
Current executable set to '/script/motivating_example/sample_set/gcd/original_2_fuzz' (x86_64).
(lldb) command source -s 0 '/script/motivating_example/sample_set/gcd/fuzzing_test/original_2_debug/script/4ee4fcabbd9e67809c384a8a865e1a35fad79906/batch.lldb'
Executing commands in '/script/motivating_example/sample_set/gcd/fuzzing_test/original_2_debug/script/4ee4fcabbd9e67809c384a8a865e1a35fad79906/batch.lldb'.
(lldb) settings set interpreter.stop-command-source-on-error 0
(lldb) settings set auto-confirm 1
(lldb) breakpoint set --file /script/motivating_example/sample_set/gcd/original_2.c --line 6
Breakpoint 1: where = original_2_fuzz`gcd + 82 at original_2.c:6:5, address = 0x0000000000067402
(lldb) breakpoint command add 1
(lldb) run /script/motivating_example/sample_set/gcd/fuzzing_test/modified_inputs/4ee4fcabbd9e67809c384a8a865e1a35fad79906
INFO: Running with entropic power schedule (0xFF, 100).
INFO: Seed: 1009268489
INFO: Loaded 1 modules   (10 inline 8-bit counters): 10 [0x5555555defb0, 0x5555555defba), 
INFO: Loaded 1 PC tables (10 PCs): 10 [0x5555555defc0,0x5555555df060), 
/script/motivating_example/sample_set/gcd/original_2_fuzz: Running 1 inputs 1 time(s) each.
Running: /script/motivating_example/sample_set/gcd/fuzzing_test/modified_inputs/4ee4fcabbd9e67809c384a8a865e1a35fad79906
(lldb)  frame info
frame #0: 0x00005555555bb402 original_2_fuzz`gcd(a=3892839, b=989856000) at original_2.c:6:5
(lldb)  frame variable a -f dec 
(int) a = 3892839
(lldb)  frame variable b -f dec 
(int) b = 989856000
(lldb)  continue
Process 90232 resuming
Command #5 'continue' continued the target.
(lldb)  frame info
frame #0: 0x00005555555bb402 original_2_fuzz`gcd(a=989856000, b=3892839) at original_2.c:6:5
(lldb)  frame variable a -f dec 
(int) a = 989856000
(lldb)  frame variable b -f dec 
(int) b = 3892839
(lldb)  continue
Process 90232 resuming
Command #5 'continue' continued the target.
(lldb)  frame info
frame #0: 0x00005555555bb402 original_2_fuzz`gcd(a=3892839, b=1074894) at original_2.c:6:5
(lldb)  frame variable a -f dec 
(int) a = 3892839
(lldb)  frame variable b -f dec 
(int) b = 1074894
(lldb)  continue
Process 90232 resuming
Command #5 'continue' continued the target.
(lldb)  frame info
frame #0: 0x00005555555bb402 original_2_fuzz`gcd(a=1074894, b=668157) at original_2.c:6:5
(lldb)  frame variable a -f dec 
(int) a = 1074894
(lldb)  frame variable b -f dec 
(int) b = 668157
(lldb)  continue
Process 90232 resuming
Command #5 'continue' continued the target.
(lldb)  frame info
frame #0: 0x00005555555bb402 original_2_fuzz`gcd(a=668157, b=406737) at original_2.c:6:5
(lldb)  frame variable a -f dec 
(int) a = 668157
(lldb)  frame variable b -f dec 
(int) b = 406737
(lldb)  continue
Process 90232 resuming
Command #5 'continue' continued the target.
(lldb)  frame info
frame #0: 0x00005555555bb402 original_2_fuzz`gcd(a=406737, b=261420) at original_2.c:6:5
(lldb)  frame variable a -f dec 
(int) a = 406737
(lldb)  frame variable b -f dec 
(int) b = 261420
(lldb)  continue
Process 90232 resuming
Command #5 'continue' continued the target.
(lldb)  frame info
frame #0: 0x00005555555bb402 original_2_fuzz`gcd(a=261420, b=145317) at original_2.c:6:5
(lldb)  frame variable a -f dec 
(int) a = 261420
(lldb)  frame variable b -f dec 
(int) b = 145317
(lldb)  continue
Process 90232 resuming
Command #5 'continue' continued the target.
(lldb)  frame info
frame #0: 0x00005555555bb402 original_2_fuzz`gcd(a=145317, b=116103) at original_2.c:6:5
(lldb)  frame variable a -f dec 
(int) a = 145317
(lldb)  frame variable b -f dec 
(int) b = 116103
(lldb)  continue
Process 90232 resuming
Command #5 'continue' continued the target.
(lldb)  frame info
frame #0: 0x00005555555bb402 original_2_fuzz`gcd(a=116103, b=29214) at original_2.c:6:5
(lldb)  frame variable a -f dec 
(int) a = 116103
(lldb)  frame variable b -f dec 
(int) b = 29214
(lldb)  continue
Process 90232 resuming
Command #5 'continue' continued the target.
(lldb)  frame info
frame #0: 0x00005555555bb402 original_2_fuzz`gcd(a=29214, b=28461) at original_2.c:6:5
(lldb)  frame variable a -f dec 
(int) a = 29214
(lldb)  frame variable b -f dec 
(int) b = 28461
(lldb)  continue
Process 90232 resuming
Command #5 'continue' continued the target.
(lldb)  frame info
frame #0: 0x00005555555bb402 original_2_fuzz`gcd(a=28461, b=753) at original_2.c:6:5
(lldb)  frame variable a -f dec 
(int) a = 28461
(lldb)  frame variable b -f dec 
(int) b = 753
(lldb)  continue
Process 90232 resuming
Command #5 'continue' continued the target.
(lldb)  frame info
frame #0: 0x00005555555bb402 original_2_fuzz`gcd(a=753, b=600) at original_2.c:6:5
(lldb)  frame variable a -f dec 
(int) a = 753
(lldb)  frame variable b -f dec 
(int) b = 600
(lldb)  continue
Process 90232 resuming
Command #5 'continue' continued the target.
(lldb)  frame info
frame #0: 0x00005555555bb402 original_2_fuzz`gcd(a=600, b=153) at original_2.c:6:5
(lldb)  frame variable a -f dec 
(int) a = 600
(lldb)  frame variable b -f dec 
(int) b = 153
(lldb)  continue
Process 90232 resuming
Command #5 'continue' continued the target.
(lldb)  frame info
frame #0: 0x00005555555bb402 original_2_fuzz`gcd(a=153, b=141) at original_2.c:6:5
(lldb)  frame variable a -f dec 
(int) a = 153
(lldb)  frame variable b -f dec 
(int) b = 141
(lldb)  continue
Process 90232 resuming
Command #5 'continue' continued the target.
(lldb)  frame info
frame #0: 0x00005555555bb402 original_2_fuzz`gcd(a=141, b=12) at original_2.c:6:5
(lldb)  frame variable a -f dec 
(int) a = 141
(lldb)  frame variable b -f dec 
(int) b = 12
(lldb)  continue
Process 90232 resuming
Command #5 'continue' continued the target.
(lldb)  frame info
frame #0: 0x00005555555bb402 original_2_fuzz`gcd(a=12, b=9) at original_2.c:6:5
(lldb)  frame variable a -f dec 
(int) a = 12
(lldb)  frame variable b -f dec 
(int) b = 9
(lldb)  continue
Process 90232 resuming
Command #5 'continue' continued the target.
(lldb)  frame info
frame #0: 0x00005555555bb402 original_2_fuzz`gcd(a=9, b=3) at original_2.c:6:5
(lldb)  frame variable a -f dec 
(int) a = 9
(lldb)  frame variable b -f dec 
(int) b = 3
(lldb)  continue
Process 90232 resuming
Command #5 'continue' continued the target.
(lldb)  frame info
frame #0: 0x00005555555bb402 original_2_fuzz`gcd(a=3, b=0) at original_2.c:6:5
(lldb)  frame variable a -f dec 
(int) a = 3
(lldb)  frame variable b -f dec 
(int) b = 0
(lldb)  continue
Process 90232 resuming
Command #5 'continue' continued the target.
Executed /script/motivating_example/sample_set/gcd/fuzzing_test/modified_inputs/4ee4fcabbd9e67809c384a8a865e1a35fad79906 in 39 ms
***
*** NOTE: fuzzing was not performed, you have only
***       executed the target code on a fixed set of inputs.
***
Process 90232 exited with status = 0 (0x00000000)
Process 90232 launched: '/script/motivating_example/sample_set/gcd/original_2_fuzz' (x86_64)
(lldb) quit