(lldb) target create "modified_fuzz"
Current executable set to '/script/motivating_example/sample_set/gcd/modified_fuzz' (x86_64).
(lldb) command source -s 0 '/script/motivating_example/sample_set/gcd/fuzzing_test/modified_debug/script/4a72dc6e11712a81c62f5eb909fd00f815b438b1/batch.lldb'
Executing commands in '/script/motivating_example/sample_set/gcd/fuzzing_test/modified_debug/script/4a72dc6e11712a81c62f5eb909fd00f815b438b1/batch.lldb'.
(lldb) settings set interpreter.stop-command-source-on-error 0
(lldb) settings set auto-confirm 1
(lldb) breakpoint set --file /script/motivating_example/sample_set/gcd/modified.c --line 9
Breakpoint 1: where = modified_fuzz`gcd + 121 at modified.c:9:9, address = 0x0000000000067429
(lldb) breakpoint command add 1
(lldb) run /script/motivating_example/sample_set/gcd/fuzzing_test/modified_inputs/4a72dc6e11712a81c62f5eb909fd00f815b438b1
INFO: Running with entropic power schedule (0xFF, 100).
INFO: Seed: 3743803642
INFO: Loaded 1 modules   (10 inline 8-bit counters): 10 [0x5555555defb0, 0x5555555defba), 
INFO: Loaded 1 PC tables (10 PCs): 10 [0x5555555defc0,0x5555555df060), 
/script/motivating_example/sample_set/gcd/modified_fuzz: Running 1 inputs 1 time(s) each.
Running: /script/motivating_example/sample_set/gcd/fuzzing_test/modified_inputs/4a72dc6e11712a81c62f5eb909fd00f815b438b1
(lldb)  frame info
frame #0: 0x00005555555bb429 modified_fuzz`gcd(a=-980387840, b=-9467905) at modified.c:9:9
(lldb)  frame variable a -f dec 
(int) a = -980387840
(lldb)  frame variable b -f dec 
(int) b = -9467905
(lldb)  continue
Process 73433 resuming
Command #5 'continue' continued the target.
(lldb)  frame info
frame #0: 0x00005555555bb429 modified_fuzz`gcd(a=-975194215, b=-5193625) at modified.c:9:9
(lldb)  frame variable a -f dec 
(int) a = -975194215
(lldb)  frame variable b -f dec 
(int) b = -5193625
(lldb)  continue
Process 73433 resuming
Command #5 'continue' continued the target.
(lldb)  frame info
frame #0: 0x00005555555bb429 modified_fuzz`gcd(a=-971207875, b=-3986340) at modified.c:9:9
(lldb)  frame variable a -f dec 
(int) a = -971207875
(lldb)  frame variable b -f dec 
(int) b = -3986340
(lldb)  continue
Process 73433 resuming
Command #5 'continue' continued the target.
(lldb)  frame info
frame #0: 0x00005555555bb429 modified_fuzz`gcd(a=-968680620, b=-2527255) at modified.c:9:9
(lldb)  frame variable a -f dec 
(int) a = -968680620
(lldb)  frame variable b -f dec 
(int) b = -2527255
(lldb)  continue
Process 73433 resuming
Command #5 'continue' continued the target.
(lldb)  frame info
frame #0: 0x00005555555bb429 modified_fuzz`gcd(a=-967938665, b=-741955) at modified.c:9:9
(lldb)  frame variable a -f dec 
(int) a = -967938665
(lldb)  frame variable b -f dec 
(int) b = -741955
(lldb)  continue
Process 73433 resuming
Command #5 'continue' continued the target.
(lldb)  frame info
frame #0: 0x00005555555bb429 modified_fuzz`gcd(a=-967509320, b=-429345) at modified.c:9:9
(lldb)  frame variable a -f dec 
(int) a = -967509320
(lldb)  frame variable b -f dec 
(int) b = -429345
(lldb)  continue
Process 73433 resuming
Command #5 'continue' continued the target.
(lldb)  frame info
frame #0: 0x00005555555bb429 modified_fuzz`gcd(a=-967314285, b=-195035) at modified.c:9:9
(lldb)  frame variable a -f dec 
(int) a = -967314285
(lldb)  frame variable b -f dec 
(int) b = -195035
(lldb)  continue
Process 73433 resuming
Command #5 'continue' continued the target.
(lldb)  frame info
frame #0: 0x00005555555bb429 modified_fuzz`gcd(a=-967178565, b=-135720) at modified.c:9:9
(lldb)  frame variable a -f dec 
(int) a = -967178565
(lldb)  frame variable b -f dec 
(int) b = -135720
(lldb)  continue
Process 73433 resuming
Command #5 'continue' continued the target.
(lldb)  frame info
frame #0: 0x00005555555bb429 modified_fuzz`gcd(a=-967140720, b=-37845) at modified.c:9:9
(lldb)  frame variable a -f dec 
(int) a = -967140720
(lldb)  frame variable b -f dec 
(int) b = -37845
(lldb)  continue
Process 73433 resuming
Command #5 'continue' continued the target.
(lldb)  frame info
frame #0: 0x00005555555bb429 modified_fuzz`gcd(a=-967128975, b=-11745) at modified.c:9:9
(lldb)  frame variable a -f dec 
(int) a = -967128975
(lldb)  frame variable b -f dec 
(int) b = -11745
(lldb)  continue
Process 73433 resuming
Command #5 'continue' continued the target.
(lldb)  frame info
frame #0: 0x00005555555bb429 modified_fuzz`gcd(a=-967118535, b=-10440) at modified.c:9:9
(lldb)  frame variable a -f dec 
(int) a = -967118535
(lldb)  frame variable b -f dec 
(int) b = -10440
(lldb)  continue
Process 73433 resuming
Command #5 'continue' continued the target.
(lldb)  frame info
frame #0: 0x00005555555bb429 modified_fuzz`gcd(a=-967109400, b=-9135) at modified.c:9:9
(lldb)  frame variable a -f dec 
(int) a = -967109400
(lldb)  frame variable b -f dec 
(int) b = -9135
(lldb)  continue
Process 73433 resuming
Command #5 'continue' continued the target.
(lldb)  frame info
frame #0: 0x00005555555bb429 modified_fuzz`gcd(a=-967104180, b=-5220) at modified.c:9:9
(lldb)  frame variable a -f dec 
(int) a = -967104180
(lldb)  frame variable b -f dec 
(int) b = -5220
(lldb)  continue
Process 73433 resuming
Command #5 'continue' continued the target.
(lldb)  frame info
frame #0: 0x00005555555bb429 modified_fuzz`gcd(a=-967104180, b=0) at modified.c:9:9
(lldb)  frame variable a -f dec 
(int) a = -967104180
(lldb)  frame variable b -f dec 
(int) b = 0
(lldb)  continue
Process 73433 resuming
Command #5 'continue' continued the target.
Executed /script/motivating_example/sample_set/gcd/fuzzing_test/modified_inputs/4a72dc6e11712a81c62f5eb909fd00f815b438b1 in 34 ms
***
*** NOTE: fuzzing was not performed, you have only
***       executed the target code on a fixed set of inputs.
***
Process 73433 exited with status = 0 (0x00000000)
Process 73433 launched: '/script/motivating_example/sample_set/gcd/modified_fuzz' (x86_64)
(lldb) quit