(lldb) target create "original_1_fuzz"
Current executable set to '/script/motivating_example/sample_set/gcd/original_1_fuzz' (x86_64).
(lldb) command source -s 0 '/script/motivating_example/sample_set/gcd/fuzzing_test/original_1_debug/script/abd0fb53aff07d5f7444e3914b9d70dee308fd64/batch.lldb'
Executing commands in '/script/motivating_example/sample_set/gcd/fuzzing_test/original_1_debug/script/abd0fb53aff07d5f7444e3914b9d70dee308fd64/batch.lldb'.
(lldb) settings set interpreter.stop-command-source-on-error 0
(lldb) settings set auto-confirm 1
(lldb) breakpoint set --file /script/motivating_example/sample_set/gcd/original_1.c --line 10
Breakpoint 1: where = original_1_fuzz`gcd + 124 at original_1.c:10:9, address = 0x000000000006742c
(lldb) breakpoint command add 1
(lldb) run /script/motivating_example/sample_set/gcd/fuzzing_test/modified_inputs/abd0fb53aff07d5f7444e3914b9d70dee308fd64
INFO: Running with entropic power schedule (0xFF, 100).
INFO: Seed: 3594246474
INFO: Loaded 1 modules   (10 inline 8-bit counters): 10 [0x5555555defb0, 0x5555555defba), 
INFO: Loaded 1 PC tables (10 PCs): 10 [0x5555555defc0,0x5555555df060), 
/script/motivating_example/sample_set/gcd/original_1_fuzz: Running 1 inputs 1 time(s) each.
Running: /script/motivating_example/sample_set/gcd/fuzzing_test/modified_inputs/abd0fb53aff07d5f7444e3914b9d70dee308fd64
(lldb)  frame info
frame #0: 0x00005555555bb42c original_1_fuzz`gcd(a=-261889, b=-255737) at original_1.c:10:9
(lldb)  frame variable a -f dec 
(int) a = -261889
(lldb)  frame variable b -f dec 
(int) b = -255737
(lldb)  continue
Process 83056 resuming
Command #5 'continue' continued the target.
(lldb)  frame info
frame #0: 0x00005555555bb42c original_1_fuzz`gcd(a=-255737, b=-6152) at original_1.c:10:9
(lldb)  frame variable a -f dec 
(int) a = -255737
(lldb)  frame variable b -f dec 
(int) b = -6152
(lldb)  continue
Process 83056 resuming
Command #5 'continue' continued the target.
(lldb)  frame info
frame #0: 0x00005555555bb42c original_1_fuzz`gcd(a=-6152, b=-3505) at original_1.c:10:9
(lldb)  frame variable a -f dec 
(int) a = -6152
(lldb)  frame variable b -f dec 
(int) b = -3505
(lldb)  continue
Process 83056 resuming
Command #5 'continue' continued the target.
(lldb)  frame info
frame #0: 0x00005555555bb42c original_1_fuzz`gcd(a=-3505, b=-2647) at original_1.c:10:9
(lldb)  frame variable a -f dec 
(int) a = -3505
(lldb)  frame variable b -f dec 
(int) b = -2647
(lldb)  continue
Process 83056 resuming
Command #5 'continue' continued the target.
(lldb)  frame info
frame #0: 0x00005555555bb42c original_1_fuzz`gcd(a=-2647, b=-858) at original_1.c:10:9
(lldb)  frame variable a -f dec 
(int) a = -2647
(lldb)  frame variable b -f dec 
(int) b = -858
(lldb)  continue
Process 83056 resuming
Command #5 'continue' continued the target.
(lldb)  frame info
frame #0: 0x00005555555bb42c original_1_fuzz`gcd(a=-858, b=-73) at original_1.c:10:9
(lldb)  frame variable a -f dec 
(int) a = -858
(lldb)  frame variable b -f dec 
(int) b = -73
(lldb)  continue
Process 83056 resuming
Command #5 'continue' continued the target.
(lldb)  frame info
frame #0: 0x00005555555bb42c original_1_fuzz`gcd(a=-73, b=-55) at original_1.c:10:9
(lldb)  frame variable a -f dec 
(int) a = -73
(lldb)  frame variable b -f dec 
(int) b = -55
(lldb)  continue
Process 83056 resuming
Command #5 'continue' continued the target.
(lldb)  frame info
frame #0: 0x00005555555bb42c original_1_fuzz`gcd(a=-55, b=-18) at original_1.c:10:9
(lldb)  frame variable a -f dec 
(int) a = -55
(lldb)  frame variable b -f dec 
(int) b = -18
(lldb)  continue
Process 83056 resuming
Command #5 'continue' continued the target.
(lldb)  frame info
frame #0: 0x00005555555bb42c original_1_fuzz`gcd(a=-18, b=-1) at original_1.c:10:9
(lldb)  frame variable a -f dec 
(int) a = -18
(lldb)  frame variable b -f dec 
(int) b = -1
(lldb)  continue
Process 83056 resuming
Command #5 'continue' continued the target.
(lldb)  frame info
frame #0: 0x00005555555bb42c original_1_fuzz`gcd(a=-1, b=0) at original_1.c:10:9
(lldb)  frame variable a -f dec 
(int) a = -1
(lldb)  frame variable b -f dec 
(int) b = 0
(lldb)  continue
Process 83056 resuming
Command #5 'continue' continued the target.
Executed /script/motivating_example/sample_set/gcd/fuzzing_test/modified_inputs/abd0fb53aff07d5f7444e3914b9d70dee308fd64 in 21 ms
***
*** NOTE: fuzzing was not performed, you have only
***       executed the target code on a fixed set of inputs.
***
Process 83056 exited with status = 0 (0x00000000)
Process 83056 launched: '/script/motivating_example/sample_set/gcd/original_1_fuzz' (x86_64)
(lldb) quit