(lldb) target create "original_2_fuzz"
Current executable set to '/script/motivating_example/sample_set/gcd/original_2_fuzz' (x86_64).
(lldb) command source -s 0 '/script/motivating_example/sample_set/gcd/fuzzing_test/original_2_debug/script/71ea3c4e350245a57c2f324d670848ad8cbf4644/batch.lldb'
Executing commands in '/script/motivating_example/sample_set/gcd/fuzzing_test/original_2_debug/script/71ea3c4e350245a57c2f324d670848ad8cbf4644/batch.lldb'.
(lldb) settings set interpreter.stop-command-source-on-error 0
(lldb) settings set auto-confirm 1
(lldb) breakpoint set --file /script/motivating_example/sample_set/gcd/original_2.c --line 6
Breakpoint 1: where = original_2_fuzz`gcd + 82 at original_2.c:6:5, address = 0x0000000000067402
(lldb) breakpoint command add 1
(lldb) run /script/motivating_example/sample_set/gcd/fuzzing_test/modified_inputs/71ea3c4e350245a57c2f324d670848ad8cbf4644
INFO: Running with entropic power schedule (0xFF, 100).
INFO: Seed: 99917962
INFO: Loaded 1 modules   (10 inline 8-bit counters): 10 [0x5555555defb0, 0x5555555defba), 
INFO: Loaded 1 PC tables (10 PCs): 10 [0x5555555defc0,0x5555555df060), 
/script/motivating_example/sample_set/gcd/original_2_fuzz: Running 1 inputs 1 time(s) each.
Running: /script/motivating_example/sample_set/gcd/fuzzing_test/modified_inputs/71ea3c4e350245a57c2f324d670848ad8cbf4644
(lldb)  frame info
frame #0: 0x00005555555bb402 original_2_fuzz`gcd(a=1734739976, b=138095104) at original_2.c:6:5
(lldb)  frame variable a -f dec 
(int) a = 1734739976
(lldb)  frame variable b -f dec 
(int) b = 138095104
(lldb)  continue
Process 90694 resuming
Command #5 'continue' continued the target.
(lldb)  frame info
frame #0: 0x00005555555bb402 original_2_fuzz`gcd(a=138095104, b=77598728) at original_2.c:6:5
(lldb)  frame variable a -f dec 
(int) a = 138095104
(lldb)  frame variable b -f dec 
(int) b = 77598728
(lldb)  continue
Process 90694 resuming
Command #5 'continue' continued the target.
(lldb)  frame info
frame #0: 0x00005555555bb402 original_2_fuzz`gcd(a=77598728, b=60496376) at original_2.c:6:5
(lldb)  frame variable a -f dec 
(int) a = 77598728
(lldb)  frame variable b -f dec 
(int) b = 60496376
(lldb)  continue
Process 90694 resuming
Command #5 'continue' continued the target.
(lldb)  frame info
frame #0: 0x00005555555bb402 original_2_fuzz`gcd(a=60496376, b=17102352) at original_2.c:6:5
(lldb)  frame variable a -f dec 
(int) a = 60496376
(lldb)  frame variable b -f dec 
(int) b = 17102352
(lldb)  continue
Process 90694 resuming
Command #5 'continue' continued the target.
(lldb)  frame info
frame #0: 0x00005555555bb402 original_2_fuzz`gcd(a=17102352, b=9189320) at original_2.c:6:5
(lldb)  frame variable a -f dec 
(int) a = 17102352
(lldb)  frame variable b -f dec 
(int) b = 9189320
(lldb)  continue
Process 90694 resuming
Command #5 'continue' continued the target.
(lldb)  frame info
frame #0: 0x00005555555bb402 original_2_fuzz`gcd(a=9189320, b=7913032) at original_2.c:6:5
(lldb)  frame variable a -f dec 
(int) a = 9189320
(lldb)  frame variable b -f dec 
(int) b = 7913032
(lldb)  continue
Process 90694 resuming
Command #5 'continue' continued the target.
(lldb)  frame info
frame #0: 0x00005555555bb402 original_2_fuzz`gcd(a=7913032, b=1276288) at original_2.c:6:5
(lldb)  frame variable a -f dec 
(int) a = 7913032
(lldb)  frame variable b -f dec 
(int) b = 1276288
(lldb)  continue
Process 90694 resuming
Command #5 'continue' continued the target.
(lldb)  frame info
frame #0: 0x00005555555bb402 original_2_fuzz`gcd(a=1276288, b=255304) at original_2.c:6:5
(lldb)  frame variable a -f dec 
(int) a = 1276288
(lldb)  frame variable b -f dec 
(int) b = 255304
(lldb)  continue
Process 90694 resuming
Command #5 'continue' continued the target.
(lldb)  frame info
frame #0: 0x00005555555bb402 original_2_fuzz`gcd(a=255304, b=255072) at original_2.c:6:5
(lldb)  frame variable a -f dec 
(int) a = 255304
(lldb)  frame variable b -f dec 
(int) b = 255072
(lldb)  continue
Process 90694 resuming
Command #5 'continue' continued the target.
(lldb)  frame info
frame #0: 0x00005555555bb402 original_2_fuzz`gcd(a=255072, b=232) at original_2.c:6:5
(lldb)  frame variable a -f dec 
(int) a = 255072
(lldb)  frame variable b -f dec 
(int) b = 232
(lldb)  continue
Process 90694 resuming
Command #5 'continue' continued the target.
(lldb)  frame info
frame #0: 0x00005555555bb402 original_2_fuzz`gcd(a=232, b=104) at original_2.c:6:5
(lldb)  frame variable a -f dec 
(int) a = 232
(lldb)  frame variable b -f dec 
(int) b = 104
(lldb)  continue
Process 90694 resuming
Command #5 'continue' continued the target.
(lldb)  frame info
frame #0: 0x00005555555bb402 original_2_fuzz`gcd(a=104, b=24) at original_2.c:6:5
(lldb)  frame variable a -f dec 
(int) a = 104
(lldb)  frame variable b -f dec 
(int) b = 24
(lldb)  continue
Process 90694 resuming
Command #5 'continue' continued the target.
(lldb)  frame info
frame #0: 0x00005555555bb402 original_2_fuzz`gcd(a=24, b=8) at original_2.c:6:5
(lldb)  frame variable a -f dec 
(int) a = 24
(lldb)  frame variable b -f dec 
(int) b = 8
(lldb)  continue
Process 90694 resuming
Command #5 'continue' continued the target.
(lldb)  frame info
frame #0: 0x00005555555bb402 original_2_fuzz`gcd(a=8, b=0) at original_2.c:6:5
(lldb)  frame variable a -f dec 
(int) a = 8
(lldb)  frame variable b -f dec 
(int) b = 0
(lldb)  continue
Process 90694 resuming
Command #5 'continue' continued the target.
Executed /script/motivating_example/sample_set/gcd/fuzzing_test/modified_inputs/71ea3c4e350245a57c2f324d670848ad8cbf4644 in 27 ms
***
*** NOTE: fuzzing was not performed, you have only
***       executed the target code on a fixed set of inputs.
***
Process 90694 exited with status = 0 (0x00000000)
Process 90694 launched: '/script/motivating_example/sample_set/gcd/original_2_fuzz' (x86_64)
(lldb) quit