(lldb) target create "original_1_fuzz"
Current executable set to '/script/motivating_example/sample_set/gcd/original_1_fuzz' (x86_64).
(lldb) command source -s 0 '/script/motivating_example/sample_set/gcd/fuzzing_test/original_1_debug/script/d4aad858641600a8f7688a70cd5ec6d926c4f3f0/batch.lldb'
Executing commands in '/script/motivating_example/sample_set/gcd/fuzzing_test/original_1_debug/script/d4aad858641600a8f7688a70cd5ec6d926c4f3f0/batch.lldb'.
(lldb) settings set interpreter.stop-command-source-on-error 0
(lldb) settings set auto-confirm 1
(lldb) breakpoint set --file /script/motivating_example/sample_set/gcd/original_1.c --line 10
Breakpoint 1: where = original_1_fuzz`gcd + 124 at original_1.c:10:9, address = 0x000000000006742c
(lldb) breakpoint command add 1
(lldb) run /script/motivating_example/sample_set/gcd/fuzzing_test/modified_inputs/d4aad858641600a8f7688a70cd5ec6d926c4f3f0
INFO: Running with entropic power schedule (0xFF, 100).
INFO: Seed: 882660077
INFO: Loaded 1 modules   (10 inline 8-bit counters): 10 [0x5555555defb0, 0x5555555defba), 
INFO: Loaded 1 PC tables (10 PCs): 10 [0x5555555defc0,0x5555555df060), 
/script/motivating_example/sample_set/gcd/original_1_fuzz: Running 1 inputs 1 time(s) each.
Running: /script/motivating_example/sample_set/gcd/fuzzing_test/modified_inputs/d4aad858641600a8f7688a70cd5ec6d926c4f3f0
(lldb)  frame info
frame #0: 0x00005555555bb42c original_1_fuzz`gcd(a=-13812889, b=8218546) at original_1.c:10:9
(lldb)  frame variable a -f dec 
(int) a = -13812889
(lldb)  frame variable b -f dec 
(int) b = 8218546
(lldb)  continue
Process 83852 resuming
Command #5 'continue' continued the target.
(lldb)  frame info
frame #0: 0x00005555555bb42c original_1_fuzz`gcd(a=8218546, b=-5594343) at original_1.c:10:9
(lldb)  frame variable a -f dec 
(int) a = 8218546
(lldb)  frame variable b -f dec 
(int) b = -5594343
(lldb)  continue
Process 83852 resuming
Command #5 'continue' continued the target.
(lldb)  frame info
frame #0: 0x00005555555bb42c original_1_fuzz`gcd(a=-5594343, b=2624203) at original_1.c:10:9
(lldb)  frame variable a -f dec 
(int) a = -5594343
(lldb)  frame variable b -f dec 
(int) b = 2624203
(lldb)  continue
Process 83852 resuming
Command #5 'continue' continued the target.
(lldb)  frame info
frame #0: 0x00005555555bb42c original_1_fuzz`gcd(a=2624203, b=-345937) at original_1.c:10:9
(lldb)  frame variable a -f dec 
(int) a = 2624203
(lldb)  frame variable b -f dec 
(int) b = -345937
(lldb)  continue
Process 83852 resuming
Command #5 'continue' continued the target.
(lldb)  frame info
frame #0: 0x00005555555bb42c original_1_fuzz`gcd(a=-345937, b=202644) at original_1.c:10:9
(lldb)  frame variable a -f dec 
(int) a = -345937
(lldb)  frame variable b -f dec 
(int) b = 202644
(lldb)  continue
Process 83852 resuming
Command #5 'continue' continued the target.
(lldb)  frame info
frame #0: 0x00005555555bb42c original_1_fuzz`gcd(a=202644, b=-143293) at original_1.c:10:9
(lldb)  frame variable a -f dec 
(int) a = 202644
(lldb)  frame variable b -f dec 
(int) b = -143293
(lldb)  continue
Process 83852 resuming
Command #5 'continue' continued the target.
(lldb)  frame info
frame #0: 0x00005555555bb42c original_1_fuzz`gcd(a=-143293, b=59351) at original_1.c:10:9
(lldb)  frame variable a -f dec 
(int) a = -143293
(lldb)  frame variable b -f dec 
(int) b = 59351
(lldb)  continue
Process 83852 resuming
Command #5 'continue' continued the target.
(lldb)  frame info
frame #0: 0x00005555555bb42c original_1_fuzz`gcd(a=59351, b=-24591) at original_1.c:10:9
(lldb)  frame variable a -f dec 
(int) a = 59351
(lldb)  frame variable b -f dec 
(int) b = -24591
(lldb)  continue
Process 83852 resuming
Command #5 'continue' continued the target.
(lldb)  frame info
frame #0: 0x00005555555bb42c original_1_fuzz`gcd(a=-24591, b=10169) at original_1.c:10:9
(lldb)  frame variable a -f dec 
(int) a = -24591
(lldb)  frame variable b -f dec 
(int) b = 10169
(lldb)  continue
Process 83852 resuming
Command #5 'continue' continued the target.
(lldb)  frame info
frame #0: 0x00005555555bb42c original_1_fuzz`gcd(a=10169, b=-4253) at original_1.c:10:9
(lldb)  frame variable a -f dec 
(int) a = 10169
(lldb)  frame variable b -f dec 
(int) b = -4253
(lldb)  continue
Process 83852 resuming
Command #5 'continue' continued the target.
(lldb)  frame info
frame #0: 0x00005555555bb42c original_1_fuzz`gcd(a=-4253, b=1663) at original_1.c:10:9
(lldb)  frame variable a -f dec 
(int) a = -4253
(lldb)  frame variable b -f dec 
(int) b = 1663
(lldb)  continue
Process 83852 resuming
Command #5 'continue' continued the target.
(lldb)  frame info
frame #0: 0x00005555555bb42c original_1_fuzz`gcd(a=1663, b=-927) at original_1.c:10:9
(lldb)  frame variable a -f dec 
(int) a = 1663
(lldb)  frame variable b -f dec 
(int) b = -927
(lldb)  continue
Process 83852 resuming
Command #5 'continue' continued the target.
(lldb)  frame info
frame #0: 0x00005555555bb42c original_1_fuzz`gcd(a=-927, b=736) at original_1.c:10:9
(lldb)  frame variable a -f dec 
(int) a = -927
(lldb)  frame variable b -f dec 
(int) b = 736
(lldb)  continue
Process 83852 resuming
Command #5 'continue' continued the target.
(lldb)  frame info
frame #0: 0x00005555555bb42c original_1_fuzz`gcd(a=736, b=-191) at original_1.c:10:9
(lldb)  frame variable a -f dec 
(int) a = 736
(lldb)  frame variable b -f dec 
(int) b = -191
(lldb)  continue
Process 83852 resuming
Command #5 'continue' continued the target.
(lldb)  frame info
frame #0: 0x00005555555bb42c original_1_fuzz`gcd(a=-191, b=163) at original_1.c:10:9
(lldb)  frame variable a -f dec 
(int) a = -191
(lldb)  frame variable b -f dec 
(int) b = 163
(lldb)  continue
Process 83852 resuming
Command #5 'continue' continued the target.
(lldb)  frame info
frame #0: 0x00005555555bb42c original_1_fuzz`gcd(a=163, b=-28) at original_1.c:10:9
(lldb)  frame variable a -f dec 
(int) a = 163
(lldb)  frame variable b -f dec 
(int) b = -28
(lldb)  continue
Process 83852 resuming
Command #5 'continue' continued the target.
(lldb)  frame info
frame #0: 0x00005555555bb42c original_1_fuzz`gcd(a=-28, b=23) at original_1.c:10:9
(lldb)  frame variable a -f dec 
(int) a = -28
(lldb)  frame variable b -f dec 
(int) b = 23
(lldb)  continue
Process 83852 resuming
Command #5 'continue' continued the target.
(lldb)  frame info
frame #0: 0x00005555555bb42c original_1_fuzz`gcd(a=23, b=-5) at original_1.c:10:9
(lldb)  frame variable a -f dec 
(int) a = 23
(lldb)  frame variable b -f dec 
(int) b = -5
(lldb)  continue
Process 83852 resuming
Command #5 'continue' continued the target.
(lldb)  frame info
frame #0: 0x00005555555bb42c original_1_fuzz`gcd(a=-5, b=3) at original_1.c:10:9
(lldb)  frame variable a -f dec 
(int) a = -5
(lldb)  frame variable b -f dec 
(int) b = 3
(lldb)  continue
Process 83852 resuming
Command #5 'continue' continued the target.
(lldb)  frame info
frame #0: 0x00005555555bb42c original_1_fuzz`gcd(a=3, b=-2) at original_1.c:10:9
(lldb)  frame variable a -f dec 
(int) a = 3
(lldb)  frame variable b -f dec 
(int) b = -2
(lldb)  continue
Process 83852 resuming
Command #5 'continue' continued the target.
(lldb)  frame info
frame #0: 0x00005555555bb42c original_1_fuzz`gcd(a=-2, b=1) at original_1.c:10:9
(lldb)  frame variable a -f dec 
(int) a = -2
(lldb)  frame variable b -f dec 
(int) b = 1
(lldb)  continue
Process 83852 resuming
Command #5 'continue' continued the target.
(lldb)  frame info
frame #0: 0x00005555555bb42c original_1_fuzz`gcd(a=1, b=0) at original_1.c:10:9
(lldb)  frame variable a -f dec 
(int) a = 1
(lldb)  frame variable b -f dec 
(int) b = 0
(lldb)  continue
Process 83852 resuming
Command #5 'continue' continued the target.
Executed /script/motivating_example/sample_set/gcd/fuzzing_test/modified_inputs/d4aad858641600a8f7688a70cd5ec6d926c4f3f0 in 45 ms
***
*** NOTE: fuzzing was not performed, you have only
***       executed the target code on a fixed set of inputs.
***
Process 83852 exited with status = 0 (0x00000000)
Process 83852 launched: '/script/motivating_example/sample_set/gcd/original_1_fuzz' (x86_64)
(lldb) quit
