(lldb) target create "original_1_fuzz"
Current executable set to '/script/motivating_example/sample_set/gcd/original_1_fuzz' (x86_64).
(lldb) command source -s 0 '/script/motivating_example/sample_set/gcd/fuzzing_test/original_1_debug/script/aeadfd91ffd706091e6a4da01955a98902596d82/batch.lldb'
Executing commands in '/script/motivating_example/sample_set/gcd/fuzzing_test/original_1_debug/script/aeadfd91ffd706091e6a4da01955a98902596d82/batch.lldb'.
(lldb) settings set interpreter.stop-command-source-on-error 0
(lldb) settings set auto-confirm 1
(lldb) breakpoint set --file /script/motivating_example/sample_set/gcd/original_1.c --line 10
Breakpoint 1: where = original_1_fuzz`gcd + 124 at original_1.c:10:9, address = 0x000000000006742c
(lldb) breakpoint command add 1
(lldb) run /script/motivating_example/sample_set/gcd/fuzzing_test/modified_inputs/aeadfd91ffd706091e6a4da01955a98902596d82
INFO: Running with entropic power schedule (0xFF, 100).
INFO: Seed: 110476253
INFO: Loaded 1 modules   (10 inline 8-bit counters): 10 [0x5555555defb0, 0x5555555defba), 
INFO: Loaded 1 PC tables (10 PCs): 10 [0x5555555defc0,0x5555555df060), 
/script/motivating_example/sample_set/gcd/original_1_fuzz: Running 1 inputs 1 time(s) each.
Running: /script/motivating_example/sample_set/gcd/fuzzing_test/modified_inputs/aeadfd91ffd706091e6a4da01955a98902596d82
(lldb)  frame info
frame #0: 0x00005555555bb42c original_1_fuzz`gcd(a=-1695180392, b=-1048581) at original_1.c:10:9
(lldb)  frame variable a -f dec 
(int) a = -1695180392
(lldb)  frame variable b -f dec 
(int) b = -1048581
(lldb)  continue
Process 83108 resuming
Command #5 'continue' continued the target.
(lldb)  frame info
frame #0: 0x00005555555bb42c original_1_fuzz`gcd(a=-1048581, b=-673496) at original_1.c:10:9
(lldb)  frame variable a -f dec 
(int) a = -1048581
(lldb)  frame variable b -f dec 
(int) b = -673496
(lldb)  continue
Process 83108 resuming
Command #5 'continue' continued the target.
(lldb)  frame info
frame #0: 0x00005555555bb42c original_1_fuzz`gcd(a=-673496, b=-375085) at original_1.c:10:9
(lldb)  frame variable a -f dec 
(int) a = -673496
(lldb)  frame variable b -f dec 
(int) b = -375085
(lldb)  continue
Process 83108 resuming
Command #5 'continue' continued the target.
(lldb)  frame info
frame #0: 0x00005555555bb42c original_1_fuzz`gcd(a=-375085, b=-298411) at original_1.c:10:9
(lldb)  frame variable a -f dec 
(int) a = -375085
(lldb)  frame variable b -f dec 
(int) b = -298411
(lldb)  continue
Process 83108 resuming
Command #5 'continue' continued the target.
(lldb)  frame info
frame #0: 0x00005555555bb42c original_1_fuzz`gcd(a=-298411, b=-76674) at original_1.c:10:9
(lldb)  frame variable a -f dec 
(int) a = -298411
(lldb)  frame variable b -f dec 
(int) b = -76674
(lldb)  continue
Process 83108 resuming
Command #5 'continue' continued the target.
(lldb)  frame info
frame #0: 0x00005555555bb42c original_1_fuzz`gcd(a=-76674, b=-68389) at original_1.c:10:9
(lldb)  frame variable a -f dec 
(int) a = -76674
(lldb)  frame variable b -f dec 
(int) b = -68389
(lldb)  continue
Process 83108 resuming
Command #5 'continue' continued the target.
(lldb)  frame info
frame #0: 0x00005555555bb42c original_1_fuzz`gcd(a=-68389, b=-8285) at original_1.c:10:9
(lldb)  frame variable a -f dec 
(int) a = -68389
(lldb)  frame variable b -f dec 
(int) b = -8285
(lldb)  continue
Process 83108 resuming
Command #5 'continue' continued the target.
(lldb)  frame info
frame #0: 0x00005555555bb42c original_1_fuzz`gcd(a=-8285, b=-2109) at original_1.c:10:9
(lldb)  frame variable a -f dec 
(int) a = -8285
(lldb)  frame variable b -f dec 
(int) b = -2109
(lldb)  continue
Process 83108 resuming
Command #5 'continue' continued the target.
(lldb)  frame info
frame #0: 0x00005555555bb42c original_1_fuzz`gcd(a=-2109, b=-1958) at original_1.c:10:9
(lldb)  frame variable a -f dec 
(int) a = -2109
(lldb)  frame variable b -f dec 
(int) b = -1958
(lldb)  continue
Process 83108 resuming
Command #5 'continue' continued the target.
(lldb)  frame info
frame #0: 0x00005555555bb42c original_1_fuzz`gcd(a=-1958, b=-151) at original_1.c:10:9
(lldb)  frame variable a -f dec 
(int) a = -1958
(lldb)  frame variable b -f dec 
(int) b = -151
(lldb)  continue
Process 83108 resuming
Command #5 'continue' continued the target.
(lldb)  frame info
frame #0: 0x00005555555bb42c original_1_fuzz`gcd(a=-151, b=-146) at original_1.c:10:9
(lldb)  frame variable a -f dec 
(int) a = -151
(lldb)  frame variable b -f dec 
(int) b = -146
(lldb)  continue
Process 83108 resuming
Command #5 'continue' continued the target.
(lldb)  frame info
frame #0: 0x00005555555bb42c original_1_fuzz`gcd(a=-146, b=-5) at original_1.c:10:9
(lldb)  frame variable a -f dec 
(int) a = -146
(lldb)  frame variable b -f dec 
(int) b = -5
(lldb)  continue
Process 83108 resuming
Command #5 'continue' continued the target.
(lldb)  frame info
frame #0: 0x00005555555bb42c original_1_fuzz`gcd(a=-5, b=-1) at original_1.c:10:9
(lldb)  frame variable a -f dec 
(int) a = -5
(lldb)  frame variable b -f dec 
(int) b = -1
(lldb)  continue
Process 83108 resuming
Command #5 'continue' continued the target.
(lldb)  frame info
frame #0: 0x00005555555bb42c original_1_fuzz`gcd(a=-1, b=0) at original_1.c:10:9
(lldb)  frame variable a -f dec 
(int) a = -1
(lldb)  frame variable b -f dec 
(int) b = 0
(lldb)  continue
Process 83108 resuming
Command #5 'continue' continued the target.
Executed /script/motivating_example/sample_set/gcd/fuzzing_test/modified_inputs/aeadfd91ffd706091e6a4da01955a98902596d82 in 29 ms
***
*** NOTE: fuzzing was not performed, you have only
***       executed the target code on a fixed set of inputs.
***
Process 83108 exited with status = 0 (0x00000000)
Process 83108 launched: '/script/motivating_example/sample_set/gcd/original_1_fuzz' (x86_64)
(lldb) quit