(lldb) target create "modified_fuzz"
Current executable set to '/script/motivating_example/sample_set/gcd/modified_fuzz' (x86_64).
(lldb) command source -s 0 '/script/motivating_example/sample_set/gcd/fuzzing_test/modified_debug/script/37d28f14d8831ae6fdb3398be3363d76ea29aae9/batch.lldb'
Executing commands in '/script/motivating_example/sample_set/gcd/fuzzing_test/modified_debug/script/37d28f14d8831ae6fdb3398be3363d76ea29aae9/batch.lldb'.
(lldb) settings set interpreter.stop-command-source-on-error 0
(lldb) settings set auto-confirm 1
(lldb) breakpoint set --file /script/motivating_example/sample_set/gcd/modified.c --line 9
Breakpoint 1: where = modified_fuzz`gcd + 121 at modified.c:9:9, address = 0x0000000000067429
(lldb) breakpoint command add 1
(lldb) run /script/motivating_example/sample_set/gcd/fuzzing_test/modified_inputs/37d28f14d8831ae6fdb3398be3363d76ea29aae9
INFO: Running with entropic power schedule (0xFF, 100).
INFO: Seed: 1059004785
INFO: Loaded 1 modules   (10 inline 8-bit counters): 10 [0x5555555defb0, 0x5555555defba), 
INFO: Loaded 1 PC tables (10 PCs): 10 [0x5555555defc0,0x5555555df060), 
/script/motivating_example/sample_set/gcd/modified_fuzz: Running 1 inputs 1 time(s) each.
Running: /script/motivating_example/sample_set/gcd/fuzzing_test/modified_inputs/37d28f14d8831ae6fdb3398be3363d76ea29aae9
(lldb)  frame info
frame #0: 0x00005555555bb429 modified_fuzz`gcd(a=2135752551, b=11720851) at modified.c:9:9
(lldb)  frame variable a -f dec 
(int) a = 2135752551
(lldb)  frame variable b -f dec 
(int) b = 11720851
(lldb)  continue
Process 73044 resuming
Command #5 'continue' continued the target.
(lldb)  frame info
frame #0: 0x00005555555bb429 modified_fuzz`gcd(a=2133194882, b=2557669) at modified.c:9:9
(lldb)  frame variable a -f dec 
(int) a = 2133194882
(lldb)  frame variable b -f dec 
(int) b = 2557669
(lldb)  continue
Process 73044 resuming
Command #5 'continue' continued the target.
(lldb)  frame info
frame #0: 0x00005555555bb429 modified_fuzz`gcd(a=2133095946, b=98936) at modified.c:9:9
(lldb)  frame variable a -f dec 
(int) a = 2133095946
(lldb)  frame variable b -f dec 
(int) b = 98936
(lldb)  continue
Process 73044 resuming
Command #5 'continue' continued the target.
(lldb)  frame info
frame #0: 0x00005555555bb429 modified_fuzz`gcd(a=2133060160, b=35786) at modified.c:9:9
(lldb)  frame variable a -f dec 
(int) a = 2133060160
(lldb)  frame variable b -f dec 
(int) b = 35786
(lldb)  continue
Process 73044 resuming
Command #5 'continue' continued the target.
(lldb)  frame info
frame #0: 0x00005555555bb429 modified_fuzz`gcd(a=2133024530, b=35630) at modified.c:9:9
(lldb)  frame variable a -f dec 
(int) a = 2133024530
(lldb)  frame variable b -f dec 
(int) b = 35630
(lldb)  continue
Process 73044 resuming
Command #5 'continue' continued the target.
(lldb)  frame info
frame #0: 0x00005555555bb429 modified_fuzz`gcd(a=2132989950, b=34580) at modified.c:9:9
(lldb)  frame variable a -f dec 
(int) a = 2132989950
(lldb)  frame variable b -f dec 
(int) b = 34580
(lldb)  continue
Process 73044 resuming
Command #5 'continue' continued the target.
(lldb)  frame info
frame #0: 0x00005555555bb429 modified_fuzz`gcd(a=2132963560, b=26390) at modified.c:9:9
(lldb)  frame variable a -f dec 
(int) a = 2132963560
(lldb)  frame variable b -f dec 
(int) b = 26390
(lldb)  continue
Process 73044 resuming
Command #5 'continue' continued the target.
(lldb)  frame info
frame #0: 0x00005555555bb429 modified_fuzz`gcd(a=2132945360, b=18200) at modified.c:9:9
(lldb)  frame variable a -f dec 
(int) a = 2132945360
(lldb)  frame variable b -f dec 
(int) b = 18200
(lldb)  continue
Process 73044 resuming
Command #5 'continue' continued the target.
(lldb)  frame info
frame #0: 0x00005555555bb429 modified_fuzz`gcd(a=2132930800, b=14560) at modified.c:9:9
(lldb)  frame variable a -f dec 
(int) a = 2132930800
(lldb)  frame variable b -f dec 
(int) b = 14560
(lldb)  continue
Process 73044 resuming
Command #5 'continue' continued the target.
(lldb)  frame info
frame #0: 0x00005555555bb429 modified_fuzz`gcd(a=2132923520, b=7280) at modified.c:9:9
(lldb)  frame variable a -f dec 
(int) a = 2132923520
(lldb)  frame variable b -f dec 
(int) b = 7280
(lldb)  continue
Process 73044 resuming
Command #5 'continue' continued the target.
(lldb)  frame info
frame #0: 0x00005555555bb429 modified_fuzz`gcd(a=2132923520, b=0) at modified.c:9:9
(lldb)  frame variable a -f dec 
(int) a = 2132923520
(lldb)  frame variable b -f dec 
(int) b = 0
(lldb)  continue
Process 73044 resuming
Command #5 'continue' continued the target.
Executed /script/motivating_example/sample_set/gcd/fuzzing_test/modified_inputs/37d28f14d8831ae6fdb3398be3363d76ea29aae9 in 28 ms
***
*** NOTE: fuzzing was not performed, you have only
***       executed the target code on a fixed set of inputs.
***
Process 73044 exited with status = 0 (0x00000000)
Process 73044 launched: '/script/motivating_example/sample_set/gcd/modified_fuzz' (x86_64)
(lldb) quit