(lldb) target create "original_1_fuzz"
Current executable set to '/script/motivating_example/sample_set/gcd/original_1_fuzz' (x86_64).
(lldb) command source -s 0 '/script/motivating_example/sample_set/gcd/fuzzing_test/original_1_debug/script/8801c6b99cecd1d30a223f0d7ce2acbaa8007f5f/batch.lldb'
Executing commands in '/script/motivating_example/sample_set/gcd/fuzzing_test/original_1_debug/script/8801c6b99cecd1d30a223f0d7ce2acbaa8007f5f/batch.lldb'.
(lldb) settings set interpreter.stop-command-source-on-error 0
(lldb) settings set auto-confirm 1
(lldb) breakpoint set --file /script/motivating_example/sample_set/gcd/original_1.c --line 10
Breakpoint 1: where = original_1_fuzz`gcd + 124 at original_1.c:10:9, address = 0x000000000006742c
(lldb) breakpoint command add 1
(lldb) run /script/motivating_example/sample_set/gcd/fuzzing_test/modified_inputs/8801c6b99cecd1d30a223f0d7ce2acbaa8007f5f
INFO: Running with entropic power schedule (0xFF, 100).
INFO: Seed: 2579147441
INFO: Loaded 1 modules   (10 inline 8-bit counters): 10 [0x5555555defb0, 0x5555555defba), 
INFO: Loaded 1 PC tables (10 PCs): 10 [0x5555555defc0,0x5555555df060), 
/script/motivating_example/sample_set/gcd/original_1_fuzz: Running 1 inputs 1 time(s) each.
Running: /script/motivating_example/sample_set/gcd/fuzzing_test/modified_inputs/8801c6b99cecd1d30a223f0d7ce2acbaa8007f5f
(lldb)  frame info
frame #0: 0x00005555555bb42c original_1_fuzz`gcd(a=-287612, b=-172456) at original_1.c:10:9
(lldb)  frame variable a -f dec 
(int) a = -287612
(lldb)  frame variable b -f dec 
(int) b = -172456
(lldb)  continue
Process 82720 resuming
Command #5 'continue' continued the target.
(lldb)  frame info
frame #0: 0x00005555555bb42c original_1_fuzz`gcd(a=-172456, b=-115156) at original_1.c:10:9
(lldb)  frame variable a -f dec 
(int) a = -172456
(lldb)  frame variable b -f dec 
(int) b = -115156
(lldb)  continue
Process 82720 resuming
Command #5 'continue' continued the target.
(lldb)  frame info
frame #0: 0x00005555555bb42c original_1_fuzz`gcd(a=-115156, b=-57300) at original_1.c:10:9
(lldb)  frame variable a -f dec 
(int) a = -115156
(lldb)  frame variable b -f dec 
(int) b = -57300
(lldb)  continue
Process 82720 resuming
Command #5 'continue' continued the target.
(lldb)  frame info
frame #0: 0x00005555555bb42c original_1_fuzz`gcd(a=-57300, b=-556) at original_1.c:10:9
(lldb)  frame variable a -f dec 
(int) a = -57300
(lldb)  frame variable b -f dec 
(int) b = -556
(lldb)  continue
Process 82720 resuming
Command #5 'continue' continued the target.
(lldb)  frame info
frame #0: 0x00005555555bb42c original_1_fuzz`gcd(a=-556, b=-32) at original_1.c:10:9
(lldb)  frame variable a -f dec 
(int) a = -556
(lldb)  frame variable b -f dec 
(int) b = -32
(lldb)  continue
Process 82720 resuming
Command #5 'continue' continued the target.
(lldb)  frame info
frame #0: 0x00005555555bb42c original_1_fuzz`gcd(a=-32, b=-12) at original_1.c:10:9
(lldb)  frame variable a -f dec 
(int) a = -32
(lldb)  frame variable b -f dec 
(int) b = -12
(lldb)  continue
Process 82720 resuming
Command #5 'continue' continued the target.
(lldb)  frame info
frame #0: 0x00005555555bb42c original_1_fuzz`gcd(a=-12, b=-8) at original_1.c:10:9
(lldb)  frame variable a -f dec 
(int) a = -12
(lldb)  frame variable b -f dec 
(int) b = -8
(lldb)  continue
Process 82720 resuming
Command #5 'continue' continued the target.
(lldb)  frame info
frame #0: 0x00005555555bb42c original_1_fuzz`gcd(a=-8, b=-4) at original_1.c:10:9
(lldb)  frame variable a -f dec 
(int) a = -8
(lldb)  frame variable b -f dec 
(int) b = -4
(lldb)  continue
Process 82720 resuming
Command #5 'continue' continued the target.
(lldb)  frame info
frame #0: 0x00005555555bb42c original_1_fuzz`gcd(a=-4, b=0) at original_1.c:10:9
(lldb)  frame variable a -f dec 
(int) a = -4
(lldb)  frame variable b -f dec 
(int) b = 0
(lldb)  continue
Process 82720 resuming
Command #5 'continue' continued the target.
Executed /script/motivating_example/sample_set/gcd/fuzzing_test/modified_inputs/8801c6b99cecd1d30a223f0d7ce2acbaa8007f5f in 20 ms
***
*** NOTE: fuzzing was not performed, you have only
***       executed the target code on a fixed set of inputs.
***
Process 82720 exited with status = 0 (0x00000000)
Process 82720 launched: '/script/motivating_example/sample_set/gcd/original_1_fuzz' (x86_64)
(lldb) quit
