(lldb) target create "modified_fuzz"
Current executable set to '/script/motivating_example/sample_set/gcd/modified_fuzz' (x86_64).
(lldb) command source -s 0 '/script/motivating_example/sample_set/gcd/fuzzing_test/modified_debug/script/3f61e33db46a4e17bf1dd9df758681639bdab91e/batch.lldb'
Executing commands in '/script/motivating_example/sample_set/gcd/fuzzing_test/modified_debug/script/3f61e33db46a4e17bf1dd9df758681639bdab91e/batch.lldb'.
(lldb) settings set interpreter.stop-command-source-on-error 0
(lldb) settings set auto-confirm 1
(lldb) breakpoint set --file /script/motivating_example/sample_set/gcd/modified.c --line 9
Breakpoint 1: where = modified_fuzz`gcd + 121 at modified.c:9:9, address = 0x0000000000067429
(lldb) breakpoint command add 1
(lldb) run /script/motivating_example/sample_set/gcd/fuzzing_test/modified_inputs/3f61e33db46a4e17bf1dd9df758681639bdab91e
INFO: Running with entropic power schedule (0xFF, 100).
INFO: Seed: 2820656902
INFO: Loaded 1 modules   (10 inline 8-bit counters): 10 [0x5555555defb0, 0x5555555defba), 
INFO: Loaded 1 PC tables (10 PCs): 10 [0x5555555defc0,0x5555555df060), 
/script/motivating_example/sample_set/gcd/modified_fuzz: Running 1 inputs 1 time(s) each.
Running: /script/motivating_example/sample_set/gcd/fuzzing_test/modified_inputs/3f61e33db46a4e17bf1dd9df758681639bdab91e
(lldb)  frame info
frame #0: 0x00005555555bb429 modified_fuzz`gcd(a=-2147482738, b=-910) at modified.c:9:9
(lldb)  frame variable a -f dec 
(int) a = -2147482738
(lldb)  frame variable b -f dec 
(int) b = -910
(lldb)  continue
Process 73147 resuming
Command #5 'continue' continued the target.
(lldb)  frame info
frame #0: 0x00005555555bb429 modified_fuzz`gcd(a=-2147482610, b=-128) at modified.c:9:9
(lldb)  frame variable a -f dec 
(int) a = -2147482610
(lldb)  frame variable b -f dec 
(int) b = -128
(lldb)  continue
Process 73147 resuming
Command #5 'continue' continued the target.
(lldb)  frame info
frame #0: 0x00005555555bb429 modified_fuzz`gcd(a=-2147482496, b=-114) at modified.c:9:9
(lldb)  frame variable a -f dec 
(int) a = -2147482496
(lldb)  frame variable b -f dec 
(int) b = -114
(lldb)  continue
Process 73147 resuming
Command #5 'continue' continued the target.
(lldb)  frame info
frame #0: 0x00005555555bb429 modified_fuzz`gcd(a=-2147482410, b=-86) at modified.c:9:9
(lldb)  frame variable a -f dec 
(int) a = -2147482410
(lldb)  frame variable b -f dec 
(int) b = -86
(lldb)  continue
Process 73147 resuming
Command #5 'continue' continued the target.
(lldb)  frame info
frame #0: 0x00005555555bb429 modified_fuzz`gcd(a=-2147482350, b=-60) at modified.c:9:9
(lldb)  frame variable a -f dec 
(int) a = -2147482350
(lldb)  frame variable b -f dec 
(int) b = -60
(lldb)  continue
Process 73147 resuming
Command #5 'continue' continued the target.
(lldb)  frame info
frame #0: 0x00005555555bb429 modified_fuzz`gcd(a=-2147482320, b=-30) at modified.c:9:9
(lldb)  frame variable a -f dec 
(int) a = -2147482320
(lldb)  frame variable b -f dec 
(int) b = -30
(lldb)  continue
Process 73147 resuming
Command #5 'continue' continued the target.
(lldb)  frame info
frame #0: 0x00005555555bb429 modified_fuzz`gcd(a=-2147482320, b=0) at modified.c:9:9
(lldb)  frame variable a -f dec 
(int) a = -2147482320
(lldb)  frame variable b -f dec 
(int) b = 0
(lldb)  continue
Process 73147 resuming
Command #5 'continue' continued the target.
Executed /script/motivating_example/sample_set/gcd/fuzzing_test/modified_inputs/3f61e33db46a4e17bf1dd9df758681639bdab91e in 20 ms
***
*** NOTE: fuzzing was not performed, you have only
***       executed the target code on a fixed set of inputs.
***
Process 73147 exited with status = 0 (0x00000000)
Process 73147 launched: '/script/motivating_example/sample_set/gcd/modified_fuzz' (x86_64)
(lldb) quit