(lldb) target create "original_2_fuzz"
Current executable set to '/script/motivating_example/sample_set/gcd/original_2_fuzz' (x86_64).
(lldb) command source -s 0 '/script/motivating_example/sample_set/gcd/fuzzing_test/original_2_debug/script/7c0b39ae71cf97f8affd2caa9a9d9a762d196fb1/batch.lldb'
Executing commands in '/script/motivating_example/sample_set/gcd/fuzzing_test/original_2_debug/script/7c0b39ae71cf97f8affd2caa9a9d9a762d196fb1/batch.lldb'.
(lldb) settings set interpreter.stop-command-source-on-error 0
(lldb) settings set auto-confirm 1
(lldb) breakpoint set --file /script/motivating_example/sample_set/gcd/original_2.c --line 6
Breakpoint 1: where = original_2_fuzz`gcd + 82 at original_2.c:6:5, address = 0x0000000000067402
(lldb) breakpoint command add 1
(lldb) run /script/motivating_example/sample_set/gcd/fuzzing_test/modified_inputs/7c0b39ae71cf97f8affd2caa9a9d9a762d196fb1
INFO: Running with entropic power schedule (0xFF, 100).
INFO: Seed: 2638964164
INFO: Loaded 1 modules   (10 inline 8-bit counters): 10 [0x5555555defb0, 0x5555555defba), 
INFO: Loaded 1 PC tables (10 PCs): 10 [0x5555555defc0,0x5555555df060), 
/script/motivating_example/sample_set/gcd/original_2_fuzz: Running 1 inputs 1 time(s) each.
Running: /script/motivating_example/sample_set/gcd/fuzzing_test/modified_inputs/7c0b39ae71cf97f8affd2caa9a9d9a762d196fb1
(lldb)  frame info
frame #0: 0x00005555555bb402 original_2_fuzz`gcd(a=2147159296, b=-83034112) at original_2.c:6:5
(lldb)  frame variable a -f dec 
(int) a = 2147159296
(lldb)  frame variable b -f dec 
(int) b = -83034112
(lldb)  continue
Process 90849 resuming
Command #5 'continue' continued the target.
(lldb)  frame info
frame #0: 0x00005555555bb402 original_2_fuzz`gcd(a=-83034112, b=71306496) at original_2.c:6:5
(lldb)  frame variable a -f dec 
(int) a = -83034112
(lldb)  frame variable b -f dec 
(int) b = 71306496
(lldb)  continue
Process 90849 resuming
Command #5 'continue' continued the target.
(lldb)  frame info
frame #0: 0x00005555555bb402 original_2_fuzz`gcd(a=71306496, b=-11727616) at original_2.c:6:5
(lldb)  frame variable a -f dec 
(int) a = 71306496
(lldb)  frame variable b -f dec 
(int) b = -11727616
(lldb)  continue
Process 90849 resuming
Command #5 'continue' continued the target.
(lldb)  frame info
frame #0: 0x00005555555bb402 original_2_fuzz`gcd(a=-11727616, b=940800) at original_2.c:6:5
(lldb)  frame variable a -f dec 
(int) a = -11727616
(lldb)  frame variable b -f dec 
(int) b = 940800
(lldb)  continue
Process 90849 resuming
Command #5 'continue' continued the target.
(lldb)  frame info
frame #0: 0x00005555555bb402 original_2_fuzz`gcd(a=940800, b=-438016) at original_2.c:6:5
(lldb)  frame variable a -f dec 
(int) a = 940800
(lldb)  frame variable b -f dec 
(int) b = -438016
(lldb)  continue
Process 90849 resuming
Command #5 'continue' continued the target.
(lldb)  frame info
frame #0: 0x00005555555bb402 original_2_fuzz`gcd(a=-438016, b=64768) at original_2.c:6:5
(lldb)  frame variable a -f dec 
(int) a = -438016
(lldb)  frame variable b -f dec 
(int) b = 64768
(lldb)  continue
Process 90849 resuming
Command #5 'continue' continued the target.
(lldb)  frame info
frame #0: 0x00005555555bb402 original_2_fuzz`gcd(a=64768, b=-49408) at original_2.c:6:5
(lldb)  frame variable a -f dec 
(int) a = 64768
(lldb)  frame variable b -f dec 
(int) b = -49408
(lldb)  continue
Process 90849 resuming
Command #5 'continue' continued the target.
(lldb)  frame info
frame #0: 0x00005555555bb402 original_2_fuzz`gcd(a=-49408, b=15360) at original_2.c:6:5
(lldb)  frame variable a -f dec 
(int) a = -49408
(lldb)  frame variable b -f dec 
(int) b = 15360
(lldb)  continue
Process 90849 resuming
Command #5 'continue' continued the target.
(lldb)  frame info
frame #0: 0x00005555555bb402 original_2_fuzz`gcd(a=15360, b=-3328) at original_2.c:6:5
(lldb)  frame variable a -f dec 
(int) a = 15360
(lldb)  frame variable b -f dec 
(int) b = -3328
(lldb)  continue
Process 90849 resuming
Command #5 'continue' continued the target.
(lldb)  frame info
frame #0: 0x00005555555bb402 original_2_fuzz`gcd(a=-3328, b=2048) at original_2.c:6:5
(lldb)  frame variable a -f dec 
(int) a = -3328
(lldb)  frame variable b -f dec 
(int) b = 2048
(lldb)  continue
Process 90849 resuming
Command #5 'continue' continued the target.
(lldb)  frame info
frame #0: 0x00005555555bb402 original_2_fuzz`gcd(a=2048, b=-1280) at original_2.c:6:5
(lldb)  frame variable a -f dec 
(int) a = 2048
(lldb)  frame variable b -f dec 
(int) b = -1280
(lldb)  continue
Process 90849 resuming
Command #5 'continue' continued the target.
(lldb)  frame info
frame #0: 0x00005555555bb402 original_2_fuzz`gcd(a=-1280, b=768) at original_2.c:6:5
(lldb)  frame variable a -f dec 
(int) a = -1280
(lldb)  frame variable b -f dec 
(int) b = 768
(lldb)  continue
Process 90849 resuming
Command #5 'continue' continued the target.
(lldb)  frame info
frame #0: 0x00005555555bb402 original_2_fuzz`gcd(a=768, b=-512) at original_2.c:6:5
(lldb)  frame variable a -f dec 
(int) a = 768
(lldb)  frame variable b -f dec 
(int) b = -512
(lldb)  continue
Process 90849 resuming
Command #5 'continue' continued the target.
(lldb)  frame info
frame #0: 0x00005555555bb402 original_2_fuzz`gcd(a=-512, b=256) at original_2.c:6:5
(lldb)  frame variable a -f dec 
(int) a = -512
(lldb)  frame variable b -f dec 
(int) b = 256
(lldb)  continue
Process 90849 resuming
Command #5 'continue' continued the target.
(lldb)  frame info
frame #0: 0x00005555555bb402 original_2_fuzz`gcd(a=256, b=0) at original_2.c:6:5
(lldb)  frame variable a -f dec 
(int) a = 256
(lldb)  frame variable b -f dec 
(int) b = 0
(lldb)  continue
Process 90849 resuming
Command #5 'continue' continued the target.
Executed /script/motivating_example/sample_set/gcd/fuzzing_test/modified_inputs/7c0b39ae71cf97f8affd2caa9a9d9a762d196fb1 in 29 ms
***
*** NOTE: fuzzing was not performed, you have only
***       executed the target code on a fixed set of inputs.
***
Process 90849 exited with status = 0 (0x00000000)
Process 90849 launched: '/script/motivating_example/sample_set/gcd/original_2_fuzz' (x86_64)
(lldb) quit
