(lldb) target create "original_1_fuzz"
Current executable set to '/script/motivating_example/sample_set/gcd/original_1_fuzz' (x86_64).
(lldb) command source -s 0 '/script/motivating_example/sample_set/gcd/fuzzing_test/original_1_debug/script/1a1057109f77e0930850fee241b8a5225cee5e3e/batch.lldb'
Executing commands in '/script/motivating_example/sample_set/gcd/fuzzing_test/original_1_debug/script/1a1057109f77e0930850fee241b8a5225cee5e3e/batch.lldb'.
(lldb) settings set interpreter.stop-command-source-on-error 0
(lldb) settings set auto-confirm 1
(lldb) breakpoint set --file /script/motivating_example/sample_set/gcd/original_1.c --line 10
Breakpoint 1: where = original_1_fuzz`gcd + 124 at original_1.c:10:9, address = 0x000000000006742c
(lldb) breakpoint command add 1
(lldb) run /script/motivating_example/sample_set/gcd/fuzzing_test/modified_inputs/1a1057109f77e0930850fee241b8a5225cee5e3e
INFO: Running with entropic power schedule (0xFF, 100).
INFO: Seed: 2480134718
INFO: Loaded 1 modules   (10 inline 8-bit counters): 10 [0x5555555defb0, 0x5555555defba), 
INFO: Loaded 1 PC tables (10 PCs): 10 [0x5555555defc0,0x5555555df060), 
/script/motivating_example/sample_set/gcd/original_1_fuzz: Running 1 inputs 1 time(s) each.
Running: /script/motivating_example/sample_set/gcd/fuzzing_test/modified_inputs/1a1057109f77e0930850fee241b8a5225cee5e3e
(lldb)  frame info
frame #0: 0x00005555555bb42c original_1_fuzz`gcd(a=-163840001, b=-17563635) at original_1.c:10:9
(lldb)  frame variable a -f dec 
(int) a = -163840001
(lldb)  frame variable b -f dec 
(int) b = -17563635
(lldb)  continue
Process 80918 resuming
Command #5 'continue' continued the target.
(lldb)  frame info
frame #0: 0x00005555555bb42c original_1_fuzz`gcd(a=-17563635, b=-5767286) at original_1.c:10:9
(lldb)  frame variable a -f dec 
(int) a = -17563635
(lldb)  frame variable b -f dec 
(int) b = -5767286
(lldb)  continue
Process 80918 resuming
Command #5 'continue' continued the target.
(lldb)  frame info
frame #0: 0x00005555555bb42c original_1_fuzz`gcd(a=-5767286, b=-261777) at original_1.c:10:9
(lldb)  frame variable a -f dec 
(int) a = -5767286
(lldb)  frame variable b -f dec 
(int) b = -261777
(lldb)  continue
Process 80918 resuming
Command #5 'continue' continued the target.
(lldb)  frame info
frame #0: 0x00005555555bb42c original_1_fuzz`gcd(a=-261777, b=-8192) at original_1.c:10:9
(lldb)  frame variable a -f dec 
(int) a = -261777
(lldb)  frame variable b -f dec 
(int) b = -8192
(lldb)  continue
Process 80918 resuming
Command #5 'continue' continued the target.
(lldb)  frame info
frame #0: 0x00005555555bb42c original_1_fuzz`gcd(a=-8192, b=-7825) at original_1.c:10:9
(lldb)  frame variable a -f dec 
(int) a = -8192
(lldb)  frame variable b -f dec 
(int) b = -7825
(lldb)  continue
Process 80918 resuming
Command #5 'continue' continued the target.
(lldb)  frame info
frame #0: 0x00005555555bb42c original_1_fuzz`gcd(a=-7825, b=-367) at original_1.c:10:9
(lldb)  frame variable a -f dec 
(int) a = -7825
(lldb)  frame variable b -f dec 
(int) b = -367
(lldb)  continue
Process 80918 resuming
Command #5 'continue' continued the target.
(lldb)  frame info
frame #0: 0x00005555555bb42c original_1_fuzz`gcd(a=-367, b=-118) at original_1.c:10:9
(lldb)  frame variable a -f dec 
(int) a = -367
(lldb)  frame variable b -f dec 
(int) b = -118
(lldb)  continue
Process 80918 resuming
Command #5 'continue' continued the target.
(lldb)  frame info
frame #0: 0x00005555555bb42c original_1_fuzz`gcd(a=-118, b=-13) at original_1.c:10:9
(lldb)  frame variable a -f dec 
(int) a = -118
(lldb)  frame variable b -f dec 
(int) b = -13
(lldb)  continue
Process 80918 resuming
Command #5 'continue' continued the target.
(lldb)  frame info
frame #0: 0x00005555555bb42c original_1_fuzz`gcd(a=-13, b=-1) at original_1.c:10:9
(lldb)  frame variable a -f dec 
(int) a = -13
(lldb)  frame variable b -f dec 
(int) b = -1
(lldb)  continue
Process 80918 resuming
Command #5 'continue' continued the target.
(lldb)  frame info
frame #0: 0x00005555555bb42c original_1_fuzz`gcd(a=-1, b=0) at original_1.c:10:9
(lldb)  frame variable a -f dec 
(int) a = -1
(lldb)  frame variable b -f dec 
(int) b = 0
(lldb)  continue
Process 80918 resuming
Command #5 'continue' continued the target.
Executed /script/motivating_example/sample_set/gcd/fuzzing_test/modified_inputs/1a1057109f77e0930850fee241b8a5225cee5e3e in 27 ms
***
*** NOTE: fuzzing was not performed, you have only
***       executed the target code on a fixed set of inputs.
***
Process 80918 exited with status = 0 (0x00000000)
Process 80918 launched: '/script/motivating_example/sample_set/gcd/original_1_fuzz' (x86_64)
(lldb) quit
