(lldb) target create "original_2_fuzz"
Current executable set to '/script/motivating_example/sample_set/gcd/original_2_fuzz' (x86_64).
(lldb) command source -s 0 '/script/motivating_example/sample_set/gcd/fuzzing_test/original_2_debug/script/99e5e97fc2c850a1c2909dc2d9f7bd4417edc410/batch.lldb'
Executing commands in '/script/motivating_example/sample_set/gcd/fuzzing_test/original_2_debug/script/99e5e97fc2c850a1c2909dc2d9f7bd4417edc410/batch.lldb'.
(lldb) settings set interpreter.stop-command-source-on-error 0
(lldb) settings set auto-confirm 1
(lldb) breakpoint set --file /script/motivating_example/sample_set/gcd/original_2.c --line 6
Breakpoint 1: where = original_2_fuzz`gcd + 82 at original_2.c:6:5, address = 0x0000000000067402
(lldb) breakpoint command add 1
(lldb) run /script/motivating_example/sample_set/gcd/fuzzing_test/modified_inputs/99e5e97fc2c850a1c2909dc2d9f7bd4417edc410
INFO: Running with entropic power schedule (0xFF, 100).
INFO: Seed: 655543275
INFO: Loaded 1 modules   (10 inline 8-bit counters): 10 [0x5555555defb0, 0x5555555defba), 
INFO: Loaded 1 PC tables (10 PCs): 10 [0x5555555defc0,0x5555555df060), 
/script/motivating_example/sample_set/gcd/original_2_fuzz: Running 1 inputs 1 time(s) each.
Running: /script/motivating_example/sample_set/gcd/fuzzing_test/modified_inputs/99e5e97fc2c850a1c2909dc2d9f7bd4417edc410
(lldb)  frame info
frame #0: 0x00005555555bb402 original_2_fuzz`gcd(a=12884379, b=1442790229) at original_2.c:6:5
(lldb)  frame variable a -f dec 
(int) a = 12884379
(lldb)  frame variable b -f dec 
(int) b = 1442790229
(lldb)  continue
Process 91259 resuming
Command #5 'continue' continued the target.
(lldb)  frame info
frame #0: 0x00005555555bb402 original_2_fuzz`gcd(a=1442790229, b=12884379) at original_2.c:6:5
(lldb)  frame variable a -f dec 
(int) a = 1442790229
(lldb)  frame variable b -f dec 
(int) b = 12884379
(lldb)  continue
Process 91259 resuming
Command #5 'continue' continued the target.
(lldb)  frame info
frame #0: 0x00005555555bb402 original_2_fuzz`gcd(a=12884379, b=12624160) at original_2.c:6:5
(lldb)  frame variable a -f dec 
(int) a = 12884379
(lldb)  frame variable b -f dec 
(int) b = 12624160
(lldb)  continue
Process 91259 resuming
Command #5 'continue' continued the target.
(lldb)  frame info
frame #0: 0x00005555555bb402 original_2_fuzz`gcd(a=12624160, b=260219) at original_2.c:6:5
(lldb)  frame variable a -f dec 
(int) a = 12624160
(lldb)  frame variable b -f dec 
(int) b = 260219
(lldb)  continue
Process 91259 resuming
Command #5 'continue' continued the target.
(lldb)  frame info
frame #0: 0x00005555555bb402 original_2_fuzz`gcd(a=260219, b=133648) at original_2.c:6:5
(lldb)  frame variable a -f dec 
(int) a = 260219
(lldb)  frame variable b -f dec 
(int) b = 133648
(lldb)  continue
Process 91259 resuming
Command #5 'continue' continued the target.
(lldb)  frame info
frame #0: 0x00005555555bb402 original_2_fuzz`gcd(a=133648, b=126571) at original_2.c:6:5
(lldb)  frame variable a -f dec 
(int) a = 133648
(lldb)  frame variable b -f dec 
(int) b = 126571
(lldb)  continue
Process 91259 resuming
Command #5 'continue' continued the target.
(lldb)  frame info
frame #0: 0x00005555555bb402 original_2_fuzz`gcd(a=126571, b=7077) at original_2.c:6:5
(lldb)  frame variable a -f dec 
(int) a = 126571
(lldb)  frame variable b -f dec 
(int) b = 7077
(lldb)  continue
Process 91259 resuming
Command #5 'continue' continued the target.
(lldb)  frame info
frame #0: 0x00005555555bb402 original_2_fuzz`gcd(a=7077, b=6262) at original_2.c:6:5
(lldb)  frame variable a -f dec 
(int) a = 7077
(lldb)  frame variable b -f dec 
(int) b = 6262
(lldb)  continue
Process 91259 resuming
Command #5 'continue' continued the target.
(lldb)  frame info
frame #0: 0x00005555555bb402 original_2_fuzz`gcd(a=6262, b=815) at original_2.c:6:5
(lldb)  frame variable a -f dec 
(int) a = 6262
(lldb)  frame variable b -f dec 
(int) b = 815
(lldb)  continue
Process 91259 resuming
Command #5 'continue' continued the target.
(lldb)  frame info
frame #0: 0x00005555555bb402 original_2_fuzz`gcd(a=815, b=557) at original_2.c:6:5
(lldb)  frame variable a -f dec 
(int) a = 815
(lldb)  frame variable b -f dec 
(int) b = 557
(lldb)  continue
Process 91259 resuming
Command #5 'continue' continued the target.
(lldb)  frame info
frame #0: 0x00005555555bb402 original_2_fuzz`gcd(a=557, b=258) at original_2.c:6:5
(lldb)  frame variable a -f dec 
(int) a = 557
(lldb)  frame variable b -f dec 
(int) b = 258
(lldb)  continue
Process 91259 resuming
Command #5 'continue' continued the target.
(lldb)  frame info
frame #0: 0x00005555555bb402 original_2_fuzz`gcd(a=258, b=41) at original_2.c:6:5
(lldb)  frame variable a -f dec 
(int) a = 258
(lldb)  frame variable b -f dec 
(int) b = 41
(lldb)  continue
Process 91259 resuming
Command #5 'continue' continued the target.
(lldb)  frame info
frame #0: 0x00005555555bb402 original_2_fuzz`gcd(a=41, b=12) at original_2.c:6:5
(lldb)  frame variable a -f dec 
(int) a = 41
(lldb)  frame variable b -f dec 
(int) b = 12
(lldb)  continue
Process 91259 resuming
Command #5 'continue' continued the target.
(lldb)  frame info
frame #0: 0x00005555555bb402 original_2_fuzz`gcd(a=12, b=5) at original_2.c:6:5
(lldb)  frame variable a -f dec 
(int) a = 12
(lldb)  frame variable b -f dec 
(int) b = 5
(lldb)  continue
Process 91259 resuming
Command #5 'continue' continued the target.
(lldb)  frame info
frame #0: 0x00005555555bb402 original_2_fuzz`gcd(a=5, b=2) at original_2.c:6:5
(lldb)  frame variable a -f dec 
(int) a = 5
(lldb)  frame variable b -f dec 
(int) b = 2
(lldb)  continue
Process 91259 resuming
Command #5 'continue' continued the target.
(lldb)  frame info
frame #0: 0x00005555555bb402 original_2_fuzz`gcd(a=2, b=1) at original_2.c:6:5
(lldb)  frame variable a -f dec 
(int) a = 2
(lldb)  frame variable b -f dec 
(int) b = 1
(lldb)  continue
Process 91259 resuming
Command #5 'continue' continued the target.
(lldb)  frame info
frame #0: 0x00005555555bb402 original_2_fuzz`gcd(a=1, b=0) at original_2.c:6:5
(lldb)  frame variable a -f dec 
(int) a = 1
(lldb)  frame variable b -f dec 
(int) b = 0
(lldb)  continue
Process 91259 resuming
Command #5 'continue' continued the target.
Executed /script/motivating_example/sample_set/gcd/fuzzing_test/modified_inputs/99e5e97fc2c850a1c2909dc2d9f7bd4417edc410 in 32 ms
***
*** NOTE: fuzzing was not performed, you have only
***       executed the target code on a fixed set of inputs.
***
Process 91259 exited with status = 0 (0x00000000)
Process 91259 launched: '/script/motivating_example/sample_set/gcd/original_2_fuzz' (x86_64)
(lldb) quit