(lldb) target create "original_2_fuzz"
Current executable set to '/script/motivating_example/sample_set/gcd/original_2_fuzz' (x86_64).
(lldb) command source -s 0 '/script/motivating_example/sample_set/gcd/fuzzing_test/original_2_debug/script/5cfdd3579641b5f2a5bc30662a908f323ab84c61/batch.lldb'
Executing commands in '/script/motivating_example/sample_set/gcd/fuzzing_test/original_2_debug/script/5cfdd3579641b5f2a5bc30662a908f323ab84c61/batch.lldb'.
(lldb) settings set interpreter.stop-command-source-on-error 0
(lldb) settings set auto-confirm 1
(lldb) breakpoint set --file /script/motivating_example/sample_set/gcd/original_2.c --line 6
Breakpoint 1: where = original_2_fuzz`gcd + 82 at original_2.c:6:5, address = 0x0000000000067402
(lldb) breakpoint command add 1
(lldb) run /script/motivating_example/sample_set/gcd/fuzzing_test/modified_inputs/5cfdd3579641b5f2a5bc30662a908f323ab84c61
INFO: Running with entropic power schedule (0xFF, 100).
INFO: Seed: 133754941
INFO: Loaded 1 modules   (10 inline 8-bit counters): 10 [0x5555555defb0, 0x5555555defba), 
INFO: Loaded 1 PC tables (10 PCs): 10 [0x5555555defc0,0x5555555df060), 
/script/motivating_example/sample_set/gcd/original_2_fuzz: Running 1 inputs 1 time(s) each.
Running: /script/motivating_example/sample_set/gcd/fuzzing_test/modified_inputs/5cfdd3579641b5f2a5bc30662a908f323ab84c61
(lldb)  frame info
frame #0: 0x00005555555bb402 original_2_fuzz`gcd(a=-21145, b=2767871) at original_2.c:6:5
(lldb)  frame variable a -f dec 
(int) a = -21145
(lldb)  frame variable b -f dec 
(int) b = 2767871
(lldb)  continue
Process 90437 resuming
Command #5 'continue' continued the target.
(lldb)  frame info
frame #0: 0x00005555555bb402 original_2_fuzz`gcd(a=2767871, b=-21145) at original_2.c:6:5
(lldb)  frame variable a -f dec 
(int) a = 2767871
(lldb)  frame variable b -f dec 
(int) b = -21145
(lldb)  continue
Process 90437 resuming
Command #5 'continue' continued the target.
(lldb)  frame info
frame #0: 0x00005555555bb402 original_2_fuzz`gcd(a=-21145, b=19021) at original_2.c:6:5
(lldb)  frame variable a -f dec 
(int) a = -21145
(lldb)  frame variable b -f dec 
(int) b = 19021
(lldb)  continue
Process 90437 resuming
Command #5 'continue' continued the target.
(lldb)  frame info
frame #0: 0x00005555555bb402 original_2_fuzz`gcd(a=19021, b=-2124) at original_2.c:6:5
(lldb)  frame variable a -f dec 
(int) a = 19021
(lldb)  frame variable b -f dec 
(int) b = -2124
(lldb)  continue
Process 90437 resuming
Command #5 'continue' continued the target.
(lldb)  frame info
frame #0: 0x00005555555bb402 original_2_fuzz`gcd(a=-2124, b=2029) at original_2.c:6:5
(lldb)  frame variable a -f dec 
(int) a = -2124
(lldb)  frame variable b -f dec 
(int) b = 2029
(lldb)  continue
Process 90437 resuming
Command #5 'continue' continued the target.
(lldb)  frame info
frame #0: 0x00005555555bb402 original_2_fuzz`gcd(a=2029, b=-95) at original_2.c:6:5
(lldb)  frame variable a -f dec 
(int) a = 2029
(lldb)  frame variable b -f dec 
(int) b = -95
(lldb)  continue
Process 90437 resuming
Command #5 'continue' continued the target.
(lldb)  frame info
frame #0: 0x00005555555bb402 original_2_fuzz`gcd(a=-95, b=34) at original_2.c:6:5
(lldb)  frame variable a -f dec 
(int) a = -95
(lldb)  frame variable b -f dec 
(int) b = 34
(lldb)  continue
Process 90437 resuming
Command #5 'continue' continued the target.
(lldb)  frame info
frame #0: 0x00005555555bb402 original_2_fuzz`gcd(a=34, b=-27) at original_2.c:6:5
(lldb)  frame variable a -f dec 
(int) a = 34
(lldb)  frame variable b -f dec 
(int) b = -27
(lldb)  continue
Process 90437 resuming
Command #5 'continue' continued the target.
(lldb)  frame info
frame #0: 0x00005555555bb402 original_2_fuzz`gcd(a=-27, b=7) at original_2.c:6:5
(lldb)  frame variable a -f dec 
(int) a = -27
(lldb)  frame variable b -f dec 
(int) b = 7
(lldb)  continue
Process 90437 resuming
Command #5 'continue' continued the target.
(lldb)  frame info
frame #0: 0x00005555555bb402 original_2_fuzz`gcd(a=7, b=-6) at original_2.c:6:5
(lldb)  frame variable a -f dec 
(int) a = 7
(lldb)  frame variable b -f dec 
(int) b = -6
(lldb)  continue
Process 90437 resuming
Command #5 'continue' continued the target.
(lldb)  frame info
frame #0: 0x00005555555bb402 original_2_fuzz`gcd(a=-6, b=1) at original_2.c:6:5
(lldb)  frame variable a -f dec 
(int) a = -6
(lldb)  frame variable b -f dec 
(int) b = 1
(lldb)  continue
Process 90437 resuming
Command #5 'continue' continued the target.
(lldb)  frame info
frame #0: 0x00005555555bb402 original_2_fuzz`gcd(a=1, b=0) at original_2.c:6:5
(lldb)  frame variable a -f dec 
(int) a = 1
(lldb)  frame variable b -f dec 
(int) b = 0
(lldb)  continue
Process 90437 resuming
Command #5 'continue' continued the target.
Executed /script/motivating_example/sample_set/gcd/fuzzing_test/modified_inputs/5cfdd3579641b5f2a5bc30662a908f323ab84c61 in 27 ms
***
*** NOTE: fuzzing was not performed, you have only
***       executed the target code on a fixed set of inputs.
***
Process 90437 exited with status = 0 (0x00000000)
Process 90437 launched: '/script/motivating_example/sample_set/gcd/original_2_fuzz' (x86_64)
(lldb) quit