(lldb) target create "original_1_fuzz"
Current executable set to '/script/motivating_example/sample_set/bubble_sort/original_1_fuzz' (x86_64).
(lldb) command source -s 0 '/script/motivating_example/sample_set/bubble_sort/fuzzing_test/original_1_debug/script/b73a8f83a1b2c974d435558019031b0b71c76e78/batch.lldb'
Executing commands in '/script/motivating_example/sample_set/bubble_sort/fuzzing_test/original_1_debug/script/b73a8f83a1b2c974d435558019031b0b71c76e78/batch.lldb'.
(lldb) settings set interpreter.stop-command-source-on-error 0
(lldb) settings set auto-confirm 1
(lldb) breakpoint set --file /script/motivating_example/sample_set/bubble_sort/original_1.c --line 15
Breakpoint 1: where = original_1_fuzz`bubble_sort + 325 at original_1.c:15:17, address = 0x00000000000674f5
(lldb) breakpoint command add 1
(lldb) run /script/motivating_example/sample_set/bubble_sort/fuzzing_test/modified_inputs/b73a8f83a1b2c974d435558019031b0b71c76e78
INFO: Running with entropic power schedule (0xFF, 100).
INFO: Seed: 3732670750
INFO: Loaded 1 modules   (11 inline 8-bit counters): 11 [0x5555555defc0, 0x5555555defcb), 
INFO: Loaded 1 PC tables (11 PCs): 11 [0x5555555defd0,0x5555555df080), 
/script/motivating_example/sample_set/bubble_sort/original_1_fuzz: Running 1 inputs 1 time(s) each.
Running: /script/motivating_example/sample_set/bubble_sort/fuzzing_test/modified_inputs/b73a8f83a1b2c974d435558019031b0b71c76e78
(lldb)  frame info
frame #0: 0x00005555555bb4f5 original_1_fuzz`bubble_sort(arr=0x0000555555f67f60, size=7) at original_1.c:15:17
(lldb)  frame variable i -f dec 
(size_t) i = 0
(lldb)  frame variable j -f dec 
(size_t) j = 0
(lldb)  frame variable temp -f dec 
(int) temp = 65535
(lldb)  continue
Process 132154 resuming
Command #6 'continue' continued the target.
(lldb)  frame info
frame #0: 0x00005555555bb4f5 original_1_fuzz`bubble_sort(arr=0x0000555555f67f60, size=7) at original_1.c:15:17
(lldb)  frame variable i -f dec 
(size_t) i = 0
(lldb)  frame variable j -f dec 
(size_t) j = 1
(lldb)  frame variable temp -f dec 
(int) temp = 65535
(lldb)  continue
Process 132154 resuming
Command #6 'continue' continued the target.
(lldb)  frame info
frame #0: 0x00005555555bb4f5 original_1_fuzz`bubble_sort(arr=0x0000555555f67f60, size=7) at original_1.c:15:17
(lldb)  frame variable i -f dec 
(size_t) i = 0
(lldb)  frame variable j -f dec 
(size_t) j = 2
(lldb)  frame variable temp -f dec 
(int) temp = 65535
(lldb)  continue
Process 132154 resuming
Command #6 'continue' continued the target.
(lldb)  frame info
frame #0: 0x00005555555bb4f5 original_1_fuzz`bubble_sort(arr=0x0000555555f67f60, size=7) at original_1.c:15:17
(lldb)  frame variable i -f dec 
(size_t) i = 0
(lldb)  frame variable j -f dec 
(size_t) j = 4
(lldb)  frame variable temp -f dec 
(int) temp = 16777216
(lldb)  continue
Process 132154 resuming
Command #6 'continue' continued the target.
(lldb)  frame info
frame #0: 0x00005555555bb4f5 original_1_fuzz`bubble_sort(arr=0x0000555555f67f60, size=7) at original_1.c:15:17
(lldb)  frame variable i -f dec 
(size_t) i = 0
(lldb)  frame variable j -f dec 
(size_t) j = 5
(lldb)  frame variable temp -f dec 
(int) temp = 16777216
(lldb)  continue
Process 132154 resuming
Command #6 'continue' continued the target.
(lldb)  frame info
frame #0: 0x00005555555bb4f5 original_1_fuzz`bubble_sort(arr=0x0000555555f67f60, size=7) at original_1.c:15:17
(lldb)  frame variable i -f dec 
(size_t) i = 1
(lldb)  frame variable j -f dec 
(size_t) j = 3
(lldb)  frame variable temp -f dec 
(int) temp = 65535
(lldb)  continue
Process 132154 resuming
Command #6 'continue' continued the target.
(lldb)  frame info
frame #0: 0x00005555555bb4f5 original_1_fuzz`bubble_sort(arr=0x0000555555f67f60, size=7) at original_1.c:15:17
(lldb)  frame variable i -f dec 
(size_t) i = 1
(lldb)  frame variable j -f dec 
(size_t) j = 4
(lldb)  frame variable temp -f dec 
(int) temp = 65535
(lldb)  continue
Process 132154 resuming
Command #6 'continue' continued the target.
(lldb)  frame info
frame #0: 0x00005555555bb4f5 original_1_fuzz`bubble_sort(arr=0x0000555555f67f60, size=7) at original_1.c:15:17
(lldb)  frame variable i -f dec 
(size_t) i = 2
(lldb)  frame variable j -f dec 
(size_t) j = 2
(lldb)  frame variable temp -f dec 
(int) temp = 254
(lldb)  continue
Process 132154 resuming
Command #6 'continue' continued the target.
(lldb)  frame info
frame #0: 0x00005555555bb4f5 original_1_fuzz`bubble_sort(arr=0x0000555555f67f60, size=7) at original_1.c:15:17
(lldb)  frame variable i -f dec 
(size_t) i = 2
(lldb)  frame variable j -f dec 
(size_t) j = 3
(lldb)  frame variable temp -f dec 
(int) temp = 254
(lldb)  continue
Process 132154 resuming
Command #6 'continue' continued the target.
(lldb)  frame info
frame #0: 0x00005555555bb4f5 original_1_fuzz`bubble_sort(arr=0x0000555555f67f60, size=7) at original_1.c:15:17
(lldb)  frame variable i -f dec 
(size_t) i = 3
(lldb)  frame variable j -f dec 
(size_t) j = 1
(lldb)  frame variable temp -f dec 
(int) temp = 37
(lldb)  continue
Process 132154 resuming
Command #6 'continue' continued the target.
(lldb)  frame info
frame #0: 0x00005555555bb4f5 original_1_fuzz`bubble_sort(arr=0x0000555555f67f60, size=7) at original_1.c:15:17
(lldb)  frame variable i -f dec 
(size_t) i = 3
(lldb)  frame variable j -f dec 
(size_t) j = 2
(lldb)  frame variable temp -f dec 
(int) temp = 37
(lldb)  continue
Process 132154 resuming
Command #6 'continue' continued the target.
(lldb)  frame info
frame #0: 0x00005555555bb4f5 original_1_fuzz`bubble_sort(arr=0x0000555555f67f60, size=7) at original_1.c:15:17
(lldb)  frame variable i -f dec 
(size_t) i = 4
(lldb)  frame variable j -f dec 
(size_t) j = 1
(lldb)  frame variable temp -f dec 
(int) temp = 4
(lldb)  continue
Process 132154 resuming
Command #6 'continue' continued the target.
Executed /script/motivating_example/sample_set/bubble_sort/fuzzing_test/modified_inputs/b73a8f83a1b2c974d435558019031b0b71c76e78 in 30 ms
***
*** NOTE: fuzzing was not performed, you have only
***       executed the target code on a fixed set of inputs.
***
Process 132154 exited with status = 0 (0x00000000)
Process 132154 launched: '/script/motivating_example/sample_set/bubble_sort/original_1_fuzz' (x86_64)
(lldb) quit