(lldb) target create "original_1_fuzz"
Current executable set to '/script/motivating_example/sample_set/gcd/original_1_fuzz' (x86_64).
(lldb) command source -s 0 '/script/motivating_example/sample_set/gcd/fuzzing_test/original_1_debug/script/3693d1d41d6205348292dac31b4b589e96b5a40c/batch.lldb'
Executing commands in '/script/motivating_example/sample_set/gcd/fuzzing_test/original_1_debug/script/3693d1d41d6205348292dac31b4b589e96b5a40c/batch.lldb'.
(lldb) settings set interpreter.stop-command-source-on-error 0
(lldb) settings set auto-confirm 1
(lldb) breakpoint set --file /script/motivating_example/sample_set/gcd/original_1.c --line 10
Breakpoint 1: where = original_1_fuzz`gcd + 124 at original_1.c:10:9, address = 0x000000000006742c
(lldb) breakpoint command add 1
(lldb) run /script/motivating_example/sample_set/gcd/fuzzing_test/modified_inputs/3693d1d41d6205348292dac31b4b589e96b5a40c
INFO: Running with entropic power schedule (0xFF, 100).
INFO: Seed: 1863459829
INFO: Loaded 1 modules   (10 inline 8-bit counters): 10 [0x5555555defb0, 0x5555555defba), 
INFO: Loaded 1 PC tables (10 PCs): 10 [0x5555555defc0,0x5555555df060), 
/script/motivating_example/sample_set/gcd/original_1_fuzz: Running 1 inputs 1 time(s) each.
Running: /script/motivating_example/sample_set/gcd/fuzzing_test/modified_inputs/3693d1d41d6205348292dac31b4b589e96b5a40c
(lldb)  frame info
frame #0: 0x00005555555bb42c original_1_fuzz`gcd(a=-93, b=59) at original_1.c:10:9
(lldb)  frame variable a -f dec 
(int) a = -93
(lldb)  frame variable b -f dec 
(int) b = 59
(lldb)  continue
Process 81381 resuming
Command #5 'continue' continued the target.
(lldb)  frame info
frame #0: 0x00005555555bb42c original_1_fuzz`gcd(a=59, b=-34) at original_1.c:10:9
(lldb)  frame variable a -f dec 
(int) a = 59
(lldb)  frame variable b -f dec 
(int) b = -34
(lldb)  continue
Process 81381 resuming
Command #5 'continue' continued the target.
(lldb)  frame info
frame #0: 0x00005555555bb42c original_1_fuzz`gcd(a=-34, b=25) at original_1.c:10:9
(lldb)  frame variable a -f dec 
(int) a = -34
(lldb)  frame variable b -f dec 
(int) b = 25
(lldb)  continue
Process 81381 resuming
Command #5 'continue' continued the target.
(lldb)  frame info
frame #0: 0x00005555555bb42c original_1_fuzz`gcd(a=25, b=-9) at original_1.c:10:9
(lldb)  frame variable a -f dec 
(int) a = 25
(lldb)  frame variable b -f dec 
(int) b = -9
(lldb)  continue
Process 81381 resuming
Command #5 'continue' continued the target.
(lldb)  frame info
frame #0: 0x00005555555bb42c original_1_fuzz`gcd(a=-9, b=7) at original_1.c:10:9
(lldb)  frame variable a -f dec 
(int) a = -9
(lldb)  frame variable b -f dec 
(int) b = 7
(lldb)  continue
Process 81381 resuming
Command #5 'continue' continued the target.
(lldb)  frame info
frame #0: 0x00005555555bb42c original_1_fuzz`gcd(a=7, b=-2) at original_1.c:10:9
(lldb)  frame variable a -f dec 
(int) a = 7
(lldb)  frame variable b -f dec 
(int) b = -2
(lldb)  continue
Process 81381 resuming
Command #5 'continue' continued the target.
(lldb)  frame info
frame #0: 0x00005555555bb42c original_1_fuzz`gcd(a=-2, b=1) at original_1.c:10:9
(lldb)  frame variable a -f dec 
(int) a = -2
(lldb)  frame variable b -f dec 
(int) b = 1
(lldb)  continue
Process 81381 resuming
Command #5 'continue' continued the target.
(lldb)  frame info
frame #0: 0x00005555555bb42c original_1_fuzz`gcd(a=1, b=0) at original_1.c:10:9
(lldb)  frame variable a -f dec 
(int) a = 1
(lldb)  frame variable b -f dec 
(int) b = 0
(lldb)  continue
Process 81381 resuming
Command #5 'continue' continued the target.
Executed /script/motivating_example/sample_set/gcd/fuzzing_test/modified_inputs/3693d1d41d6205348292dac31b4b589e96b5a40c in 24 ms
***
*** NOTE: fuzzing was not performed, you have only
***       executed the target code on a fixed set of inputs.
***
Process 81381 exited with status = 0 (0x00000000)
Process 81381 launched: '/script/motivating_example/sample_set/gcd/original_1_fuzz' (x86_64)
(lldb) quit
