(lldb) target create "original_1_fuzz"
Current executable set to '/script/motivating_example/sample_set/bubble_sort/original_1_fuzz' (x86_64).
(lldb) command source -s 0 '/script/motivating_example/sample_set/bubble_sort/fuzzing_test/original_1_debug/script/d3ebf8d88a3480398e19c6ca4e29540d52514205/batch.lldb'
Executing commands in '/script/motivating_example/sample_set/bubble_sort/fuzzing_test/original_1_debug/script/d3ebf8d88a3480398e19c6ca4e29540d52514205/batch.lldb'.
(lldb) settings set interpreter.stop-command-source-on-error 0
(lldb) settings set auto-confirm 1
(lldb) breakpoint set --file /script/motivating_example/sample_set/bubble_sort/original_1.c --line 15
Breakpoint 1: where = original_1_fuzz`bubble_sort + 325 at original_1.c:15:17, address = 0x00000000000674f5
(lldb) breakpoint command add 1
(lldb) run /script/motivating_example/sample_set/bubble_sort/fuzzing_test/modified_inputs/d3ebf8d88a3480398e19c6ca4e29540d52514205
INFO: Running with entropic power schedule (0xFF, 100).
INFO: Seed: 3027308542
INFO: Loaded 1 modules   (11 inline 8-bit counters): 11 [0x5555555defc0, 0x5555555defcb), 
INFO: Loaded 1 PC tables (11 PCs): 11 [0x5555555defd0,0x5555555df080), 
/script/motivating_example/sample_set/bubble_sort/original_1_fuzz: Running 1 inputs 1 time(s) each.
Running: /script/motivating_example/sample_set/bubble_sort/fuzzing_test/modified_inputs/d3ebf8d88a3480398e19c6ca4e29540d52514205
(lldb)  frame info
frame #0: 0x00005555555bb4f5 original_1_fuzz`bubble_sort(arr=0x0000555555f67f50, size=2) at original_1.c:15:17
(lldb)  frame variable i -f dec 
(size_t) i = 0
(lldb)  frame variable j -f dec 
(size_t) j = 0
(lldb)  frame variable temp -f dec 
(int) temp = 1025
(lldb)  continue
Process 132538 resuming
Command #6 'continue' continued the target.
Executed /script/motivating_example/sample_set/bubble_sort/fuzzing_test/modified_inputs/d3ebf8d88a3480398e19c6ca4e29540d52514205 in 12 ms
***
*** NOTE: fuzzing was not performed, you have only
***       executed the target code on a fixed set of inputs.
***
Process 132538 exited with status = 0 (0x00000000)
Process 132538 launched: '/script/motivating_example/sample_set/bubble_sort/original_1_fuzz' (x86_64)
(lldb) quit
