(lldb) target create "original_2_fuzz"
Current executable set to '/script/motivating_example/sample_set/gcd/original_2_fuzz' (x86_64).
(lldb) command source -s 0 '/script/motivating_example/sample_set/gcd/fuzzing_test/original_2_debug/script/f1a32f4c9115f4c0e20318cdf7297e6b1d766161/batch.lldb'
Executing commands in '/script/motivating_example/sample_set/gcd/fuzzing_test/original_2_debug/script/f1a32f4c9115f4c0e20318cdf7297e6b1d766161/batch.lldb'.
(lldb) settings set interpreter.stop-command-source-on-error 0
(lldb) settings set auto-confirm 1
(lldb) breakpoint set --file /script/motivating_example/sample_set/gcd/original_2.c --line 6
Breakpoint 1: where = original_2_fuzz`gcd + 82 at original_2.c:6:5, address = 0x0000000000067402
(lldb) breakpoint command add 1
(lldb) run /script/motivating_example/sample_set/gcd/fuzzing_test/modified_inputs/f1a32f4c9115f4c0e20318cdf7297e6b1d766161
INFO: Running with entropic power schedule (0xFF, 100).
INFO: Seed: 293428029
INFO: Loaded 1 modules   (10 inline 8-bit counters): 10 [0x5555555defb0, 0x5555555defba), 
INFO: Loaded 1 PC tables (10 PCs): 10 [0x5555555defc0,0x5555555df060), 
/script/motivating_example/sample_set/gcd/original_2_fuzz: Running 1 inputs 1 time(s) each.
Running: /script/motivating_example/sample_set/gcd/fuzzing_test/modified_inputs/f1a32f4c9115f4c0e20318cdf7297e6b1d766161
(lldb)  frame info
frame #0: 0x00005555555bb402 original_2_fuzz`gcd(a=-2147483648, b=992608347) at original_2.c:6:5
(lldb)  frame variable a -f dec 
(int) a = -2147483648
(lldb)  frame variable b -f dec 
(int) b = 992608347
(lldb)  continue
Process 92575 resuming
Command #5 'continue' continued the target.
(lldb)  frame info
frame #0: 0x00005555555bb402 original_2_fuzz`gcd(a=992608347, b=-162266954) at original_2.c:6:5
(lldb)  frame variable a -f dec 
(int) a = 992608347
(lldb)  frame variable b -f dec 
(int) b = -162266954
(lldb)  continue
Process 92575 resuming
Command #5 'continue' continued the target.
(lldb)  frame info
frame #0: 0x00005555555bb402 original_2_fuzz`gcd(a=-162266954, b=19006623) at original_2.c:6:5
(lldb)  frame variable a -f dec 
(int) a = -162266954
(lldb)  frame variable b -f dec 
(int) b = 19006623
(lldb)  continue
Process 92575 resuming
Command #5 'continue' continued the target.
(lldb)  frame info
frame #0: 0x00005555555bb402 original_2_fuzz`gcd(a=19006623, b=-10213970) at original_2.c:6:5
(lldb)  frame variable a -f dec 
(int) a = 19006623
(lldb)  frame variable b -f dec 
(int) b = -10213970
(lldb)  continue
Process 92575 resuming
Command #5 'continue' continued the target.
(lldb)  frame info
frame #0: 0x00005555555bb402 original_2_fuzz`gcd(a=-10213970, b=8792653) at original_2.c:6:5
(lldb)  frame variable a -f dec 
(int) a = -10213970
(lldb)  frame variable b -f dec 
(int) b = 8792653
(lldb)  continue
Process 92575 resuming
Command #5 'continue' continued the target.
(lldb)  frame info
frame #0: 0x00005555555bb402 original_2_fuzz`gcd(a=8792653, b=-1421317) at original_2.c:6:5
(lldb)  frame variable a -f dec 
(int) a = 8792653
(lldb)  frame variable b -f dec 
(int) b = -1421317
(lldb)  continue
Process 92575 resuming
Command #5 'continue' continued the target.
(lldb)  frame info
frame #0: 0x00005555555bb402 original_2_fuzz`gcd(a=-1421317, b=264751) at original_2.c:6:5
(lldb)  frame variable a -f dec 
(int) a = -1421317
(lldb)  frame variable b -f dec 
(int) b = 264751
(lldb)  continue
Process 92575 resuming
Command #5 'continue' continued the target.
(lldb)  frame info
frame #0: 0x00005555555bb402 original_2_fuzz`gcd(a=264751, b=-97562) at original_2.c:6:5
(lldb)  frame variable a -f dec 
(int) a = 264751
(lldb)  frame variable b -f dec 
(int) b = -97562
(lldb)  continue
Process 92575 resuming
Command #5 'continue' continued the target.
(lldb)  frame info
frame #0: 0x00005555555bb402 original_2_fuzz`gcd(a=-97562, b=69627) at original_2.c:6:5
(lldb)  frame variable a -f dec 
(int) a = -97562
(lldb)  frame variable b -f dec 
(int) b = 69627
(lldb)  continue
Process 92575 resuming
Command #5 'continue' continued the target.
(lldb)  frame info
frame #0: 0x00005555555bb402 original_2_fuzz`gcd(a=69627, b=-27935) at original_2.c:6:5
(lldb)  frame variable a -f dec 
(int) a = 69627
(lldb)  frame variable b -f dec 
(int) b = -27935
(lldb)  continue
Process 92575 resuming
Command #5 'continue' continued the target.
(lldb)  frame info
frame #0: 0x00005555555bb402 original_2_fuzz`gcd(a=-27935, b=13757) at original_2.c:6:5
(lldb)  frame variable a -f dec 
(int) a = -27935
(lldb)  frame variable b -f dec 
(int) b = 13757
(lldb)  continue
Process 92575 resuming
Command #5 'continue' continued the target.
(lldb)  frame info
frame #0: 0x00005555555bb402 original_2_fuzz`gcd(a=13757, b=-421) at original_2.c:6:5
(lldb)  frame variable a -f dec 
(int) a = 13757
(lldb)  frame variable b -f dec 
(int) b = -421
(lldb)  continue
Process 92575 resuming
Command #5 'continue' continued the target.
(lldb)  frame info
frame #0: 0x00005555555bb402 original_2_fuzz`gcd(a=-421, b=285) at original_2.c:6:5
(lldb)  frame variable a -f dec 
(int) a = -421
(lldb)  frame variable b -f dec 
(int) b = 285
(lldb)  continue
Process 92575 resuming
Command #5 'continue' continued the target.
(lldb)  frame info
frame #0: 0x00005555555bb402 original_2_fuzz`gcd(a=285, b=-136) at original_2.c:6:5
(lldb)  frame variable a -f dec 
(int) a = 285
(lldb)  frame variable b -f dec 
(int) b = -136
(lldb)  continue
Process 92575 resuming
Command #5 'continue' continued the target.
(lldb)  frame info
frame #0: 0x00005555555bb402 original_2_fuzz`gcd(a=-136, b=13) at original_2.c:6:5
(lldb)  frame variable a -f dec 
(int) a = -136
(lldb)  frame variable b -f dec 
(int) b = 13
(lldb)  continue
Process 92575 resuming
Command #5 'continue' continued the target.
(lldb)  frame info
frame #0: 0x00005555555bb402 original_2_fuzz`gcd(a=13, b=-6) at original_2.c:6:5
(lldb)  frame variable a -f dec 
(int) a = 13
(lldb)  frame variable b -f dec 
(int) b = -6
(lldb)  continue
Process 92575 resuming
Command #5 'continue' continued the target.
(lldb)  frame info
frame #0: 0x00005555555bb402 original_2_fuzz`gcd(a=-6, b=1) at original_2.c:6:5
(lldb)  frame variable a -f dec 
(int) a = -6
(lldb)  frame variable b -f dec 
(int) b = 1
(lldb)  continue
Process 92575 resuming
Command #5 'continue' continued the target.
(lldb)  frame info
frame #0: 0x00005555555bb402 original_2_fuzz`gcd(a=1, b=0) at original_2.c:6:5
(lldb)  frame variable a -f dec 
(int) a = 1
(lldb)  frame variable b -f dec 
(int) b = 0
(lldb)  continue
Process 92575 resuming
Command #5 'continue' continued the target.
Executed /script/motivating_example/sample_set/gcd/fuzzing_test/modified_inputs/f1a32f4c9115f4c0e20318cdf7297e6b1d766161 in 34 ms
***
*** NOTE: fuzzing was not performed, you have only
***       executed the target code on a fixed set of inputs.
***
Process 92575 exited with status = 0 (0x00000000)
Process 92575 launched: '/script/motivating_example/sample_set/gcd/original_2_fuzz' (x86_64)
(lldb) quit