(lldb) target create "original_2_fuzz"
Current executable set to '/script/motivating_example/sample_set/gcd/original_2_fuzz' (x86_64).
(lldb) command source -s 0 '/script/motivating_example/sample_set/gcd/fuzzing_test/original_2_debug/script/f9f3cfe9a1e61c70a2d06610a636739eca3b76bb/batch.lldb'
Executing commands in '/script/motivating_example/sample_set/gcd/fuzzing_test/original_2_debug/script/f9f3cfe9a1e61c70a2d06610a636739eca3b76bb/batch.lldb'.
(lldb) settings set interpreter.stop-command-source-on-error 0
(lldb) settings set auto-confirm 1
(lldb) breakpoint set --file /script/motivating_example/sample_set/gcd/original_2.c --line 6
Breakpoint 1: where = original_2_fuzz`gcd + 82 at original_2.c:6:5, address = 0x0000000000067402
(lldb) breakpoint command add 1
(lldb) run /script/motivating_example/sample_set/gcd/fuzzing_test/modified_inputs/f9f3cfe9a1e61c70a2d06610a636739eca3b76bb
INFO: Running with entropic power schedule (0xFF, 100).
INFO: Seed: 2033677147
INFO: Loaded 1 modules   (10 inline 8-bit counters): 10 [0x5555555defb0, 0x5555555defba), 
INFO: Loaded 1 PC tables (10 PCs): 10 [0x5555555defc0,0x5555555df060), 
/script/motivating_example/sample_set/gcd/original_2_fuzz: Running 1 inputs 1 time(s) each.
Running: /script/motivating_example/sample_set/gcd/fuzzing_test/modified_inputs/f9f3cfe9a1e61c70a2d06610a636739eca3b76bb
(lldb)  frame info
frame #0: 0x00005555555bb402 original_2_fuzz`gcd(a=2146635776, b=83886080) at original_2.c:6:5
(lldb)  frame variable a -f dec 
(int) a = 2146635776
(lldb)  frame variable b -f dec 
(int) b = 83886080
(lldb)  continue
Process 92677 resuming
Command #5 'continue' continued the target.
(lldb)  frame info
frame #0: 0x00005555555bb402 original_2_fuzz`gcd(a=83886080, b=49483776) at original_2.c:6:5
(lldb)  frame variable a -f dec 
(int) a = 83886080
(lldb)  frame variable b -f dec 
(int) b = 49483776
(lldb)  continue
Process 92677 resuming
Command #5 'continue' continued the target.
(lldb)  frame info
frame #0: 0x00005555555bb402 original_2_fuzz`gcd(a=49483776, b=34402304) at original_2.c:6:5
(lldb)  frame variable a -f dec 
(int) a = 49483776
(lldb)  frame variable b -f dec 
(int) b = 34402304
(lldb)  continue
Process 92677 resuming
Command #5 'continue' continued the target.
(lldb)  frame info
frame #0: 0x00005555555bb402 original_2_fuzz`gcd(a=34402304, b=15081472) at original_2.c:6:5
(lldb)  frame variable a -f dec 
(int) a = 34402304
(lldb)  frame variable b -f dec 
(int) b = 15081472
(lldb)  continue
Process 92677 resuming
Command #5 'continue' continued the target.
(lldb)  frame info
frame #0: 0x00005555555bb402 original_2_fuzz`gcd(a=15081472, b=4239360) at original_2.c:6:5
(lldb)  frame variable a -f dec 
(int) a = 15081472
(lldb)  frame variable b -f dec 
(int) b = 4239360
(lldb)  continue
Process 92677 resuming
Command #5 'continue' continued the target.
(lldb)  frame info
frame #0: 0x00005555555bb402 original_2_fuzz`gcd(a=4239360, b=2363392) at original_2.c:6:5
(lldb)  frame variable a -f dec 
(int) a = 4239360
(lldb)  frame variable b -f dec 
(int) b = 2363392
(lldb)  continue
Process 92677 resuming
Command #5 'continue' continued the target.
(lldb)  frame info
frame #0: 0x00005555555bb402 original_2_fuzz`gcd(a=2363392, b=1875968) at original_2.c:6:5
(lldb)  frame variable a -f dec 
(int) a = 2363392
(lldb)  frame variable b -f dec 
(int) b = 1875968
(lldb)  continue
Process 92677 resuming
Command #5 'continue' continued the target.
(lldb)  frame info
frame #0: 0x00005555555bb402 original_2_fuzz`gcd(a=1875968, b=487424) at original_2.c:6:5
(lldb)  frame variable a -f dec 
(int) a = 1875968
(lldb)  frame variable b -f dec 
(int) b = 487424
(lldb)  continue
Process 92677 resuming
Command #5 'continue' continued the target.
(lldb)  frame info
frame #0: 0x00005555555bb402 original_2_fuzz`gcd(a=487424, b=413696) at original_2.c:6:5
(lldb)  frame variable a -f dec 
(int) a = 487424
(lldb)  frame variable b -f dec 
(int) b = 413696
(lldb)  continue
Process 92677 resuming
Command #5 'continue' continued the target.
(lldb)  frame info
frame #0: 0x00005555555bb402 original_2_fuzz`gcd(a=413696, b=73728) at original_2.c:6:5
(lldb)  frame variable a -f dec 
(int) a = 413696
(lldb)  frame variable b -f dec 
(int) b = 73728
(lldb)  continue
Process 92677 resuming
Command #5 'continue' continued the target.
(lldb)  frame info
frame #0: 0x00005555555bb402 original_2_fuzz`gcd(a=73728, b=45056) at original_2.c:6:5
(lldb)  frame variable a -f dec 
(int) a = 73728
(lldb)  frame variable b -f dec 
(int) b = 45056
(lldb)  continue
Process 92677 resuming
Command #5 'continue' continued the target.
(lldb)  frame info
frame #0: 0x00005555555bb402 original_2_fuzz`gcd(a=45056, b=28672) at original_2.c:6:5
(lldb)  frame variable a -f dec 
(int) a = 45056
(lldb)  frame variable b -f dec 
(int) b = 28672
(lldb)  continue
Process 92677 resuming
Command #5 'continue' continued the target.
(lldb)  frame info
frame #0: 0x00005555555bb402 original_2_fuzz`gcd(a=28672, b=16384) at original_2.c:6:5
(lldb)  frame variable a -f dec 
(int) a = 28672
(lldb)  frame variable b -f dec 
(int) b = 16384
(lldb)  continue
Process 92677 resuming
Command #5 'continue' continued the target.
(lldb)  frame info
frame #0: 0x00005555555bb402 original_2_fuzz`gcd(a=16384, b=12288) at original_2.c:6:5
(lldb)  frame variable a -f dec 
(int) a = 16384
(lldb)  frame variable b -f dec 
(int) b = 12288
(lldb)  continue
Process 92677 resuming
Command #5 'continue' continued the target.
(lldb)  frame info
frame #0: 0x00005555555bb402 original_2_fuzz`gcd(a=12288, b=4096) at original_2.c:6:5
(lldb)  frame variable a -f dec 
(int) a = 12288
(lldb)  frame variable b -f dec 
(int) b = 4096
(lldb)  continue
Process 92677 resuming
Command #5 'continue' continued the target.
(lldb)  frame info
frame #0: 0x00005555555bb402 original_2_fuzz`gcd(a=4096, b=0) at original_2.c:6:5
(lldb)  frame variable a -f dec 
(int) a = 4096
(lldb)  frame variable b -f dec 
(int) b = 0
(lldb)  continue
Process 92677 resuming
Command #5 'continue' continued the target.
Executed /script/motivating_example/sample_set/gcd/fuzzing_test/modified_inputs/f9f3cfe9a1e61c70a2d06610a636739eca3b76bb in 34 ms
***
*** NOTE: fuzzing was not performed, you have only
***       executed the target code on a fixed set of inputs.
***
Process 92677 exited with status = 0 (0x00000000)
Process 92677 launched: '/script/motivating_example/sample_set/gcd/original_2_fuzz' (x86_64)
(lldb) quit
