(lldb) target create "original_2_fuzz"
Current executable set to '/script/motivating_example/sample_set/gcd/original_2_fuzz' (x86_64).
(lldb) command source -s 0 '/script/motivating_example/sample_set/gcd/fuzzing_test/original_2_debug/script/961c041587715da4a207071b55a7d75b65b80c52/batch.lldb'
Executing commands in '/script/motivating_example/sample_set/gcd/fuzzing_test/original_2_debug/script/961c041587715da4a207071b55a7d75b65b80c52/batch.lldb'.
(lldb) settings set interpreter.stop-command-source-on-error 0
(lldb) settings set auto-confirm 1
(lldb) breakpoint set --file /script/motivating_example/sample_set/gcd/original_2.c --line 6
Breakpoint 1: where = original_2_fuzz`gcd + 82 at original_2.c:6:5, address = 0x0000000000067402
(lldb) breakpoint command add 1
(lldb) run /script/motivating_example/sample_set/gcd/fuzzing_test/modified_inputs/961c041587715da4a207071b55a7d75b65b80c52
INFO: Running with entropic power schedule (0xFF, 100).
INFO: Seed: 4140435972
INFO: Loaded 1 modules   (10 inline 8-bit counters): 10 [0x5555555defb0, 0x5555555defba), 
INFO: Loaded 1 PC tables (10 PCs): 10 [0x5555555defc0,0x5555555df060), 
/script/motivating_example/sample_set/gcd/original_2_fuzz: Running 1 inputs 1 time(s) each.
Running: /script/motivating_example/sample_set/gcd/fuzzing_test/modified_inputs/961c041587715da4a207071b55a7d75b65b80c52
(lldb)  frame info
frame #0: 0x00005555555bb402 original_2_fuzz`gcd(a=-54784, b=-296) at original_2.c:6:5
(lldb)  frame variable a -f dec 
(int) a = -54784
(lldb)  frame variable b -f dec 
(int) b = -296
(lldb)  continue
Process 91207 resuming
Command #5 'continue' continued the target.
(lldb)  frame info
frame #0: 0x00005555555bb402 original_2_fuzz`gcd(a=-296, b=-24) at original_2.c:6:5
(lldb)  frame variable a -f dec 
(int) a = -296
(lldb)  frame variable b -f dec 
(int) b = -24
(lldb)  continue
Process 91207 resuming
Command #5 'continue' continued the target.
(lldb)  frame info
frame #0: 0x00005555555bb402 original_2_fuzz`gcd(a=-24, b=-8) at original_2.c:6:5
(lldb)  frame variable a -f dec 
(int) a = -24
(lldb)  frame variable b -f dec 
(int) b = -8
(lldb)  continue
Process 91207 resuming
Command #5 'continue' continued the target.
(lldb)  frame info
frame #0: 0x00005555555bb402 original_2_fuzz`gcd(a=-8, b=0) at original_2.c:6:5
(lldb)  frame variable a -f dec 
(int) a = -8
(lldb)  frame variable b -f dec 
(int) b = 0
(lldb)  continue
Process 91207 resuming
Command #5 'continue' continued the target.
Executed /script/motivating_example/sample_set/gcd/fuzzing_test/modified_inputs/961c041587715da4a207071b55a7d75b65b80c52 in 15 ms
***
*** NOTE: fuzzing was not performed, you have only
***       executed the target code on a fixed set of inputs.
***
Process 91207 exited with status = 0 (0x00000000)
Process 91207 launched: '/script/motivating_example/sample_set/gcd/original_2_fuzz' (x86_64)
(lldb) quit