(lldb) target create "original_2_fuzz"
Current executable set to '/script/motivating_example/sample_set/gcd/original_2_fuzz' (x86_64).
(lldb) command source -s 0 '/script/motivating_example/sample_set/gcd/fuzzing_test/original_2_debug/script/ace96b378e8050dfbc73c2ea8d1b5a264669436f/batch.lldb'
Executing commands in '/script/motivating_example/sample_set/gcd/fuzzing_test/original_2_debug/script/ace96b378e8050dfbc73c2ea8d1b5a264669436f/batch.lldb'.
(lldb) settings set interpreter.stop-command-source-on-error 0
(lldb) settings set auto-confirm 1
(lldb) breakpoint set --file /script/motivating_example/sample_set/gcd/original_2.c --line 6
Breakpoint 1: where = original_2_fuzz`gcd + 82 at original_2.c:6:5, address = 0x0000000000067402
(lldb) breakpoint command add 1
(lldb) run /script/motivating_example/sample_set/gcd/fuzzing_test/modified_inputs/ace96b378e8050dfbc73c2ea8d1b5a264669436f
INFO: Running with entropic power schedule (0xFF, 100).
INFO: Seed: 2670902269
INFO: Loaded 1 modules   (10 inline 8-bit counters): 10 [0x5555555defb0, 0x5555555defba), 
INFO: Loaded 1 PC tables (10 PCs): 10 [0x5555555defc0,0x5555555df060), 
/script/motivating_example/sample_set/gcd/original_2_fuzz: Running 1 inputs 1 time(s) each.
Running: /script/motivating_example/sample_set/gcd/fuzzing_test/modified_inputs/ace96b378e8050dfbc73c2ea8d1b5a264669436f
(lldb)  frame info
frame #0: 0x00005555555bb402 original_2_fuzz`gcd(a=-2147483648, b=-2621185) at original_2.c:6:5
(lldb)  frame variable a -f dec 
(int) a = -2147483648
(lldb)  frame variable b -f dec 
(int) b = -2621185
(lldb)  continue
Process 91389 resuming
Command #5 'continue' continued the target.
(lldb)  frame info
frame #0: 0x00005555555bb402 original_2_fuzz`gcd(a=-2621185, b=-733133) at original_2.c:6:5
(lldb)  frame variable a -f dec 
(int) a = -2621185
(lldb)  frame variable b -f dec 
(int) b = -733133
(lldb)  continue
Process 91389 resuming
Command #5 'continue' continued the target.
(lldb)  frame info
frame #0: 0x00005555555bb402 original_2_fuzz`gcd(a=-733133, b=-421786) at original_2.c:6:5
(lldb)  frame variable a -f dec 
(int) a = -733133
(lldb)  frame variable b -f dec 
(int) b = -421786
(lldb)  continue
Process 91389 resuming
Command #5 'continue' continued the target.
(lldb)  frame info
frame #0: 0x00005555555bb402 original_2_fuzz`gcd(a=-421786, b=-311347) at original_2.c:6:5
(lldb)  frame variable a -f dec 
(int) a = -421786
(lldb)  frame variable b -f dec 
(int) b = -311347
(lldb)  continue
Process 91389 resuming
Command #5 'continue' continued the target.
(lldb)  frame info
frame #0: 0x00005555555bb402 original_2_fuzz`gcd(a=-311347, b=-110439) at original_2.c:6:5
(lldb)  frame variable a -f dec 
(int) a = -311347
(lldb)  frame variable b -f dec 
(int) b = -110439
(lldb)  continue
Process 91389 resuming
Command #5 'continue' continued the target.
(lldb)  frame info
frame #0: 0x00005555555bb402 original_2_fuzz`gcd(a=-110439, b=-90469) at original_2.c:6:5
(lldb)  frame variable a -f dec 
(int) a = -110439
(lldb)  frame variable b -f dec 
(int) b = -90469
(lldb)  continue
Process 91389 resuming
Command #5 'continue' continued the target.
(lldb)  frame info
frame #0: 0x00005555555bb402 original_2_fuzz`gcd(a=-90469, b=-19970) at original_2.c:6:5
(lldb)  frame variable a -f dec 
(int) a = -90469
(lldb)  frame variable b -f dec 
(int) b = -19970
(lldb)  continue
Process 91389 resuming
Command #5 'continue' continued the target.
(lldb)  frame info
frame #0: 0x00005555555bb402 original_2_fuzz`gcd(a=-19970, b=-10589) at original_2.c:6:5
(lldb)  frame variable a -f dec 
(int) a = -19970
(lldb)  frame variable b -f dec 
(int) b = -10589
(lldb)  continue
Process 91389 resuming
Command #5 'continue' continued the target.
(lldb)  frame info
frame #0: 0x00005555555bb402 original_2_fuzz`gcd(a=-10589, b=-9381) at original_2.c:6:5
(lldb)  frame variable a -f dec 
(int) a = -10589
(lldb)  frame variable b -f dec 
(int) b = -9381
(lldb)  continue
Process 91389 resuming
Command #5 'continue' continued the target.
(lldb)  frame info
frame #0: 0x00005555555bb402 original_2_fuzz`gcd(a=-9381, b=-1208) at original_2.c:6:5
(lldb)  frame variable a -f dec 
(int) a = -9381
(lldb)  frame variable b -f dec 
(int) b = -1208
(lldb)  continue
Process 91389 resuming
Command #5 'continue' continued the target.
(lldb)  frame info
frame #0: 0x00005555555bb402 original_2_fuzz`gcd(a=-1208, b=-925) at original_2.c:6:5
(lldb)  frame variable a -f dec 
(int) a = -1208
(lldb)  frame variable b -f dec 
(int) b = -925
(lldb)  continue
Process 91389 resuming
Command #5 'continue' continued the target.
(lldb)  frame info
frame #0: 0x00005555555bb402 original_2_fuzz`gcd(a=-925, b=-283) at original_2.c:6:5
(lldb)  frame variable a -f dec 
(int) a = -925
(lldb)  frame variable b -f dec 
(int) b = -283
(lldb)  continue
Process 91389 resuming
Command #5 'continue' continued the target.
(lldb)  frame info
frame #0: 0x00005555555bb402 original_2_fuzz`gcd(a=-283, b=-76) at original_2.c:6:5
(lldb)  frame variable a -f dec 
(int) a = -283
(lldb)  frame variable b -f dec 
(int) b = -76
(lldb)  continue
Process 91389 resuming
Command #5 'continue' continued the target.
(lldb)  frame info
frame #0: 0x00005555555bb402 original_2_fuzz`gcd(a=-76, b=-55) at original_2.c:6:5
(lldb)  frame variable a -f dec 
(int) a = -76
(lldb)  frame variable b -f dec 
(int) b = -55
(lldb)  continue
Process 91389 resuming
Command #5 'continue' continued the target.
(lldb)  frame info
frame #0: 0x00005555555bb402 original_2_fuzz`gcd(a=-55, b=-21) at original_2.c:6:5
(lldb)  frame variable a -f dec 
(int) a = -55
(lldb)  frame variable b -f dec 
(int) b = -21
(lldb)  continue
Process 91389 resuming
Command #5 'continue' continued the target.
(lldb)  frame info
frame #0: 0x00005555555bb402 original_2_fuzz`gcd(a=-21, b=-13) at original_2.c:6:5
(lldb)  frame variable a -f dec 
(int) a = -21
(lldb)  frame variable b -f dec 
(int) b = -13
(lldb)  continue
Process 91389 resuming
Command #5 'continue' continued the target.
(lldb)  frame info
frame #0: 0x00005555555bb402 original_2_fuzz`gcd(a=-13, b=-8) at original_2.c:6:5
(lldb)  frame variable a -f dec 
(int) a = -13
(lldb)  frame variable b -f dec 
(int) b = -8
(lldb)  continue
Process 91389 resuming
Command #5 'continue' continued the target.
(lldb)  frame info
frame #0: 0x00005555555bb402 original_2_fuzz`gcd(a=-8, b=-5) at original_2.c:6:5
(lldb)  frame variable a -f dec 
(int) a = -8
(lldb)  frame variable b -f dec 
(int) b = -5
(lldb)  continue
Process 91389 resuming
Command #5 'continue' continued the target.
(lldb)  frame info
frame #0: 0x00005555555bb402 original_2_fuzz`gcd(a=-5, b=-3) at original_2.c:6:5
(lldb)  frame variable a -f dec 
(int) a = -5
(lldb)  frame variable b -f dec 
(int) b = -3
(lldb)  continue
Process 91389 resuming
Command #5 'continue' continued the target.
(lldb)  frame info
frame #0: 0x00005555555bb402 original_2_fuzz`gcd(a=-3, b=-2) at original_2.c:6:5
(lldb)  frame variable a -f dec 
(int) a = -3
(lldb)  frame variable b -f dec 
(int) b = -2
(lldb)  continue
Process 91389 resuming
Command #5 'continue' continued the target.
(lldb)  frame info
frame #0: 0x00005555555bb402 original_2_fuzz`gcd(a=-2, b=-1) at original_2.c:6:5
(lldb)  frame variable a -f dec 
(int) a = -2
(lldb)  frame variable b -f dec 
(int) b = -1
(lldb)  continue
Process 91389 resuming
Command #5 'continue' continued the target.
(lldb)  frame info
frame #0: 0x00005555555bb402 original_2_fuzz`gcd(a=-1, b=0) at original_2.c:6:5
(lldb)  frame variable a -f dec 
(int) a = -1
(lldb)  frame variable b -f dec 
(int) b = 0
(lldb)  continue
Process 91389 resuming
Command #5 'continue' continued the target.
Executed /script/motivating_example/sample_set/gcd/fuzzing_test/modified_inputs/ace96b378e8050dfbc73c2ea8d1b5a264669436f in 39 ms
***
*** NOTE: fuzzing was not performed, you have only
***       executed the target code on a fixed set of inputs.
***
Process 91389 exited with status = 0 (0x00000000)
Process 91389 launched: '/script/motivating_example/sample_set/gcd/original_2_fuzz' (x86_64)
(lldb) quit
