(lldb) target create "original_2_fuzz"
Current executable set to '/script/motivating_example/sample_set/gcd/original_2_fuzz' (x86_64).
(lldb) command source -s 0 '/script/motivating_example/sample_set/gcd/fuzzing_test/original_2_debug/script/e2edd4900591d2f0914aa6a157ddfd28b8d008d5/batch.lldb'
Executing commands in '/script/motivating_example/sample_set/gcd/fuzzing_test/original_2_debug/script/e2edd4900591d2f0914aa6a157ddfd28b8d008d5/batch.lldb'.
(lldb) settings set interpreter.stop-command-source-on-error 0
(lldb) settings set auto-confirm 1
(lldb) breakpoint set --file /script/motivating_example/sample_set/gcd/original_2.c --line 6
Breakpoint 1: where = original_2_fuzz`gcd + 82 at original_2.c:6:5, address = 0x0000000000067402
(lldb) breakpoint command add 1
(lldb) run /script/motivating_example/sample_set/gcd/fuzzing_test/modified_inputs/e2edd4900591d2f0914aa6a157ddfd28b8d008d5
INFO: Running with entropic power schedule (0xFF, 100).
INFO: Seed: 1651948372
INFO: Loaded 1 modules   (10 inline 8-bit counters): 10 [0x5555555defb0, 0x5555555defba), 
INFO: Loaded 1 PC tables (10 PCs): 10 [0x5555555defc0,0x5555555df060), 
/script/motivating_example/sample_set/gcd/original_2_fuzz: Running 1 inputs 1 time(s) each.
Running: /script/motivating_example/sample_set/gcd/fuzzing_test/modified_inputs/e2edd4900591d2f0914aa6a157ddfd28b8d008d5
(lldb)  frame info
frame #0: 0x00005555555bb402 original_2_fuzz`gcd(a=536870911, b=-486539272) at original_2.c:6:5
(lldb)  frame variable a -f dec 
(int) a = 536870911
(lldb)  frame variable b -f dec 
(int) b = -486539272
(lldb)  continue
Process 92395 resuming
Command #5 'continue' continued the target.
(lldb)  frame info
frame #0: 0x00005555555bb402 original_2_fuzz`gcd(a=-486539272, b=50331639) at original_2.c:6:5
(lldb)  frame variable a -f dec 
(int) a = -486539272
(lldb)  frame variable b -f dec 
(int) b = 50331639
(lldb)  continue
Process 92395 resuming
Command #5 'continue' continued the target.
(lldb)  frame info
frame #0: 0x00005555555bb402 original_2_fuzz`gcd(a=50331639, b=-33554521) at original_2.c:6:5
(lldb)  frame variable a -f dec 
(int) a = 50331639
(lldb)  frame variable b -f dec 
(int) b = -33554521
(lldb)  continue
Process 92395 resuming
Command #5 'continue' continued the target.
(lldb)  frame info
frame #0: 0x00005555555bb402 original_2_fuzz`gcd(a=-33554521, b=16777118) at original_2.c:6:5
(lldb)  frame variable a -f dec 
(int) a = -33554521
(lldb)  frame variable b -f dec 
(int) b = 16777118
(lldb)  continue
Process 92395 resuming
Command #5 'continue' continued the target.
(lldb)  frame info
frame #0: 0x00005555555bb402 original_2_fuzz`gcd(a=16777118, b=-285) at original_2.c:6:5
(lldb)  frame variable a -f dec 
(int) a = 16777118
(lldb)  frame variable b -f dec 
(int) b = -285
(lldb)  continue
Process 92395 resuming
Command #5 'continue' continued the target.
(lldb)  frame info
frame #0: 0x00005555555bb402 original_2_fuzz`gcd(a=-285, b=23) at original_2.c:6:5
(lldb)  frame variable a -f dec 
(int) a = -285
(lldb)  frame variable b -f dec 
(int) b = 23
(lldb)  continue
Process 92395 resuming
Command #5 'continue' continued the target.
(lldb)  frame info
frame #0: 0x00005555555bb402 original_2_fuzz`gcd(a=23, b=-9) at original_2.c:6:5
(lldb)  frame variable a -f dec 
(int) a = 23
(lldb)  frame variable b -f dec 
(int) b = -9
(lldb)  continue
Process 92395 resuming
Command #5 'continue' continued the target.
(lldb)  frame info
frame #0: 0x00005555555bb402 original_2_fuzz`gcd(a=-9, b=5) at original_2.c:6:5
(lldb)  frame variable a -f dec 
(int) a = -9
(lldb)  frame variable b -f dec 
(int) b = 5
(lldb)  continue
Process 92395 resuming
Command #5 'continue' continued the target.
(lldb)  frame info
frame #0: 0x00005555555bb402 original_2_fuzz`gcd(a=5, b=-4) at original_2.c:6:5
(lldb)  frame variable a -f dec 
(int) a = 5
(lldb)  frame variable b -f dec 
(int) b = -4
(lldb)  continue
Process 92395 resuming
Command #5 'continue' continued the target.
(lldb)  frame info
frame #0: 0x00005555555bb402 original_2_fuzz`gcd(a=-4, b=1) at original_2.c:6:5
(lldb)  frame variable a -f dec 
(int) a = -4
(lldb)  frame variable b -f dec 
(int) b = 1
(lldb)  continue
Process 92395 resuming
Command #5 'continue' continued the target.
(lldb)  frame info
frame #0: 0x00005555555bb402 original_2_fuzz`gcd(a=1, b=0) at original_2.c:6:5
(lldb)  frame variable a -f dec 
(int) a = 1
(lldb)  frame variable b -f dec 
(int) b = 0
(lldb)  continue
Process 92395 resuming
Command #5 'continue' continued the target.
Executed /script/motivating_example/sample_set/gcd/fuzzing_test/modified_inputs/e2edd4900591d2f0914aa6a157ddfd28b8d008d5 in 25 ms
***
*** NOTE: fuzzing was not performed, you have only
***       executed the target code on a fixed set of inputs.
***
Process 92395 exited with status = 0 (0x00000000)
Process 92395 launched: '/script/motivating_example/sample_set/gcd/original_2_fuzz' (x86_64)
(lldb) quit