(lldb) target create "original_2_fuzz"
Current executable set to '/script/motivating_example/sample_set/gcd/original_2_fuzz' (x86_64).
(lldb) command source -s 0 '/script/motivating_example/sample_set/gcd/fuzzing_test/original_2_debug/script/91758637e95cb8a362e300c9a6df5aaf5507de0b/batch.lldb'
Executing commands in '/script/motivating_example/sample_set/gcd/fuzzing_test/original_2_debug/script/91758637e95cb8a362e300c9a6df5aaf5507de0b/batch.lldb'.
(lldb) settings set interpreter.stop-command-source-on-error 0
(lldb) settings set auto-confirm 1
(lldb) breakpoint set --file /script/motivating_example/sample_set/gcd/original_2.c --line 6
Breakpoint 1: where = original_2_fuzz`gcd + 82 at original_2.c:6:5, address = 0x0000000000067402
(lldb) breakpoint command add 1
(lldb) run /script/motivating_example/sample_set/gcd/fuzzing_test/modified_inputs/91758637e95cb8a362e300c9a6df5aaf5507de0b
INFO: Running with entropic power schedule (0xFF, 100).
INFO: Seed: 2451020393
INFO: Loaded 1 modules   (10 inline 8-bit counters): 10 [0x5555555defb0, 0x5555555defba), 
INFO: Loaded 1 PC tables (10 PCs): 10 [0x5555555defc0,0x5555555df060), 
/script/motivating_example/sample_set/gcd/original_2_fuzz: Running 1 inputs 1 time(s) each.
Running: /script/motivating_example/sample_set/gcd/fuzzing_test/modified_inputs/91758637e95cb8a362e300c9a6df5aaf5507de0b
(lldb)  frame info
frame #0: 0x00005555555bb402 original_2_fuzz`gcd(a=2147483645, b=2147483647) at original_2.c:6:5
(lldb)  frame variable a -f dec 
(int) a = 2147483645
(lldb)  frame variable b -f dec 
(int) b = 2147483647
(lldb)  continue
Process 91107 resuming
Command #5 'continue' continued the target.
(lldb)  frame info
frame #0: 0x00005555555bb402 original_2_fuzz`gcd(a=2147483647, b=2147483645) at original_2.c:6:5
(lldb)  frame variable a -f dec 
(int) a = 2147483647
(lldb)  frame variable b -f dec 
(int) b = 2147483645
(lldb)  continue
Process 91107 resuming
Command #5 'continue' continued the target.
(lldb)  frame info
frame #0: 0x00005555555bb402 original_2_fuzz`gcd(a=2147483645, b=2) at original_2.c:6:5
(lldb)  frame variable a -f dec 
(int) a = 2147483645
(lldb)  frame variable b -f dec 
(int) b = 2
(lldb)  continue
Process 91107 resuming
Command #5 'continue' continued the target.
(lldb)  frame info
frame #0: 0x00005555555bb402 original_2_fuzz`gcd(a=2, b=1) at original_2.c:6:5
(lldb)  frame variable a -f dec 
(int) a = 2
(lldb)  frame variable b -f dec 
(int) b = 1
(lldb)  continue
Process 91107 resuming
Command #5 'continue' continued the target.
(lldb)  frame info
frame #0: 0x00005555555bb402 original_2_fuzz`gcd(a=1, b=0) at original_2.c:6:5
(lldb)  frame variable a -f dec 
(int) a = 1
(lldb)  frame variable b -f dec 
(int) b = 0
(lldb)  continue
Process 91107 resuming
Command #5 'continue' continued the target.
Executed /script/motivating_example/sample_set/gcd/fuzzing_test/modified_inputs/91758637e95cb8a362e300c9a6df5aaf5507de0b in 16 ms
***
*** NOTE: fuzzing was not performed, you have only
***       executed the target code on a fixed set of inputs.
***
Process 91107 exited with status = 0 (0x00000000)
Process 91107 launched: '/script/motivating_example/sample_set/gcd/original_2_fuzz' (x86_64)
(lldb) quit
