(lldb) target create "original_2_fuzz"
Current executable set to '/script/motivating_example/sample_set/concatenate_array/original_2_fuzz' (x86_64).
(lldb) command source -s 0 '/script/motivating_example/sample_set/concatenate_array/fuzzing_test/original_2_debug/script/02929ce4da7e3dc8587c3b0a9b7f1b15874467f3/batch.lldb'
Executing commands in '/script/motivating_example/sample_set/concatenate_array/fuzzing_test/original_2_debug/script/02929ce4da7e3dc8587c3b0a9b7f1b15874467f3/batch.lldb'.
(lldb) settings set interpreter.stop-command-source-on-error 0
(lldb) settings set auto-confirm 1
(lldb) breakpoint set --file /script/motivating_example/sample_set/concatenate_array/original_2.c --line 14
Breakpoint 1: where = original_2_fuzz`concatenate_array + 250 at original_2.c:14:9, address = 0x00000000000675da
(lldb) breakpoint command add 1
(lldb) breakpoint set --file /script/motivating_example/sample_set/concatenate_array/original_2.c --line 23
Breakpoint 2: where = original_2_fuzz`concatenate_array + 392 at original_2.c:23:9, address = 0x0000000000067668
(lldb) breakpoint command add 2
(lldb) run /script/motivating_example/sample_set/concatenate_array/fuzzing_test/modified_inputs/02929ce4da7e3dc8587c3b0a9b7f1b15874467f3
INFO: Running with entropic power schedule (0xFF, 100).
INFO: Seed: 2644237308
INFO: Loaded 1 modules   (10 inline 8-bit counters): 10 [0x5555555defc0, 0x5555555defca), 
INFO: Loaded 1 PC tables (10 PCs): 10 [0x5555555defd0,0x5555555df070), 
/script/motivating_example/sample_set/concatenate_array/original_2_fuzz: Running 1 inputs 1 time(s) each.
Running: /script/motivating_example/sample_set/concatenate_array/fuzzing_test/modified_inputs/02929ce4da7e3dc8587c3b0a9b7f1b15874467f3
Executed /script/motivating_example/sample_set/concatenate_array/fuzzing_test/modified_inputs/02929ce4da7e3dc8587c3b0a9b7f1b15874467f3 in 0 ms
***
*** NOTE: fuzzing was not performed, you have only
***       executed the target code on a fixed set of inputs.
***
Process 116374 exited with status = 0 (0x00000000)
Process 116374 launched: '/script/motivating_example/sample_set/concatenate_array/original_2_fuzz' (x86_64)
(lldb) quit