(lldb) target create "original_2_fuzz"
Current executable set to '/script/motivating_example/sample_set/gcd/original_2_fuzz' (x86_64).
(lldb) command source -s 0 '/script/motivating_example/sample_set/gcd/fuzzing_test/original_2_debug/script/3b915c17cbfe984fe625399c7d0b5824165a0e07/batch.lldb'
Executing commands in '/script/motivating_example/sample_set/gcd/fuzzing_test/original_2_debug/script/3b915c17cbfe984fe625399c7d0b5824165a0e07/batch.lldb'.
(lldb) settings set interpreter.stop-command-source-on-error 0
(lldb) settings set auto-confirm 1
(lldb) breakpoint set --file /script/motivating_example/sample_set/gcd/original_2.c --line 6
Breakpoint 1: where = original_2_fuzz`gcd + 82 at original_2.c:6:5, address = 0x0000000000067402
(lldb) breakpoint command add 1
(lldb) run /script/motivating_example/sample_set/gcd/fuzzing_test/modified_inputs/3b915c17cbfe984fe625399c7d0b5824165a0e07
INFO: Running with entropic power schedule (0xFF, 100).
INFO: Seed: 2410670205
INFO: Loaded 1 modules   (10 inline 8-bit counters): 10 [0x5555555defb0, 0x5555555defba), 
INFO: Loaded 1 PC tables (10 PCs): 10 [0x5555555defc0,0x5555555df060), 
/script/motivating_example/sample_set/gcd/original_2_fuzz: Running 1 inputs 1 time(s) each.
Running: /script/motivating_example/sample_set/gcd/fuzzing_test/modified_inputs/3b915c17cbfe984fe625399c7d0b5824165a0e07
(lldb)  frame info
frame #0: 0x00005555555bb402 original_2_fuzz`gcd(a=1730427751, b=992230246) at original_2.c:6:5
(lldb)  frame variable a -f dec 
(int) a = 1730427751
(lldb)  frame variable b -f dec 
(int) b = 992230246
(lldb)  continue
Process 89794 resuming
Command #5 'continue' continued the target.
(lldb)  frame info
frame #0: 0x00005555555bb402 original_2_fuzz`gcd(a=992230246, b=738197505) at original_2.c:6:5
(lldb)  frame variable a -f dec 
(int) a = 992230246
(lldb)  frame variable b -f dec 
(int) b = 738197505
(lldb)  continue
Process 89794 resuming
Command #5 'continue' continued the target.
(lldb)  frame info
frame #0: 0x00005555555bb402 original_2_fuzz`gcd(a=738197505, b=254032741) at original_2.c:6:5
(lldb)  frame variable a -f dec 
(int) a = 738197505
(lldb)  frame variable b -f dec 
(int) b = 254032741
(lldb)  continue
Process 89794 resuming
Command #5 'continue' continued the target.
(lldb)  frame info
frame #0: 0x00005555555bb402 original_2_fuzz`gcd(a=254032741, b=230132023) at original_2.c:6:5
(lldb)  frame variable a -f dec 
(int) a = 254032741
(lldb)  frame variable b -f dec 
(int) b = 230132023
(lldb)  continue
Process 89794 resuming
Command #5 'continue' continued the target.
(lldb)  frame info
frame #0: 0x00005555555bb402 original_2_fuzz`gcd(a=230132023, b=23900718) at original_2.c:6:5
(lldb)  frame variable a -f dec 
(int) a = 230132023
(lldb)  frame variable b -f dec 
(int) b = 23900718
(lldb)  continue
Process 89794 resuming
Command #5 'continue' continued the target.
(lldb)  frame info
frame #0: 0x00005555555bb402 original_2_fuzz`gcd(a=23900718, b=15025561) at original_2.c:6:5
(lldb)  frame variable a -f dec 
(int) a = 23900718
(lldb)  frame variable b -f dec 
(int) b = 15025561
(lldb)  continue
Process 89794 resuming
Command #5 'continue' continued the target.
(lldb)  frame info
frame #0: 0x00005555555bb402 original_2_fuzz`gcd(a=15025561, b=8875157) at original_2.c:6:5
(lldb)  frame variable a -f dec 
(int) a = 15025561
(lldb)  frame variable b -f dec 
(int) b = 8875157
(lldb)  continue
Process 89794 resuming
Command #5 'continue' continued the target.
(lldb)  frame info
frame #0: 0x00005555555bb402 original_2_fuzz`gcd(a=8875157, b=6150404) at original_2.c:6:5
(lldb)  frame variable a -f dec 
(int) a = 8875157
(lldb)  frame variable b -f dec 
(int) b = 6150404
(lldb)  continue
Process 89794 resuming
Command #5 'continue' continued the target.
(lldb)  frame info
frame #0: 0x00005555555bb402 original_2_fuzz`gcd(a=6150404, b=2724753) at original_2.c:6:5
(lldb)  frame variable a -f dec 
(int) a = 6150404
(lldb)  frame variable b -f dec 
(int) b = 2724753
(lldb)  continue
Process 89794 resuming
Command #5 'continue' continued the target.
(lldb)  frame info
frame #0: 0x00005555555bb402 original_2_fuzz`gcd(a=2724753, b=700898) at original_2.c:6:5
(lldb)  frame variable a -f dec 
(int) a = 2724753
(lldb)  frame variable b -f dec 
(int) b = 700898
(lldb)  continue
Process 89794 resuming
Command #5 'continue' continued the target.
(lldb)  frame info
frame #0: 0x00005555555bb402 original_2_fuzz`gcd(a=700898, b=622059) at original_2.c:6:5
(lldb)  frame variable a -f dec 
(int) a = 700898
(lldb)  frame variable b -f dec 
(int) b = 622059
(lldb)  continue
Process 89794 resuming
Command #5 'continue' continued the target.
(lldb)  frame info
frame #0: 0x00005555555bb402 original_2_fuzz`gcd(a=622059, b=78839) at original_2.c:6:5
(lldb)  frame variable a -f dec 
(int) a = 622059
(lldb)  frame variable b -f dec 
(int) b = 78839
(lldb)  continue
Process 89794 resuming
Command #5 'continue' continued the target.
(lldb)  frame info
frame #0: 0x00005555555bb402 original_2_fuzz`gcd(a=78839, b=70186) at original_2.c:6:5
(lldb)  frame variable a -f dec 
(int) a = 78839
(lldb)  frame variable b -f dec 
(int) b = 70186
(lldb)  continue
Process 89794 resuming
Command #5 'continue' continued the target.
(lldb)  frame info
frame #0: 0x00005555555bb402 original_2_fuzz`gcd(a=70186, b=8653) at original_2.c:6:5
(lldb)  frame variable a -f dec 
(int) a = 70186
(lldb)  frame variable b -f dec 
(int) b = 8653
(lldb)  continue
Process 89794 resuming
Command #5 'continue' continued the target.
(lldb)  frame info
frame #0: 0x00005555555bb402 original_2_fuzz`gcd(a=8653, b=962) at original_2.c:6:5
(lldb)  frame variable a -f dec 
(int) a = 8653
(lldb)  frame variable b -f dec 
(int) b = 962
(lldb)  continue
Process 89794 resuming
Command #5 'continue' continued the target.
(lldb)  frame info
frame #0: 0x00005555555bb402 original_2_fuzz`gcd(a=962, b=957) at original_2.c:6:5
(lldb)  frame variable a -f dec 
(int) a = 962
(lldb)  frame variable b -f dec 
(int) b = 957
(lldb)  continue
Process 89794 resuming
Command #5 'continue' continued the target.
(lldb)  frame info
frame #0: 0x00005555555bb402 original_2_fuzz`gcd(a=957, b=5) at original_2.c:6:5
(lldb)  frame variable a -f dec 
(int) a = 957
(lldb)  frame variable b -f dec 
(int) b = 5
(lldb)  continue
Process 89794 resuming
Command #5 'continue' continued the target.
(lldb)  frame info
frame #0: 0x00005555555bb402 original_2_fuzz`gcd(a=5, b=2) at original_2.c:6:5
(lldb)  frame variable a -f dec 
(int) a = 5
(lldb)  frame variable b -f dec 
(int) b = 2
(lldb)  continue
Process 89794 resuming
Command #5 'continue' continued the target.
(lldb)  frame info
frame #0: 0x00005555555bb402 original_2_fuzz`gcd(a=2, b=1) at original_2.c:6:5
(lldb)  frame variable a -f dec 
(int) a = 2
(lldb)  frame variable b -f dec 
(int) b = 1
(lldb)  continue
Process 89794 resuming
Command #5 'continue' continued the target.
(lldb)  frame info
frame #0: 0x00005555555bb402 original_2_fuzz`gcd(a=1, b=0) at original_2.c:6:5
(lldb)  frame variable a -f dec 
(int) a = 1
(lldb)  frame variable b -f dec 
(int) b = 0
(lldb)  continue
Process 89794 resuming
Command #5 'continue' continued the target.
Executed /script/motivating_example/sample_set/gcd/fuzzing_test/modified_inputs/3b915c17cbfe984fe625399c7d0b5824165a0e07 in 39 ms
***
*** NOTE: fuzzing was not performed, you have only
***       executed the target code on a fixed set of inputs.
***
Process 89794 exited with status = 0 (0x00000000)
Process 89794 launched: '/script/motivating_example/sample_set/gcd/original_2_fuzz' (x86_64)
(lldb) quit
