(lldb) target create "modified_fuzz"
Current executable set to '/script/motivating_example/sample_set/gcd/modified_fuzz' (x86_64).
(lldb) command source -s 0 '/script/motivating_example/sample_set/gcd/fuzzing_test/modified_debug/script/71ea3c4e350245a57c2f324d670848ad8cbf4644/batch.lldb'
Executing commands in '/script/motivating_example/sample_set/gcd/fuzzing_test/modified_debug/script/71ea3c4e350245a57c2f324d670848ad8cbf4644/batch.lldb'.
(lldb) settings set interpreter.stop-command-source-on-error 0
(lldb) settings set auto-confirm 1
(lldb) breakpoint set --file /script/motivating_example/sample_set/gcd/modified.c --line 9
Breakpoint 1: where = modified_fuzz`gcd + 121 at modified.c:9:9, address = 0x0000000000067429
(lldb) breakpoint command add 1
(lldb) run /script/motivating_example/sample_set/gcd/fuzzing_test/modified_inputs/71ea3c4e350245a57c2f324d670848ad8cbf4644
INFO: Running with entropic power schedule (0xFF, 100).
INFO: Seed: 836875109
INFO: Loaded 1 modules   (10 inline 8-bit counters): 10 [0x5555555defb0, 0x5555555defba), 
INFO: Loaded 1 PC tables (10 PCs): 10 [0x5555555defc0,0x5555555df060), 
/script/motivating_example/sample_set/gcd/modified_fuzz: Running 1 inputs 1 time(s) each.
Running: /script/motivating_example/sample_set/gcd/fuzzing_test/modified_inputs/71ea3c4e350245a57c2f324d670848ad8cbf4644
(lldb)  frame info
frame #0: 0x00005555555bb429 modified_fuzz`gcd(a=1657141248, b=77598728) at modified.c:9:9
(lldb)  frame variable a -f dec 
(int) a = 1657141248
(lldb)  frame variable b -f dec 
(int) b = 77598728
(lldb)  continue
Process 73993 resuming
Command #5 'continue' continued the target.
(lldb)  frame info
frame #0: 0x00005555555bb429 modified_fuzz`gcd(a=1629573288, b=27567960) at modified.c:9:9
(lldb)  frame variable a -f dec 
(int) a = 1629573288
(lldb)  frame variable b -f dec 
(int) b = 27567960
(lldb)  continue
Process 73993 resuming
Command #5 'continue' continued the target.
(lldb)  frame info
frame #0: 0x00005555555bb429 modified_fuzz`gcd(a=1626509640, b=3063648) at modified.c:9:9
(lldb)  frame variable a -f dec 
(int) a = 1626509640
(lldb)  frame variable b -f dec 
(int) b = 3063648
(lldb)  continue
Process 73993 resuming
Command #5 'continue' continued the target.
(lldb)  frame info
frame #0: 0x00005555555bb429 modified_fuzz`gcd(a=1623733440, b=2776200) at modified.c:9:9
(lldb)  frame variable a -f dec 
(int) a = 1623733440
(lldb)  frame variable b -f dec 
(int) b = 2776200
(lldb)  continue
Process 73993 resuming
Command #5 'continue' continued the target.
(lldb)  frame info
frame #0: 0x00005555555bb429 modified_fuzz`gcd(a=1621300800, b=2432640) at modified.c:9:9
(lldb)  frame variable a -f dec 
(int) a = 1621300800
(lldb)  frame variable b -f dec 
(int) b = 2432640
(lldb)  continue
Process 73993 resuming
Command #5 'continue' continued the target.
(lldb)  frame info
frame #0: 0x00005555555bb429 modified_fuzz`gcd(a=1620138240, b=1162560) at modified.c:9:9
(lldb)  frame variable a -f dec 
(int) a = 1620138240
(lldb)  frame variable b -f dec 
(int) b = 1162560
(lldb)  continue
Process 73993 resuming
Command #5 'continue' continued the target.
(lldb)  frame info
frame #0: 0x00005555555bb429 modified_fuzz`gcd(a=1619446080, b=692160) at modified.c:9:9
(lldb)  frame variable a -f dec 
(int) a = 1619446080
(lldb)  frame variable b -f dec 
(int) b = 692160
(lldb)  continue
Process 73993 resuming
Command #5 'continue' continued the target.
(lldb)  frame info
frame #0: 0x00005555555bb429 modified_fuzz`gcd(a=1618962240, b=483840) at modified.c:9:9
(lldb)  frame variable a -f dec 
(int) a = 1618962240
(lldb)  frame variable b -f dec 
(int) b = 483840
(lldb)  continue
Process 73993 resuming
Command #5 'continue' continued the target.
(lldb)  frame info
frame #0: 0x00005555555bb429 modified_fuzz`gcd(a=1618928640, b=33600) at modified.c:9:9
(lldb)  frame variable a -f dec 
(int) a = 1618928640
(lldb)  frame variable b -f dec 
(int) b = 33600
(lldb)  continue
Process 73993 resuming
Command #5 'continue' continued the target.
(lldb)  frame info
frame #0: 0x00005555555bb429 modified_fuzz`gcd(a=1618915200, b=13440) at modified.c:9:9
(lldb)  frame variable a -f dec 
(int) a = 1618915200
(lldb)  frame variable b -f dec 
(int) b = 13440
(lldb)  continue
Process 73993 resuming
Command #5 'continue' continued the target.
(lldb)  frame info
frame #0: 0x00005555555bb429 modified_fuzz`gcd(a=1618915200, b=0) at modified.c:9:9
(lldb)  frame variable a -f dec 
(int) a = 1618915200
(lldb)  frame variable b -f dec 
(int) b = 0
(lldb)  continue
Process 73993 resuming
Command #5 'continue' continued the target.
Executed /script/motivating_example/sample_set/gcd/fuzzing_test/modified_inputs/71ea3c4e350245a57c2f324d670848ad8cbf4644 in 23 ms
***
*** NOTE: fuzzing was not performed, you have only
***       executed the target code on a fixed set of inputs.
***
Process 73993 exited with status = 0 (0x00000000)
Process 73993 launched: '/script/motivating_example/sample_set/gcd/modified_fuzz' (x86_64)
(lldb) quit
