(lldb) target create "original_1_fuzz"
Current executable set to '/script/motivating_example/sample_set/gcd/original_1_fuzz' (x86_64).
(lldb) command source -s 0 '/script/motivating_example/sample_set/gcd/fuzzing_test/original_1_debug/script/44521e8edd80d22ddb6bac49e6e62d81a0d2689b/batch.lldb'
Executing commands in '/script/motivating_example/sample_set/gcd/fuzzing_test/original_1_debug/script/44521e8edd80d22ddb6bac49e6e62d81a0d2689b/batch.lldb'.
(lldb) settings set interpreter.stop-command-source-on-error 0
(lldb) settings set auto-confirm 1
(lldb) breakpoint set --file /script/motivating_example/sample_set/gcd/original_1.c --line 10
Breakpoint 1: where = original_1_fuzz`gcd + 124 at original_1.c:10:9, address = 0x000000000006742c
(lldb) breakpoint command add 1
(lldb) run /script/motivating_example/sample_set/gcd/fuzzing_test/modified_inputs/44521e8edd80d22ddb6bac49e6e62d81a0d2689b
INFO: Running with entropic power schedule (0xFF, 100).
INFO: Seed: 1736283306
INFO: Loaded 1 modules   (10 inline 8-bit counters): 10 [0x5555555defb0, 0x5555555defba), 
INFO: Loaded 1 PC tables (10 PCs): 10 [0x5555555defc0,0x5555555df060), 
/script/motivating_example/sample_set/gcd/original_1_fuzz: Running 1 inputs 1 time(s) each.
Running: /script/motivating_example/sample_set/gcd/fuzzing_test/modified_inputs/44521e8edd80d22ddb6bac49e6e62d81a0d2689b
(lldb)  frame info
frame #0: 0x00005555555bb42c original_1_fuzz`gcd(a=-1179010631, b=968453043) at original_1.c:10:9
(lldb)  frame variable a -f dec 
(int) a = -1179010631
(lldb)  frame variable b -f dec 
(int) b = 968453043
(lldb)  continue
Process 81639 resuming
Command #5 'continue' continued the target.
(lldb)  frame info
frame #0: 0x00005555555bb42c original_1_fuzz`gcd(a=968453043, b=-210557588) at original_1.c:10:9
(lldb)  frame variable a -f dec 
(int) a = 968453043
(lldb)  frame variable b -f dec 
(int) b = -210557588
(lldb)  continue
Process 81639 resuming
Command #5 'continue' continued the target.
(lldb)  frame info
frame #0: 0x00005555555bb42c original_1_fuzz`gcd(a=-210557588, b=126222691) at original_1.c:10:9
(lldb)  frame variable a -f dec 
(int) a = -210557588
(lldb)  frame variable b -f dec 
(int) b = 126222691
(lldb)  continue
Process 81639 resuming
Command #5 'continue' continued the target.
(lldb)  frame info
frame #0: 0x00005555555bb42c original_1_fuzz`gcd(a=126222691, b=-84334897) at original_1.c:10:9
(lldb)  frame variable a -f dec 
(int) a = 126222691
(lldb)  frame variable b -f dec 
(int) b = -84334897
(lldb)  continue
Process 81639 resuming
Command #5 'continue' continued the target.
(lldb)  frame info
frame #0: 0x00005555555bb42c original_1_fuzz`gcd(a=-84334897, b=41887794) at original_1.c:10:9
(lldb)  frame variable a -f dec 
(int) a = -84334897
(lldb)  frame variable b -f dec 
(int) b = 41887794
(lldb)  continue
Process 81639 resuming
Command #5 'continue' continued the target.
(lldb)  frame info
frame #0: 0x00005555555bb42c original_1_fuzz`gcd(a=41887794, b=-559309) at original_1.c:10:9
(lldb)  frame variable a -f dec 
(int) a = 41887794
(lldb)  frame variable b -f dec 
(int) b = -559309
(lldb)  continue
Process 81639 resuming
Command #5 'continue' continued the target.
(lldb)  frame info
frame #0: 0x00005555555bb42c original_1_fuzz`gcd(a=-559309, b=498928) at original_1.c:10:9
(lldb)  frame variable a -f dec 
(int) a = -559309
(lldb)  frame variable b -f dec 
(int) b = 498928
(lldb)  continue
Process 81639 resuming
Command #5 'continue' continued the target.
(lldb)  frame info
frame #0: 0x00005555555bb42c original_1_fuzz`gcd(a=498928, b=-60381) at original_1.c:10:9
(lldb)  frame variable a -f dec 
(int) a = 498928
(lldb)  frame variable b -f dec 
(int) b = -60381
(lldb)  continue
Process 81639 resuming
Command #5 'continue' continued the target.
(lldb)  frame info
frame #0: 0x00005555555bb42c original_1_fuzz`gcd(a=-60381, b=15880) at original_1.c:10:9
(lldb)  frame variable a -f dec 
(int) a = -60381
(lldb)  frame variable b -f dec 
(int) b = 15880
(lldb)  continue
Process 81639 resuming
Command #5 'continue' continued the target.
(lldb)  frame info
frame #0: 0x00005555555bb42c original_1_fuzz`gcd(a=15880, b=-12741) at original_1.c:10:9
(lldb)  frame variable a -f dec 
(int) a = 15880
(lldb)  frame variable b -f dec 
(int) b = -12741
(lldb)  continue
Process 81639 resuming
Command #5 'continue' continued the target.
(lldb)  frame info
frame #0: 0x00005555555bb42c original_1_fuzz`gcd(a=-12741, b=3139) at original_1.c:10:9
(lldb)  frame variable a -f dec 
(int) a = -12741
(lldb)  frame variable b -f dec 
(int) b = 3139
(lldb)  continue
Process 81639 resuming
Command #5 'continue' continued the target.
(lldb)  frame info
frame #0: 0x00005555555bb42c original_1_fuzz`gcd(a=3139, b=-185) at original_1.c:10:9
(lldb)  frame variable a -f dec 
(int) a = 3139
(lldb)  frame variable b -f dec 
(int) b = -185
(lldb)  continue
Process 81639 resuming
Command #5 'continue' continued the target.
(lldb)  frame info
frame #0: 0x00005555555bb42c original_1_fuzz`gcd(a=-185, b=179) at original_1.c:10:9
(lldb)  frame variable a -f dec 
(int) a = -185
(lldb)  frame variable b -f dec 
(int) b = 179
(lldb)  continue
Process 81639 resuming
Command #5 'continue' continued the target.
(lldb)  frame info
frame #0: 0x00005555555bb42c original_1_fuzz`gcd(a=179, b=-6) at original_1.c:10:9
(lldb)  frame variable a -f dec 
(int) a = 179
(lldb)  frame variable b -f dec 
(int) b = -6
(lldb)  continue
Process 81639 resuming
Command #5 'continue' continued the target.
(lldb)  frame info
frame #0: 0x00005555555bb42c original_1_fuzz`gcd(a=-6, b=5) at original_1.c:10:9
(lldb)  frame variable a -f dec 
(int) a = -6
(lldb)  frame variable b -f dec 
(int) b = 5
(lldb)  continue
Process 81639 resuming
Command #5 'continue' continued the target.
(lldb)  frame info
frame #0: 0x00005555555bb42c original_1_fuzz`gcd(a=5, b=-1) at original_1.c:10:9
(lldb)  frame variable a -f dec 
(int) a = 5
(lldb)  frame variable b -f dec 
(int) b = -1
(lldb)  continue
Process 81639 resuming
Command #5 'continue' continued the target.
(lldb)  frame info
frame #0: 0x00005555555bb42c original_1_fuzz`gcd(a=-1, b=0) at original_1.c:10:9
(lldb)  frame variable a -f dec 
(int) a = -1
(lldb)  frame variable b -f dec 
(int) b = 0
(lldb)  continue
Process 81639 resuming
Command #5 'continue' continued the target.
Executed /script/motivating_example/sample_set/gcd/fuzzing_test/modified_inputs/44521e8edd80d22ddb6bac49e6e62d81a0d2689b in 30 ms
***
*** NOTE: fuzzing was not performed, you have only
***       executed the target code on a fixed set of inputs.
***
Process 81639 exited with status = 0 (0x00000000)
Process 81639 launched: '/script/motivating_example/sample_set/gcd/original_1_fuzz' (x86_64)
(lldb) quit