(lldb) target create "modified_fuzz"
Current executable set to '/script/motivating_example/sample_set/second_max/modified_fuzz' (x86_64).
(lldb) command source -s 0 '/script/motivating_example/sample_set/second_max/fuzzing_test/modified_debug/script/c073486f52f3a8fd532a9453c0b043e0ec6fba12/batch.lldb'
Executing commands in '/script/motivating_example/sample_set/second_max/fuzzing_test/modified_debug/script/c073486f52f3a8fd532a9453c0b043e0ec6fba12/batch.lldb'.
(lldb) settings set interpreter.stop-command-source-on-error 0
(lldb) settings set auto-confirm 1
(lldb) breakpoint set --file /script/motivating_example/sample_set/second_max/modified.c --line 20
Breakpoint 1: where = modified_fuzz`second_max + 489 at modified.c:20:9, address = 0x00000000000675a9
(lldb) breakpoint command add 1
(lldb) run /script/motivating_example/sample_set/second_max/fuzzing_test/modified_inputs/c073486f52f3a8fd532a9453c0b043e0ec6fba12
INFO: Running with entropic power schedule (0xFF, 100).
INFO: Seed: 2059723319
INFO: Loaded 1 modules   (16 inline 8-bit counters): 16 [0x5555555defc0, 0x5555555defd0), 
INFO: Loaded 1 PC tables (16 PCs): 16 [0x5555555defd0,0x5555555df0d0), 
/script/motivating_example/sample_set/second_max/modified_fuzz: Running 1 inputs 1 time(s) each.
Running: /script/motivating_example/sample_set/second_max/fuzzing_test/modified_inputs/c073486f52f3a8fd532a9453c0b043e0ec6fba12
(lldb)  frame info
frame #0: 0x00005555555bb5a9 modified_fuzz`second_max(count=6, arr=0x0000555555f67f50) at modified.c:20:9
(lldb)  frame variable count -f dec 
(unsigned int) count = 6
(lldb)  frame variable max -f dec 
(int) max = 168434228
(lldb)  frame variable sec -f dec 
(int) sec = -2147483648
(lldb)  frame variable a -f dec 
(int) a = 168434228
(lldb)  continue
Process 157678 resuming
Command #7 'continue' continued the target.
(lldb)  frame info
frame #0: 0x00005555555bb5a9 modified_fuzz`second_max(count=6, arr=0x0000555555f67f50) at modified.c:20:9
(lldb)  frame variable count -f dec 
(unsigned int) count = 6
(lldb)  frame variable max -f dec 
(int) max = 168434228
(lldb)  frame variable sec -f dec 
(int) sec = -16777094
(lldb)  frame variable a -f dec 
(int) a = -16777094
(lldb)  continue
Process 157678 resuming
Command #7 'continue' continued the target.
(lldb)  frame info
frame #0: 0x00005555555bb5a9 modified_fuzz`second_max(count=6, arr=0x0000555555f67f50) at modified.c:20:9
(lldb)  frame variable count -f dec 
(unsigned int) count = 6
(lldb)  frame variable max -f dec 
(int) max = 168434228
(lldb)  frame variable sec -f dec 
(int) sec = -1
(lldb)  frame variable a -f dec 
(int) a = -1
(lldb)  continue
Process 157678 resuming
Command #7 'continue' continued the target.
(lldb)  frame info
frame #0: 0x00005555555bb5a9 modified_fuzz`second_max(count=6, arr=0x0000555555f67f50) at modified.c:20:9
(lldb)  frame variable count -f dec 
(unsigned int) count = 6
(lldb)  frame variable max -f dec 
(int) max = 168434228
(lldb)  frame variable sec -f dec 
(int) sec = 16777215
(lldb)  frame variable a -f dec 
(int) a = 16777215
(lldb)  continue
Process 157678 resuming
Command #7 'continue' continued the target.
(lldb)  frame info
frame #0: 0x00005555555bb5a9 modified_fuzz`second_max(count=6, arr=0x0000555555f67f50) at modified.c:20:9
(lldb)  frame variable count -f dec 
(unsigned int) count = 6
(lldb)  frame variable max -f dec 
(int) max = 168434228
(lldb)  frame variable sec -f dec 
(int) sec = 167772160
(lldb)  frame variable a -f dec 
(int) a = 167772160
(lldb)  continue
Process 157678 resuming
Command #7 'continue' continued the target.
(lldb)  frame info
frame #0: 0x00005555555bb5a9 modified_fuzz`second_max(count=6, arr=0x0000555555f67f50) at modified.c:20:9
(lldb)  frame variable count -f dec 
(unsigned int) count = 6
(lldb)  frame variable max -f dec 
(int) max = 168434228
(lldb)  frame variable sec -f dec 
(int) sec = 167772160
(lldb)  frame variable a -f dec 
(int) a = -1255688951
(lldb)  continue
Process 157678 resuming
Command #7 'continue' continued the target.
Executed /script/motivating_example/sample_set/second_max/fuzzing_test/modified_inputs/c073486f52f3a8fd532a9453c0b043e0ec6fba12 in 18 ms
***
*** NOTE: fuzzing was not performed, you have only
***       executed the target code on a fixed set of inputs.
***
Process 157678 exited with status = 0 (0x00000000)
Process 157678 launched: '/script/motivating_example/sample_set/second_max/modified_fuzz' (x86_64)
(lldb) quit