(lldb) target create "modified_fuzz"
Current executable set to '/script/motivating_example/sample_set/gcd/modified_fuzz' (x86_64).
(lldb) command source -s 0 '/script/motivating_example/sample_set/gcd/fuzzing_test/modified_debug/script/5c7d9a2e7bba2b2bf2358e4596cae6f4b41dde3e/batch.lldb'
Executing commands in '/script/motivating_example/sample_set/gcd/fuzzing_test/modified_debug/script/5c7d9a2e7bba2b2bf2358e4596cae6f4b41dde3e/batch.lldb'.
(lldb) settings set interpreter.stop-command-source-on-error 0
(lldb) settings set auto-confirm 1
(lldb) breakpoint set --file /script/motivating_example/sample_set/gcd/modified.c --line 9
Breakpoint 1: where = modified_fuzz`gcd + 121 at modified.c:9:9, address = 0x0000000000067429
(lldb) breakpoint command add 1
(lldb) run /script/motivating_example/sample_set/gcd/fuzzing_test/modified_inputs/5c7d9a2e7bba2b2bf2358e4596cae6f4b41dde3e
INFO: Running with entropic power schedule (0xFF, 100).
INFO: Seed: 216876899
INFO: Loaded 1 modules   (10 inline 8-bit counters): 10 [0x5555555defb0, 0x5555555defba), 
INFO: Loaded 1 PC tables (10 PCs): 10 [0x5555555defc0,0x5555555df060), 
/script/motivating_example/sample_set/gcd/modified_fuzz: Running 1 inputs 1 time(s) each.
Running: /script/motivating_example/sample_set/gcd/fuzzing_test/modified_inputs/5c7d9a2e7bba2b2bf2358e4596cae6f4b41dde3e
(lldb)  frame info
frame #0: 0x00005555555bb429 modified_fuzz`gcd(a=-2143462128, b=-4021520) at modified.c:9:9
(lldb)  frame variable a -f dec 
(int) a = -2143462128
(lldb)  frame variable b -f dec 
(int) b = -4021520
(lldb)  continue
Process 73714 resuming
Command #5 'continue' continued the target.
(lldb)  frame info
frame #0: 0x00005555555bb429 modified_fuzz`gcd(a=-2139448640, b=-4013488) at modified.c:9:9
(lldb)  frame variable a -f dec 
(int) a = -2139448640
(lldb)  frame variable b -f dec 
(int) b = -4013488
(lldb)  continue
Process 73714 resuming
Command #5 'continue' continued the target.
(lldb)  frame info
frame #0: 0x00005555555bb429 modified_fuzz`gcd(a=-2139189104, b=-259536) at modified.c:9:9
(lldb)  frame variable a -f dec 
(int) a = -2139189104
(lldb)  frame variable b -f dec 
(int) b = -259536
(lldb)  continue
Process 73714 resuming
Command #5 'continue' continued the target.
(lldb)  frame info
frame #0: 0x00005555555bb429 modified_fuzz`gcd(a=-2139095712, b=-93392) at modified.c:9:9
(lldb)  frame variable a -f dec 
(int) a = -2139095712
(lldb)  frame variable b -f dec 
(int) b = -93392
(lldb)  continue
Process 73714 resuming
Command #5 'continue' continued the target.
(lldb)  frame info
frame #0: 0x00005555555bb429 modified_fuzz`gcd(a=-2139050368, b=-45344) at modified.c:9:9
(lldb)  frame variable a -f dec 
(int) a = -2139050368
(lldb)  frame variable b -f dec 
(int) b = -45344
(lldb)  continue
Process 73714 resuming
Command #5 'continue' continued the target.
(lldb)  frame info
frame #0: 0x00005555555bb429 modified_fuzz`gcd(a=-2139012512, b=-37856) at modified.c:9:9
(lldb)  frame variable a -f dec 
(int) a = -2139012512
(lldb)  frame variable b -f dec 
(int) b = -37856
(lldb)  continue
Process 73714 resuming
Command #5 'continue' continued the target.
(lldb)  frame info
frame #0: 0x00005555555bb429 modified_fuzz`gcd(a=-2138977568, b=-34944) at modified.c:9:9
(lldb)  frame variable a -f dec 
(int) a = -2138977568
(lldb)  frame variable b -f dec 
(int) b = -34944
(lldb)  continue
Process 73714 resuming
Command #5 'continue' continued the target.
(lldb)  frame info
frame #0: 0x00005555555bb429 modified_fuzz`gcd(a=-2138957184, b=-20384) at modified.c:9:9
(lldb)  frame variable a -f dec 
(int) a = -2138957184
(lldb)  frame variable b -f dec 
(int) b = -20384
(lldb)  continue
Process 73714 resuming
Command #5 'continue' continued the target.
(lldb)  frame info
frame #0: 0x00005555555bb429 modified_fuzz`gcd(a=-2138954272, b=-2912) at modified.c:9:9
(lldb)  frame variable a -f dec 
(int) a = -2138954272
(lldb)  frame variable b -f dec 
(int) b = -2912
(lldb)  continue
Process 73714 resuming
Command #5 'continue' continued the target.
(lldb)  frame info
frame #0: 0x00005555555bb429 modified_fuzz`gcd(a=-2138954272, b=0) at modified.c:9:9
(lldb)  frame variable a -f dec 
(int) a = -2138954272
(lldb)  frame variable b -f dec 
(int) b = 0
(lldb)  continue
Process 73714 resuming
Command #5 'continue' continued the target.
Executed /script/motivating_example/sample_set/gcd/fuzzing_test/modified_inputs/5c7d9a2e7bba2b2bf2358e4596cae6f4b41dde3e in 28 ms
***
*** NOTE: fuzzing was not performed, you have only
***       executed the target code on a fixed set of inputs.
***
Process 73714 exited with status = 0 (0x00000000)
Process 73714 launched: '/script/motivating_example/sample_set/gcd/modified_fuzz' (x86_64)
(lldb) quit