(lldb) target create "original_1_fuzz"
Current executable set to '/script/motivating_example/sample_set/gcd/original_1_fuzz' (x86_64).
(lldb) command source -s 0 '/script/motivating_example/sample_set/gcd/fuzzing_test/original_1_debug/script/929cc90454c4db7264a835dd4fa2deac7c9ad043/batch.lldb'
Executing commands in '/script/motivating_example/sample_set/gcd/fuzzing_test/original_1_debug/script/929cc90454c4db7264a835dd4fa2deac7c9ad043/batch.lldb'.
(lldb) settings set interpreter.stop-command-source-on-error 0
(lldb) settings set auto-confirm 1
(lldb) breakpoint set --file /script/motivating_example/sample_set/gcd/original_1.c --line 10
Breakpoint 1: where = original_1_fuzz`gcd + 124 at original_1.c:10:9, address = 0x000000000006742c
(lldb) breakpoint command add 1
(lldb) run /script/motivating_example/sample_set/gcd/fuzzing_test/modified_inputs/929cc90454c4db7264a835dd4fa2deac7c9ad043
INFO: Running with entropic power schedule (0xFF, 100).
INFO: Seed: 421075365
INFO: Loaded 1 modules   (10 inline 8-bit counters): 10 [0x5555555defb0, 0x5555555defba), 
INFO: Loaded 1 PC tables (10 PCs): 10 [0x5555555defc0,0x5555555df060), 
/script/motivating_example/sample_set/gcd/original_1_fuzz: Running 1 inputs 1 time(s) each.
Running: /script/motivating_example/sample_set/gcd/fuzzing_test/modified_inputs/929cc90454c4db7264a835dd4fa2deac7c9ad043
(lldb)  frame info
frame #0: 0x00005555555bb42c original_1_fuzz`gcd(a=41216, b=6323) at original_1.c:10:9
(lldb)  frame variable a -f dec 
(int) a = 41216
(lldb)  frame variable b -f dec 
(int) b = 6323
(lldb)  continue
Process 82850 resuming
Command #5 'continue' continued the target.
(lldb)  frame info
frame #0: 0x00005555555bb42c original_1_fuzz`gcd(a=6323, b=3278) at original_1.c:10:9
(lldb)  frame variable a -f dec 
(int) a = 6323
(lldb)  frame variable b -f dec 
(int) b = 3278
(lldb)  continue
Process 82850 resuming
Command #5 'continue' continued the target.
(lldb)  frame info
frame #0: 0x00005555555bb42c original_1_fuzz`gcd(a=3278, b=3045) at original_1.c:10:9
(lldb)  frame variable a -f dec 
(int) a = 3278
(lldb)  frame variable b -f dec 
(int) b = 3045
(lldb)  continue
Process 82850 resuming
Command #5 'continue' continued the target.
(lldb)  frame info
frame #0: 0x00005555555bb42c original_1_fuzz`gcd(a=3045, b=233) at original_1.c:10:9
(lldb)  frame variable a -f dec 
(int) a = 3045
(lldb)  frame variable b -f dec 
(int) b = 233
(lldb)  continue
Process 82850 resuming
Command #5 'continue' continued the target.
(lldb)  frame info
frame #0: 0x00005555555bb42c original_1_fuzz`gcd(a=233, b=16) at original_1.c:10:9
(lldb)  frame variable a -f dec 
(int) a = 233
(lldb)  frame variable b -f dec 
(int) b = 16
(lldb)  continue
Process 82850 resuming
Command #5 'continue' continued the target.
(lldb)  frame info
frame #0: 0x00005555555bb42c original_1_fuzz`gcd(a=16, b=9) at original_1.c:10:9
(lldb)  frame variable a -f dec 
(int) a = 16
(lldb)  frame variable b -f dec 
(int) b = 9
(lldb)  continue
Process 82850 resuming
Command #5 'continue' continued the target.
(lldb)  frame info
frame #0: 0x00005555555bb42c original_1_fuzz`gcd(a=9, b=7) at original_1.c:10:9
(lldb)  frame variable a -f dec 
(int) a = 9
(lldb)  frame variable b -f dec 
(int) b = 7
(lldb)  continue
Process 82850 resuming
Command #5 'continue' continued the target.
(lldb)  frame info
frame #0: 0x00005555555bb42c original_1_fuzz`gcd(a=7, b=2) at original_1.c:10:9
(lldb)  frame variable a -f dec 
(int) a = 7
(lldb)  frame variable b -f dec 
(int) b = 2
(lldb)  continue
Process 82850 resuming
Command #5 'continue' continued the target.
(lldb)  frame info
frame #0: 0x00005555555bb42c original_1_fuzz`gcd(a=2, b=1) at original_1.c:10:9
(lldb)  frame variable a -f dec 
(int) a = 2
(lldb)  frame variable b -f dec 
(int) b = 1
(lldb)  continue
Process 82850 resuming
Command #5 'continue' continued the target.
(lldb)  frame info
frame #0: 0x00005555555bb42c original_1_fuzz`gcd(a=1, b=0) at original_1.c:10:9
(lldb)  frame variable a -f dec 
(int) a = 1
(lldb)  frame variable b -f dec 
(int) b = 0
(lldb)  continue
Process 82850 resuming
Command #5 'continue' continued the target.
Executed /script/motivating_example/sample_set/gcd/fuzzing_test/modified_inputs/929cc90454c4db7264a835dd4fa2deac7c9ad043 in 24 ms
***
*** NOTE: fuzzing was not performed, you have only
***       executed the target code on a fixed set of inputs.
***
Process 82850 exited with status = 0 (0x00000000)
Process 82850 launched: '/script/motivating_example/sample_set/gcd/original_1_fuzz' (x86_64)
(lldb) quit