(lldb) target create "original_2_fuzz"
Current executable set to '/script/motivating_example/sample_set/gcd/original_2_fuzz' (x86_64).
(lldb) command source -s 0 '/script/motivating_example/sample_set/gcd/fuzzing_test/original_2_debug/script/5c7d9a2e7bba2b2bf2358e4596cae6f4b41dde3e/batch.lldb'
Executing commands in '/script/motivating_example/sample_set/gcd/fuzzing_test/original_2_debug/script/5c7d9a2e7bba2b2bf2358e4596cae6f4b41dde3e/batch.lldb'.
(lldb) settings set interpreter.stop-command-source-on-error 0
(lldb) settings set auto-confirm 1
(lldb) breakpoint set --file /script/motivating_example/sample_set/gcd/original_2.c --line 6
Breakpoint 1: where = original_2_fuzz`gcd + 82 at original_2.c:6:5, address = 0x0000000000067402
(lldb) breakpoint command add 1
(lldb) run /script/motivating_example/sample_set/gcd/fuzzing_test/modified_inputs/5c7d9a2e7bba2b2bf2358e4596cae6f4b41dde3e
INFO: Running with entropic power schedule (0xFF, 100).
INFO: Seed: 4004254847
INFO: Loaded 1 modules   (10 inline 8-bit counters): 10 [0x5555555defb0, 0x5555555defba), 
INFO: Loaded 1 PC tables (10 PCs): 10 [0x5555555defc0,0x5555555df060), 
/script/motivating_example/sample_set/gcd/original_2_fuzz: Running 1 inputs 1 time(s) each.
Running: /script/motivating_example/sample_set/gcd/fuzzing_test/modified_inputs/5c7d9a2e7bba2b2bf2358e4596cae6f4b41dde3e
(lldb)  frame info
frame #0: 0x00005555555bb402 original_2_fuzz`gcd(a=-2147483648, b=13566216) at original_2.c:6:5
(lldb)  frame variable a -f dec 
(int) a = -2147483648
(lldb)  frame variable b -f dec 
(int) b = 13566216
(lldb)  continue
Process 90411 resuming
Command #5 'continue' continued the target.
(lldb)  frame info
frame #0: 0x00005555555bb402 original_2_fuzz`gcd(a=13566216, b=-4021520) at original_2.c:6:5
(lldb)  frame variable a -f dec 
(int) a = 13566216
(lldb)  frame variable b -f dec 
(int) b = -4021520
(lldb)  continue
Process 90411 resuming
Command #5 'continue' continued the target.
(lldb)  frame info
frame #0: 0x00005555555bb402 original_2_fuzz`gcd(a=-4021520, b=1501656) at original_2.c:6:5
(lldb)  frame variable a -f dec 
(int) a = -4021520
(lldb)  frame variable b -f dec 
(int) b = 1501656
(lldb)  continue
Process 90411 resuming
Command #5 'continue' continued the target.
(lldb)  frame info
frame #0: 0x00005555555bb402 original_2_fuzz`gcd(a=1501656, b=-1018208) at original_2.c:6:5
(lldb)  frame variable a -f dec 
(int) a = 1501656
(lldb)  frame variable b -f dec 
(int) b = -1018208
(lldb)  continue
Process 90411 resuming
Command #5 'continue' continued the target.
(lldb)  frame info
frame #0: 0x00005555555bb402 original_2_fuzz`gcd(a=-1018208, b=483448) at original_2.c:6:5
(lldb)  frame variable a -f dec 
(int) a = -1018208
(lldb)  frame variable b -f dec 
(int) b = 483448
(lldb)  continue
Process 90411 resuming
Command #5 'continue' continued the target.
(lldb)  frame info
frame #0: 0x00005555555bb402 original_2_fuzz`gcd(a=483448, b=-51312) at original_2.c:6:5
(lldb)  frame variable a -f dec 
(int) a = 483448
(lldb)  frame variable b -f dec 
(int) b = -51312
(lldb)  continue
Process 90411 resuming
Command #5 'continue' continued the target.
(lldb)  frame info
frame #0: 0x00005555555bb402 original_2_fuzz`gcd(a=-51312, b=21640) at original_2.c:6:5
(lldb)  frame variable a -f dec 
(int) a = -51312
(lldb)  frame variable b -f dec 
(int) b = 21640
(lldb)  continue
Process 90411 resuming
Command #5 'continue' continued the target.
(lldb)  frame info
frame #0: 0x00005555555bb402 original_2_fuzz`gcd(a=21640, b=-8032) at original_2.c:6:5
(lldb)  frame variable a -f dec 
(int) a = 21640
(lldb)  frame variable b -f dec 
(int) b = -8032
(lldb)  continue
Process 90411 resuming
Command #5 'continue' continued the target.
(lldb)  frame info
frame #0: 0x00005555555bb402 original_2_fuzz`gcd(a=-8032, b=5576) at original_2.c:6:5
(lldb)  frame variable a -f dec 
(int) a = -8032
(lldb)  frame variable b -f dec 
(int) b = 5576
(lldb)  continue
Process 90411 resuming
Command #5 'continue' continued the target.
(lldb)  frame info
frame #0: 0x00005555555bb402 original_2_fuzz`gcd(a=5576, b=-2456) at original_2.c:6:5
(lldb)  frame variable a -f dec 
(int) a = 5576
(lldb)  frame variable b -f dec 
(int) b = -2456
(lldb)  continue
Process 90411 resuming
Command #5 'continue' continued the target.
(lldb)  frame info
frame #0: 0x00005555555bb402 original_2_fuzz`gcd(a=-2456, b=664) at original_2.c:6:5
(lldb)  frame variable a -f dec 
(int) a = -2456
(lldb)  frame variable b -f dec 
(int) b = 664
(lldb)  continue
Process 90411 resuming
Command #5 'continue' continued the target.
(lldb)  frame info
frame #0: 0x00005555555bb402 original_2_fuzz`gcd(a=664, b=-464) at original_2.c:6:5
(lldb)  frame variable a -f dec 
(int) a = 664
(lldb)  frame variable b -f dec 
(int) b = -464
(lldb)  continue
Process 90411 resuming
Command #5 'continue' continued the target.
(lldb)  frame info
frame #0: 0x00005555555bb402 original_2_fuzz`gcd(a=-464, b=200) at original_2.c:6:5
(lldb)  frame variable a -f dec 
(int) a = -464
(lldb)  frame variable b -f dec 
(int) b = 200
(lldb)  continue
Process 90411 resuming
Command #5 'continue' continued the target.
(lldb)  frame info
frame #0: 0x00005555555bb402 original_2_fuzz`gcd(a=200, b=-64) at original_2.c:6:5
(lldb)  frame variable a -f dec 
(int) a = 200
(lldb)  frame variable b -f dec 
(int) b = -64
(lldb)  continue
Process 90411 resuming
Command #5 'continue' continued the target.
(lldb)  frame info
frame #0: 0x00005555555bb402 original_2_fuzz`gcd(a=-64, b=8) at original_2.c:6:5
(lldb)  frame variable a -f dec 
(int) a = -64
(lldb)  frame variable b -f dec 
(int) b = 8
(lldb)  continue
Process 90411 resuming
Command #5 'continue' continued the target.
(lldb)  frame info
frame #0: 0x00005555555bb402 original_2_fuzz`gcd(a=8, b=0) at original_2.c:6:5
(lldb)  frame variable a -f dec 
(int) a = 8
(lldb)  frame variable b -f dec 
(int) b = 0
(lldb)  continue
Process 90411 resuming
Command #5 'continue' continued the target.
Executed /script/motivating_example/sample_set/gcd/fuzzing_test/modified_inputs/5c7d9a2e7bba2b2bf2358e4596cae6f4b41dde3e in 33 ms
***
*** NOTE: fuzzing was not performed, you have only
***       executed the target code on a fixed set of inputs.
***
Process 90411 exited with status = 0 (0x00000000)
Process 90411 launched: '/script/motivating_example/sample_set/gcd/original_2_fuzz' (x86_64)
(lldb) quit