(lldb) target create "original_2_fuzz"
Current executable set to '/script/motivating_example/sample_set/gcd/original_2_fuzz' (x86_64).
(lldb) command source -s 0 '/script/motivating_example/sample_set/gcd/fuzzing_test/original_2_debug/script/7a01a850dbbc3eec0e78a4afe4b4b1e4ffd573bb/batch.lldb'
Executing commands in '/script/motivating_example/sample_set/gcd/fuzzing_test/original_2_debug/script/7a01a850dbbc3eec0e78a4afe4b4b1e4ffd573bb/batch.lldb'.
(lldb) settings set interpreter.stop-command-source-on-error 0
(lldb) settings set auto-confirm 1
(lldb) breakpoint set --file /script/motivating_example/sample_set/gcd/original_2.c --line 6
Breakpoint 1: where = original_2_fuzz`gcd + 82 at original_2.c:6:5, address = 0x0000000000067402
(lldb) breakpoint command add 1
(lldb) run /script/motivating_example/sample_set/gcd/fuzzing_test/modified_inputs/7a01a850dbbc3eec0e78a4afe4b4b1e4ffd573bb
INFO: Running with entropic power schedule (0xFF, 100).
INFO: Seed: 1777641650
INFO: Loaded 1 modules   (10 inline 8-bit counters): 10 [0x5555555defb0, 0x5555555defba), 
INFO: Loaded 1 PC tables (10 PCs): 10 [0x5555555defc0,0x5555555df060), 
/script/motivating_example/sample_set/gcd/original_2_fuzz: Running 1 inputs 1 time(s) each.
Running: /script/motivating_example/sample_set/gcd/fuzzing_test/modified_inputs/7a01a850dbbc3eec0e78a4afe4b4b1e4ffd573bb
(lldb)  frame info
frame #0: 0x00005555555bb402 original_2_fuzz`gcd(a=-2147483648, b=704708395) at original_2.c:6:5
(lldb)  frame variable a -f dec 
(int) a = -2147483648
(lldb)  frame variable b -f dec 
(int) b = 704708395
(lldb)  continue
Process 90797 resuming
Command #5 'continue' continued the target.
(lldb)  frame info
frame #0: 0x00005555555bb402 original_2_fuzz`gcd(a=704708395, b=-33358463) at original_2.c:6:5
(lldb)  frame variable a -f dec 
(int) a = 704708395
(lldb)  frame variable b -f dec 
(int) b = -33358463
(lldb)  continue
Process 90797 resuming
Command #5 'continue' continued the target.
(lldb)  frame info
frame #0: 0x00005555555bb402 original_2_fuzz`gcd(a=-33358463, b=4180672) at original_2.c:6:5
(lldb)  frame variable a -f dec 
(int) a = -33358463
(lldb)  frame variable b -f dec 
(int) b = 4180672
(lldb)  continue
Process 90797 resuming
Command #5 'continue' continued the target.
(lldb)  frame info
frame #0: 0x00005555555bb402 original_2_fuzz`gcd(a=4180672, b=-4093759) at original_2.c:6:5
(lldb)  frame variable a -f dec 
(int) a = 4180672
(lldb)  frame variable b -f dec 
(int) b = -4093759
(lldb)  continue
Process 90797 resuming
Command #5 'continue' continued the target.
(lldb)  frame info
frame #0: 0x00005555555bb402 original_2_fuzz`gcd(a=-4093759, b=86913) at original_2.c:6:5
(lldb)  frame variable a -f dec 
(int) a = -4093759
(lldb)  frame variable b -f dec 
(int) b = 86913
(lldb)  continue
Process 90797 resuming
Command #5 'continue' continued the target.
(lldb)  frame info
frame #0: 0x00005555555bb402 original_2_fuzz`gcd(a=86913, b=-8848) at original_2.c:6:5
(lldb)  frame variable a -f dec 
(int) a = 86913
(lldb)  frame variable b -f dec 
(int) b = -8848
(lldb)  continue
Process 90797 resuming
Command #5 'continue' continued the target.
(lldb)  frame info
frame #0: 0x00005555555bb402 original_2_fuzz`gcd(a=-8848, b=7281) at original_2.c:6:5
(lldb)  frame variable a -f dec 
(int) a = -8848
(lldb)  frame variable b -f dec 
(int) b = 7281
(lldb)  continue
Process 90797 resuming
Command #5 'continue' continued the target.
(lldb)  frame info
frame #0: 0x00005555555bb402 original_2_fuzz`gcd(a=7281, b=-1567) at original_2.c:6:5
(lldb)  frame variable a -f dec 
(int) a = 7281
(lldb)  frame variable b -f dec 
(int) b = -1567
(lldb)  continue
Process 90797 resuming
Command #5 'continue' continued the target.
(lldb)  frame info
frame #0: 0x00005555555bb402 original_2_fuzz`gcd(a=-1567, b=1013) at original_2.c:6:5
(lldb)  frame variable a -f dec 
(int) a = -1567
(lldb)  frame variable b -f dec 
(int) b = 1013
(lldb)  continue
Process 90797 resuming
Command #5 'continue' continued the target.
(lldb)  frame info
frame #0: 0x00005555555bb402 original_2_fuzz`gcd(a=1013, b=-554) at original_2.c:6:5
(lldb)  frame variable a -f dec 
(int) a = 1013
(lldb)  frame variable b -f dec 
(int) b = -554
(lldb)  continue
Process 90797 resuming
Command #5 'continue' continued the target.
(lldb)  frame info
frame #0: 0x00005555555bb402 original_2_fuzz`gcd(a=-554, b=459) at original_2.c:6:5
(lldb)  frame variable a -f dec 
(int) a = -554
(lldb)  frame variable b -f dec 
(int) b = 459
(lldb)  continue
Process 90797 resuming
Command #5 'continue' continued the target.
(lldb)  frame info
frame #0: 0x00005555555bb402 original_2_fuzz`gcd(a=459, b=-95) at original_2.c:6:5
(lldb)  frame variable a -f dec 
(int) a = 459
(lldb)  frame variable b -f dec 
(int) b = -95
(lldb)  continue
Process 90797 resuming
Command #5 'continue' continued the target.
(lldb)  frame info
frame #0: 0x00005555555bb402 original_2_fuzz`gcd(a=-95, b=79) at original_2.c:6:5
(lldb)  frame variable a -f dec 
(int) a = -95
(lldb)  frame variable b -f dec 
(int) b = 79
(lldb)  continue
Process 90797 resuming
Command #5 'continue' continued the target.
(lldb)  frame info
frame #0: 0x00005555555bb402 original_2_fuzz`gcd(a=79, b=-16) at original_2.c:6:5
(lldb)  frame variable a -f dec 
(int) a = 79
(lldb)  frame variable b -f dec 
(int) b = -16
(lldb)  continue
Process 90797 resuming
Command #5 'continue' continued the target.
(lldb)  frame info
frame #0: 0x00005555555bb402 original_2_fuzz`gcd(a=-16, b=15) at original_2.c:6:5
(lldb)  frame variable a -f dec 
(int) a = -16
(lldb)  frame variable b -f dec 
(int) b = 15
(lldb)  continue
Process 90797 resuming
Command #5 'continue' continued the target.
(lldb)  frame info
frame #0: 0x00005555555bb402 original_2_fuzz`gcd(a=15, b=-1) at original_2.c:6:5
(lldb)  frame variable a -f dec 
(int) a = 15
(lldb)  frame variable b -f dec 
(int) b = -1
(lldb)  continue
Process 90797 resuming
Command #5 'continue' continued the target.
(lldb)  frame info
frame #0: 0x00005555555bb402 original_2_fuzz`gcd(a=-1, b=0) at original_2.c:6:5
(lldb)  frame variable a -f dec 
(int) a = -1
(lldb)  frame variable b -f dec 
(int) b = 0
(lldb)  continue
Process 90797 resuming
Command #5 'continue' continued the target.
Executed /script/motivating_example/sample_set/gcd/fuzzing_test/modified_inputs/7a01a850dbbc3eec0e78a4afe4b4b1e4ffd573bb in 32 ms
***
*** NOTE: fuzzing was not performed, you have only
***       executed the target code on a fixed set of inputs.
***
Process 90797 exited with status = 0 (0x00000000)
Process 90797 launched: '/script/motivating_example/sample_set/gcd/original_2_fuzz' (x86_64)
(lldb) quit
