(lldb) target create "original_1_fuzz"
Current executable set to '/script/motivating_example/sample_set/bubble_sort/original_1_fuzz' (x86_64).
(lldb) command source -s 0 '/script/motivating_example/sample_set/bubble_sort/fuzzing_test/original_1_debug/script/a410432f8b6c61a1ef4b8560bcb545d2628e0546/batch.lldb'
Executing commands in '/script/motivating_example/sample_set/bubble_sort/fuzzing_test/original_1_debug/script/a410432f8b6c61a1ef4b8560bcb545d2628e0546/batch.lldb'.
(lldb) settings set interpreter.stop-command-source-on-error 0
(lldb) settings set auto-confirm 1
(lldb) breakpoint set --file /script/motivating_example/sample_set/bubble_sort/original_1.c --line 15
Breakpoint 1: where = original_1_fuzz`bubble_sort + 325 at original_1.c:15:17, address = 0x00000000000674f5
(lldb) breakpoint command add 1
(lldb) run /script/motivating_example/sample_set/bubble_sort/fuzzing_test/modified_inputs/a410432f8b6c61a1ef4b8560bcb545d2628e0546
INFO: Running with entropic power schedule (0xFF, 100).
INFO: Seed: 3753825882
INFO: Loaded 1 modules   (11 inline 8-bit counters): 11 [0x5555555defc0, 0x5555555defcb), 
INFO: Loaded 1 PC tables (11 PCs): 11 [0x5555555defd0,0x5555555df080), 
/script/motivating_example/sample_set/bubble_sort/original_1_fuzz: Running 1 inputs 1 time(s) each.
Running: /script/motivating_example/sample_set/bubble_sort/fuzzing_test/modified_inputs/a410432f8b6c61a1ef4b8560bcb545d2628e0546
(lldb)  frame info
frame #0: 0x00005555555bb4f5 original_1_fuzz`bubble_sort(arr=0x0000555555f67fc0, size=31) at original_1.c:15:17
(lldb)  frame variable i -f dec 
(size_t) i = 0
(lldb)  frame variable j -f dec 
(size_t) j = 0
(lldb)  frame variable temp -f dec 
(int) temp = 100664835
(lldb)  continue
Process 131817 resuming
Command #6 'continue' continued the target.
(lldb)  frame info
frame #0: 0x00005555555bb4f5 original_1_fuzz`bubble_sort(arr=0x0000555555f67fc0, size=31) at original_1.c:15:17
(lldb)  frame variable i -f dec 
(size_t) i = 0
(lldb)  frame variable j -f dec 
(size_t) j = 1
(lldb)  frame variable temp -f dec 
(int) temp = 100664835
(lldb)  continue
Process 131817 resuming
Command #6 'continue' continued the target.
(lldb)  frame info
frame #0: 0x00005555555bb4f5 original_1_fuzz`bubble_sort(arr=0x0000555555f67fc0, size=31) at original_1.c:15:17
(lldb)  frame variable i -f dec 
(size_t) i = 0
(lldb)  frame variable j -f dec 
(size_t) j = 2
(lldb)  frame variable temp -f dec 
(int) temp = 100664835
(lldb)  continue
Process 131817 resuming
Command #6 'continue' continued the target.
(lldb)  frame info
frame #0: 0x00005555555bb4f5 original_1_fuzz`bubble_sort(arr=0x0000555555f67fc0, size=31) at original_1.c:15:17
(lldb)  frame variable i -f dec 
(size_t) i = 0
(lldb)  frame variable j -f dec 
(size_t) j = 3
(lldb)  frame variable temp -f dec 
(int) temp = 100664835
(lldb)  continue
Process 131817 resuming
Command #6 'continue' continued the target.
(lldb)  frame info
frame #0: 0x00005555555bb4f5 original_1_fuzz`bubble_sort(arr=0x0000555555f67fc0, size=31) at original_1.c:15:17
(lldb)  frame variable i -f dec 
(size_t) i = 0
(lldb)  frame variable j -f dec 
(size_t) j = 4
(lldb)  frame variable temp -f dec 
(int) temp = 100664835
(lldb)  continue
Process 131817 resuming
Command #6 'continue' continued the target.
(lldb)  frame info
frame #0: 0x00005555555bb4f5 original_1_fuzz`bubble_sort(arr=0x0000555555f67fc0, size=31) at original_1.c:15:17
(lldb)  frame variable i -f dec 
(size_t) i = 0
(lldb)  frame variable j -f dec 
(size_t) j = 5
(lldb)  frame variable temp -f dec 
(int) temp = 100664835
(lldb)  continue
Process 131817 resuming
Command #6 'continue' continued the target.
(lldb)  frame info
frame #0: 0x00005555555bb4f5 original_1_fuzz`bubble_sort(arr=0x0000555555f67fc0, size=31) at original_1.c:15:17
(lldb)  frame variable i -f dec 
(size_t) i = 0
(lldb)  frame variable j -f dec 
(size_t) j = 6
(lldb)  frame variable temp -f dec 
(int) temp = 100664835
(lldb)  continue
Process 131817 resuming
Command #6 'continue' continued the target.
(lldb)  frame info
frame #0: 0x00005555555bb4f5 original_1_fuzz`bubble_sort(arr=0x0000555555f67fc0, size=31) at original_1.c:15:17
(lldb)  frame variable i -f dec 
(size_t) i = 0
(lldb)  frame variable j -f dec 
(size_t) j = 7
(lldb)  frame variable temp -f dec 
(int) temp = 100664835
(lldb)  continue
Process 131817 resuming
Command #6 'continue' continued the target.
(lldb)  frame info
frame #0: 0x00005555555bb4f5 original_1_fuzz`bubble_sort(arr=0x0000555555f67fc0, size=31) at original_1.c:15:17
(lldb)  frame variable i -f dec 
(size_t) i = 0
(lldb)  frame variable j -f dec 
(size_t) j = 8
(lldb)  frame variable temp -f dec 
(int) temp = 100664835
(lldb)  continue
Process 131817 resuming
Command #6 'continue' continued the target.
(lldb)  frame info
frame #0: 0x00005555555bb4f5 original_1_fuzz`bubble_sort(arr=0x0000555555f67fc0, size=31) at original_1.c:15:17
(lldb)  frame variable i -f dec 
(size_t) i = 0
(lldb)  frame variable j -f dec 
(size_t) j = 9
(lldb)  frame variable temp -f dec 
(int) temp = 100664835
(lldb)  continue
Process 131817 resuming
Command #6 'continue' continued the target.
(lldb)  frame info
frame #0: 0x00005555555bb4f5 original_1_fuzz`bubble_sort(arr=0x0000555555f67fc0, size=31) at original_1.c:15:17
(lldb)  frame variable i -f dec 
(size_t) i = 0
(lldb)  frame variable j -f dec 
(size_t) j = 10
(lldb)  frame variable temp -f dec 
(int) temp = 100664835
(lldb)  continue
Process 131817 resuming
Command #6 'continue' continued the target.
(lldb)  frame info
frame #0: 0x00005555555bb4f5 original_1_fuzz`bubble_sort(arr=0x0000555555f67fc0, size=31) at original_1.c:15:17
(lldb)  frame variable i -f dec 
(size_t) i = 0
(lldb)  frame variable j -f dec 
(size_t) j = 11
(lldb)  frame variable temp -f dec 
(int) temp = 100664835
(lldb)  continue
Process 131817 resuming
Command #6 'continue' continued the target.
(lldb)  frame info
frame #0: 0x00005555555bb4f5 original_1_fuzz`bubble_sort(arr=0x0000555555f67fc0, size=31) at original_1.c:15:17
(lldb)  frame variable i -f dec 
(size_t) i = 0
(lldb)  frame variable j -f dec 
(size_t) j = 12
(lldb)  frame variable temp -f dec 
(int) temp = 100664835
(lldb)  continue
Process 131817 resuming
Command #6 'continue' continued the target.
(lldb)  frame info
frame #0: 0x00005555555bb4f5 original_1_fuzz`bubble_sort(arr=0x0000555555f67fc0, size=31) at original_1.c:15:17
(lldb)  frame variable i -f dec 
(size_t) i = 0
(lldb)  frame variable j -f dec 
(size_t) j = 13
(lldb)  frame variable temp -f dec 
(int) temp = 100664835
(lldb)  continue
Process 131817 resuming
Command #6 'continue' continued the target.
(lldb)  frame info
frame #0: 0x00005555555bb4f5 original_1_fuzz`bubble_sort(arr=0x0000555555f67fc0, size=31) at original_1.c:15:17
(lldb)  frame variable i -f dec 
(size_t) i = 0
(lldb)  frame variable j -f dec 
(size_t) j = 14
(lldb)  frame variable temp -f dec 
(int) temp = 100664835
(lldb)  continue
Process 131817 resuming
Command #6 'continue' continued the target.
(lldb)  frame info
frame #0: 0x00005555555bb4f5 original_1_fuzz`bubble_sort(arr=0x0000555555f67fc0, size=31) at original_1.c:15:17
(lldb)  frame variable i -f dec 
(size_t) i = 0
(lldb)  frame variable j -f dec 
(size_t) j = 15
(lldb)  frame variable temp -f dec 
(int) temp = 100664835
(lldb)  continue
Process 131817 resuming
Command #6 'continue' continued the target.
(lldb)  frame info
frame #0: 0x00005555555bb4f5 original_1_fuzz`bubble_sort(arr=0x0000555555f67fc0, size=31) at original_1.c:15:17
(lldb)  frame variable i -f dec 
(size_t) i = 0
(lldb)  frame variable j -f dec 
(size_t) j = 16
(lldb)  frame variable temp -f dec 
(int) temp = 100664835
(lldb)  continue
Process 131817 resuming
Command #6 'continue' continued the target.
(lldb)  frame info
frame #0: 0x00005555555bb4f5 original_1_fuzz`bubble_sort(arr=0x0000555555f67fc0, size=31) at original_1.c:15:17
(lldb)  frame variable i -f dec 
(size_t) i = 0
(lldb)  frame variable j -f dec 
(size_t) j = 17
(lldb)  frame variable temp -f dec 
(int) temp = 100664835
(lldb)  continue
Process 131817 resuming
Command #6 'continue' continued the target.
(lldb)  frame info
frame #0: 0x00005555555bb4f5 original_1_fuzz`bubble_sort(arr=0x0000555555f67fc0, size=31) at original_1.c:15:17
(lldb)  frame variable i -f dec 
(size_t) i = 0
(lldb)  frame variable j -f dec 
(size_t) j = 18
(lldb)  frame variable temp -f dec 
(int) temp = 100664835
(lldb)  continue
Process 131817 resuming
Command #6 'continue' continued the target.
(lldb)  frame info
frame #0: 0x00005555555bb4f5 original_1_fuzz`bubble_sort(arr=0x0000555555f67fc0, size=31) at original_1.c:15:17
(lldb)  frame variable i -f dec 
(size_t) i = 0
(lldb)  frame variable j -f dec 
(size_t) j = 19
(lldb)  frame variable temp -f dec 
(int) temp = 100664835
(lldb)  continue
Process 131817 resuming
Command #6 'continue' continued the target.
(lldb)  frame info
frame #0: 0x00005555555bb4f5 original_1_fuzz`bubble_sort(arr=0x0000555555f67fc0, size=31) at original_1.c:15:17
(lldb)  frame variable i -f dec 
(size_t) i = 0
(lldb)  frame variable j -f dec 
(size_t) j = 20
(lldb)  frame variable temp -f dec 
(int) temp = 100664835
(lldb)  continue
Process 131817 resuming
Command #6 'continue' continued the target.
(lldb)  frame info
frame #0: 0x00005555555bb4f5 original_1_fuzz`bubble_sort(arr=0x0000555555f67fc0, size=31) at original_1.c:15:17
(lldb)  frame variable i -f dec 
(size_t) i = 0
(lldb)  frame variable j -f dec 
(size_t) j = 21
(lldb)  frame variable temp -f dec 
(int) temp = 100664835
(lldb)  continue
Process 131817 resuming
Command #6 'continue' continued the target.
(lldb)  frame info
frame #0: 0x00005555555bb4f5 original_1_fuzz`bubble_sort(arr=0x0000555555f67fc0, size=31) at original_1.c:15:17
(lldb)  frame variable i -f dec 
(size_t) i = 0
(lldb)  frame variable j -f dec 
(size_t) j = 22
(lldb)  frame variable temp -f dec 
(int) temp = 100664835
(lldb)  continue
Process 131817 resuming
Command #6 'continue' continued the target.
(lldb)  frame info
frame #0: 0x00005555555bb4f5 original_1_fuzz`bubble_sort(arr=0x0000555555f67fc0, size=31) at original_1.c:15:17
(lldb)  frame variable i -f dec 
(size_t) i = 0
(lldb)  frame variable j -f dec 
(size_t) j = 23
(lldb)  frame variable temp -f dec 
(int) temp = 100664835
(lldb)  continue
Process 131817 resuming
Command #6 'continue' continued the target.
(lldb)  frame info
frame #0: 0x00005555555bb4f5 original_1_fuzz`bubble_sort(arr=0x0000555555f67fc0, size=31) at original_1.c:15:17
(lldb)  frame variable i -f dec 
(size_t) i = 0
(lldb)  frame variable j -f dec 
(size_t) j = 24
(lldb)  frame variable temp -f dec 
(int) temp = 100664835
(lldb)  continue
Process 131817 resuming
Command #6 'continue' continued the target.
(lldb)  frame info
frame #0: 0x00005555555bb4f5 original_1_fuzz`bubble_sort(arr=0x0000555555f67fc0, size=31) at original_1.c:15:17
(lldb)  frame variable i -f dec 
(size_t) i = 0
(lldb)  frame variable j -f dec 
(size_t) j = 25
(lldb)  frame variable temp -f dec 
(int) temp = 100664835
(lldb)  continue
Process 131817 resuming
Command #6 'continue' continued the target.
(lldb)  frame info
frame #0: 0x00005555555bb4f5 original_1_fuzz`bubble_sort(arr=0x0000555555f67fc0, size=31) at original_1.c:15:17
(lldb)  frame variable i -f dec 
(size_t) i = 0
(lldb)  frame variable j -f dec 
(size_t) j = 26
(lldb)  frame variable temp -f dec 
(int) temp = 100664835
(lldb)  continue
Process 131817 resuming
Command #6 'continue' continued the target.
(lldb)  frame info
frame #0: 0x00005555555bb4f5 original_1_fuzz`bubble_sort(arr=0x0000555555f67fc0, size=31) at original_1.c:15:17
(lldb)  frame variable i -f dec 
(size_t) i = 0
(lldb)  frame variable j -f dec 
(size_t) j = 27
(lldb)  frame variable temp -f dec 
(int) temp = 100664835
(lldb)  continue
Process 131817 resuming
Command #6 'continue' continued the target.
(lldb)  frame info
frame #0: 0x00005555555bb4f5 original_1_fuzz`bubble_sort(arr=0x0000555555f67fc0, size=31) at original_1.c:15:17
(lldb)  frame variable i -f dec 
(size_t) i = 0
(lldb)  frame variable j -f dec 
(size_t) j = 28
(lldb)  frame variable temp -f dec 
(int) temp = 100664835
(lldb)  continue
Process 131817 resuming
Command #6 'continue' continued the target.
(lldb)  frame info
frame #0: 0x00005555555bb4f5 original_1_fuzz`bubble_sort(arr=0x0000555555f67fc0, size=31) at original_1.c:15:17
(lldb)  frame variable i -f dec 
(size_t) i = 0
(lldb)  frame variable j -f dec 
(size_t) j = 29
(lldb)  frame variable temp -f dec 
(int) temp = 100664835
(lldb)  continue
Process 131817 resuming
Command #6 'continue' continued the target.
(lldb)  frame info
frame #0: 0x00005555555bb4f5 original_1_fuzz`bubble_sort(arr=0x0000555555f67fc0, size=31) at original_1.c:15:17
(lldb)  frame variable i -f dec 
(size_t) i = 1
(lldb)  frame variable j -f dec 
(size_t) j = 26
(lldb)  frame variable temp -f dec 
(int) temp = 156
(lldb)  continue
Process 131817 resuming
Command #6 'continue' continued the target.
(lldb)  frame info
frame #0: 0x00005555555bb4f5 original_1_fuzz`bubble_sort(arr=0x0000555555f67fc0, size=31) at original_1.c:15:17
(lldb)  frame variable i -f dec 
(size_t) i = 1
(lldb)  frame variable j -f dec 
(size_t) j = 27
(lldb)  frame variable temp -f dec 
(int) temp = 156
(lldb)  continue
Process 131817 resuming
Command #6 'continue' continued the target.
(lldb)  frame info
frame #0: 0x00005555555bb4f5 original_1_fuzz`bubble_sort(arr=0x0000555555f67fc0, size=31) at original_1.c:15:17
(lldb)  frame variable i -f dec 
(size_t) i = 1
(lldb)  frame variable j -f dec 
(size_t) j = 28
(lldb)  frame variable temp -f dec 
(int) temp = 156
(lldb)  continue
Process 131817 resuming
Command #6 'continue' continued the target.
Executed /script/motivating_example/sample_set/bubble_sort/fuzzing_test/modified_inputs/a410432f8b6c61a1ef4b8560bcb545d2628e0546 in 63 ms
***
*** NOTE: fuzzing was not performed, you have only
***       executed the target code on a fixed set of inputs.
***
Process 131817 exited with status = 0 (0x00000000)
Process 131817 launched: '/script/motivating_example/sample_set/bubble_sort/original_1_fuzz' (x86_64)
(lldb) quit