(lldb) target create "modified_fuzz"
Current executable set to '/script/motivating_example/sample_set/gcd/modified_fuzz' (x86_64).
(lldb) command source -s 0 '/script/motivating_example/sample_set/gcd/fuzzing_test/modified_debug/script/630eb8ecfef56b8206bd33dbff85ed0b1d089024/batch.lldb'
Executing commands in '/script/motivating_example/sample_set/gcd/fuzzing_test/modified_debug/script/630eb8ecfef56b8206bd33dbff85ed0b1d089024/batch.lldb'.
(lldb) settings set interpreter.stop-command-source-on-error 0
(lldb) settings set auto-confirm 1
(lldb) breakpoint set --file /script/motivating_example/sample_set/gcd/modified.c --line 9
Breakpoint 1: where = modified_fuzz`gcd + 121 at modified.c:9:9, address = 0x0000000000067429
(lldb) breakpoint command add 1
(lldb) run /script/motivating_example/sample_set/gcd/fuzzing_test/modified_inputs/630eb8ecfef56b8206bd33dbff85ed0b1d089024
INFO: Running with entropic power schedule (0xFF, 100).
INFO: Seed: 2895293001
INFO: Loaded 1 modules   (10 inline 8-bit counters): 10 [0x5555555defb0, 0x5555555defba), 
INFO: Loaded 1 PC tables (10 PCs): 10 [0x5555555defc0,0x5555555df060), 
/script/motivating_example/sample_set/gcd/modified_fuzz: Running 1 inputs 1 time(s) each.
Running: /script/motivating_example/sample_set/gcd/fuzzing_test/modified_inputs/630eb8ecfef56b8206bd33dbff85ed0b1d089024
(lldb)  frame info
frame #0: 0x00005555555bb429 modified_fuzz`gcd(a=-2113945848, b=-33537800) at modified.c:9:9
(lldb)  frame variable a -f dec 
(int) a = -2113945848
(lldb)  frame variable b -f dec 
(int) b = -33537800
(lldb)  continue
Process 73868 resuming
Command #5 'continue' continued the target.
(lldb)  frame info
frame #0: 0x00005555555bb429 modified_fuzz`gcd(a=-2112881400, b=-1064448) at modified.c:9:9
(lldb)  frame variable a -f dec 
(int) a = -2112881400
(lldb)  frame variable b -f dec 
(int) b = -1064448
(lldb)  continue
Process 73868 resuming
Command #5 'continue' continued the target.
(lldb)  frame info
frame #0: 0x00005555555bb429 modified_fuzz`gcd(a=-2111864832, b=-1016568) at modified.c:9:9
(lldb)  frame variable a -f dec 
(int) a = -2111864832
(lldb)  frame variable b -f dec 
(int) b = -1016568
(lldb)  continue
Process 73868 resuming
Command #5 'continue' continued the target.
(lldb)  frame info
frame #0: 0x00005555555bb429 modified_fuzz`gcd(a=-2111411736, b=-453096) at modified.c:9:9
(lldb)  frame variable a -f dec 
(int) a = -2111411736
(lldb)  frame variable b -f dec 
(int) b = -453096
(lldb)  continue
Process 73868 resuming
Command #5 'continue' continued the target.
(lldb)  frame info
frame #0: 0x00005555555bb429 modified_fuzz`gcd(a=-2110974264, b=-437472) at modified.c:9:9
(lldb)  frame variable a -f dec 
(int) a = -2110974264
(lldb)  frame variable b -f dec 
(int) b = -437472
(lldb)  continue
Process 73868 resuming
Command #5 'continue' continued the target.
(lldb)  frame info
frame #0: 0x00005555555bb429 modified_fuzz`gcd(a=-2110802400, b=-171864) at modified.c:9:9
(lldb)  frame variable a -f dec 
(int) a = -2110802400
(lldb)  frame variable b -f dec 
(int) b = -171864
(lldb)  continue
Process 73868 resuming
Command #5 'continue' continued the target.
(lldb)  frame info
frame #0: 0x00005555555bb429 modified_fuzz`gcd(a=-2110661784, b=-140616) at modified.c:9:9
(lldb)  frame variable a -f dec 
(int) a = -2110661784
(lldb)  frame variable b -f dec 
(int) b = -140616
(lldb)  continue
Process 73868 resuming
Command #5 'continue' continued the target.
(lldb)  frame info
frame #0: 0x00005555555bb429 modified_fuzz`gcd(a=-2110646160, b=-15624) at modified.c:9:9
(lldb)  frame variable a -f dec 
(int) a = -2110646160
(lldb)  frame variable b -f dec 
(int) b = -15624
(lldb)  continue
Process 73868 resuming
Command #5 'continue' continued the target.
(lldb)  frame info
frame #0: 0x00005555555bb429 modified_fuzz`gcd(a=-2110646160, b=0) at modified.c:9:9
(lldb)  frame variable a -f dec 
(int) a = -2110646160
(lldb)  frame variable b -f dec 
(int) b = 0
(lldb)  continue
Process 73868 resuming
Command #5 'continue' continued the target.
Executed /script/motivating_example/sample_set/gcd/fuzzing_test/modified_inputs/630eb8ecfef56b8206bd33dbff85ed0b1d089024 in 25 ms
***
*** NOTE: fuzzing was not performed, you have only
***       executed the target code on a fixed set of inputs.
***
Process 73868 exited with status = 0 (0x00000000)
Process 73868 launched: '/script/motivating_example/sample_set/gcd/modified_fuzz' (x86_64)
(lldb) quit