(lldb) target create "modified_fuzz"
Current executable set to '/script/motivating_example/sample_set/gcd/modified_fuzz' (x86_64).
(lldb) command source -s 0 '/script/motivating_example/sample_set/gcd/fuzzing_test/modified_debug/script/f2078a8592ed8de118a661d9c5efc3a8ac48fb0a/batch.lldb'
Executing commands in '/script/motivating_example/sample_set/gcd/fuzzing_test/modified_debug/script/f2078a8592ed8de118a661d9c5efc3a8ac48fb0a/batch.lldb'.
(lldb) settings set interpreter.stop-command-source-on-error 0
(lldb) settings set auto-confirm 1
(lldb) breakpoint set --file /script/motivating_example/sample_set/gcd/modified.c --line 9
Breakpoint 1: where = modified_fuzz`gcd + 121 at modified.c:9:9, address = 0x0000000000067429
(lldb) breakpoint command add 1
(lldb) run /script/motivating_example/sample_set/gcd/fuzzing_test/modified_inputs/f2078a8592ed8de118a661d9c5efc3a8ac48fb0a
INFO: Running with entropic power schedule (0xFF, 100).
INFO: Seed: 1596521921
INFO: Loaded 1 modules   (10 inline 8-bit counters): 10 [0x5555555defb0, 0x5555555defba), 
INFO: Loaded 1 PC tables (10 PCs): 10 [0x5555555defc0,0x5555555df060), 
/script/motivating_example/sample_set/gcd/modified_fuzz: Running 1 inputs 1 time(s) each.
Running: /script/motivating_example/sample_set/gcd/fuzzing_test/modified_inputs/f2078a8592ed8de118a661d9c5efc3a8ac48fb0a
(lldb)  frame info
frame #0: 0x00005555555bb429 modified_fuzz`gcd(a=2147477248, b=6144) at modified.c:9:9
(lldb)  frame variable a -f dec 
(int) a = 2147477248
(lldb)  frame variable b -f dec 
(int) b = 6144
(lldb)  continue
Process 75901 resuming
Command #5 'continue' continued the target.
(lldb)  frame info
frame #0: 0x00005555555bb429 modified_fuzz`gcd(a=2147475456, b=1792) at modified.c:9:9
(lldb)  frame variable a -f dec 
(int) a = 2147475456
(lldb)  frame variable b -f dec 
(int) b = 1792
(lldb)  continue
Process 75901 resuming
Command #5 'continue' continued the target.
(lldb)  frame info
frame #0: 0x00005555555bb429 modified_fuzz`gcd(a=2147475456, b=0) at modified.c:9:9
(lldb)  frame variable a -f dec 
(int) a = 2147475456
(lldb)  frame variable b -f dec 
(int) b = 0
(lldb)  continue
Process 75901 resuming
Command #5 'continue' continued the target.
Executed /script/motivating_example/sample_set/gcd/fuzzing_test/modified_inputs/f2078a8592ed8de118a661d9c5efc3a8ac48fb0a in 13 ms
***
*** NOTE: fuzzing was not performed, you have only
***       executed the target code on a fixed set of inputs.
***
Process 75901 exited with status = 0 (0x00000000)
Process 75901 launched: '/script/motivating_example/sample_set/gcd/modified_fuzz' (x86_64)
(lldb) quit