(lldb) target create "original_2_fuzz"
Current executable set to '/script/motivating_example/sample_set/bubble_sort/original_2_fuzz' (x86_64).
(lldb) command source -s 0 '/script/motivating_example/sample_set/bubble_sort/fuzzing_test/original_2_debug/script/b73a8f83a1b2c974d435558019031b0b71c76e78/batch.lldb'
Executing commands in '/script/motivating_example/sample_set/bubble_sort/fuzzing_test/original_2_debug/script/b73a8f83a1b2c974d435558019031b0b71c76e78/batch.lldb'.
(lldb) settings set interpreter.stop-command-source-on-error 0
(lldb) settings set auto-confirm 1
(lldb) breakpoint set --file /script/motivating_example/sample_set/bubble_sort/original_2.c --line 18
Breakpoint 1: where = original_2_fuzz`bubble_sort + 361 at original_2.c:18:17, address = 0x0000000000067519
(lldb) breakpoint command add 1
(lldb) run /script/motivating_example/sample_set/bubble_sort/fuzzing_test/modified_inputs/b73a8f83a1b2c974d435558019031b0b71c76e78
INFO: Running with entropic power schedule (0xFF, 100).
INFO: Seed: 802107233
INFO: Loaded 1 modules   (12 inline 8-bit counters): 12 [0x5555555defc0, 0x5555555defcc), 
INFO: Loaded 1 PC tables (12 PCs): 12 [0x5555555defd0,0x5555555df090), 
/script/motivating_example/sample_set/bubble_sort/original_2_fuzz: Running 1 inputs 1 time(s) each.
Running: /script/motivating_example/sample_set/bubble_sort/fuzzing_test/modified_inputs/b73a8f83a1b2c974d435558019031b0b71c76e78
(lldb)  frame info
frame #0: 0x00005555555bb519 original_2_fuzz`bubble_sort(arr=0x0000555555f67f60, size=7) at original_2.c:18:17
(lldb)  frame variable i -f dec 
(size_t) i = 0
(lldb)  frame variable j -f dec 
(size_t) j = 0
(lldb)  frame variable temp -f dec 
(int) temp = 65535
(lldb)  continue
Process 137469 resuming
Command #6 'continue' continued the target.
(lldb)  frame info
frame #0: 0x00005555555bb519 original_2_fuzz`bubble_sort(arr=0x0000555555f67f60, size=7) at original_2.c:18:17
(lldb)  frame variable i -f dec 
(size_t) i = 0
(lldb)  frame variable j -f dec 
(size_t) j = 1
(lldb)  frame variable temp -f dec 
(int) temp = 65535
(lldb)  continue
Process 137469 resuming
Command #6 'continue' continued the target.
(lldb)  frame info
frame #0: 0x00005555555bb519 original_2_fuzz`bubble_sort(arr=0x0000555555f67f60, size=7) at original_2.c:18:17
(lldb)  frame variable i -f dec 
(size_t) i = 0
(lldb)  frame variable j -f dec 
(size_t) j = 2
(lldb)  frame variable temp -f dec 
(int) temp = 65535
(lldb)  continue
Process 137469 resuming
Command #6 'continue' continued the target.
(lldb)  frame info
frame #0: 0x00005555555bb519 original_2_fuzz`bubble_sort(arr=0x0000555555f67f60, size=7) at original_2.c:18:17
(lldb)  frame variable i -f dec 
(size_t) i = 0
(lldb)  frame variable j -f dec 
(size_t) j = 4
(lldb)  frame variable temp -f dec 
(int) temp = 16777216
(lldb)  continue
Process 137469 resuming
Command #6 'continue' continued the target.
(lldb)  frame info
frame #0: 0x00005555555bb519 original_2_fuzz`bubble_sort(arr=0x0000555555f67f60, size=7) at original_2.c:18:17
(lldb)  frame variable i -f dec 
(size_t) i = 0
(lldb)  frame variable j -f dec 
(size_t) j = 5
(lldb)  frame variable temp -f dec 
(int) temp = 16777216
(lldb)  continue
Process 137469 resuming
Command #6 'continue' continued the target.
(lldb)  frame info
frame #0: 0x00005555555bb519 original_2_fuzz`bubble_sort(arr=0x0000555555f67f60, size=7) at original_2.c:18:17
(lldb)  frame variable i -f dec 
(size_t) i = 1
(lldb)  frame variable j -f dec 
(size_t) j = 3
(lldb)  frame variable temp -f dec 
(int) temp = 65535
(lldb)  continue
Process 137469 resuming
Command #6 'continue' continued the target.
(lldb)  frame info
frame #0: 0x00005555555bb519 original_2_fuzz`bubble_sort(arr=0x0000555555f67f60, size=7) at original_2.c:18:17
(lldb)  frame variable i -f dec 
(size_t) i = 1
(lldb)  frame variable j -f dec 
(size_t) j = 4
(lldb)  frame variable temp -f dec 
(int) temp = 65535
(lldb)  continue
Process 137469 resuming
Command #6 'continue' continued the target.
(lldb)  frame info
frame #0: 0x00005555555bb519 original_2_fuzz`bubble_sort(arr=0x0000555555f67f60, size=7) at original_2.c:18:17
(lldb)  frame variable i -f dec 
(size_t) i = 2
(lldb)  frame variable j -f dec 
(size_t) j = 2
(lldb)  frame variable temp -f dec 
(int) temp = 254
(lldb)  continue
Process 137469 resuming
Command #6 'continue' continued the target.
(lldb)  frame info
frame #0: 0x00005555555bb519 original_2_fuzz`bubble_sort(arr=0x0000555555f67f60, size=7) at original_2.c:18:17
(lldb)  frame variable i -f dec 
(size_t) i = 2
(lldb)  frame variable j -f dec 
(size_t) j = 3
(lldb)  frame variable temp -f dec 
(int) temp = 254
(lldb)  continue
Process 137469 resuming
Command #6 'continue' continued the target.
(lldb)  frame info
frame #0: 0x00005555555bb519 original_2_fuzz`bubble_sort(arr=0x0000555555f67f60, size=7) at original_2.c:18:17
(lldb)  frame variable i -f dec 
(size_t) i = 3
(lldb)  frame variable j -f dec 
(size_t) j = 1
(lldb)  frame variable temp -f dec 
(int) temp = 37
(lldb)  continue
Process 137469 resuming
Command #6 'continue' continued the target.
(lldb)  frame info
frame #0: 0x00005555555bb519 original_2_fuzz`bubble_sort(arr=0x0000555555f67f60, size=7) at original_2.c:18:17
(lldb)  frame variable i -f dec 
(size_t) i = 3
(lldb)  frame variable j -f dec 
(size_t) j = 2
(lldb)  frame variable temp -f dec 
(int) temp = 37
(lldb)  continue
Process 137469 resuming
Command #6 'continue' continued the target.
(lldb)  frame info
frame #0: 0x00005555555bb519 original_2_fuzz`bubble_sort(arr=0x0000555555f67f60, size=7) at original_2.c:18:17
(lldb)  frame variable i -f dec 
(size_t) i = 4
(lldb)  frame variable j -f dec 
(size_t) j = 1
(lldb)  frame variable temp -f dec 
(int) temp = 4
(lldb)  continue
Process 137469 resuming
Command #6 'continue' continued the target.
Executed /script/motivating_example/sample_set/bubble_sort/fuzzing_test/modified_inputs/b73a8f83a1b2c974d435558019031b0b71c76e78 in 27 ms
***
*** NOTE: fuzzing was not performed, you have only
***       executed the target code on a fixed set of inputs.
***
Process 137469 exited with status = 0 (0x00000000)
Process 137469 launched: '/script/motivating_example/sample_set/bubble_sort/original_2_fuzz' (x86_64)
(lldb) quit