(lldb) target create "modified_fuzz"
Current executable set to '/script/motivating_example/sample_set/bubble_sort/modified_fuzz' (x86_64).
(lldb) command source -s 0 '/script/motivating_example/sample_set/bubble_sort/fuzzing_test/modified_debug/script/617d919bd706c9b0abbcfec82b5ead718e3a7fda/batch.lldb'
Executing commands in '/script/motivating_example/sample_set/bubble_sort/fuzzing_test/modified_debug/script/617d919bd706c9b0abbcfec82b5ead718e3a7fda/batch.lldb'.
(lldb) settings set interpreter.stop-command-source-on-error 0
(lldb) settings set auto-confirm 1
(lldb) breakpoint set --file /script/motivating_example/sample_set/bubble_sort/modified.c --line 18
Breakpoint 1: where = modified_fuzz`bubble_sort + 361 at modified.c:18:17, address = 0x0000000000067519
(lldb) breakpoint command add 1
(lldb) run /script/motivating_example/sample_set/bubble_sort/fuzzing_test/modified_inputs/617d919bd706c9b0abbcfec82b5ead718e3a7fda
INFO: Running with entropic power schedule (0xFF, 100).
INFO: Seed: 197780678
INFO: Loaded 1 modules   (12 inline 8-bit counters): 12 [0x5555555defc0, 0x5555555defcc), 
INFO: Loaded 1 PC tables (12 PCs): 12 [0x5555555defd0,0x5555555df090), 
/script/motivating_example/sample_set/bubble_sort/modified_fuzz: Running 1 inputs 1 time(s) each.
Running: /script/motivating_example/sample_set/bubble_sort/fuzzing_test/modified_inputs/617d919bd706c9b0abbcfec82b5ead718e3a7fda
Executed /script/motivating_example/sample_set/bubble_sort/fuzzing_test/modified_inputs/617d919bd706c9b0abbcfec82b5ead718e3a7fda in 0 ms
***
*** NOTE: fuzzing was not performed, you have only
***       executed the target code on a fixed set of inputs.
***
Process 125286 exited with status = 0 (0x00000000)
Process 125286 launched: '/script/motivating_example/sample_set/bubble_sort/modified_fuzz' (x86_64)
(lldb) quit