(lldb) target create "original_1_fuzz"
Current executable set to '/script/motivating_example/sample_set/gcd/original_1_fuzz' (x86_64).
(lldb) command source -s 0 '/script/motivating_example/sample_set/gcd/fuzzing_test/original_1_debug/script/61ce18693856845bbe3a79b3675d5c0ec6dae2ae/batch.lldb'
Executing commands in '/script/motivating_example/sample_set/gcd/fuzzing_test/original_1_debug/script/61ce18693856845bbe3a79b3675d5c0ec6dae2ae/batch.lldb'.
(lldb) settings set interpreter.stop-command-source-on-error 0
(lldb) settings set auto-confirm 1
(lldb) breakpoint set --file /script/motivating_example/sample_set/gcd/original_1.c --line 10
Breakpoint 1: where = original_1_fuzz`gcd + 124 at original_1.c:10:9, address = 0x000000000006742c
(lldb) breakpoint command add 1
(lldb) run /script/motivating_example/sample_set/gcd/fuzzing_test/modified_inputs/61ce18693856845bbe3a79b3675d5c0ec6dae2ae
INFO: Running with entropic power schedule (0xFF, 100).
INFO: Seed: 2704264844
INFO: Loaded 1 modules   (10 inline 8-bit counters): 10 [0x5555555defb0, 0x5555555defba), 
INFO: Loaded 1 PC tables (10 PCs): 10 [0x5555555defc0,0x5555555df060), 
/script/motivating_example/sample_set/gcd/original_1_fuzz: Running 1 inputs 1 time(s) each.
Running: /script/motivating_example/sample_set/gcd/fuzzing_test/modified_inputs/61ce18693856845bbe3a79b3675d5c0ec6dae2ae
(lldb)  frame info
frame #0: 0x00005555555bb42c original_1_fuzz`gcd(a=1862991675, b=-284491973) at original_1.c:10:9
(lldb)  frame variable a -f dec 
(int) a = 1862991675
(lldb)  frame variable b -f dec 
(int) b = -284491973
(lldb)  continue
Process 82231 resuming
Command #5 'continue' continued the target.
(lldb)  frame info
frame #0: 0x00005555555bb42c original_1_fuzz`gcd(a=-284491973, b=156039837) at original_1.c:10:9
(lldb)  frame variable a -f dec 
(int) a = -284491973
(lldb)  frame variable b -f dec 
(int) b = 156039837
(lldb)  continue
Process 82231 resuming
Command #5 'continue' continued the target.
(lldb)  frame info
frame #0: 0x00005555555bb42c original_1_fuzz`gcd(a=156039837, b=-128452136) at original_1.c:10:9
(lldb)  frame variable a -f dec 
(int) a = 156039837
(lldb)  frame variable b -f dec 
(int) b = -128452136
(lldb)  continue
Process 82231 resuming
Command #5 'continue' continued the target.
(lldb)  frame info
frame #0: 0x00005555555bb42c original_1_fuzz`gcd(a=-128452136, b=27587701) at original_1.c:10:9
(lldb)  frame variable a -f dec 
(int) a = -128452136
(lldb)  frame variable b -f dec 
(int) b = 27587701
(lldb)  continue
Process 82231 resuming
Command #5 'continue' continued the target.
(lldb)  frame info
frame #0: 0x00005555555bb42c original_1_fuzz`gcd(a=27587701, b=-18101332) at original_1.c:10:9
(lldb)  frame variable a -f dec 
(int) a = 27587701
(lldb)  frame variable b -f dec 
(int) b = -18101332
(lldb)  continue
Process 82231 resuming
Command #5 'continue' continued the target.
(lldb)  frame info
frame #0: 0x00005555555bb42c original_1_fuzz`gcd(a=-18101332, b=9486369) at original_1.c:10:9
(lldb)  frame variable a -f dec 
(int) a = -18101332
(lldb)  frame variable b -f dec 
(int) b = 9486369
(lldb)  continue
Process 82231 resuming
Command #5 'continue' continued the target.
(lldb)  frame info
frame #0: 0x00005555555bb42c original_1_fuzz`gcd(a=9486369, b=-8614963) at original_1.c:10:9
(lldb)  frame variable a -f dec 
(int) a = 9486369
(lldb)  frame variable b -f dec 
(int) b = -8614963
(lldb)  continue
Process 82231 resuming
Command #5 'continue' continued the target.
(lldb)  frame info
frame #0: 0x00005555555bb42c original_1_fuzz`gcd(a=-8614963, b=871406) at original_1.c:10:9
(lldb)  frame variable a -f dec 
(int) a = -8614963
(lldb)  frame variable b -f dec 
(int) b = 871406
(lldb)  continue
Process 82231 resuming
Command #5 'continue' continued the target.
(lldb)  frame info
frame #0: 0x00005555555bb42c original_1_fuzz`gcd(a=871406, b=-772309) at original_1.c:10:9
(lldb)  frame variable a -f dec 
(int) a = 871406
(lldb)  frame variable b -f dec 
(int) b = -772309
(lldb)  continue
Process 82231 resuming
Command #5 'continue' continued the target.
(lldb)  frame info
frame #0: 0x00005555555bb42c original_1_fuzz`gcd(a=-772309, b=99097) at original_1.c:10:9
(lldb)  frame variable a -f dec 
(int) a = -772309
(lldb)  frame variable b -f dec 
(int) b = 99097
(lldb)  continue
Process 82231 resuming
Command #5 'continue' continued the target.
(lldb)  frame info
frame #0: 0x00005555555bb42c original_1_fuzz`gcd(a=99097, b=-78630) at original_1.c:10:9
(lldb)  frame variable a -f dec 
(int) a = 99097
(lldb)  frame variable b -f dec 
(int) b = -78630
(lldb)  continue
Process 82231 resuming
Command #5 'continue' continued the target.
(lldb)  frame info
frame #0: 0x00005555555bb42c original_1_fuzz`gcd(a=-78630, b=20467) at original_1.c:10:9
(lldb)  frame variable a -f dec 
(int) a = -78630
(lldb)  frame variable b -f dec 
(int) b = 20467
(lldb)  continue
Process 82231 resuming
Command #5 'continue' continued the target.
(lldb)  frame info
frame #0: 0x00005555555bb42c original_1_fuzz`gcd(a=20467, b=-17229) at original_1.c:10:9
(lldb)  frame variable a -f dec 
(int) a = 20467
(lldb)  frame variable b -f dec 
(int) b = -17229
(lldb)  continue
Process 82231 resuming
Command #5 'continue' continued the target.
(lldb)  frame info
frame #0: 0x00005555555bb42c original_1_fuzz`gcd(a=-17229, b=3238) at original_1.c:10:9
(lldb)  frame variable a -f dec 
(int) a = -17229
(lldb)  frame variable b -f dec 
(int) b = 3238
(lldb)  continue
Process 82231 resuming
Command #5 'continue' continued the target.
(lldb)  frame info
frame #0: 0x00005555555bb42c original_1_fuzz`gcd(a=3238, b=-1039) at original_1.c:10:9
(lldb)  frame variable a -f dec 
(int) a = 3238
(lldb)  frame variable b -f dec 
(int) b = -1039
(lldb)  continue
Process 82231 resuming
Command #5 'continue' continued the target.
(lldb)  frame info
frame #0: 0x00005555555bb42c original_1_fuzz`gcd(a=-1039, b=121) at original_1.c:10:9
(lldb)  frame variable a -f dec 
(int) a = -1039
(lldb)  frame variable b -f dec 
(int) b = 121
(lldb)  continue
Process 82231 resuming
Command #5 'continue' continued the target.
(lldb)  frame info
frame #0: 0x00005555555bb42c original_1_fuzz`gcd(a=121, b=-71) at original_1.c:10:9
(lldb)  frame variable a -f dec 
(int) a = 121
(lldb)  frame variable b -f dec 
(int) b = -71
(lldb)  continue
Process 82231 resuming
Command #5 'continue' continued the target.
(lldb)  frame info
frame #0: 0x00005555555bb42c original_1_fuzz`gcd(a=-71, b=50) at original_1.c:10:9
(lldb)  frame variable a -f dec 
(int) a = -71
(lldb)  frame variable b -f dec 
(int) b = 50
(lldb)  continue
Process 82231 resuming
Command #5 'continue' continued the target.
(lldb)  frame info
frame #0: 0x00005555555bb42c original_1_fuzz`gcd(a=50, b=-21) at original_1.c:10:9
(lldb)  frame variable a -f dec 
(int) a = 50
(lldb)  frame variable b -f dec 
(int) b = -21
(lldb)  continue
Process 82231 resuming
Command #5 'continue' continued the target.
(lldb)  frame info
frame #0: 0x00005555555bb42c original_1_fuzz`gcd(a=-21, b=8) at original_1.c:10:9
(lldb)  frame variable a -f dec 
(int) a = -21
(lldb)  frame variable b -f dec 
(int) b = 8
(lldb)  continue
Process 82231 resuming
Command #5 'continue' continued the target.
(lldb)  frame info
frame #0: 0x00005555555bb42c original_1_fuzz`gcd(a=8, b=-5) at original_1.c:10:9
(lldb)  frame variable a -f dec 
(int) a = 8
(lldb)  frame variable b -f dec 
(int) b = -5
(lldb)  continue
Process 82231 resuming
Command #5 'continue' continued the target.
(lldb)  frame info
frame #0: 0x00005555555bb42c original_1_fuzz`gcd(a=-5, b=3) at original_1.c:10:9
(lldb)  frame variable a -f dec 
(int) a = -5
(lldb)  frame variable b -f dec 
(int) b = 3
(lldb)  continue
Process 82231 resuming
Command #5 'continue' continued the target.
(lldb)  frame info
frame #0: 0x00005555555bb42c original_1_fuzz`gcd(a=3, b=-2) at original_1.c:10:9
(lldb)  frame variable a -f dec 
(int) a = 3
(lldb)  frame variable b -f dec 
(int) b = -2
(lldb)  continue
Process 82231 resuming
Command #5 'continue' continued the target.
(lldb)  frame info
frame #0: 0x00005555555bb42c original_1_fuzz`gcd(a=-2, b=1) at original_1.c:10:9
(lldb)  frame variable a -f dec 
(int) a = -2
(lldb)  frame variable b -f dec 
(int) b = 1
(lldb)  continue
Process 82231 resuming
Command #5 'continue' continued the target.
(lldb)  frame info
frame #0: 0x00005555555bb42c original_1_fuzz`gcd(a=1, b=0) at original_1.c:10:9
(lldb)  frame variable a -f dec 
(int) a = 1
(lldb)  frame variable b -f dec 
(int) b = 0
(lldb)  continue
Process 82231 resuming
Command #5 'continue' continued the target.
Executed /script/motivating_example/sample_set/gcd/fuzzing_test/modified_inputs/61ce18693856845bbe3a79b3675d5c0ec6dae2ae in 41 ms
***
*** NOTE: fuzzing was not performed, you have only
***       executed the target code on a fixed set of inputs.
***
Process 82231 exited with status = 0 (0x00000000)
Process 82231 launched: '/script/motivating_example/sample_set/gcd/original_1_fuzz' (x86_64)
(lldb) quit