(lldb) target create "original_1_fuzz"
Current executable set to '/script/motivating_example/sample_set/gcd/original_1_fuzz' (x86_64).
(lldb) command source -s 0 '/script/motivating_example/sample_set/gcd/fuzzing_test/original_1_debug/script/4a72dc6e11712a81c62f5eb909fd00f815b438b1/batch.lldb'
Executing commands in '/script/motivating_example/sample_set/gcd/fuzzing_test/original_1_debug/script/4a72dc6e11712a81c62f5eb909fd00f815b438b1/batch.lldb'.
(lldb) settings set interpreter.stop-command-source-on-error 0
(lldb) settings set auto-confirm 1
(lldb) breakpoint set --file /script/motivating_example/sample_set/gcd/original_1.c --line 10
Breakpoint 1: where = original_1_fuzz`gcd + 124 at original_1.c:10:9, address = 0x000000000006742c
(lldb) breakpoint command add 1
(lldb) run /script/motivating_example/sample_set/gcd/fuzzing_test/modified_inputs/4a72dc6e11712a81c62f5eb909fd00f815b438b1
INFO: Running with entropic power schedule (0xFF, 100).
INFO: Seed: 240798887
INFO: Loaded 1 modules   (10 inline 8-bit counters): 10 [0x5555555defb0, 0x5555555defba), 
INFO: Loaded 1 PC tables (10 PCs): 10 [0x5555555defc0,0x5555555df060), 
/script/motivating_example/sample_set/gcd/original_1_fuzz: Running 1 inputs 1 time(s) each.
Running: /script/motivating_example/sample_set/gcd/fuzzing_test/modified_inputs/4a72dc6e11712a81c62f5eb909fd00f815b438b1
(lldb)  frame info
frame #0: 0x00005555555bb42c original_1_fuzz`gcd(a=-12899840, b=-9467905) at original_1.c:10:9
(lldb)  frame variable a -f dec 
(int) a = -12899840
(lldb)  frame variable b -f dec 
(int) b = -9467905
(lldb)  continue
Process 81820 resuming
Command #5 'continue' continued the target.
(lldb)  frame info
frame #0: 0x00005555555bb42c original_1_fuzz`gcd(a=-9467905, b=-3431935) at original_1.c:10:9
(lldb)  frame variable a -f dec 
(int) a = -9467905
(lldb)  frame variable b -f dec 
(int) b = -3431935
(lldb)  continue
Process 81820 resuming
Command #5 'continue' continued the target.
(lldb)  frame info
frame #0: 0x00005555555bb42c original_1_fuzz`gcd(a=-3431935, b=-2604035) at original_1.c:10:9
(lldb)  frame variable a -f dec 
(int) a = -3431935
(lldb)  frame variable b -f dec 
(int) b = -2604035
(lldb)  continue
Process 81820 resuming
Command #5 'continue' continued the target.
(lldb)  frame info
frame #0: 0x00005555555bb42c original_1_fuzz`gcd(a=-2604035, b=-827900) at original_1.c:10:9
(lldb)  frame variable a -f dec 
(int) a = -2604035
(lldb)  frame variable b -f dec 
(int) b = -827900
(lldb)  continue
Process 81820 resuming
Command #5 'continue' continued the target.
(lldb)  frame info
frame #0: 0x00005555555bb42c original_1_fuzz`gcd(a=-827900, b=-120335) at original_1.c:10:9
(lldb)  frame variable a -f dec 
(int) a = -827900
(lldb)  frame variable b -f dec 
(int) b = -120335
(lldb)  continue
Process 81820 resuming
Command #5 'continue' continued the target.
(lldb)  frame info
frame #0: 0x00005555555bb42c original_1_fuzz`gcd(a=-120335, b=-105890) at original_1.c:10:9
(lldb)  frame variable a -f dec 
(int) a = -120335
(lldb)  frame variable b -f dec 
(int) b = -105890
(lldb)  continue
Process 81820 resuming
Command #5 'continue' continued the target.
(lldb)  frame info
frame #0: 0x00005555555bb42c original_1_fuzz`gcd(a=-105890, b=-14445) at original_1.c:10:9
(lldb)  frame variable a -f dec 
(int) a = -105890
(lldb)  frame variable b -f dec 
(int) b = -14445
(lldb)  continue
Process 81820 resuming
Command #5 'continue' continued the target.
(lldb)  frame info
frame #0: 0x00005555555bb42c original_1_fuzz`gcd(a=-14445, b=-4775) at original_1.c:10:9
(lldb)  frame variable a -f dec 
(int) a = -14445
(lldb)  frame variable b -f dec 
(int) b = -4775
(lldb)  continue
Process 81820 resuming
Command #5 'continue' continued the target.
(lldb)  frame info
frame #0: 0x00005555555bb42c original_1_fuzz`gcd(a=-4775, b=-120) at original_1.c:10:9
(lldb)  frame variable a -f dec 
(int) a = -4775
(lldb)  frame variable b -f dec 
(int) b = -120
(lldb)  continue
Process 81820 resuming
Command #5 'continue' continued the target.
(lldb)  frame info
frame #0: 0x00005555555bb42c original_1_fuzz`gcd(a=-120, b=-95) at original_1.c:10:9
(lldb)  frame variable a -f dec 
(int) a = -120
(lldb)  frame variable b -f dec 
(int) b = -95
(lldb)  continue
Process 81820 resuming
Command #5 'continue' continued the target.
(lldb)  frame info
frame #0: 0x00005555555bb42c original_1_fuzz`gcd(a=-95, b=-25) at original_1.c:10:9
(lldb)  frame variable a -f dec 
(int) a = -95
(lldb)  frame variable b -f dec 
(int) b = -25
(lldb)  continue
Process 81820 resuming
Command #5 'continue' continued the target.
(lldb)  frame info
frame #0: 0x00005555555bb42c original_1_fuzz`gcd(a=-25, b=-20) at original_1.c:10:9
(lldb)  frame variable a -f dec 
(int) a = -25
(lldb)  frame variable b -f dec 
(int) b = -20
(lldb)  continue
Process 81820 resuming
Command #5 'continue' continued the target.
(lldb)  frame info
frame #0: 0x00005555555bb42c original_1_fuzz`gcd(a=-20, b=-5) at original_1.c:10:9
(lldb)  frame variable a -f dec 
(int) a = -20
(lldb)  frame variable b -f dec 
(int) b = -5
(lldb)  continue
Process 81820 resuming
Command #5 'continue' continued the target.
(lldb)  frame info
frame #0: 0x00005555555bb42c original_1_fuzz`gcd(a=-5, b=0) at original_1.c:10:9
(lldb)  frame variable a -f dec 
(int) a = -5
(lldb)  frame variable b -f dec 
(int) b = 0
(lldb)  continue
Process 81820 resuming
Command #5 'continue' continued the target.
Executed /script/motivating_example/sample_set/gcd/fuzzing_test/modified_inputs/4a72dc6e11712a81c62f5eb909fd00f815b438b1 in 29 ms
***
*** NOTE: fuzzing was not performed, you have only
***       executed the target code on a fixed set of inputs.
***
Process 81820 exited with status = 0 (0x00000000)
Process 81820 launched: '/script/motivating_example/sample_set/gcd/original_1_fuzz' (x86_64)
(lldb) quit
