(lldb) target create "modified_fuzz"
Current executable set to '/script/motivating_example/sample_set/gcd/modified_fuzz' (x86_64).
(lldb) command source -s 0 '/script/motivating_example/sample_set/gcd/fuzzing_test/modified_debug/script/8801c6b99cecd1d30a223f0d7ce2acbaa8007f5f/batch.lldb'
Executing commands in '/script/motivating_example/sample_set/gcd/fuzzing_test/modified_debug/script/8801c6b99cecd1d30a223f0d7ce2acbaa8007f5f/batch.lldb'.
(lldb) settings set interpreter.stop-command-source-on-error 0
(lldb) settings set auto-confirm 1
(lldb) breakpoint set --file /script/motivating_example/sample_set/gcd/modified.c --line 9
Breakpoint 1: where = modified_fuzz`gcd + 121 at modified.c:9:9, address = 0x0000000000067429
(lldb) breakpoint command add 1
(lldb) run /script/motivating_example/sample_set/gcd/fuzzing_test/modified_inputs/8801c6b99cecd1d30a223f0d7ce2acbaa8007f5f
INFO: Running with entropic power schedule (0xFF, 100).
INFO: Seed: 2052649377
INFO: Loaded 1 modules   (10 inline 8-bit counters): 10 [0x5555555defb0, 0x5555555defba), 
INFO: Loaded 1 PC tables (10 PCs): 10 [0x5555555defc0,0x5555555df060), 
/script/motivating_example/sample_set/gcd/modified_fuzz: Running 1 inputs 1 time(s) each.
Running: /script/motivating_example/sample_set/gcd/fuzzing_test/modified_inputs/8801c6b99cecd1d30a223f0d7ce2acbaa8007f5f
(lldb)  frame info
frame #0: 0x00005555555bb429 modified_fuzz`gcd(a=-2147311192, b=-172456) at modified.c:9:9
(lldb)  frame variable a -f dec 
(int) a = -2147311192
(lldb)  frame variable b -f dec 
(int) b = -172456
(lldb)  continue
Process 74324 resuming
Command #5 'continue' continued the target.
(lldb)  frame info
frame #0: 0x00005555555bb429 modified_fuzz`gcd(a=-2147249656, b=-61536) at modified.c:9:9
(lldb)  frame variable a -f dec 
(int) a = -2147249656
(lldb)  frame variable b -f dec 
(int) b = -61536
(lldb)  continue
Process 74324 resuming
Command #5 'continue' continued the target.
(lldb)  frame info
frame #0: 0x00005555555bb429 modified_fuzz`gcd(a=-2147237184, b=-12472) at modified.c:9:9
(lldb)  frame variable a -f dec 
(int) a = -2147237184
(lldb)  frame variable b -f dec 
(int) b = -12472
(lldb)  continue
Process 74324 resuming
Command #5 'continue' continued the target.
(lldb)  frame info
frame #0: 0x00005555555bb429 modified_fuzz`gcd(a=-2147229408, b=-7776) at modified.c:9:9
(lldb)  frame variable a -f dec 
(int) a = -2147229408
(lldb)  frame variable b -f dec 
(int) b = -7776
(lldb)  continue
Process 74324 resuming
Command #5 'continue' continued the target.
(lldb)  frame info
frame #0: 0x00005555555bb429 modified_fuzz`gcd(a=-2147225760, b=-3648) at modified.c:9:9
(lldb)  frame variable a -f dec 
(int) a = -2147225760
(lldb)  frame variable b -f dec 
(int) b = -3648
(lldb)  continue
Process 74324 resuming
Command #5 'continue' continued the target.
(lldb)  frame info
frame #0: 0x00005555555bb429 modified_fuzz`gcd(a=-2147223744, b=-2016) at modified.c:9:9
(lldb)  frame variable a -f dec 
(int) a = -2147223744
(lldb)  frame variable b -f dec 
(int) b = -2016
(lldb)  continue
Process 74324 resuming
Command #5 'continue' continued the target.
(lldb)  frame info
frame #0: 0x00005555555bb429 modified_fuzz`gcd(a=-2147223456, b=-288) at modified.c:9:9
(lldb)  frame variable a -f dec 
(int) a = -2147223456
(lldb)  frame variable b -f dec 
(int) b = -288
(lldb)  continue
Process 74324 resuming
Command #5 'continue' continued the target.
(lldb)  frame info
frame #0: 0x00005555555bb429 modified_fuzz`gcd(a=-2147223456, b=0) at modified.c:9:9
(lldb)  frame variable a -f dec 
(int) a = -2147223456
(lldb)  frame variable b -f dec 
(int) b = 0
(lldb)  continue
Process 74324 resuming
Command #5 'continue' continued the target.
Executed /script/motivating_example/sample_set/gcd/fuzzing_test/modified_inputs/8801c6b99cecd1d30a223f0d7ce2acbaa8007f5f in 20 ms
***
*** NOTE: fuzzing was not performed, you have only
***       executed the target code on a fixed set of inputs.
***
Process 74324 exited with status = 0 (0x00000000)
Process 74324 launched: '/script/motivating_example/sample_set/gcd/modified_fuzz' (x86_64)
(lldb) quit