(lldb) target create "original_1_fuzz"
Current executable set to '/script/motivating_example/sample_set/gcd/original_1_fuzz' (x86_64).
(lldb) command source -s 0 '/script/motivating_example/sample_set/gcd/fuzzing_test/original_1_debug/script/23cc1bb99fa781fe32e3cc7c1797b259fdae2e3e/batch.lldb'
Executing commands in '/script/motivating_example/sample_set/gcd/fuzzing_test/original_1_debug/script/23cc1bb99fa781fe32e3cc7c1797b259fdae2e3e/batch.lldb'.
(lldb) settings set interpreter.stop-command-source-on-error 0
(lldb) settings set auto-confirm 1
(lldb) breakpoint set --file /script/motivating_example/sample_set/gcd/original_1.c --line 10
Breakpoint 1: where = original_1_fuzz`gcd + 124 at original_1.c:10:9, address = 0x000000000006742c
(lldb) breakpoint command add 1
(lldb) run /script/motivating_example/sample_set/gcd/fuzzing_test/modified_inputs/23cc1bb99fa781fe32e3cc7c1797b259fdae2e3e
INFO: Running with entropic power schedule (0xFF, 100).
INFO: Seed: 943918810
INFO: Loaded 1 modules   (10 inline 8-bit counters): 10 [0x5555555defb0, 0x5555555defba), 
INFO: Loaded 1 PC tables (10 PCs): 10 [0x5555555defc0,0x5555555df060), 
/script/motivating_example/sample_set/gcd/original_1_fuzz: Running 1 inputs 1 time(s) each.
Running: /script/motivating_example/sample_set/gcd/fuzzing_test/modified_inputs/23cc1bb99fa781fe32e3cc7c1797b259fdae2e3e
(lldb)  frame info
frame #0: 0x00005555555bb42c original_1_fuzz`gcd(a=4013567, b=-225303) at original_1.c:10:9
(lldb)  frame variable a -f dec 
(int) a = 4013567
(lldb)  frame variable b -f dec 
(int) b = -225303
(lldb)  continue
Process 81074 resuming
Command #5 'continue' continued the target.
(lldb)  frame info
frame #0: 0x00005555555bb42c original_1_fuzz`gcd(a=-225303, b=183416) at original_1.c:10:9
(lldb)  frame variable a -f dec 
(int) a = -225303
(lldb)  frame variable b -f dec 
(int) b = 183416
(lldb)  continue
Process 81074 resuming
Command #5 'continue' continued the target.
(lldb)  frame info
frame #0: 0x00005555555bb42c original_1_fuzz`gcd(a=183416, b=-41887) at original_1.c:10:9
(lldb)  frame variable a -f dec 
(int) a = 183416
(lldb)  frame variable b -f dec 
(int) b = -41887
(lldb)  continue
Process 81074 resuming
Command #5 'continue' continued the target.
(lldb)  frame info
frame #0: 0x00005555555bb42c original_1_fuzz`gcd(a=-41887, b=15868) at original_1.c:10:9
(lldb)  frame variable a -f dec 
(int) a = -41887
(lldb)  frame variable b -f dec 
(int) b = 15868
(lldb)  continue
Process 81074 resuming
Command #5 'continue' continued the target.
(lldb)  frame info
frame #0: 0x00005555555bb42c original_1_fuzz`gcd(a=15868, b=-10151) at original_1.c:10:9
(lldb)  frame variable a -f dec 
(int) a = 15868
(lldb)  frame variable b -f dec 
(int) b = -10151
(lldb)  continue
Process 81074 resuming
Command #5 'continue' continued the target.
(lldb)  frame info
frame #0: 0x00005555555bb42c original_1_fuzz`gcd(a=-10151, b=5717) at original_1.c:10:9
(lldb)  frame variable a -f dec 
(int) a = -10151
(lldb)  frame variable b -f dec 
(int) b = 5717
(lldb)  continue
Process 81074 resuming
Command #5 'continue' continued the target.
(lldb)  frame info
frame #0: 0x00005555555bb42c original_1_fuzz`gcd(a=5717, b=-4434) at original_1.c:10:9
(lldb)  frame variable a -f dec 
(int) a = 5717
(lldb)  frame variable b -f dec 
(int) b = -4434
(lldb)  continue
Process 81074 resuming
Command #5 'continue' continued the target.
(lldb)  frame info
frame #0: 0x00005555555bb42c original_1_fuzz`gcd(a=-4434, b=1283) at original_1.c:10:9
(lldb)  frame variable a -f dec 
(int) a = -4434
(lldb)  frame variable b -f dec 
(int) b = 1283
(lldb)  continue
Process 81074 resuming
Command #5 'continue' continued the target.
(lldb)  frame info
frame #0: 0x00005555555bb42c original_1_fuzz`gcd(a=1283, b=-585) at original_1.c:10:9
(lldb)  frame variable a -f dec 
(int) a = 1283
(lldb)  frame variable b -f dec 
(int) b = -585
(lldb)  continue
Process 81074 resuming
Command #5 'continue' continued the target.
(lldb)  frame info
frame #0: 0x00005555555bb42c original_1_fuzz`gcd(a=-585, b=113) at original_1.c:10:9
(lldb)  frame variable a -f dec 
(int) a = -585
(lldb)  frame variable b -f dec 
(int) b = 113
(lldb)  continue
Process 81074 resuming
Command #5 'continue' continued the target.
(lldb)  frame info
frame #0: 0x00005555555bb42c original_1_fuzz`gcd(a=113, b=-20) at original_1.c:10:9
(lldb)  frame variable a -f dec 
(int) a = 113
(lldb)  frame variable b -f dec 
(int) b = -20
(lldb)  continue
Process 81074 resuming
Command #5 'continue' continued the target.
(lldb)  frame info
frame #0: 0x00005555555bb42c original_1_fuzz`gcd(a=-20, b=13) at original_1.c:10:9
(lldb)  frame variable a -f dec 
(int) a = -20
(lldb)  frame variable b -f dec 
(int) b = 13
(lldb)  continue
Process 81074 resuming
Command #5 'continue' continued the target.
(lldb)  frame info
frame #0: 0x00005555555bb42c original_1_fuzz`gcd(a=13, b=-7) at original_1.c:10:9
(lldb)  frame variable a -f dec 
(int) a = 13
(lldb)  frame variable b -f dec 
(int) b = -7
(lldb)  continue
Process 81074 resuming
Command #5 'continue' continued the target.
(lldb)  frame info
frame #0: 0x00005555555bb42c original_1_fuzz`gcd(a=-7, b=6) at original_1.c:10:9
(lldb)  frame variable a -f dec 
(int) a = -7
(lldb)  frame variable b -f dec 
(int) b = 6
(lldb)  continue
Process 81074 resuming
Command #5 'continue' continued the target.
(lldb)  frame info
frame #0: 0x00005555555bb42c original_1_fuzz`gcd(a=6, b=-1) at original_1.c:10:9
(lldb)  frame variable a -f dec 
(int) a = 6
(lldb)  frame variable b -f dec 
(int) b = -1
(lldb)  continue
Process 81074 resuming
Command #5 'continue' continued the target.
(lldb)  frame info
frame #0: 0x00005555555bb42c original_1_fuzz`gcd(a=-1, b=0) at original_1.c:10:9
(lldb)  frame variable a -f dec 
(int) a = -1
(lldb)  frame variable b -f dec 
(int) b = 0
(lldb)  continue
Process 81074 resuming
Command #5 'continue' continued the target.
Executed /script/motivating_example/sample_set/gcd/fuzzing_test/modified_inputs/23cc1bb99fa781fe32e3cc7c1797b259fdae2e3e in 33 ms
***
*** NOTE: fuzzing was not performed, you have only
***       executed the target code on a fixed set of inputs.
***
Process 81074 exited with status = 0 (0x00000000)
Process 81074 launched: '/script/motivating_example/sample_set/gcd/original_1_fuzz' (x86_64)
(lldb) quit
