(lldb) target create "modified_fuzz"
Current executable set to '/script/motivating_example/sample_set/gcd/modified_fuzz' (x86_64).
(lldb) command source -s 0 '/script/motivating_example/sample_set/gcd/fuzzing_test/modified_debug/script/cd9c5f8f7331a5c1f0c944255bab5d24036acd25/batch.lldb'
Executing commands in '/script/motivating_example/sample_set/gcd/fuzzing_test/modified_debug/script/cd9c5f8f7331a5c1f0c944255bab5d24036acd25/batch.lldb'.
(lldb) settings set interpreter.stop-command-source-on-error 0
(lldb) settings set auto-confirm 1
(lldb) breakpoint set --file /script/motivating_example/sample_set/gcd/modified.c --line 9
Breakpoint 1: where = modified_fuzz`gcd + 121 at modified.c:9:9, address = 0x0000000000067429
(lldb) breakpoint command add 1
(lldb) run /script/motivating_example/sample_set/gcd/fuzzing_test/modified_inputs/cd9c5f8f7331a5c1f0c944255bab5d24036acd25
INFO: Running with entropic power schedule (0xFF, 100).
INFO: Seed: 1677828318
INFO: Loaded 1 modules   (10 inline 8-bit counters): 10 [0x5555555defb0, 0x5555555defba), 
INFO: Loaded 1 PC tables (10 PCs): 10 [0x5555555defc0,0x5555555df060), 
/script/motivating_example/sample_set/gcd/modified_fuzz: Running 1 inputs 1 time(s) each.
Running: /script/motivating_example/sample_set/gcd/fuzzing_test/modified_inputs/cd9c5f8f7331a5c1f0c944255bab5d24036acd25
(lldb)  frame info
frame #0: 0x00005555555bb429 modified_fuzz`gcd(a=16777216, b=16711679) at modified.c:9:9
(lldb)  frame variable a -f dec 
(int) a = 16777216
(lldb)  frame variable b -f dec 
(int) b = 16711679
(lldb)  continue
Process 75384 resuming
Command #5 'continue' continued the target.
(lldb)  frame info
frame #0: 0x00005555555bb429 modified_fuzz`gcd(a=16711679, b=65537) at modified.c:9:9
(lldb)  frame variable a -f dec 
(int) a = 16711679
(lldb)  frame variable b -f dec 
(int) b = 65537
(lldb)  continue
Process 75384 resuming
Command #5 'continue' continued the target.
(lldb)  frame info
frame #0: 0x00005555555bb429 modified_fuzz`gcd(a=16646398, b=65281) at modified.c:9:9
(lldb)  frame variable a -f dec 
(int) a = 16646398
(lldb)  frame variable b -f dec 
(int) b = 65281
(lldb)  continue
Process 75384 resuming
Command #5 'continue' continued the target.
(lldb)  frame info
frame #0: 0x00005555555bb429 modified_fuzz`gcd(a=16581374, b=65024) at modified.c:9:9
(lldb)  frame variable a -f dec 
(int) a = 16581374
(lldb)  frame variable b -f dec 
(int) b = 65024
(lldb)  continue
Process 75384 resuming
Command #5 'continue' continued the target.
(lldb)  frame info
frame #0: 0x00005555555bb429 modified_fuzz`gcd(a=16581120, b=254) at modified.c:9:9
(lldb)  frame variable a -f dec 
(int) a = 16581120
(lldb)  frame variable b -f dec 
(int) b = 254
(lldb)  continue
Process 75384 resuming
Command #5 'continue' continued the target.
(lldb)  frame info
frame #0: 0x00005555555bb429 modified_fuzz`gcd(a=16581120, b=0) at modified.c:9:9
(lldb)  frame variable a -f dec 
(int) a = 16581120
(lldb)  frame variable b -f dec 
(int) b = 0
(lldb)  continue
Process 75384 resuming
Command #5 'continue' continued the target.
Executed /script/motivating_example/sample_set/gcd/fuzzing_test/modified_inputs/cd9c5f8f7331a5c1f0c944255bab5d24036acd25 in 20 ms
***
*** NOTE: fuzzing was not performed, you have only
***       executed the target code on a fixed set of inputs.
***
Process 75384 exited with status = 0 (0x00000000)
Process 75384 launched: '/script/motivating_example/sample_set/gcd/modified_fuzz' (x86_64)
(lldb) quit