(lldb) target create "original_2_fuzz"
Current executable set to '/script/motivating_example/sample_set/second_max/original_2_fuzz' (x86_64).
(lldb) command source -s 0 '/script/motivating_example/sample_set/second_max/fuzzing_test/original_2_debug/script/994507c71b2b57957afc27d46977692f2402d0e7/batch.lldb'
Executing commands in '/script/motivating_example/sample_set/second_max/fuzzing_test/original_2_debug/script/994507c71b2b57957afc27d46977692f2402d0e7/batch.lldb'.
(lldb) settings set interpreter.stop-command-source-on-error 0
(lldb) settings set auto-confirm 1
(lldb) breakpoint set --file /script/motivating_example/sample_set/second_max/original_2.c --line 19
Breakpoint 1: where = original_2_fuzz`second_max + 489 at original_2.c:19:9, address = 0x00000000000675a9
(lldb) breakpoint command add 1
(lldb) run /script/motivating_example/sample_set/second_max/fuzzing_test/modified_inputs/994507c71b2b57957afc27d46977692f2402d0e7
INFO: Running with entropic power schedule (0xFF, 100).
INFO: Seed: 1127976771
INFO: Loaded 1 modules   (16 inline 8-bit counters): 16 [0x5555555defc0, 0x5555555defd0), 
INFO: Loaded 1 PC tables (16 PCs): 16 [0x5555555defd0,0x5555555df0d0), 
/script/motivating_example/sample_set/second_max/original_2_fuzz: Running 1 inputs 1 time(s) each.
Running: /script/motivating_example/sample_set/second_max/fuzzing_test/modified_inputs/994507c71b2b57957afc27d46977692f2402d0e7
(lldb)  frame info
frame #0: 0x00005555555bb5a9 original_2_fuzz`second_max(count=13, arr=0x0000555555f67f70) at original_2.c:19:9
(lldb)  frame variable count -f dec 
(unsigned int) count = 13
(lldb)  frame variable max -f dec 
(int) max = 7143424
(lldb)  frame variable sec -f dec 
(int) sec = -2147483648
(lldb)  frame variable a -f dec 
(int) a = 7143424
(lldb)  continue
Process 184710 resuming
Command #7 'continue' continued the target.
(lldb)  frame info
frame #0: 0x00005555555bb5a9 original_2_fuzz`second_max(count=13, arr=0x0000555555f67f70) at original_2.c:19:9
(lldb)  frame variable count -f dec 
(unsigned int) count = 13
(lldb)  frame variable max -f dec 
(int) max = 7143424
(lldb)  frame variable sec -f dec 
(int) sec = 263168
(lldb)  frame variable a -f dec 
(int) a = 263168
(lldb)  continue
Process 184710 resuming
Command #7 'continue' continued the target.
(lldb)  frame info
frame #0: 0x00005555555bb5a9 original_2_fuzz`second_max(count=13, arr=0x0000555555f67f70) at original_2.c:19:9
(lldb)  frame variable count -f dec 
(unsigned int) count = 13
(lldb)  frame variable max -f dec 
(int) max = 7143424
(lldb)  frame variable sec -f dec 
(int) sec = 263168
(lldb)  frame variable a -f dec 
(int) a = 0
(lldb)  continue
Process 184710 resuming
Command #7 'continue' continued the target.
(lldb)  frame info
frame #0: 0x00005555555bb5a9 original_2_fuzz`second_max(count=13, arr=0x0000555555f67f70) at original_2.c:19:9
(lldb)  frame variable count -f dec 
(unsigned int) count = 13
(lldb)  frame variable max -f dec 
(int) max = 7143424
(lldb)  frame variable sec -f dec 
(int) sec = 263168
(lldb)  frame variable a -f dec 
(int) a = 0
(lldb)  continue
Process 184710 resuming
Command #7 'continue' continued the target.
(lldb)  frame info
frame #0: 0x00005555555bb5a9 original_2_fuzz`second_max(count=13, arr=0x0000555555f67f70) at original_2.c:19:9
(lldb)  frame variable count -f dec 
(unsigned int) count = 13
(lldb)  frame variable max -f dec 
(int) max = 7143424
(lldb)  frame variable sec -f dec 
(int) sec = 263168
(lldb)  frame variable a -f dec 
(int) a = 0
(lldb)  continue
Process 184710 resuming
Command #7 'continue' continued the target.
(lldb)  frame info
frame #0: 0x00005555555bb5a9 original_2_fuzz`second_max(count=13, arr=0x0000555555f67f70) at original_2.c:19:9
(lldb)  frame variable count -f dec 
(unsigned int) count = 13
(lldb)  frame variable max -f dec 
(int) max = 7143424
(lldb)  frame variable sec -f dec 
(int) sec = 263168
(lldb)  frame variable a -f dec 
(int) a = 0
(lldb)  continue
Process 184710 resuming
Command #7 'continue' continued the target.
(lldb)  frame info
frame #0: 0x00005555555bb5a9 original_2_fuzz`second_max(count=13, arr=0x0000555555f67f70) at original_2.c:19:9
(lldb)  frame variable count -f dec 
(unsigned int) count = 13
(lldb)  frame variable max -f dec 
(int) max = 7143424
(lldb)  frame variable sec -f dec 
(int) sec = 263168
(lldb)  frame variable a -f dec 
(int) a = 0
(lldb)  continue
Process 184710 resuming
Command #7 'continue' continued the target.
(lldb)  frame info
frame #0: 0x00005555555bb5a9 original_2_fuzz`second_max(count=13, arr=0x0000555555f67f70) at original_2.c:19:9
(lldb)  frame variable count -f dec 
(unsigned int) count = 13
(lldb)  frame variable max -f dec 
(int) max = 7143424
(lldb)  frame variable sec -f dec 
(int) sec = 263168
(lldb)  frame variable a -f dec 
(int) a = 0
(lldb)  continue
Process 184710 resuming
Command #7 'continue' continued the target.
(lldb)  frame info
frame #0: 0x00005555555bb5a9 original_2_fuzz`second_max(count=13, arr=0x0000555555f67f70) at original_2.c:19:9
(lldb)  frame variable count -f dec 
(unsigned int) count = 13
(lldb)  frame variable max -f dec 
(int) max = 7143424
(lldb)  frame variable sec -f dec 
(int) sec = 263168
(lldb)  frame variable a -f dec 
(int) a = 83
(lldb)  continue
Process 184710 resuming
Command #7 'continue' continued the target.
(lldb)  frame info
frame #0: 0x00005555555bb5a9 original_2_fuzz`second_max(count=13, arr=0x0000555555f67f70) at original_2.c:19:9
(lldb)  frame variable count -f dec 
(unsigned int) count = 13
(lldb)  frame variable max -f dec 
(int) max = 7143424
(lldb)  frame variable sec -f dec 
(int) sec = 263168
(lldb)  frame variable a -f dec 
(int) a = 0
(lldb)  continue
Process 184710 resuming
Command #7 'continue' continued the target.
(lldb)  frame info
frame #0: 0x00005555555bb5a9 original_2_fuzz`second_max(count=13, arr=0x0000555555f67f70) at original_2.c:19:9
(lldb)  frame variable count -f dec 
(unsigned int) count = 13
(lldb)  frame variable max -f dec 
(int) max = 7143424
(lldb)  frame variable sec -f dec 
(int) sec = 263168
(lldb)  frame variable a -f dec 
(int) a = 0
(lldb)  continue
Process 184710 resuming
Command #7 'continue' continued the target.
(lldb)  frame info
frame #0: 0x00005555555bb5a9 original_2_fuzz`second_max(count=13, arr=0x0000555555f67f70) at original_2.c:19:9
(lldb)  frame variable count -f dec 
(unsigned int) count = 13
(lldb)  frame variable max -f dec 
(int) max = 7143424
(lldb)  frame variable sec -f dec 
(int) sec = 263168
(lldb)  frame variable a -f dec 
(int) a = 0
(lldb)  continue
Process 184710 resuming
Command #7 'continue' continued the target.
(lldb)  frame info
frame #0: 0x00005555555bb5a9 original_2_fuzz`second_max(count=13, arr=0x0000555555f67f70) at original_2.c:19:9
(lldb)  frame variable count -f dec 
(unsigned int) count = 13
(lldb)  frame variable max -f dec 
(int) max = 7143424
(lldb)  frame variable sec -f dec 
(int) sec = 263168
(lldb)  frame variable a -f dec 
(int) a = -2147483648
(lldb)  continue
Process 184710 resuming
Command #7 'continue' continued the target.
Executed /script/motivating_example/sample_set/second_max/fuzzing_test/modified_inputs/994507c71b2b57957afc27d46977692f2402d0e7 in 41 ms
***
*** NOTE: fuzzing was not performed, you have only
***       executed the target code on a fixed set of inputs.
***
Process 184710 exited with status = 0 (0x00000000)
Process 184710 launched: '/script/motivating_example/sample_set/second_max/original_2_fuzz' (x86_64)
(lldb) quit