(lldb) target create "original_1_fuzz"
Current executable set to '/script/motivating_example/sample_set/gcd/original_1_fuzz' (x86_64).
(lldb) command source -s 0 '/script/motivating_example/sample_set/gcd/fuzzing_test/original_1_debug/script/49f896eec5c55cbb32659b4d94e8e1bb648d82ef/batch.lldb'
Executing commands in '/script/motivating_example/sample_set/gcd/fuzzing_test/original_1_debug/script/49f896eec5c55cbb32659b4d94e8e1bb648d82ef/batch.lldb'.
(lldb) settings set interpreter.stop-command-source-on-error 0
(lldb) settings set auto-confirm 1
(lldb) breakpoint set --file /script/motivating_example/sample_set/gcd/original_1.c --line 10
Breakpoint 1: where = original_1_fuzz`gcd + 124 at original_1.c:10:9, address = 0x000000000006742c
(lldb) breakpoint command add 1
(lldb) run /script/motivating_example/sample_set/gcd/fuzzing_test/modified_inputs/49f896eec5c55cbb32659b4d94e8e1bb648d82ef
INFO: Running with entropic power schedule (0xFF, 100).
INFO: Seed: 3727030092
INFO: Loaded 1 modules   (10 inline 8-bit counters): 10 [0x5555555defb0, 0x5555555defba), 
INFO: Loaded 1 PC tables (10 PCs): 10 [0x5555555defc0,0x5555555df060), 
/script/motivating_example/sample_set/gcd/original_1_fuzz: Running 1 inputs 1 time(s) each.
Running: /script/motivating_example/sample_set/gcd/fuzzing_test/modified_inputs/49f896eec5c55cbb32659b4d94e8e1bb648d82ef
(lldb)  frame info
frame #0: 0x00005555555bb42c original_1_fuzz`gcd(a=-959265640, b=-775585279) at original_1.c:10:9
(lldb)  frame variable a -f dec 
(int) a = -959265640
(lldb)  frame variable b -f dec 
(int) b = -775585279
(lldb)  continue
Process 81768 resuming
Command #5 'continue' continued the target.
(lldb)  frame info
frame #0: 0x00005555555bb42c original_1_fuzz`gcd(a=-775585279, b=-183680361) at original_1.c:10:9
(lldb)  frame variable a -f dec 
(int) a = -775585279
(lldb)  frame variable b -f dec 
(int) b = -183680361
(lldb)  continue
Process 81768 resuming
Command #5 'continue' continued the target.
(lldb)  frame info
frame #0: 0x00005555555bb42c original_1_fuzz`gcd(a=-183680361, b=-40863835) at original_1.c:10:9
(lldb)  frame variable a -f dec 
(int) a = -183680361
(lldb)  frame variable b -f dec 
(int) b = -40863835
(lldb)  continue
Process 81768 resuming
Command #5 'continue' continued the target.
(lldb)  frame info
frame #0: 0x00005555555bb42c original_1_fuzz`gcd(a=-40863835, b=-20225021) at original_1.c:10:9
(lldb)  frame variable a -f dec 
(int) a = -40863835
(lldb)  frame variable b -f dec 
(int) b = -20225021
(lldb)  continue
Process 81768 resuming
Command #5 'continue' continued the target.
(lldb)  frame info
frame #0: 0x00005555555bb42c original_1_fuzz`gcd(a=-20225021, b=-413793) at original_1.c:10:9
(lldb)  frame variable a -f dec 
(int) a = -20225021
(lldb)  frame variable b -f dec 
(int) b = -413793
(lldb)  continue
Process 81768 resuming
Command #5 'continue' continued the target.
(lldb)  frame info
frame #0: 0x00005555555bb42c original_1_fuzz`gcd(a=-413793, b=-362957) at original_1.c:10:9
(lldb)  frame variable a -f dec 
(int) a = -413793
(lldb)  frame variable b -f dec 
(int) b = -362957
(lldb)  continue
Process 81768 resuming
Command #5 'continue' continued the target.
(lldb)  frame info
frame #0: 0x00005555555bb42c original_1_fuzz`gcd(a=-362957, b=-50836) at original_1.c:10:9
(lldb)  frame variable a -f dec 
(int) a = -362957
(lldb)  frame variable b -f dec 
(int) b = -50836
(lldb)  continue
Process 81768 resuming
Command #5 'continue' continued the target.
(lldb)  frame info
frame #0: 0x00005555555bb42c original_1_fuzz`gcd(a=-50836, b=-7105) at original_1.c:10:9
(lldb)  frame variable a -f dec 
(int) a = -50836
(lldb)  frame variable b -f dec 
(int) b = -7105
(lldb)  continue
Process 81768 resuming
Command #5 'continue' continued the target.
(lldb)  frame info
frame #0: 0x00005555555bb42c original_1_fuzz`gcd(a=-7105, b=-1101) at original_1.c:10:9
(lldb)  frame variable a -f dec 
(int) a = -7105
(lldb)  frame variable b -f dec 
(int) b = -1101
(lldb)  continue
Process 81768 resuming
Command #5 'continue' continued the target.
(lldb)  frame info
frame #0: 0x00005555555bb42c original_1_fuzz`gcd(a=-1101, b=-499) at original_1.c:10:9
(lldb)  frame variable a -f dec 
(int) a = -1101
(lldb)  frame variable b -f dec 
(int) b = -499
(lldb)  continue
Process 81768 resuming
Command #5 'continue' continued the target.
(lldb)  frame info
frame #0: 0x00005555555bb42c original_1_fuzz`gcd(a=-499, b=-103) at original_1.c:10:9
(lldb)  frame variable a -f dec 
(int) a = -499
(lldb)  frame variable b -f dec 
(int) b = -103
(lldb)  continue
Process 81768 resuming
Command #5 'continue' continued the target.
(lldb)  frame info
frame #0: 0x00005555555bb42c original_1_fuzz`gcd(a=-103, b=-87) at original_1.c:10:9
(lldb)  frame variable a -f dec 
(int) a = -103
(lldb)  frame variable b -f dec 
(int) b = -87
(lldb)  continue
Process 81768 resuming
Command #5 'continue' continued the target.
(lldb)  frame info
frame #0: 0x00005555555bb42c original_1_fuzz`gcd(a=-87, b=-16) at original_1.c:10:9
(lldb)  frame variable a -f dec 
(int) a = -87
(lldb)  frame variable b -f dec 
(int) b = -16
(lldb)  continue
Process 81768 resuming
Command #5 'continue' continued the target.
(lldb)  frame info
frame #0: 0x00005555555bb42c original_1_fuzz`gcd(a=-16, b=-7) at original_1.c:10:9
(lldb)  frame variable a -f dec 
(int) a = -16
(lldb)  frame variable b -f dec 
(int) b = -7
(lldb)  continue
Process 81768 resuming
Command #5 'continue' continued the target.
(lldb)  frame info
frame #0: 0x00005555555bb42c original_1_fuzz`gcd(a=-7, b=-2) at original_1.c:10:9
(lldb)  frame variable a -f dec 
(int) a = -7
(lldb)  frame variable b -f dec 
(int) b = -2
(lldb)  continue
Process 81768 resuming
Command #5 'continue' continued the target.
(lldb)  frame info
frame #0: 0x00005555555bb42c original_1_fuzz`gcd(a=-2, b=-1) at original_1.c:10:9
(lldb)  frame variable a -f dec 
(int) a = -2
(lldb)  frame variable b -f dec 
(int) b = -1
(lldb)  continue
Process 81768 resuming
Command #5 'continue' continued the target.
(lldb)  frame info
frame #0: 0x00005555555bb42c original_1_fuzz`gcd(a=-1, b=0) at original_1.c:10:9
(lldb)  frame variable a -f dec 
(int) a = -1
(lldb)  frame variable b -f dec 
(int) b = 0
(lldb)  continue
Process 81768 resuming
Command #5 'continue' continued the target.
Executed /script/motivating_example/sample_set/gcd/fuzzing_test/modified_inputs/49f896eec5c55cbb32659b4d94e8e1bb648d82ef in 35 ms
***
*** NOTE: fuzzing was not performed, you have only
***       executed the target code on a fixed set of inputs.
***
Process 81768 exited with status = 0 (0x00000000)
Process 81768 launched: '/script/motivating_example/sample_set/gcd/original_1_fuzz' (x86_64)
(lldb) quit