(lldb) target create "modified_fuzz"
Current executable set to '/script/motivating_example/sample_set/gcd/modified_fuzz' (x86_64).
(lldb) command source -s 0 '/script/motivating_example/sample_set/gcd/fuzzing_test/modified_debug/script/210247cbe75d6125aad76f6da0b552bbc3498881/batch.lldb'
Executing commands in '/script/motivating_example/sample_set/gcd/fuzzing_test/modified_debug/script/210247cbe75d6125aad76f6da0b552bbc3498881/batch.lldb'.
(lldb) settings set interpreter.stop-command-source-on-error 0
(lldb) settings set auto-confirm 1
(lldb) breakpoint set --file /script/motivating_example/sample_set/gcd/modified.c --line 9
Breakpoint 1: where = modified_fuzz`gcd + 121 at modified.c:9:9, address = 0x0000000000067429
(lldb) breakpoint command add 1
(lldb) run /script/motivating_example/sample_set/gcd/fuzzing_test/modified_inputs/210247cbe75d6125aad76f6da0b552bbc3498881
INFO: Running with entropic power schedule (0xFF, 100).
INFO: Seed: 1773029864
INFO: Loaded 1 modules   (10 inline 8-bit counters): 10 [0x5555555defb0, 0x5555555defba), 
INFO: Loaded 1 PC tables (10 PCs): 10 [0x5555555defc0,0x5555555df060), 
/script/motivating_example/sample_set/gcd/modified_fuzz: Running 1 inputs 1 time(s) each.
Running: /script/motivating_example/sample_set/gcd/fuzzing_test/modified_inputs/210247cbe75d6125aad76f6da0b552bbc3498881
(lldb)  frame info
frame #0: 0x00005555555bb429 modified_fuzz`gcd(a=1850670972, b=296811070) at modified.c:9:9
(lldb)  frame variable a -f dec 
(int) a = 1850670972
(lldb)  frame variable b -f dec 
(int) b = 296811070
(lldb)  continue
Process 72607 resuming
Command #5 'continue' continued the target.
(lldb)  frame info
frame #0: 0x00005555555bb429 modified_fuzz`gcd(a=1780866420, b=69804552) at modified.c:9:9
(lldb)  frame variable a -f dec 
(int) a = 1780866420
(lldb)  frame variable b -f dec 
(int) b = 69804552
(lldb)  continue
Process 72607 resuming
Command #5 'continue' continued the target.
(lldb)  frame info
frame #0: 0x00005555555bb429 modified_fuzz`gcd(a=1745113800, b=35752620) at modified.c:9:9
(lldb)  frame variable a -f dec 
(int) a = 1745113800
(lldb)  frame variable b -f dec 
(int) b = 35752620
(lldb)  continue
Process 72607 resuming
Command #5 'continue' continued the target.
(lldb)  frame info
frame #0: 0x00005555555bb429 modified_fuzz`gcd(a=1716125760, b=28988040) at modified.c:9:9
(lldb)  frame variable a -f dec 
(int) a = 1716125760
(lldb)  frame variable b -f dec 
(int) b = 28988040
(lldb)  continue
Process 72607 resuming
Command #5 'continue' continued the target.
(lldb)  frame info
frame #0: 0x00005555555bb429 modified_fuzz`gcd(a=1710294360, b=5831400) at modified.c:9:9
(lldb)  frame variable a -f dec 
(int) a = 1710294360
(lldb)  frame variable b -f dec 
(int) b = 5831400
(lldb)  continue
Process 72607 resuming
Command #5 'continue' continued the target.
(lldb)  frame info
frame #0: 0x00005555555bb429 modified_fuzz`gcd(a=1708600200, b=1694160) at modified.c:9:9
(lldb)  frame variable a -f dec 
(int) a = 1708600200
(lldb)  frame variable b -f dec 
(int) b = 1694160
(lldb)  continue
Process 72607 resuming
Command #5 'continue' continued the target.
(lldb)  frame info
frame #0: 0x00005555555bb429 modified_fuzz`gcd(a=1707713280, b=886920) at modified.c:9:9
(lldb)  frame variable a -f dec 
(int) a = 1707713280
(lldb)  frame variable b -f dec 
(int) b = 886920
(lldb)  continue
Process 72607 resuming
Command #5 'continue' continued the target.
(lldb)  frame info
frame #0: 0x00005555555bb429 modified_fuzz`gcd(a=1707321000, b=392280) at modified.c:9:9
(lldb)  frame variable a -f dec 
(int) a = 1707321000
(lldb)  frame variable b -f dec 
(int) b = 392280
(lldb)  continue
Process 72607 resuming
Command #5 'continue' continued the target.
(lldb)  frame info
frame #0: 0x00005555555bb429 modified_fuzz`gcd(a=1707202560, b=118440) at modified.c:9:9
(lldb)  frame variable a -f dec 
(int) a = 1707202560
(lldb)  frame variable b -f dec 
(int) b = 118440
(lldb)  continue
Process 72607 resuming
Command #5 'continue' continued the target.
(lldb)  frame info
frame #0: 0x00005555555bb429 modified_fuzz`gcd(a=1707194160, b=8400) at modified.c:9:9
(lldb)  frame variable a -f dec 
(int) a = 1707194160
(lldb)  frame variable b -f dec 
(int) b = 8400
(lldb)  continue
Process 72607 resuming
Command #5 'continue' continued the target.
(lldb)  frame info
frame #0: 0x00005555555bb429 modified_fuzz`gcd(a=1707190800, b=3360) at modified.c:9:9
(lldb)  frame variable a -f dec 
(int) a = 1707190800
(lldb)  frame variable b -f dec 
(int) b = 3360
(lldb)  continue
Process 72607 resuming
Command #5 'continue' continued the target.
(lldb)  frame info
frame #0: 0x00005555555bb429 modified_fuzz`gcd(a=1707189120, b=1680) at modified.c:9:9
(lldb)  frame variable a -f dec 
(int) a = 1707189120
(lldb)  frame variable b -f dec 
(int) b = 1680
(lldb)  continue
Process 72607 resuming
Command #5 'continue' continued the target.
(lldb)  frame info
frame #0: 0x00005555555bb429 modified_fuzz`gcd(a=1707189120, b=0) at modified.c:9:9
(lldb)  frame variable a -f dec 
(int) a = 1707189120
(lldb)  frame variable b -f dec 
(int) b = 0
(lldb)  continue
Process 72607 resuming
Command #5 'continue' continued the target.
Executed /script/motivating_example/sample_set/gcd/fuzzing_test/modified_inputs/210247cbe75d6125aad76f6da0b552bbc3498881 in 28 ms
***
*** NOTE: fuzzing was not performed, you have only
***       executed the target code on a fixed set of inputs.
***
Process 72607 exited with status = 0 (0x00000000)
Process 72607 launched: '/script/motivating_example/sample_set/gcd/modified_fuzz' (x86_64)
(lldb) quit