(lldb) target create "original_1_fuzz"
Current executable set to '/script/motivating_example/sample_set/gcd/original_1_fuzz' (x86_64).
(lldb) command source -s 0 '/script/motivating_example/sample_set/gcd/fuzzing_test/original_1_debug/script/cbd1b2729dac7a5269cc13d97d3b3351b44d0d15/batch.lldb'
Executing commands in '/script/motivating_example/sample_set/gcd/fuzzing_test/original_1_debug/script/cbd1b2729dac7a5269cc13d97d3b3351b44d0d15/batch.lldb'.
(lldb) settings set interpreter.stop-command-source-on-error 0
(lldb) settings set auto-confirm 1
(lldb) breakpoint set --file /script/motivating_example/sample_set/gcd/original_1.c --line 10
Breakpoint 1: where = original_1_fuzz`gcd + 124 at original_1.c:10:9, address = 0x000000000006742c
(lldb) breakpoint command add 1
(lldb) run /script/motivating_example/sample_set/gcd/fuzzing_test/modified_inputs/cbd1b2729dac7a5269cc13d97d3b3351b44d0d15
INFO: Running with entropic power schedule (0xFF, 100).
INFO: Seed: 3008102159
INFO: Loaded 1 modules   (10 inline 8-bit counters): 10 [0x5555555defb0, 0x5555555defba), 
INFO: Loaded 1 PC tables (10 PCs): 10 [0x5555555defc0,0x5555555df060), 
/script/motivating_example/sample_set/gcd/original_1_fuzz: Running 1 inputs 1 time(s) each.
Running: /script/motivating_example/sample_set/gcd/fuzzing_test/modified_inputs/cbd1b2729dac7a5269cc13d97d3b3351b44d0d15
(lldb)  frame info
frame #0: 0x00005555555bb42c original_1_fuzz`gcd(a=-969199104, b=9979545) at original_1.c:10:9
(lldb)  frame variable a -f dec 
(int) a = -969199104
(lldb)  frame variable b -f dec 
(int) b = 9979545
(lldb)  continue
Process 83724 resuming
Command #5 'continue' continued the target.
(lldb)  frame info
frame #0: 0x00005555555bb42c original_1_fuzz`gcd(a=9979545, b=-1183239) at original_1.c:10:9
(lldb)  frame variable a -f dec 
(int) a = 9979545
(lldb)  frame variable b -f dec 
(int) b = -1183239
(lldb)  continue
Process 83724 resuming
Command #5 'continue' continued the target.
(lldb)  frame info
frame #0: 0x00005555555bb42c original_1_fuzz`gcd(a=-1183239, b=513633) at original_1.c:10:9
(lldb)  frame variable a -f dec 
(int) a = -1183239
(lldb)  frame variable b -f dec 
(int) b = 513633
(lldb)  continue
Process 83724 resuming
Command #5 'continue' continued the target.
(lldb)  frame info
frame #0: 0x00005555555bb42c original_1_fuzz`gcd(a=513633, b=-155973) at original_1.c:10:9
(lldb)  frame variable a -f dec 
(int) a = 513633
(lldb)  frame variable b -f dec 
(int) b = -155973
(lldb)  continue
Process 83724 resuming
Command #5 'continue' continued the target.
(lldb)  frame info
frame #0: 0x00005555555bb42c original_1_fuzz`gcd(a=-155973, b=45714) at original_1.c:10:9
(lldb)  frame variable a -f dec 
(int) a = -155973
(lldb)  frame variable b -f dec 
(int) b = 45714
(lldb)  continue
Process 83724 resuming
Command #5 'continue' continued the target.
(lldb)  frame info
frame #0: 0x00005555555bb42c original_1_fuzz`gcd(a=45714, b=-18831) at original_1.c:10:9
(lldb)  frame variable a -f dec 
(int) a = 45714
(lldb)  frame variable b -f dec 
(int) b = -18831
(lldb)  continue
Process 83724 resuming
Command #5 'continue' continued the target.
(lldb)  frame info
frame #0: 0x00005555555bb42c original_1_fuzz`gcd(a=-18831, b=8052) at original_1.c:10:9
(lldb)  frame variable a -f dec 
(int) a = -18831
(lldb)  frame variable b -f dec 
(int) b = 8052
(lldb)  continue
Process 83724 resuming
Command #5 'continue' continued the target.
(lldb)  frame info
frame #0: 0x00005555555bb42c original_1_fuzz`gcd(a=8052, b=-2727) at original_1.c:10:9
(lldb)  frame variable a -f dec 
(int) a = 8052
(lldb)  frame variable b -f dec 
(int) b = -2727
(lldb)  continue
Process 83724 resuming
Command #5 'continue' continued the target.
(lldb)  frame info
frame #0: 0x00005555555bb42c original_1_fuzz`gcd(a=-2727, b=2598) at original_1.c:10:9
(lldb)  frame variable a -f dec 
(int) a = -2727
(lldb)  frame variable b -f dec 
(int) b = 2598
(lldb)  continue
Process 83724 resuming
Command #5 'continue' continued the target.
(lldb)  frame info
frame #0: 0x00005555555bb42c original_1_fuzz`gcd(a=2598, b=-129) at original_1.c:10:9
(lldb)  frame variable a -f dec 
(int) a = 2598
(lldb)  frame variable b -f dec 
(int) b = -129
(lldb)  continue
Process 83724 resuming
Command #5 'continue' continued the target.
(lldb)  frame info
frame #0: 0x00005555555bb42c original_1_fuzz`gcd(a=-129, b=18) at original_1.c:10:9
(lldb)  frame variable a -f dec 
(int) a = -129
(lldb)  frame variable b -f dec 
(int) b = 18
(lldb)  continue
Process 83724 resuming
Command #5 'continue' continued the target.
(lldb)  frame info
frame #0: 0x00005555555bb42c original_1_fuzz`gcd(a=18, b=-3) at original_1.c:10:9
(lldb)  frame variable a -f dec 
(int) a = 18
(lldb)  frame variable b -f dec 
(int) b = -3
(lldb)  continue
Process 83724 resuming
Command #5 'continue' continued the target.
(lldb)  frame info
frame #0: 0x00005555555bb42c original_1_fuzz`gcd(a=-3, b=0) at original_1.c:10:9
(lldb)  frame variable a -f dec 
(int) a = -3
(lldb)  frame variable b -f dec 
(int) b = 0
(lldb)  continue
Process 83724 resuming
Command #5 'continue' continued the target.
Executed /script/motivating_example/sample_set/gcd/fuzzing_test/modified_inputs/cbd1b2729dac7a5269cc13d97d3b3351b44d0d15 in 29 ms
***
*** NOTE: fuzzing was not performed, you have only
***       executed the target code on a fixed set of inputs.
***
Process 83724 exited with status = 0 (0x00000000)
Process 83724 launched: '/script/motivating_example/sample_set/gcd/original_1_fuzz' (x86_64)
(lldb) quit