(lldb) target create "original_2_fuzz"
Current executable set to '/script/motivating_example/sample_set/gcd/original_2_fuzz' (x86_64).
(lldb) command source -s 0 '/script/motivating_example/sample_set/gcd/fuzzing_test/original_2_debug/script/e4719b8508d63276a5e5e3e9dee885c21285603d/batch.lldb'
Executing commands in '/script/motivating_example/sample_set/gcd/fuzzing_test/original_2_debug/script/e4719b8508d63276a5e5e3e9dee885c21285603d/batch.lldb'.
(lldb) settings set interpreter.stop-command-source-on-error 0
(lldb) settings set auto-confirm 1
(lldb) breakpoint set --file /script/motivating_example/sample_set/gcd/original_2.c --line 6
Breakpoint 1: where = original_2_fuzz`gcd + 82 at original_2.c:6:5, address = 0x0000000000067402
(lldb) breakpoint command add 1
(lldb) run /script/motivating_example/sample_set/gcd/fuzzing_test/modified_inputs/e4719b8508d63276a5e5e3e9dee885c21285603d
INFO: Running with entropic power schedule (0xFF, 100).
INFO: Seed: 2518586069
INFO: Loaded 1 modules   (10 inline 8-bit counters): 10 [0x5555555defb0, 0x5555555defba), 
INFO: Loaded 1 PC tables (10 PCs): 10 [0x5555555defc0,0x5555555df060), 
/script/motivating_example/sample_set/gcd/original_2_fuzz: Running 1 inputs 1 time(s) each.
Running: /script/motivating_example/sample_set/gcd/fuzzing_test/modified_inputs/e4719b8508d63276a5e5e3e9dee885c21285603d
(lldb)  frame info
frame #0: 0x00005555555bb402 original_2_fuzz`gcd(a=-2147483648, b=991887360) at original_2.c:6:5
(lldb)  frame variable a -f dec 
(int) a = -2147483648
(lldb)  frame variable b -f dec 
(int) b = 991887360
(lldb)  continue
Process 92445 resuming
Command #5 'continue' continued the target.
(lldb)  frame info
frame #0: 0x00005555555bb402 original_2_fuzz`gcd(a=991887360, b=-163708928) at original_2.c:6:5
(lldb)  frame variable a -f dec 
(int) a = 991887360
(lldb)  frame variable b -f dec 
(int) b = -163708928
(lldb)  continue
Process 92445 resuming
Command #5 'continue' continued the target.
(lldb)  frame info
frame #0: 0x00005555555bb402 original_2_fuzz`gcd(a=-163708928, b=9633792) at original_2.c:6:5
(lldb)  frame variable a -f dec 
(int) a = -163708928
(lldb)  frame variable b -f dec 
(int) b = 9633792
(lldb)  continue
Process 92445 resuming
Command #5 'continue' continued the target.
(lldb)  frame info
frame #0: 0x00005555555bb402 original_2_fuzz`gcd(a=9633792, b=-9568256) at original_2.c:6:5
(lldb)  frame variable a -f dec 
(int) a = 9633792
(lldb)  frame variable b -f dec 
(int) b = -9568256
(lldb)  continue
Process 92445 resuming
Command #5 'continue' continued the target.
(lldb)  frame info
frame #0: 0x00005555555bb402 original_2_fuzz`gcd(a=-9568256, b=65536) at original_2.c:6:5
(lldb)  frame variable a -f dec 
(int) a = -9568256
(lldb)  frame variable b -f dec 
(int) b = 65536
(lldb)  continue
Process 92445 resuming
Command #5 'continue' continued the target.
(lldb)  frame info
frame #0: 0x00005555555bb402 original_2_fuzz`gcd(a=65536, b=0) at original_2.c:6:5
(lldb)  frame variable a -f dec 
(int) a = 65536
(lldb)  frame variable b -f dec 
(int) b = 0
(lldb)  continue
Process 92445 resuming
Command #5 'continue' continued the target.
Executed /script/motivating_example/sample_set/gcd/fuzzing_test/modified_inputs/e4719b8508d63276a5e5e3e9dee885c21285603d in 17 ms
***
*** NOTE: fuzzing was not performed, you have only
***       executed the target code on a fixed set of inputs.
***
Process 92445 exited with status = 0 (0x00000000)
Process 92445 launched: '/script/motivating_example/sample_set/gcd/original_2_fuzz' (x86_64)
(lldb) quit
