(lldb) target create "original_2_fuzz"
Current executable set to '/script/motivating_example/sample_set/second_max/original_2_fuzz' (x86_64).
(lldb) command source -s 0 '/script/motivating_example/sample_set/second_max/fuzzing_test/original_2_debug/script/e66facaf36d3368736fc1e8a121d1fb50a3b3d57/batch.lldb'
Executing commands in '/script/motivating_example/sample_set/second_max/fuzzing_test/original_2_debug/script/e66facaf36d3368736fc1e8a121d1fb50a3b3d57/batch.lldb'.
(lldb) settings set interpreter.stop-command-source-on-error 0
(lldb) settings set auto-confirm 1
(lldb) breakpoint set --file /script/motivating_example/sample_set/second_max/original_2.c --line 19
Breakpoint 1: where = original_2_fuzz`second_max + 489 at original_2.c:19:9, address = 0x00000000000675a9
(lldb) breakpoint command add 1
(lldb) run /script/motivating_example/sample_set/second_max/fuzzing_test/modified_inputs/e66facaf36d3368736fc1e8a121d1fb50a3b3d57
INFO: Running with entropic power schedule (0xFF, 100).
INFO: Seed: 1222614262
INFO: Loaded 1 modules   (16 inline 8-bit counters): 16 [0x5555555defc0, 0x5555555defd0), 
INFO: Loaded 1 PC tables (16 PCs): 16 [0x5555555defd0,0x5555555df0d0), 
/script/motivating_example/sample_set/second_max/original_2_fuzz: Running 1 inputs 1 time(s) each.
Running: /script/motivating_example/sample_set/second_max/fuzzing_test/modified_inputs/e66facaf36d3368736fc1e8a121d1fb50a3b3d57
(lldb)  frame info
frame #0: 0x00005555555bb5a9 original_2_fuzz`second_max(count=3, arr=0x0000555555f67f50) at original_2.c:19:9
(lldb)  frame variable count -f dec 
(unsigned int) count = 3
(lldb)  frame variable max -f dec 
(int) max = 33491637
(lldb)  frame variable sec -f dec 
(int) sec = -2147483648
(lldb)  frame variable a -f dec 
(int) a = 33491637
(lldb)  continue
Process 186431 resuming
Command #7 'continue' continued the target.
(lldb)  frame info
frame #0: 0x00005555555bb5a9 original_2_fuzz`second_max(count=3, arr=0x0000555555f67f50) at original_2.c:19:9
(lldb)  frame variable count -f dec 
(unsigned int) count = 3
(lldb)  frame variable max -f dec 
(int) max = 2130771712
(lldb)  frame variable sec -f dec 
(int) sec = 33491637
(lldb)  frame variable a -f dec 
(int) a = 2130771712
(lldb)  continue
Process 186431 resuming
Command #7 'continue' continued the target.
(lldb)  frame info
frame #0: 0x00005555555bb5a9 original_2_fuzz`second_max(count=3, arr=0x0000555555f67f50) at original_2.c:19:9
(lldb)  frame variable count -f dec 
(unsigned int) count = 3
(lldb)  frame variable max -f dec 
(int) max = 2130771712
(lldb)  frame variable sec -f dec 
(int) sec = 2096496640
(lldb)  frame variable a -f dec 
(int) a = 2096496640
(lldb)  continue
Process 186431 resuming
Command #7 'continue' continued the target.
Executed /script/motivating_example/sample_set/second_max/fuzzing_test/modified_inputs/e66facaf36d3368736fc1e8a121d1fb50a3b3d57 in 14 ms
***
*** NOTE: fuzzing was not performed, you have only
***       executed the target code on a fixed set of inputs.
***
Process 186431 exited with status = 0 (0x00000000)
Process 186431 launched: '/script/motivating_example/sample_set/second_max/original_2_fuzz' (x86_64)
(lldb) quit