(lldb) target create "modified_fuzz"
Current executable set to '/script/motivating_example/sample_set/gcd/modified_fuzz' (x86_64).
(lldb) command source -s 0 '/script/motivating_example/sample_set/gcd/fuzzing_test/modified_debug/script/3b915c17cbfe984fe625399c7d0b5824165a0e07/batch.lldb'
Executing commands in '/script/motivating_example/sample_set/gcd/fuzzing_test/modified_debug/script/3b915c17cbfe984fe625399c7d0b5824165a0e07/batch.lldb'.
(lldb) settings set interpreter.stop-command-source-on-error 0
(lldb) settings set auto-confirm 1
(lldb) breakpoint set --file /script/motivating_example/sample_set/gcd/modified.c --line 9
Breakpoint 1: where = modified_fuzz`gcd + 121 at modified.c:9:9, address = 0x0000000000067429
(lldb) breakpoint command add 1
(lldb) run /script/motivating_example/sample_set/gcd/fuzzing_test/modified_inputs/3b915c17cbfe984fe625399c7d0b5824165a0e07
INFO: Running with entropic power schedule (0xFF, 100).
INFO: Seed: 1930288774
INFO: Loaded 1 modules   (10 inline 8-bit counters): 10 [0x5555555defb0, 0x5555555defba), 
INFO: Loaded 1 PC tables (10 PCs): 10 [0x5555555defc0,0x5555555df060), 
/script/motivating_example/sample_set/gcd/modified_fuzz: Running 1 inputs 1 time(s) each.
Running: /script/motivating_example/sample_set/gcd/fuzzing_test/modified_inputs/3b915c17cbfe984fe625399c7d0b5824165a0e07
(lldb)  frame info
frame #0: 0x00005555555bb429 modified_fuzz`gcd(a=992230246, b=738197505) at modified.c:9:9
(lldb)  frame variable a -f dec 
(int) a = 992230246
(lldb)  frame variable b -f dec 
(int) b = 738197505
(lldb)  continue
Process 73096 resuming
Command #5 'continue' continued the target.
(lldb)  frame info
frame #0: 0x00005555555bb429 modified_fuzz`gcd(a=738197505, b=254032741) at modified.c:9:9
(lldb)  frame variable a -f dec 
(int) a = 738197505
(lldb)  frame variable b -f dec 
(int) b = 254032741
(lldb)  continue
Process 73096 resuming
Command #5 'continue' continued the target.
(lldb)  frame info
frame #0: 0x00005555555bb429 modified_fuzz`gcd(a=508065482, b=230132023) at modified.c:9:9
(lldb)  frame variable a -f dec 
(int) a = 508065482
(lldb)  frame variable b -f dec 
(int) b = 230132023
(lldb)  continue
Process 73096 resuming
Command #5 'continue' continued the target.
(lldb)  frame info
frame #0: 0x00005555555bb429 modified_fuzz`gcd(a=460264046, b=47801436) at modified.c:9:9
(lldb)  frame variable a -f dec 
(int) a = 460264046
(lldb)  frame variable b -f dec 
(int) b = 47801436
(lldb)  continue
Process 73096 resuming
Command #5 'continue' continued the target.
(lldb)  frame info
frame #0: 0x00005555555bb429 modified_fuzz`gcd(a=430212924, b=30051122) at modified.c:9:9
(lldb)  frame variable a -f dec 
(int) a = 430212924
(lldb)  frame variable b -f dec 
(int) b = 30051122
(lldb)  continue
Process 73096 resuming
Command #5 'continue' continued the target.
(lldb)  frame info
frame #0: 0x00005555555bb429 modified_fuzz`gcd(a=420715708, b=9497216) at modified.c:9:9
(lldb)  frame variable a -f dec 
(int) a = 420715708
(lldb)  frame variable b -f dec 
(int) b = 9497216
(lldb)  continue
Process 73096 resuming
Command #5 'continue' continued the target.
(lldb)  frame info
frame #0: 0x00005555555bb429 modified_fuzz`gcd(a=417877504, b=2838204) at modified.c:9:9
(lldb)  frame variable a -f dec 
(int) a = 417877504
(lldb)  frame variable b -f dec 
(int) b = 2838204
(lldb)  continue
Process 73096 resuming
Command #5 'continue' continued the target.
(lldb)  frame info
frame #0: 0x00005555555bb429 modified_fuzz`gcd(a=417215988, b=661516) at modified.c:9:9
(lldb)  frame variable a -f dec 
(int) a = 417215988
(lldb)  frame variable b -f dec 
(int) b = 661516
(lldb)  continue
Process 73096 resuming
Command #5 'continue' continued the target.
(lldb)  frame info
frame #0: 0x00005555555bb429 modified_fuzz`gcd(a=416755080, b=460908) at modified.c:9:9
(lldb)  frame variable a -f dec 
(int) a = 416755080
(lldb)  frame variable b -f dec 
(int) b = 460908
(lldb)  continue
Process 73096 resuming
Command #5 'continue' continued the target.
(lldb)  frame info
frame #0: 0x00005555555bb429 modified_fuzz`gcd(a=416660832, b=94248) at modified.c:9:9
(lldb)  frame variable a -f dec 
(int) a = 416660832
(lldb)  frame variable b -f dec 
(int) b = 94248
(lldb)  continue
Process 73096 resuming
Command #5 'continue' continued the target.
(lldb)  frame info
frame #0: 0x00005555555bb429 modified_fuzz`gcd(a=416576160, b=84672) at modified.c:9:9
(lldb)  frame variable a -f dec 
(int) a = 416576160
(lldb)  frame variable b -f dec 
(int) b = 84672
(lldb)  continue
Process 73096 resuming
Command #5 'continue' continued the target.
(lldb)  frame info
frame #0: 0x00005555555bb429 modified_fuzz`gcd(a=416501568, b=74592) at modified.c:9:9
(lldb)  frame variable a -f dec 
(int) a = 416501568
(lldb)  frame variable b -f dec 
(int) b = 74592
(lldb)  continue
Process 73096 resuming
Command #5 'continue' continued the target.
(lldb)  frame info
frame #0: 0x00005555555bb429 modified_fuzz`gcd(a=416447136, b=54432) at modified.c:9:9
(lldb)  frame variable a -f dec 
(int) a = 416447136
(lldb)  frame variable b -f dec 
(int) b = 54432
(lldb)  continue
Process 73096 resuming
Command #5 'continue' continued the target.
(lldb)  frame info
frame #0: 0x00005555555bb429 modified_fuzz`gcd(a=416404800, b=42336) at modified.c:9:9
(lldb)  frame variable a -f dec 
(int) a = 416404800
(lldb)  frame variable b -f dec 
(int) b = 42336
(lldb)  continue
Process 73096 resuming
Command #5 'continue' continued the target.
(lldb)  frame info
frame #0: 0x00005555555bb429 modified_fuzz`gcd(a=416374560, b=30240) at modified.c:9:9
(lldb)  frame variable a -f dec 
(int) a = 416374560
(lldb)  frame variable b -f dec 
(int) b = 30240
(lldb)  continue
Process 73096 resuming
Command #5 'continue' continued the target.
(lldb)  frame info
frame #0: 0x00005555555bb429 modified_fuzz`gcd(a=416374560, b=0) at modified.c:9:9
(lldb)  frame variable a -f dec 
(int) a = 416374560
(lldb)  frame variable b -f dec 
(int) b = 0
(lldb)  continue
Process 73096 resuming
Command #5 'continue' continued the target.
Executed /script/motivating_example/sample_set/gcd/fuzzing_test/modified_inputs/3b915c17cbfe984fe625399c7d0b5824165a0e07 in 34 ms
***
*** NOTE: fuzzing was not performed, you have only
***       executed the target code on a fixed set of inputs.
***
Process 73096 exited with status = 0 (0x00000000)
Process 73096 launched: '/script/motivating_example/sample_set/gcd/modified_fuzz' (x86_64)
(lldb) quit