(lldb) target create "modified_fuzz"
Current executable set to '/script/motivating_example/sample_set/gcd/modified_fuzz' (x86_64).
(lldb) command source -s 0 '/script/motivating_example/sample_set/gcd/fuzzing_test/modified_debug/script/0ee9a47af9de23d48cad4d27e327c3e99c23da37/batch.lldb'
Executing commands in '/script/motivating_example/sample_set/gcd/fuzzing_test/modified_debug/script/0ee9a47af9de23d48cad4d27e327c3e99c23da37/batch.lldb'.
(lldb) settings set interpreter.stop-command-source-on-error 0
(lldb) settings set auto-confirm 1
(lldb) breakpoint set --file /script/motivating_example/sample_set/gcd/modified.c --line 9
Breakpoint 1: where = modified_fuzz`gcd + 121 at modified.c:9:9, address = 0x0000000000067429
(lldb) breakpoint command add 1
(lldb) run /script/motivating_example/sample_set/gcd/fuzzing_test/modified_inputs/0ee9a47af9de23d48cad4d27e327c3e99c23da37
INFO: Running with entropic power schedule (0xFF, 100).
INFO: Seed: 2782278385
INFO: Loaded 1 modules   (10 inline 8-bit counters): 10 [0x5555555defb0, 0x5555555defba), 
INFO: Loaded 1 PC tables (10 PCs): 10 [0x5555555defc0,0x5555555df060), 
/script/motivating_example/sample_set/gcd/modified_fuzz: Running 1 inputs 1 time(s) each.
Running: /script/motivating_example/sample_set/gcd/fuzzing_test/modified_inputs/0ee9a47af9de23d48cad4d27e327c3e99c23da37
(lldb)  frame info
frame #0: 0x00005555555bb429 modified_fuzz`gcd(a=1734829613, b=39182) at modified.c:9:9
(lldb)  frame variable a -f dec 
(int) a = 1734829613
(lldb)  frame variable b -f dec 
(int) b = 39182
(lldb)  continue
Process 72431 resuming
Command #5 'continue' continued the target.
(lldb)  frame info
frame #0: 0x00005555555bb429 modified_fuzz`gcd(a=1734822232, b=7381) at modified.c:9:9
(lldb)  frame variable a -f dec 
(int) a = 1734822232
(lldb)  frame variable b -f dec 
(int) b = 7381
(lldb)  continue
Process 72431 resuming
Command #5 'continue' continued the target.
(lldb)  frame info
frame #0: 0x00005555555bb429 modified_fuzz`gcd(a=1734815478, b=6754) at modified.c:9:9
(lldb)  frame variable a -f dec 
(int) a = 1734815478
(lldb)  frame variable b -f dec 
(int) b = 6754
(lldb)  continue
Process 72431 resuming
Command #5 'continue' continued the target.
(lldb)  frame info
frame #0: 0x00005555555bb429 modified_fuzz`gcd(a=1734812178, b=3300) at modified.c:9:9
(lldb)  frame variable a -f dec 
(int) a = 1734812178
(lldb)  frame variable b -f dec 
(int) b = 3300
(lldb)  continue
Process 72431 resuming
Command #5 'continue' continued the target.
(lldb)  frame info
frame #0: 0x00005555555bb429 modified_fuzz`gcd(a=1734810000, b=2178) at modified.c:9:9
(lldb)  frame variable a -f dec 
(int) a = 1734810000
(lldb)  frame variable b -f dec 
(int) b = 2178
(lldb)  continue
Process 72431 resuming
Command #5 'continue' continued the target.
(lldb)  frame info
frame #0: 0x00005555555bb429 modified_fuzz`gcd(a=1734809670, b=330) at modified.c:9:9
(lldb)  frame variable a -f dec 
(int) a = 1734809670
(lldb)  frame variable b -f dec 
(int) b = 330
(lldb)  continue
Process 72431 resuming
Command #5 'continue' continued the target.
(lldb)  frame info
frame #0: 0x00005555555bb429 modified_fuzz`gcd(a=1734809670, b=0) at modified.c:9:9
(lldb)  frame variable a -f dec 
(int) a = 1734809670
(lldb)  frame variable b -f dec 
(int) b = 0
(lldb)  continue
Process 72431 resuming
Command #5 'continue' continued the target.
Executed /script/motivating_example/sample_set/gcd/fuzzing_test/modified_inputs/0ee9a47af9de23d48cad4d27e327c3e99c23da37 in 19 ms
***
*** NOTE: fuzzing was not performed, you have only
***       executed the target code on a fixed set of inputs.
***
Process 72431 exited with status = 0 (0x00000000)
Process 72431 launched: '/script/motivating_example/sample_set/gcd/modified_fuzz' (x86_64)
(lldb) quit
