(lldb) target create "original_1_fuzz"
Current executable set to '/script/motivating_example/sample_set/gcd/original_1_fuzz' (x86_64).
(lldb) command source -s 0 '/script/motivating_example/sample_set/gcd/fuzzing_test/original_1_debug/script/37d28f14d8831ae6fdb3398be3363d76ea29aae9/batch.lldb'
Executing commands in '/script/motivating_example/sample_set/gcd/fuzzing_test/original_1_debug/script/37d28f14d8831ae6fdb3398be3363d76ea29aae9/batch.lldb'.
(lldb) settings set interpreter.stop-command-source-on-error 0
(lldb) settings set auto-confirm 1
(lldb) breakpoint set --file /script/motivating_example/sample_set/gcd/original_1.c --line 10
Breakpoint 1: where = original_1_fuzz`gcd + 124 at original_1.c:10:9, address = 0x000000000006742c
(lldb) breakpoint command add 1
(lldb) run /script/motivating_example/sample_set/gcd/fuzzing_test/modified_inputs/37d28f14d8831ae6fdb3398be3363d76ea29aae9
INFO: Running with entropic power schedule (0xFF, 100).
INFO: Seed: 2656692029
INFO: Loaded 1 modules   (10 inline 8-bit counters): 10 [0x5555555defb0, 0x5555555defba), 
INFO: Loaded 1 PC tables (10 PCs): 10 [0x5555555defc0,0x5555555df060), 
/script/motivating_example/sample_set/gcd/original_1_fuzz: Running 1 inputs 1 time(s) each.
Running: /script/motivating_example/sample_set/gcd/fuzzing_test/modified_inputs/37d28f14d8831ae6fdb3398be3363d76ea29aae9
(lldb)  frame info
frame #0: 0x00005555555bb42c original_1_fuzz`gcd(a=13959167, b=11720851) at original_1.c:10:9
(lldb)  frame variable a -f dec 
(int) a = 13959167
(lldb)  frame variable b -f dec 
(int) b = 11720851
(lldb)  continue
Process 81433 resuming
Command #5 'continue' continued the target.
(lldb)  frame info
frame #0: 0x00005555555bb42c original_1_fuzz`gcd(a=11720851, b=2238316) at original_1.c:10:9
(lldb)  frame variable a -f dec 
(int) a = 11720851
(lldb)  frame variable b -f dec 
(int) b = 2238316
(lldb)  continue
Process 81433 resuming
Command #5 'continue' continued the target.
(lldb)  frame info
frame #0: 0x00005555555bb42c original_1_fuzz`gcd(a=2238316, b=529271) at original_1.c:10:9
(lldb)  frame variable a -f dec 
(int) a = 2238316
(lldb)  frame variable b -f dec 
(int) b = 529271
(lldb)  continue
Process 81433 resuming
Command #5 'continue' continued the target.
(lldb)  frame info
frame #0: 0x00005555555bb42c original_1_fuzz`gcd(a=529271, b=121232) at original_1.c:10:9
(lldb)  frame variable a -f dec 
(int) a = 529271
(lldb)  frame variable b -f dec 
(int) b = 121232
(lldb)  continue
Process 81433 resuming
Command #5 'continue' continued the target.
(lldb)  frame info
frame #0: 0x00005555555bb42c original_1_fuzz`gcd(a=121232, b=44343) at original_1.c:10:9
(lldb)  frame variable a -f dec 
(int) a = 121232
(lldb)  frame variable b -f dec 
(int) b = 44343
(lldb)  continue
Process 81433 resuming
Command #5 'continue' continued the target.
(lldb)  frame info
frame #0: 0x00005555555bb42c original_1_fuzz`gcd(a=44343, b=32546) at original_1.c:10:9
(lldb)  frame variable a -f dec 
(int) a = 44343
(lldb)  frame variable b -f dec 
(int) b = 32546
(lldb)  continue
Process 81433 resuming
Command #5 'continue' continued the target.
(lldb)  frame info
frame #0: 0x00005555555bb42c original_1_fuzz`gcd(a=32546, b=11797) at original_1.c:10:9
(lldb)  frame variable a -f dec 
(int) a = 32546
(lldb)  frame variable b -f dec 
(int) b = 11797
(lldb)  continue
Process 81433 resuming
Command #5 'continue' continued the target.
(lldb)  frame info
frame #0: 0x00005555555bb42c original_1_fuzz`gcd(a=11797, b=8952) at original_1.c:10:9
(lldb)  frame variable a -f dec 
(int) a = 11797
(lldb)  frame variable b -f dec 
(int) b = 8952
(lldb)  continue
Process 81433 resuming
Command #5 'continue' continued the target.
(lldb)  frame info
frame #0: 0x00005555555bb42c original_1_fuzz`gcd(a=8952, b=2845) at original_1.c:10:9
(lldb)  frame variable a -f dec 
(int) a = 8952
(lldb)  frame variable b -f dec 
(int) b = 2845
(lldb)  continue
Process 81433 resuming
Command #5 'continue' continued the target.
(lldb)  frame info
frame #0: 0x00005555555bb42c original_1_fuzz`gcd(a=2845, b=417) at original_1.c:10:9
(lldb)  frame variable a -f dec 
(int) a = 2845
(lldb)  frame variable b -f dec 
(int) b = 417
(lldb)  continue
Process 81433 resuming
Command #5 'continue' continued the target.
(lldb)  frame info
frame #0: 0x00005555555bb42c original_1_fuzz`gcd(a=417, b=343) at original_1.c:10:9
(lldb)  frame variable a -f dec 
(int) a = 417
(lldb)  frame variable b -f dec 
(int) b = 343
(lldb)  continue
Process 81433 resuming
Command #5 'continue' continued the target.
(lldb)  frame info
frame #0: 0x00005555555bb42c original_1_fuzz`gcd(a=343, b=74) at original_1.c:10:9
(lldb)  frame variable a -f dec 
(int) a = 343
(lldb)  frame variable b -f dec 
(int) b = 74
(lldb)  continue
Process 81433 resuming
Command #5 'continue' continued the target.
(lldb)  frame info
frame #0: 0x00005555555bb42c original_1_fuzz`gcd(a=74, b=47) at original_1.c:10:9
(lldb)  frame variable a -f dec 
(int) a = 74
(lldb)  frame variable b -f dec 
(int) b = 47
(lldb)  continue
Process 81433 resuming
Command #5 'continue' continued the target.
(lldb)  frame info
frame #0: 0x00005555555bb42c original_1_fuzz`gcd(a=47, b=27) at original_1.c:10:9
(lldb)  frame variable a -f dec 
(int) a = 47
(lldb)  frame variable b -f dec 
(int) b = 27
(lldb)  continue
Process 81433 resuming
Command #5 'continue' continued the target.
(lldb)  frame info
frame #0: 0x00005555555bb42c original_1_fuzz`gcd(a=27, b=20) at original_1.c:10:9
(lldb)  frame variable a -f dec 
(int) a = 27
(lldb)  frame variable b -f dec 
(int) b = 20
(lldb)  continue
Process 81433 resuming
Command #5 'continue' continued the target.
(lldb)  frame info
frame #0: 0x00005555555bb42c original_1_fuzz`gcd(a=20, b=7) at original_1.c:10:9
(lldb)  frame variable a -f dec 
(int) a = 20
(lldb)  frame variable b -f dec 
(int) b = 7
(lldb)  continue
Process 81433 resuming
Command #5 'continue' continued the target.
(lldb)  frame info
frame #0: 0x00005555555bb42c original_1_fuzz`gcd(a=7, b=6) at original_1.c:10:9
(lldb)  frame variable a -f dec 
(int) a = 7
(lldb)  frame variable b -f dec 
(int) b = 6
(lldb)  continue
Process 81433 resuming
Command #5 'continue' continued the target.
(lldb)  frame info
frame #0: 0x00005555555bb42c original_1_fuzz`gcd(a=6, b=1) at original_1.c:10:9
(lldb)  frame variable a -f dec 
(int) a = 6
(lldb)  frame variable b -f dec 
(int) b = 1
(lldb)  continue
Process 81433 resuming
Command #5 'continue' continued the target.
(lldb)  frame info
frame #0: 0x00005555555bb42c original_1_fuzz`gcd(a=1, b=0) at original_1.c:10:9
(lldb)  frame variable a -f dec 
(int) a = 1
(lldb)  frame variable b -f dec 
(int) b = 0
(lldb)  continue
Process 81433 resuming
Command #5 'continue' continued the target.
Executed /script/motivating_example/sample_set/gcd/fuzzing_test/modified_inputs/37d28f14d8831ae6fdb3398be3363d76ea29aae9 in 35 ms
***
*** NOTE: fuzzing was not performed, you have only
***       executed the target code on a fixed set of inputs.
***
Process 81433 exited with status = 0 (0x00000000)
Process 81433 launched: '/script/motivating_example/sample_set/gcd/original_1_fuzz' (x86_64)
(lldb) quit
