(lldb) target create "modified_fuzz"
Current executable set to '/script/motivating_example/sample_set/gcd/modified_fuzz' (x86_64).
(lldb) command source -s 0 '/script/motivating_example/sample_set/gcd/fuzzing_test/modified_debug/script/8765b212695dc0149f2e2feb9ce344a402ee74ae/batch.lldb'
Executing commands in '/script/motivating_example/sample_set/gcd/fuzzing_test/modified_debug/script/8765b212695dc0149f2e2feb9ce344a402ee74ae/batch.lldb'.
(lldb) settings set interpreter.stop-command-source-on-error 0
(lldb) settings set auto-confirm 1
(lldb) breakpoint set --file /script/motivating_example/sample_set/gcd/modified.c --line 9
Breakpoint 1: where = modified_fuzz`gcd + 121 at modified.c:9:9, address = 0x0000000000067429
(lldb) breakpoint command add 1
(lldb) run /script/motivating_example/sample_set/gcd/fuzzing_test/modified_inputs/8765b212695dc0149f2e2feb9ce344a402ee74ae
INFO: Running with entropic power schedule (0xFF, 100).
INFO: Seed: 1644133618
INFO: Loaded 1 modules   (10 inline 8-bit counters): 10 [0x5555555defb0, 0x5555555defba), 
INFO: Loaded 1 PC tables (10 PCs): 10 [0x5555555defc0,0x5555555df060), 
/script/motivating_example/sample_set/gcd/modified_fuzz: Running 1 inputs 1 time(s) each.
Running: /script/motivating_example/sample_set/gcd/fuzzing_test/modified_inputs/8765b212695dc0149f2e2feb9ce344a402ee74ae
(lldb)  frame info
frame #0: 0x00005555555bb429 modified_fuzz`gcd(a=760636968, b=3956287) at modified.c:9:9
(lldb)  frame variable a -f dec 
(int) a = 760636968
(lldb)  frame variable b -f dec 
(int) b = 3956287
(lldb)  continue
Process 74298 resuming
Command #5 'continue' continued the target.
(lldb)  frame info
frame #0: 0x00005555555bb429 modified_fuzz`gcd(a=759607104, b=1029864) at modified.c:9:9
(lldb)  frame variable a -f dec 
(int) a = 759607104
(lldb)  frame variable b -f dec 
(int) b = 1029864
(lldb)  continue
Process 74298 resuming
Command #5 'continue' continued the target.
(lldb)  frame info
frame #0: 0x00005555555bb429 modified_fuzz`gcd(a=759009768, b=597336) at modified.c:9:9
(lldb)  frame variable a -f dec 
(int) a = 759009768
(lldb)  frame variable b -f dec 
(int) b = 597336
(lldb)  continue
Process 74298 resuming
Command #5 'continue' continued the target.
(lldb)  frame info
frame #0: 0x00005555555bb429 modified_fuzz`gcd(a=758616720, b=393048) at modified.c:9:9
(lldb)  frame variable a -f dec 
(int) a = 758616720
(lldb)  frame variable b -f dec 
(int) b = 393048
(lldb)  continue
Process 74298 resuming
Command #5 'continue' continued the target.
(lldb)  frame info
frame #0: 0x00005555555bb429 modified_fuzz`gcd(a=758582640, b=34080) at modified.c:9:9
(lldb)  frame variable a -f dec 
(int) a = 758582640
(lldb)  frame variable b -f dec 
(int) b = 34080
(lldb)  continue
Process 74298 resuming
Command #5 'continue' continued the target.
(lldb)  frame info
frame #0: 0x00005555555bb429 modified_fuzz`gcd(a=758552640, b=30000) at modified.c:9:9
(lldb)  frame variable a -f dec 
(int) a = 758552640
(lldb)  frame variable b -f dec 
(int) b = 30000
(lldb)  continue
Process 74298 resuming
Command #5 'continue' continued the target.
(lldb)  frame info
frame #0: 0x00005555555bb429 modified_fuzz`gcd(a=758550000, b=2640) at modified.c:9:9
(lldb)  frame variable a -f dec 
(int) a = 758550000
(lldb)  frame variable b -f dec 
(int) b = 2640
(lldb)  continue
Process 74298 resuming
Command #5 'continue' continued the target.
(lldb)  frame info
frame #0: 0x00005555555bb429 modified_fuzz`gcd(a=758548560, b=1440) at modified.c:9:9
(lldb)  frame variable a -f dec 
(int) a = 758548560
(lldb)  frame variable b -f dec 
(int) b = 1440
(lldb)  continue
Process 74298 resuming
Command #5 'continue' continued the target.
(lldb)  frame info
frame #0: 0x00005555555bb429 modified_fuzz`gcd(a=758547360, b=1200) at modified.c:9:9
(lldb)  frame variable a -f dec 
(int) a = 758547360
(lldb)  frame variable b -f dec 
(int) b = 1200
(lldb)  continue
Process 74298 resuming
Command #5 'continue' continued the target.
(lldb)  frame info
frame #0: 0x00005555555bb429 modified_fuzz`gcd(a=758546400, b=960) at modified.c:9:9
(lldb)  frame variable a -f dec 
(int) a = 758546400
(lldb)  frame variable b -f dec 
(int) b = 960
(lldb)  continue
Process 74298 resuming
Command #5 'continue' continued the target.
(lldb)  frame info
frame #0: 0x00005555555bb429 modified_fuzz`gcd(a=758545920, b=480) at modified.c:9:9
(lldb)  frame variable a -f dec 
(int) a = 758545920
(lldb)  frame variable b -f dec 
(int) b = 480
(lldb)  continue
Process 74298 resuming
Command #5 'continue' continued the target.
(lldb)  frame info
frame #0: 0x00005555555bb429 modified_fuzz`gcd(a=758545920, b=0) at modified.c:9:9
(lldb)  frame variable a -f dec 
(int) a = 758545920
(lldb)  frame variable b -f dec 
(int) b = 0
(lldb)  continue
Process 74298 resuming
Command #5 'continue' continued the target.
Executed /script/motivating_example/sample_set/gcd/fuzzing_test/modified_inputs/8765b212695dc0149f2e2feb9ce344a402ee74ae in 28 ms
***
*** NOTE: fuzzing was not performed, you have only
***       executed the target code on a fixed set of inputs.
***
Process 74298 exited with status = 0 (0x00000000)
Process 74298 launched: '/script/motivating_example/sample_set/gcd/modified_fuzz' (x86_64)
(lldb) quit