(lldb) target create "original_1_fuzz"
Current executable set to '/script/motivating_example/sample_set/gcd/original_1_fuzz' (x86_64).
(lldb) command source -s 0 '/script/motivating_example/sample_set/gcd/fuzzing_test/original_1_debug/script/e1be054e07116063e0ac873da694eb6333dde7c4/batch.lldb'
Executing commands in '/script/motivating_example/sample_set/gcd/fuzzing_test/original_1_debug/script/e1be054e07116063e0ac873da694eb6333dde7c4/batch.lldb'.
(lldb) settings set interpreter.stop-command-source-on-error 0
(lldb) settings set auto-confirm 1
(lldb) breakpoint set --file /script/motivating_example/sample_set/gcd/original_1.c --line 10
Breakpoint 1: where = original_1_fuzz`gcd + 124 at original_1.c:10:9, address = 0x000000000006742c
(lldb) breakpoint command add 1
(lldb) run /script/motivating_example/sample_set/gcd/fuzzing_test/modified_inputs/e1be054e07116063e0ac873da694eb6333dde7c4
INFO: Running with entropic power schedule (0xFF, 100).
INFO: Seed: 4085981984
INFO: Loaded 1 modules   (10 inline 8-bit counters): 10 [0x5555555defb0, 0x5555555defba), 
INFO: Loaded 1 PC tables (10 PCs): 10 [0x5555555defc0,0x5555555df060), 
/script/motivating_example/sample_set/gcd/original_1_fuzz: Running 1 inputs 1 time(s) each.
Running: /script/motivating_example/sample_set/gcd/fuzzing_test/modified_inputs/e1be054e07116063e0ac873da694eb6333dde7c4
(lldb)  frame info
frame #0: 0x00005555555bb42c original_1_fuzz`gcd(a=-53717, b=-39139) at original_1.c:10:9
(lldb)  frame variable a -f dec 
(int) a = -53717
(lldb)  frame variable b -f dec 
(int) b = -39139
(lldb)  continue
Process 84032 resuming
Command #5 'continue' continued the target.
(lldb)  frame info
frame #0: 0x00005555555bb42c original_1_fuzz`gcd(a=-39139, b=-14578) at original_1.c:10:9
(lldb)  frame variable a -f dec 
(int) a = -39139
(lldb)  frame variable b -f dec 
(int) b = -14578
(lldb)  continue
Process 84032 resuming
Command #5 'continue' continued the target.
(lldb)  frame info
frame #0: 0x00005555555bb42c original_1_fuzz`gcd(a=-14578, b=-9983) at original_1.c:10:9
(lldb)  frame variable a -f dec 
(int) a = -14578
(lldb)  frame variable b -f dec 
(int) b = -9983
(lldb)  continue
Process 84032 resuming
Command #5 'continue' continued the target.
(lldb)  frame info
frame #0: 0x00005555555bb42c original_1_fuzz`gcd(a=-9983, b=-4595) at original_1.c:10:9
(lldb)  frame variable a -f dec 
(int) a = -9983
(lldb)  frame variable b -f dec 
(int) b = -4595
(lldb)  continue
Process 84032 resuming
Command #5 'continue' continued the target.
(lldb)  frame info
frame #0: 0x00005555555bb42c original_1_fuzz`gcd(a=-4595, b=-793) at original_1.c:10:9
(lldb)  frame variable a -f dec 
(int) a = -4595
(lldb)  frame variable b -f dec 
(int) b = -793
(lldb)  continue
Process 84032 resuming
Command #5 'continue' continued the target.
(lldb)  frame info
frame #0: 0x00005555555bb42c original_1_fuzz`gcd(a=-793, b=-630) at original_1.c:10:9
(lldb)  frame variable a -f dec 
(int) a = -793
(lldb)  frame variable b -f dec 
(int) b = -630
(lldb)  continue
Process 84032 resuming
Command #5 'continue' continued the target.
(lldb)  frame info
frame #0: 0x00005555555bb42c original_1_fuzz`gcd(a=-630, b=-163) at original_1.c:10:9
(lldb)  frame variable a -f dec 
(int) a = -630
(lldb)  frame variable b -f dec 
(int) b = -163
(lldb)  continue
Process 84032 resuming
Command #5 'continue' continued the target.
(lldb)  frame info
frame #0: 0x00005555555bb42c original_1_fuzz`gcd(a=-163, b=-141) at original_1.c:10:9
(lldb)  frame variable a -f dec 
(int) a = -163
(lldb)  frame variable b -f dec 
(int) b = -141
(lldb)  continue
Process 84032 resuming
Command #5 'continue' continued the target.
(lldb)  frame info
frame #0: 0x00005555555bb42c original_1_fuzz`gcd(a=-141, b=-22) at original_1.c:10:9
(lldb)  frame variable a -f dec 
(int) a = -141
(lldb)  frame variable b -f dec 
(int) b = -22
(lldb)  continue
Process 84032 resuming
Command #5 'continue' continued the target.
(lldb)  frame info
frame #0: 0x00005555555bb42c original_1_fuzz`gcd(a=-22, b=-9) at original_1.c:10:9
(lldb)  frame variable a -f dec 
(int) a = -22
(lldb)  frame variable b -f dec 
(int) b = -9
(lldb)  continue
Process 84032 resuming
Command #5 'continue' continued the target.
(lldb)  frame info
frame #0: 0x00005555555bb42c original_1_fuzz`gcd(a=-9, b=-4) at original_1.c:10:9
(lldb)  frame variable a -f dec 
(int) a = -9
(lldb)  frame variable b -f dec 
(int) b = -4
(lldb)  continue
Process 84032 resuming
Command #5 'continue' continued the target.
(lldb)  frame info
frame #0: 0x00005555555bb42c original_1_fuzz`gcd(a=-4, b=-1) at original_1.c:10:9
(lldb)  frame variable a -f dec 
(int) a = -4
(lldb)  frame variable b -f dec 
(int) b = -1
(lldb)  continue
Process 84032 resuming
Command #5 'continue' continued the target.
(lldb)  frame info
frame #0: 0x00005555555bb42c original_1_fuzz`gcd(a=-1, b=0) at original_1.c:10:9
(lldb)  frame variable a -f dec 
(int) a = -1
(lldb)  frame variable b -f dec 
(int) b = 0
(lldb)  continue
Process 84032 resuming
Command #5 'continue' continued the target.
Executed /script/motivating_example/sample_set/gcd/fuzzing_test/modified_inputs/e1be054e07116063e0ac873da694eb6333dde7c4 in 39 ms
***
*** NOTE: fuzzing was not performed, you have only
***       executed the target code on a fixed set of inputs.
***
Process 84032 exited with status = 0 (0x00000000)
Process 84032 launched: '/script/motivating_example/sample_set/gcd/original_1_fuzz' (x86_64)
(lldb) quit