(lldb) target create "original_2_fuzz"
Current executable set to '/script/motivating_example/sample_set/gcd/original_2_fuzz' (x86_64).
(lldb) command source -s 0 '/script/motivating_example/sample_set/gcd/fuzzing_test/original_2_debug/script/563f680323e4d2bd79f6c12c324bbaf7de27ac6f/batch.lldb'
Executing commands in '/script/motivating_example/sample_set/gcd/fuzzing_test/original_2_debug/script/563f680323e4d2bd79f6c12c324bbaf7de27ac6f/batch.lldb'.
(lldb) settings set interpreter.stop-command-source-on-error 0
(lldb) settings set auto-confirm 1
(lldb) breakpoint set --file /script/motivating_example/sample_set/gcd/original_2.c --line 6
Breakpoint 1: where = original_2_fuzz`gcd + 82 at original_2.c:6:5, address = 0x0000000000067402
(lldb) breakpoint command add 1
(lldb) run /script/motivating_example/sample_set/gcd/fuzzing_test/modified_inputs/563f680323e4d2bd79f6c12c324bbaf7de27ac6f
INFO: Running with entropic power schedule (0xFF, 100).
INFO: Seed: 3160674857
INFO: Loaded 1 modules   (10 inline 8-bit counters): 10 [0x5555555defb0, 0x5555555defba), 
INFO: Loaded 1 PC tables (10 PCs): 10 [0x5555555defc0,0x5555555df060), 
/script/motivating_example/sample_set/gcd/original_2_fuzz: Running 1 inputs 1 time(s) each.
Running: /script/motivating_example/sample_set/gcd/fuzzing_test/modified_inputs/563f680323e4d2bd79f6c12c324bbaf7de27ac6f
(lldb)  frame info
frame #0: 0x00005555555bb402 original_2_fuzz`gcd(a=-2147483648, b=991968767) at original_2.c:6:5
(lldb)  frame variable a -f dec 
(int) a = -2147483648
(lldb)  frame variable b -f dec 
(int) b = 991968767
(lldb)  continue
Process 90359 resuming
Command #5 'continue' continued the target.
(lldb)  frame info
frame #0: 0x00005555555bb402 original_2_fuzz`gcd(a=991968767, b=-163546114) at original_2.c:6:5
(lldb)  frame variable a -f dec 
(int) a = 991968767
(lldb)  frame variable b -f dec 
(int) b = -163546114
(lldb)  continue
Process 90359 resuming
Command #5 'continue' continued the target.
(lldb)  frame info
frame #0: 0x00005555555bb402 original_2_fuzz`gcd(a=-163546114, b=10692083) at original_2.c:6:5
(lldb)  frame variable a -f dec 
(int) a = -163546114
(lldb)  frame variable b -f dec 
(int) b = 10692083
(lldb)  continue
Process 90359 resuming
Command #5 'continue' continued the target.
(lldb)  frame info
frame #0: 0x00005555555bb402 original_2_fuzz`gcd(a=10692083, b=-3164869) at original_2.c:6:5
(lldb)  frame variable a -f dec 
(int) a = 10692083
(lldb)  frame variable b -f dec 
(int) b = -3164869
(lldb)  continue
Process 90359 resuming
Command #5 'continue' continued the target.
(lldb)  frame info
frame #0: 0x00005555555bb402 original_2_fuzz`gcd(a=-3164869, b=1197476) at original_2.c:6:5
(lldb)  frame variable a -f dec 
(int) a = -3164869
(lldb)  frame variable b -f dec 
(int) b = 1197476
(lldb)  continue
Process 90359 resuming
Command #5 'continue' continued the target.
(lldb)  frame info
frame #0: 0x00005555555bb402 original_2_fuzz`gcd(a=1197476, b=-769917) at original_2.c:6:5
(lldb)  frame variable a -f dec 
(int) a = 1197476
(lldb)  frame variable b -f dec 
(int) b = -769917
(lldb)  continue
Process 90359 resuming
Command #5 'continue' continued the target.
(lldb)  frame info
frame #0: 0x00005555555bb402 original_2_fuzz`gcd(a=-769917, b=427559) at original_2.c:6:5
(lldb)  frame variable a -f dec 
(int) a = -769917
(lldb)  frame variable b -f dec 
(int) b = 427559
(lldb)  continue
Process 90359 resuming
Command #5 'continue' continued the target.
(lldb)  frame info
frame #0: 0x00005555555bb402 original_2_fuzz`gcd(a=427559, b=-342358) at original_2.c:6:5
(lldb)  frame variable a -f dec 
(int) a = 427559
(lldb)  frame variable b -f dec 
(int) b = -342358
(lldb)  continue
Process 90359 resuming
Command #5 'continue' continued the target.
(lldb)  frame info
frame #0: 0x00005555555bb402 original_2_fuzz`gcd(a=-342358, b=85201) at original_2.c:6:5
(lldb)  frame variable a -f dec 
(int) a = -342358
(lldb)  frame variable b -f dec 
(int) b = 85201
(lldb)  continue
Process 90359 resuming
Command #5 'continue' continued the target.
(lldb)  frame info
frame #0: 0x00005555555bb402 original_2_fuzz`gcd(a=85201, b=-1554) at original_2.c:6:5
(lldb)  frame variable a -f dec 
(int) a = 85201
(lldb)  frame variable b -f dec 
(int) b = -1554
(lldb)  continue
Process 90359 resuming
Command #5 'continue' continued the target.
(lldb)  frame info
frame #0: 0x00005555555bb402 original_2_fuzz`gcd(a=-1554, b=1285) at original_2.c:6:5
(lldb)  frame variable a -f dec 
(int) a = -1554
(lldb)  frame variable b -f dec 
(int) b = 1285
(lldb)  continue
Process 90359 resuming
Command #5 'continue' continued the target.
(lldb)  frame info
frame #0: 0x00005555555bb402 original_2_fuzz`gcd(a=1285, b=-269) at original_2.c:6:5
(lldb)  frame variable a -f dec 
(int) a = 1285
(lldb)  frame variable b -f dec 
(int) b = -269
(lldb)  continue
Process 90359 resuming
Command #5 'continue' continued the target.
(lldb)  frame info
frame #0: 0x00005555555bb402 original_2_fuzz`gcd(a=-269, b=209) at original_2.c:6:5
(lldb)  frame variable a -f dec 
(int) a = -269
(lldb)  frame variable b -f dec 
(int) b = 209
(lldb)  continue
Process 90359 resuming
Command #5 'continue' continued the target.
(lldb)  frame info
frame #0: 0x00005555555bb402 original_2_fuzz`gcd(a=209, b=-60) at original_2.c:6:5
(lldb)  frame variable a -f dec 
(int) a = 209
(lldb)  frame variable b -f dec 
(int) b = -60
(lldb)  continue
Process 90359 resuming
Command #5 'continue' continued the target.
(lldb)  frame info
frame #0: 0x00005555555bb402 original_2_fuzz`gcd(a=-60, b=29) at original_2.c:6:5
(lldb)  frame variable a -f dec 
(int) a = -60
(lldb)  frame variable b -f dec 
(int) b = 29
(lldb)  continue
Process 90359 resuming
Command #5 'continue' continued the target.
(lldb)  frame info
frame #0: 0x00005555555bb402 original_2_fuzz`gcd(a=29, b=-2) at original_2.c:6:5
(lldb)  frame variable a -f dec 
(int) a = 29
(lldb)  frame variable b -f dec 
(int) b = -2
(lldb)  continue
Process 90359 resuming
Command #5 'continue' continued the target.
(lldb)  frame info
frame #0: 0x00005555555bb402 original_2_fuzz`gcd(a=-2, b=1) at original_2.c:6:5
(lldb)  frame variable a -f dec 
(int) a = -2
(lldb)  frame variable b -f dec 
(int) b = 1
(lldb)  continue
Process 90359 resuming
Command #5 'continue' continued the target.
(lldb)  frame info
frame #0: 0x00005555555bb402 original_2_fuzz`gcd(a=1, b=0) at original_2.c:6:5
(lldb)  frame variable a -f dec 
(int) a = 1
(lldb)  frame variable b -f dec 
(int) b = 0
(lldb)  continue
Process 90359 resuming
Command #5 'continue' continued the target.
Executed /script/motivating_example/sample_set/gcd/fuzzing_test/modified_inputs/563f680323e4d2bd79f6c12c324bbaf7de27ac6f in 33 ms
***
*** NOTE: fuzzing was not performed, you have only
***       executed the target code on a fixed set of inputs.
***
Process 90359 exited with status = 0 (0x00000000)
Process 90359 launched: '/script/motivating_example/sample_set/gcd/original_2_fuzz' (x86_64)
(lldb) quit
