(lldb) target create "original_2_fuzz"
Current executable set to '/script/motivating_example/sample_set/reverse_string/original_2_fuzz' (x86_64).
(lldb) command source -s 0 '/script/motivating_example/sample_set/reverse_string/fuzzing_test/original_2_debug/script/0bcbc47d0800ee49689d4202200bfa2e1ff9f560/batch.lldb'
Executing commands in '/script/motivating_example/sample_set/reverse_string/fuzzing_test/original_2_debug/script/0bcbc47d0800ee49689d4202200bfa2e1ff9f560/batch.lldb'.
(lldb) settings set interpreter.stop-command-source-on-error 0
(lldb) settings set auto-confirm 1
(lldb) breakpoint set --file /script/motivating_example/sample_set/reverse_string/original_2.c --line 23
Breakpoint 1: where = original_2_fuzz`reverse_string + 254 at original_2.c:23:9, address = 0x000000000006746e
(lldb) breakpoint command add 1
(lldb) run /script/motivating_example/sample_set/reverse_string/fuzzing_test/modified_inputs/0bcbc47d0800ee49689d4202200bfa2e1ff9f560
INFO: Running with entropic power schedule (0xFF, 100).
INFO: Seed: 1347138968
INFO: Loaded 1 modules   (8 inline 8-bit counters): 8 [0x5555555defc0, 0x5555555defc8), 
INFO: Loaded 1 PC tables (8 PCs): 8 [0x5555555defc8,0x5555555df048), 
/script/motivating_example/sample_set/reverse_string/original_2_fuzz: Running 1 inputs 1 time(s) each.
Running: /script/motivating_example/sample_set/reverse_string/fuzzing_test/modified_inputs/0bcbc47d0800ee49689d4202200bfa2e1ff9f560
(lldb)  frame info
frame #0: 0x00005555555bb46e original_2_fuzz`reverse_string(str="!\U0000001e\U0000001e\U0000001e\U0000001e\U0000001e\U0000001e\U0000001e\U0000001e\U0000001e\U0000001e\U0000001e\U0000001e\U0000001e\U0000001e\U0000001e\U0000001e\U0000001e\U0000001e\U0000001e\U0000001e\U0000001e\U0000001e\U0000001e\U0000001e\U0000001e\U0000001e\U0000001e\U0000001e\U0000001e\U0000001e\U0000001e\U0000001e\U0000001e\U0000001e\U0000001e\U0000001e\U0000001e\U0000001e\U0000001e\U0000001e\U0000001e\U0000001e\U0000001e\U0000001e\U0000001e\U0000001e\U0000001e\U0000001e\U0000001e\U0000001e\U0000001e\U0000001e\U0000001e\xfb\xe0Ä½") at original_2.c:23:9
(lldb)  frame variable start -f dec 
(size_t) start = 1
(lldb)  frame variable end -f dec 
(size_t) end = 56
(lldb)  frame variable temp -f dec 
(char) temp = -67
(lldb)  continue
Process 106452 resuming
Command #6 'continue' continued the target.
(lldb)  frame info
frame #0: 0x00005555555bb46e original_2_fuzz`reverse_string(str="!\xc4\U0000001e\U0000001e\U0000001e\U0000001e\U0000001e\U0000001e\U0000001e\U0000001e\U0000001e\U0000001e\U0000001e\U0000001e\U0000001e\U0000001e\U0000001e\U0000001e\U0000001e\U0000001e\U0000001e\U0000001e\U0000001e\U0000001e\U0000001e\U0000001e\U0000001e\U0000001e\U0000001e\U0000001e\U0000001e\U0000001e\U0000001e\U0000001e\U0000001e\U0000001e\U0000001e\U0000001e\U0000001e\U0000001e\U0000001e\U0000001e\U0000001e\U0000001e\U0000001e\U0000001e\U0000001e\U0000001e\U0000001e\U0000001e\U0000001e\U0000001e\U0000001e\U0000001e\xfb\xe0\U0000001e\xbd") at original_2.c:23:9
(lldb)  frame variable start -f dec 
(size_t) start = 2
(lldb)  frame variable end -f dec 
(size_t) end = 55
(lldb)  frame variable temp -f dec 
(char) temp = 30
(lldb)  continue
Process 106452 resuming
Command #6 'continue' continued the target.
(lldb)  frame info
frame #0: 0x00005555555bb46e original_2_fuzz`reverse_string(str="!\xc4\xe0\U0000001e\U0000001e\U0000001e\U0000001e\U0000001e\U0000001e\U0000001e\U0000001e\U0000001e\U0000001e\U0000001e\U0000001e\U0000001e\U0000001e\U0000001e\U0000001e\U0000001e\U0000001e\U0000001e\U0000001e\U0000001e\U0000001e\U0000001e\U0000001e\U0000001e\U0000001e\U0000001e\U0000001e\U0000001e\U0000001e\U0000001e\U0000001e\U0000001e\U0000001e\U0000001e\U0000001e\U0000001e\U0000001e\U0000001e\U0000001e\U0000001e\U0000001e\U0000001e\U0000001e\U0000001e\U0000001e\U0000001e\U0000001e\U0000001e\U0000001e\U0000001e\xfb\U0000001e\U0000001e\xbd") at original_2.c:23:9
(lldb)  frame variable start -f dec 
(size_t) start = 3
(lldb)  frame variable end -f dec 
(size_t) end = 54
(lldb)  frame variable temp -f dec 
(char) temp = 30
(lldb)  continue
Process 106452 resuming
Command #6 'continue' continued the target.
(lldb)  frame info
frame #0: 0x00005555555bb46e original_2_fuzz`reverse_string(str="!\xc4\xe0\xfb\U0000001e\U0000001e\U0000001e\U0000001e\U0000001e\U0000001e\U0000001e\U0000001e\U0000001e\U0000001e\U0000001e\U0000001e\U0000001e\U0000001e\U0000001e\U0000001e\U0000001e\U0000001e\U0000001e\U0000001e\U0000001e\U0000001e\U0000001e\U0000001e\U0000001e\U0000001e\U0000001e\U0000001e\U0000001e\U0000001e\U0000001e\U0000001e\U0000001e\U0000001e\U0000001e\U0000001e\U0000001e\U0000001e\U0000001e\U0000001e\U0000001e\U0000001e\U0000001e\U0000001e\U0000001e\U0000001e\U0000001e\U0000001e\U0000001e\U0000001e\U0000001e\U0000001e\U0000001e\xbd") at original_2.c:23:9
(lldb)  frame variable start -f dec 
(size_t) start = 4
(lldb)  frame variable end -f dec 
(size_t) end = 53
(lldb)  frame variable temp -f dec 
(char) temp = 30
(lldb)  continue
Process 106452 resuming
Command #6 'continue' continued the target.
(lldb)  frame info
frame #0: 0x00005555555bb46e original_2_fuzz`reverse_string(str="!\xc4\xe0\xfb\U0000001e\U0000001e\U0000001e\U0000001e\U0000001e\U0000001e\U0000001e\U0000001e\U0000001e\U0000001e\U0000001e\U0000001e\U0000001e\U0000001e\U0000001e\U0000001e\U0000001e\U0000001e\U0000001e\U0000001e\U0000001e\U0000001e\U0000001e\U0000001e\U0000001e\U0000001e\U0000001e\U0000001e\U0000001e\U0000001e\U0000001e\U0000001e\U0000001e\U0000001e\U0000001e\U0000001e\U0000001e\U0000001e\U0000001e\U0000001e\U0000001e\U0000001e\U0000001e\U0000001e\U0000001e\U0000001e\U0000001e\U0000001e\U0000001e\U0000001e\U0000001e\U0000001e\U0000001e\xbd") at original_2.c:23:9
(lldb)  frame variable start -f dec 
(size_t) start = 5
(lldb)  frame variable end -f dec 
(size_t) end = 52
(lldb)  frame variable temp -f dec 
(char) temp = 30
(lldb)  continue
Process 106452 resuming
Command #6 'continue' continued the target.
(lldb)  frame info
frame #0: 0x00005555555bb46e original_2_fuzz`reverse_string(str="!\xc4\xe0\xfb\U0000001e\U0000001e\U0000001e\U0000001e\U0000001e\U0000001e\U0000001e\U0000001e\U0000001e\U0000001e\U0000001e\U0000001e\U0000001e\U0000001e\U0000001e\U0000001e\U0000001e\U0000001e\U0000001e\U0000001e\U0000001e\U0000001e\U0000001e\U0000001e\U0000001e\U0000001e\U0000001e\U0000001e\U0000001e\U0000001e\U0000001e\U0000001e\U0000001e\U0000001e\U0000001e\U0000001e\U0000001e\U0000001e\U0000001e\U0000001e\U0000001e\U0000001e\U0000001e\U0000001e\U0000001e\U0000001e\U0000001e\U0000001e\U0000001e\U0000001e\U0000001e\U0000001e\U0000001e\xbd") at original_2.c:23:9
(lldb)  frame variable start -f dec 
(size_t) start = 6
(lldb)  frame variable end -f dec 
(size_t) end = 51
(lldb)  frame variable temp -f dec 
(char) temp = 30
(lldb)  continue
Process 106452 resuming
Command #6 'continue' continued the target.
(lldb)  frame info
frame #0: 0x00005555555bb46e original_2_fuzz`reverse_string(str="!\xc4\xe0\xfb\U0000001e\U0000001e\U0000001e\U0000001e\U0000001e\U0000001e\U0000001e\U0000001e\U0000001e\U0000001e\U0000001e\U0000001e\U0000001e\U0000001e\U0000001e\U0000001e\U0000001e\U0000001e\U0000001e\U0000001e\U0000001e\U0000001e\U0000001e\U0000001e\U0000001e\U0000001e\U0000001e\U0000001e\U0000001e\U0000001e\U0000001e\U0000001e\U0000001e\U0000001e\U0000001e\U0000001e\U0000001e\U0000001e\U0000001e\U0000001e\U0000001e\U0000001e\U0000001e\U0000001e\U0000001e\U0000001e\U0000001e\U0000001e\U0000001e\U0000001e\U0000001e\U0000001e\U0000001e\xbd") at original_2.c:23:9
(lldb)  frame variable start -f dec 
(size_t) start = 7
(lldb)  frame variable end -f dec 
(size_t) end = 50
(lldb)  frame variable temp -f dec 
(char) temp = 30
(lldb)  continue
Process 106452 resuming
Command #6 'continue' continued the target.
(lldb)  frame info
frame #0: 0x00005555555bb46e original_2_fuzz`reverse_string(str="!\xc4\xe0\xfb\U0000001e\U0000001e\U0000001e\U0000001e\U0000001e\U0000001e\U0000001e\U0000001e\U0000001e\U0000001e\U0000001e\U0000001e\U0000001e\U0000001e\U0000001e\U0000001e\U0000001e\U0000001e\U0000001e\U0000001e\U0000001e\U0000001e\U0000001e\U0000001e\U0000001e\U0000001e\U0000001e\U0000001e\U0000001e\U0000001e\U0000001e\U0000001e\U0000001e\U0000001e\U0000001e\U0000001e\U0000001e\U0000001e\U0000001e\U0000001e\U0000001e\U0000001e\U0000001e\U0000001e\U0000001e\U0000001e\U0000001e\U0000001e\U0000001e\U0000001e\U0000001e\U0000001e\U0000001e\xbd") at original_2.c:23:9
(lldb)  frame variable start -f dec 
(size_t) start = 8
(lldb)  frame variable end -f dec 
(size_t) end = 49
(lldb)  frame variable temp -f dec 
(char) temp = 30
(lldb)  continue
Process 106452 resuming
Command #6 'continue' continued the target.
(lldb)  frame info
frame #0: 0x00005555555bb46e original_2_fuzz`reverse_string(str="!\xc4\xe0\xfb\U0000001e\U0000001e\U0000001e\U0000001e\U0000001e\U0000001e\U0000001e\U0000001e\U0000001e\U0000001e\U0000001e\U0000001e\U0000001e\U0000001e\U0000001e\U0000001e\U0000001e\U0000001e\U0000001e\U0000001e\U0000001e\U0000001e\U0000001e\U0000001e\U0000001e\U0000001e\U0000001e\U0000001e\U0000001e\U0000001e\U0000001e\U0000001e\U0000001e\U0000001e\U0000001e\U0000001e\U0000001e\U0000001e\U0000001e\U0000001e\U0000001e\U0000001e\U0000001e\U0000001e\U0000001e\U0000001e\U0000001e\U0000001e\U0000001e\U0000001e\U0000001e\U0000001e\U0000001e\xbd") at original_2.c:23:9
(lldb)  frame variable start -f dec 
(size_t) start = 9
(lldb)  frame variable end -f dec 
(size_t) end = 48
(lldb)  frame variable temp -f dec 
(char) temp = 30
(lldb)  continue
Process 106452 resuming
Command #6 'continue' continued the target.
(lldb)  frame info
frame #0: 0x00005555555bb46e original_2_fuzz`reverse_string(str="!\xc4\xe0\xfb\U0000001e\U0000001e\U0000001e\U0000001e\U0000001e\U0000001e\U0000001e\U0000001e\U0000001e\U0000001e\U0000001e\U0000001e\U0000001e\U0000001e\U0000001e\U0000001e\U0000001e\U0000001e\U0000001e\U0000001e\U0000001e\U0000001e\U0000001e\U0000001e\U0000001e\U0000001e\U0000001e\U0000001e\U0000001e\U0000001e\U0000001e\U0000001e\U0000001e\U0000001e\U0000001e\U0000001e\U0000001e\U0000001e\U0000001e\U0000001e\U0000001e\U0000001e\U0000001e\U0000001e\U0000001e\U0000001e\U0000001e\U0000001e\U0000001e\U0000001e\U0000001e\U0000001e\U0000001e\xbd") at original_2.c:23:9
(lldb)  frame variable start -f dec 
(size_t) start = 10
(lldb)  frame variable end -f dec 
(size_t) end = 47
(lldb)  frame variable temp -f dec 
(char) temp = 30
(lldb)  continue
Process 106452 resuming
Command #6 'continue' continued the target.
(lldb)  frame info
frame #0: 0x00005555555bb46e original_2_fuzz`reverse_string(str="!\xc4\xe0\xfb\U0000001e\U0000001e\U0000001e\U0000001e\U0000001e\U0000001e\U0000001e\U0000001e\U0000001e\U0000001e\U0000001e\U0000001e\U0000001e\U0000001e\U0000001e\U0000001e\U0000001e\U0000001e\U0000001e\U0000001e\U0000001e\U0000001e\U0000001e\U0000001e\U0000001e\U0000001e\U0000001e\U0000001e\U0000001e\U0000001e\U0000001e\U0000001e\U0000001e\U0000001e\U0000001e\U0000001e\U0000001e\U0000001e\U0000001e\U0000001e\U0000001e\U0000001e\U0000001e\U0000001e\U0000001e\U0000001e\U0000001e\U0000001e\U0000001e\U0000001e\U0000001e\U0000001e\U0000001e\xbd") at original_2.c:23:9
(lldb)  frame variable start -f dec 
(size_t) start = 11
(lldb)  frame variable end -f dec 
(size_t) end = 46
(lldb)  frame variable temp -f dec 
(char) temp = 30
(lldb)  continue
Process 106452 resuming
Command #6 'continue' continued the target.
(lldb)  frame info
frame #0: 0x00005555555bb46e original_2_fuzz`reverse_string(str="!\xc4\xe0\xfb\U0000001e\U0000001e\U0000001e\U0000001e\U0000001e\U0000001e\U0000001e\U0000001e\U0000001e\U0000001e\U0000001e\U0000001e\U0000001e\U0000001e\U0000001e\U0000001e\U0000001e\U0000001e\U0000001e\U0000001e\U0000001e\U0000001e\U0000001e\U0000001e\U0000001e\U0000001e\U0000001e\U0000001e\U0000001e\U0000001e\U0000001e\U0000001e\U0000001e\U0000001e\U0000001e\U0000001e\U0000001e\U0000001e\U0000001e\U0000001e\U0000001e\U0000001e\U0000001e\U0000001e\U0000001e\U0000001e\U0000001e\U0000001e\U0000001e\U0000001e\U0000001e\U0000001e\U0000001e\xbd") at original_2.c:23:9
(lldb)  frame variable start -f dec 
(size_t) start = 12
(lldb)  frame variable end -f dec 
(size_t) end = 45
(lldb)  frame variable temp -f dec 
(char) temp = 30
(lldb)  continue
Process 106452 resuming
Command #6 'continue' continued the target.
(lldb)  frame info
frame #0: 0x00005555555bb46e original_2_fuzz`reverse_string(str="!\xc4\xe0\xfb\U0000001e\U0000001e\U0000001e\U0000001e\U0000001e\U0000001e\U0000001e\U0000001e\U0000001e\U0000001e\U0000001e\U0000001e\U0000001e\U0000001e\U0000001e\U0000001e\U0000001e\U0000001e\U0000001e\U0000001e\U0000001e\U0000001e\U0000001e\U0000001e\U0000001e\U0000001e\U0000001e\U0000001e\U0000001e\U0000001e\U0000001e\U0000001e\U0000001e\U0000001e\U0000001e\U0000001e\U0000001e\U0000001e\U0000001e\U0000001e\U0000001e\U0000001e\U0000001e\U0000001e\U0000001e\U0000001e\U0000001e\U0000001e\U0000001e\U0000001e\U0000001e\U0000001e\U0000001e\xbd") at original_2.c:23:9
(lldb)  frame variable start -f dec 
(size_t) start = 13
(lldb)  frame variable end -f dec 
(size_t) end = 44
(lldb)  frame variable temp -f dec 
(char) temp = 30
(lldb)  continue
Process 106452 resuming
Command #6 'continue' continued the target.
(lldb)  frame info
frame #0: 0x00005555555bb46e original_2_fuzz`reverse_string(str="!\xc4\xe0\xfb\U0000001e\U0000001e\U0000001e\U0000001e\U0000001e\U0000001e\U0000001e\U0000001e\U0000001e\U0000001e\U0000001e\U0000001e\U0000001e\U0000001e\U0000001e\U0000001e\U0000001e\U0000001e\U0000001e\U0000001e\U0000001e\U0000001e\U0000001e\U0000001e\U0000001e\U0000001e\U0000001e\U0000001e\U0000001e\U0000001e\U0000001e\U0000001e\U0000001e\U0000001e\U0000001e\U0000001e\U0000001e\U0000001e\U0000001e\U0000001e\U0000001e\U0000001e\U0000001e\U0000001e\U0000001e\U0000001e\U0000001e\U0000001e\U0000001e\U0000001e\U0000001e\U0000001e\U0000001e\xbd") at original_2.c:23:9
(lldb)  frame variable start -f dec 
(size_t) start = 14
(lldb)  frame variable end -f dec 
(size_t) end = 43
(lldb)  frame variable temp -f dec 
(char) temp = 30
(lldb)  continue
Process 106452 resuming
Command #6 'continue' continued the target.
(lldb)  frame info
frame #0: 0x00005555555bb46e original_2_fuzz`reverse_string(str="!\xc4\xe0\xfb\U0000001e\U0000001e\U0000001e\U0000001e\U0000001e\U0000001e\U0000001e\U0000001e\U0000001e\U0000001e\U0000001e\U0000001e\U0000001e\U0000001e\U0000001e\U0000001e\U0000001e\U0000001e\U0000001e\U0000001e\U0000001e\U0000001e\U0000001e\U0000001e\U0000001e\U0000001e\U0000001e\U0000001e\U0000001e\U0000001e\U0000001e\U0000001e\U0000001e\U0000001e\U0000001e\U0000001e\U0000001e\U0000001e\U0000001e\U0000001e\U0000001e\U0000001e\U0000001e\U0000001e\U0000001e\U0000001e\U0000001e\U0000001e\U0000001e\U0000001e\U0000001e\U0000001e\U0000001e\xbd") at original_2.c:23:9
(lldb)  frame variable start -f dec 
(size_t) start = 15
(lldb)  frame variable end -f dec 
(size_t) end = 42
(lldb)  frame variable temp -f dec 
(char) temp = 30
(lldb)  continue
Process 106452 resuming
Command #6 'continue' continued the target.
(lldb)  frame info
frame #0: 0x00005555555bb46e original_2_fuzz`reverse_string(str="!\xc4\xe0\xfb\U0000001e\U0000001e\U0000001e\U0000001e\U0000001e\U0000001e\U0000001e\U0000001e\U0000001e\U0000001e\U0000001e\U0000001e\U0000001e\U0000001e\U0000001e\U0000001e\U0000001e\U0000001e\U0000001e\U0000001e\U0000001e\U0000001e\U0000001e\U0000001e\U0000001e\U0000001e\U0000001e\U0000001e\U0000001e\U0000001e\U0000001e\U0000001e\U0000001e\U0000001e\U0000001e\U0000001e\U0000001e\U0000001e\U0000001e\U0000001e\U0000001e\U0000001e\U0000001e\U0000001e\U0000001e\U0000001e\U0000001e\U0000001e\U0000001e\U0000001e\U0000001e\U0000001e\U0000001e\xbd") at original_2.c:23:9
(lldb)  frame variable start -f dec 
(size_t) start = 16
(lldb)  frame variable end -f dec 
(size_t) end = 41
(lldb)  frame variable temp -f dec 
(char) temp = 30
(lldb)  continue
Process 106452 resuming
Command #6 'continue' continued the target.
(lldb)  frame info
frame #0: 0x00005555555bb46e original_2_fuzz`reverse_string(str="!\xc4\xe0\xfb\U0000001e\U0000001e\U0000001e\U0000001e\U0000001e\U0000001e\U0000001e\U0000001e\U0000001e\U0000001e\U0000001e\U0000001e\U0000001e\U0000001e\U0000001e\U0000001e\U0000001e\U0000001e\U0000001e\U0000001e\U0000001e\U0000001e\U0000001e\U0000001e\U0000001e\U0000001e\U0000001e\U0000001e\U0000001e\U0000001e\U0000001e\U0000001e\U0000001e\U0000001e\U0000001e\U0000001e\U0000001e\U0000001e\U0000001e\U0000001e\U0000001e\U0000001e\U0000001e\U0000001e\U0000001e\U0000001e\U0000001e\U0000001e\U0000001e\U0000001e\U0000001e\U0000001e\U0000001e\xbd") at original_2.c:23:9
(lldb)  frame variable start -f dec 
(size_t) start = 17
(lldb)  frame variable end -f dec 
(size_t) end = 40
(lldb)  frame variable temp -f dec 
(char) temp = 30
(lldb)  continue
Process 106452 resuming
Command #6 'continue' continued the target.
(lldb)  frame info
frame #0: 0x00005555555bb46e original_2_fuzz`reverse_string(str="!\xc4\xe0\xfb\U0000001e\U0000001e\U0000001e\U0000001e\U0000001e\U0000001e\U0000001e\U0000001e\U0000001e\U0000001e\U0000001e\U0000001e\U0000001e\U0000001e\U0000001e\U0000001e\U0000001e\U0000001e\U0000001e\U0000001e\U0000001e\U0000001e\U0000001e\U0000001e\U0000001e\U0000001e\U0000001e\U0000001e\U0000001e\U0000001e\U0000001e\U0000001e\U0000001e\U0000001e\U0000001e\U0000001e\U0000001e\U0000001e\U0000001e\U0000001e\U0000001e\U0000001e\U0000001e\U0000001e\U0000001e\U0000001e\U0000001e\U0000001e\U0000001e\U0000001e\U0000001e\U0000001e\U0000001e\xbd") at original_2.c:23:9
(lldb)  frame variable start -f dec 
(size_t) start = 18
(lldb)  frame variable end -f dec 
(size_t) end = 39
(lldb)  frame variable temp -f dec 
(char) temp = 30
(lldb)  continue
Process 106452 resuming
Command #6 'continue' continued the target.
(lldb)  frame info
frame #0: 0x00005555555bb46e original_2_fuzz`reverse_string(str="!\xc4\xe0\xfb\U0000001e\U0000001e\U0000001e\U0000001e\U0000001e\U0000001e\U0000001e\U0000001e\U0000001e\U0000001e\U0000001e\U0000001e\U0000001e\U0000001e\U0000001e\U0000001e\U0000001e\U0000001e\U0000001e\U0000001e\U0000001e\U0000001e\U0000001e\U0000001e\U0000001e\U0000001e\U0000001e\U0000001e\U0000001e\U0000001e\U0000001e\U0000001e\U0000001e\U0000001e\U0000001e\U0000001e\U0000001e\U0000001e\U0000001e\U0000001e\U0000001e\U0000001e\U0000001e\U0000001e\U0000001e\U0000001e\U0000001e\U0000001e\U0000001e\U0000001e\U0000001e\U0000001e\U0000001e\xbd") at original_2.c:23:9
(lldb)  frame variable start -f dec 
(size_t) start = 19
(lldb)  frame variable end -f dec 
(size_t) end = 38
(lldb)  frame variable temp -f dec 
(char) temp = 30
(lldb)  continue
Process 106452 resuming
Command #6 'continue' continued the target.
(lldb)  frame info
frame #0: 0x00005555555bb46e original_2_fuzz`reverse_string(str="!\xc4\xe0\xfb\U0000001e\U0000001e\U0000001e\U0000001e\U0000001e\U0000001e\U0000001e\U0000001e\U0000001e\U0000001e\U0000001e\U0000001e\U0000001e\U0000001e\U0000001e\U0000001e\U0000001e\U0000001e\U0000001e\U0000001e\U0000001e\U0000001e\U0000001e\U0000001e\U0000001e\U0000001e\U0000001e\U0000001e\U0000001e\U0000001e\U0000001e\U0000001e\U0000001e\U0000001e\U0000001e\U0000001e\U0000001e\U0000001e\U0000001e\U0000001e\U0000001e\U0000001e\U0000001e\U0000001e\U0000001e\U0000001e\U0000001e\U0000001e\U0000001e\U0000001e\U0000001e\U0000001e\U0000001e\xbd") at original_2.c:23:9
(lldb)  frame variable start -f dec 
(size_t) start = 20
(lldb)  frame variable end -f dec 
(size_t) end = 37
(lldb)  frame variable temp -f dec 
(char) temp = 30
(lldb)  continue
Process 106452 resuming
Command #6 'continue' continued the target.
(lldb)  frame info
frame #0: 0x00005555555bb46e original_2_fuzz`reverse_string(str="!\xc4\xe0\xfb\U0000001e\U0000001e\U0000001e\U0000001e\U0000001e\U0000001e\U0000001e\U0000001e\U0000001e\U0000001e\U0000001e\U0000001e\U0000001e\U0000001e\U0000001e\U0000001e\U0000001e\U0000001e\U0000001e\U0000001e\U0000001e\U0000001e\U0000001e\U0000001e\U0000001e\U0000001e\U0000001e\U0000001e\U0000001e\U0000001e\U0000001e\U0000001e\U0000001e\U0000001e\U0000001e\U0000001e\U0000001e\U0000001e\U0000001e\U0000001e\U0000001e\U0000001e\U0000001e\U0000001e\U0000001e\U0000001e\U0000001e\U0000001e\U0000001e\U0000001e\U0000001e\U0000001e\U0000001e\xbd") at original_2.c:23:9
(lldb)  frame variable start -f dec 
(size_t) start = 21
(lldb)  frame variable end -f dec 
(size_t) end = 36
(lldb)  frame variable temp -f dec 
(char) temp = 30
(lldb)  continue
Process 106452 resuming
Command #6 'continue' continued the target.
(lldb)  frame info
frame #0: 0x00005555555bb46e original_2_fuzz`reverse_string(str="!\xc4\xe0\xfb\U0000001e\U0000001e\U0000001e\U0000001e\U0000001e\U0000001e\U0000001e\U0000001e\U0000001e\U0000001e\U0000001e\U0000001e\U0000001e\U0000001e\U0000001e\U0000001e\U0000001e\U0000001e\U0000001e\U0000001e\U0000001e\U0000001e\U0000001e\U0000001e\U0000001e\U0000001e\U0000001e\U0000001e\U0000001e\U0000001e\U0000001e\U0000001e\U0000001e\U0000001e\U0000001e\U0000001e\U0000001e\U0000001e\U0000001e\U0000001e\U0000001e\U0000001e\U0000001e\U0000001e\U0000001e\U0000001e\U0000001e\U0000001e\U0000001e\U0000001e\U0000001e\U0000001e\U0000001e\xbd") at original_2.c:23:9
(lldb)  frame variable start -f dec 
(size_t) start = 22
(lldb)  frame variable end -f dec 
(size_t) end = 35
(lldb)  frame variable temp -f dec 
(char) temp = 30
(lldb)  continue
Process 106452 resuming
Command #6 'continue' continued the target.
(lldb)  frame info
frame #0: 0x00005555555bb46e original_2_fuzz`reverse_string(str="!\xc4\xe0\xfb\U0000001e\U0000001e\U0000001e\U0000001e\U0000001e\U0000001e\U0000001e\U0000001e\U0000001e\U0000001e\U0000001e\U0000001e\U0000001e\U0000001e\U0000001e\U0000001e\U0000001e\U0000001e\U0000001e\U0000001e\U0000001e\U0000001e\U0000001e\U0000001e\U0000001e\U0000001e\U0000001e\U0000001e\U0000001e\U0000001e\U0000001e\U0000001e\U0000001e\U0000001e\U0000001e\U0000001e\U0000001e\U0000001e\U0000001e\U0000001e\U0000001e\U0000001e\U0000001e\U0000001e\U0000001e\U0000001e\U0000001e\U0000001e\U0000001e\U0000001e\U0000001e\U0000001e\U0000001e\xbd") at original_2.c:23:9
(lldb)  frame variable start -f dec 
(size_t) start = 23
(lldb)  frame variable end -f dec 
(size_t) end = 34
(lldb)  frame variable temp -f dec 
(char) temp = 30
(lldb)  continue
Process 106452 resuming
Command #6 'continue' continued the target.
(lldb)  frame info
frame #0: 0x00005555555bb46e original_2_fuzz`reverse_string(str="!\xc4\xe0\xfb\U0000001e\U0000001e\U0000001e\U0000001e\U0000001e\U0000001e\U0000001e\U0000001e\U0000001e\U0000001e\U0000001e\U0000001e\U0000001e\U0000001e\U0000001e\U0000001e\U0000001e\U0000001e\U0000001e\U0000001e\U0000001e\U0000001e\U0000001e\U0000001e\U0000001e\U0000001e\U0000001e\U0000001e\U0000001e\U0000001e\U0000001e\U0000001e\U0000001e\U0000001e\U0000001e\U0000001e\U0000001e\U0000001e\U0000001e\U0000001e\U0000001e\U0000001e\U0000001e\U0000001e\U0000001e\U0000001e\U0000001e\U0000001e\U0000001e\U0000001e\U0000001e\U0000001e\U0000001e\xbd") at original_2.c:23:9
(lldb)  frame variable start -f dec 
(size_t) start = 24
(lldb)  frame variable end -f dec 
(size_t) end = 33
(lldb)  frame variable temp -f dec 
(char) temp = 30
(lldb)  continue
Process 106452 resuming
Command #6 'continue' continued the target.
(lldb)  frame info
frame #0: 0x00005555555bb46e original_2_fuzz`reverse_string(str="!\xc4\xe0\xfb\U0000001e\U0000001e\U0000001e\U0000001e\U0000001e\U0000001e\U0000001e\U0000001e\U0000001e\U0000001e\U0000001e\U0000001e\U0000001e\U0000001e\U0000001e\U0000001e\U0000001e\U0000001e\U0000001e\U0000001e\U0000001e\U0000001e\U0000001e\U0000001e\U0000001e\U0000001e\U0000001e\U0000001e\U0000001e\U0000001e\U0000001e\U0000001e\U0000001e\U0000001e\U0000001e\U0000001e\U0000001e\U0000001e\U0000001e\U0000001e\U0000001e\U0000001e\U0000001e\U0000001e\U0000001e\U0000001e\U0000001e\U0000001e\U0000001e\U0000001e\U0000001e\U0000001e\U0000001e\xbd") at original_2.c:23:9
(lldb)  frame variable start -f dec 
(size_t) start = 25
(lldb)  frame variable end -f dec 
(size_t) end = 32
(lldb)  frame variable temp -f dec 
(char) temp = 30
(lldb)  continue
Process 106452 resuming
Command #6 'continue' continued the target.
(lldb)  frame info
frame #0: 0x00005555555bb46e original_2_fuzz`reverse_string(str="!\xc4\xe0\xfb\U0000001e\U0000001e\U0000001e\U0000001e\U0000001e\U0000001e\U0000001e\U0000001e\U0000001e\U0000001e\U0000001e\U0000001e\U0000001e\U0000001e\U0000001e\U0000001e\U0000001e\U0000001e\U0000001e\U0000001e\U0000001e\U0000001e\U0000001e\U0000001e\U0000001e\U0000001e\U0000001e\U0000001e\U0000001e\U0000001e\U0000001e\U0000001e\U0000001e\U0000001e\U0000001e\U0000001e\U0000001e\U0000001e\U0000001e\U0000001e\U0000001e\U0000001e\U0000001e\U0000001e\U0000001e\U0000001e\U0000001e\U0000001e\U0000001e\U0000001e\U0000001e\U0000001e\U0000001e\xbd") at original_2.c:23:9
(lldb)  frame variable start -f dec 
(size_t) start = 26
(lldb)  frame variable end -f dec 
(size_t) end = 31
(lldb)  frame variable temp -f dec 
(char) temp = 30
(lldb)  continue
Process 106452 resuming
Command #6 'continue' continued the target.
(lldb)  frame info
frame #0: 0x00005555555bb46e original_2_fuzz`reverse_string(str="!\xc4\xe0\xfb\U0000001e\U0000001e\U0000001e\U0000001e\U0000001e\U0000001e\U0000001e\U0000001e\U0000001e\U0000001e\U0000001e\U0000001e\U0000001e\U0000001e\U0000001e\U0000001e\U0000001e\U0000001e\U0000001e\U0000001e\U0000001e\U0000001e\U0000001e\U0000001e\U0000001e\U0000001e\U0000001e\U0000001e\U0000001e\U0000001e\U0000001e\U0000001e\U0000001e\U0000001e\U0000001e\U0000001e\U0000001e\U0000001e\U0000001e\U0000001e\U0000001e\U0000001e\U0000001e\U0000001e\U0000001e\U0000001e\U0000001e\U0000001e\U0000001e\U0000001e\U0000001e\U0000001e\U0000001e\xbd") at original_2.c:23:9
(lldb)  frame variable start -f dec 
(size_t) start = 27
(lldb)  frame variable end -f dec 
(size_t) end = 30
(lldb)  frame variable temp -f dec 
(char) temp = 30
(lldb)  continue
Process 106452 resuming
Command #6 'continue' continued the target.
(lldb)  frame info
frame #0: 0x00005555555bb46e original_2_fuzz`reverse_string(str="!\xc4\xe0\xfb\U0000001e\U0000001e\U0000001e\U0000001e\U0000001e\U0000001e\U0000001e\U0000001e\U0000001e\U0000001e\U0000001e\U0000001e\U0000001e\U0000001e\U0000001e\U0000001e\U0000001e\U0000001e\U0000001e\U0000001e\U0000001e\U0000001e\U0000001e\U0000001e\U0000001e\U0000001e\U0000001e\U0000001e\U0000001e\U0000001e\U0000001e\U0000001e\U0000001e\U0000001e\U0000001e\U0000001e\U0000001e\U0000001e\U0000001e\U0000001e\U0000001e\U0000001e\U0000001e\U0000001e\U0000001e\U0000001e\U0000001e\U0000001e\U0000001e\U0000001e\U0000001e\U0000001e\U0000001e\xbd") at original_2.c:23:9
(lldb)  frame variable start -f dec 
(size_t) start = 28
(lldb)  frame variable end -f dec 
(size_t) end = 29
(lldb)  frame variable temp -f dec 
(char) temp = 30
(lldb)  continue
Process 106452 resuming
Command #6 'continue' continued the target.
(lldb)  frame info
frame #0: 0x00005555555bb46e original_2_fuzz`reverse_string(str="!\xc4\xe0\xfb\U0000001e\U0000001e\U0000001e\U0000001e\U0000001e\U0000001e\U0000001e\U0000001e\U0000001e\U0000001e\U0000001e\U0000001e\U0000001e\U0000001e\U0000001e\U0000001e\U0000001e\U0000001e\U0000001e\U0000001e\U0000001e\U0000001e\U0000001e\U0000001e\U0000001e\U0000001e\U0000001e\U0000001e\U0000001e\U0000001e\U0000001e\U0000001e\U0000001e\U0000001e\U0000001e\U0000001e\U0000001e\U0000001e\U0000001e\U0000001e\U0000001e\U0000001e\U0000001e\U0000001e\U0000001e\U0000001e\U0000001e\U0000001e\U0000001e\U0000001e\U0000001e\U0000001e\U0000001e\xbd") at original_2.c:23:9
(lldb)  frame variable start -f dec 
(size_t) start = 29
(lldb)  frame variable end -f dec 
(size_t) end = 28
(lldb)  frame variable temp -f dec 
(char) temp = 30
(lldb)  continue
Process 106452 resuming
Command #6 'continue' continued the target.
Executed /script/motivating_example/sample_set/reverse_string/fuzzing_test/modified_inputs/0bcbc47d0800ee49689d4202200bfa2e1ff9f560 in 47 ms
***
*** NOTE: fuzzing was not performed, you have only
***       executed the target code on a fixed set of inputs.
***
Process 106452 exited with status = 0 (0x00000000)
Process 106452 launched: '/script/motivating_example/sample_set/reverse_string/original_2_fuzz' (x86_64)
(lldb) quit