(lldb) target create "original_1_fuzz"
Current executable set to '/script/motivating_example/sample_set/gcd/original_1_fuzz' (x86_64).
(lldb) command source -s 0 '/script/motivating_example/sample_set/gcd/fuzzing_test/original_1_debug/script/f568878be11f17cba407f04df726d571d0051a89/batch.lldb'
Executing commands in '/script/motivating_example/sample_set/gcd/fuzzing_test/original_1_debug/script/f568878be11f17cba407f04df726d571d0051a89/batch.lldb'.
(lldb) settings set interpreter.stop-command-source-on-error 0
(lldb) settings set auto-confirm 1
(lldb) breakpoint set --file /script/motivating_example/sample_set/gcd/original_1.c --line 10
Breakpoint 1: where = original_1_fuzz`gcd + 124 at original_1.c:10:9, address = 0x000000000006742c
(lldb) breakpoint command add 1
(lldb) run /script/motivating_example/sample_set/gcd/fuzzing_test/modified_inputs/f568878be11f17cba407f04df726d571d0051a89
INFO: Running with entropic power schedule (0xFF, 100).
INFO: Seed: 472114366
INFO: Loaded 1 modules   (10 inline 8-bit counters): 10 [0x5555555defb0, 0x5555555defba), 
INFO: Loaded 1 PC tables (10 PCs): 10 [0x5555555defc0,0x5555555df060), 
/script/motivating_example/sample_set/gcd/original_1_fuzz: Running 1 inputs 1 time(s) each.
Running: /script/motivating_example/sample_set/gcd/fuzzing_test/modified_inputs/f568878be11f17cba407f04df726d571d0051a89
(lldb)  frame info
frame #0: 0x00005555555bb42c original_1_fuzz`gcd(a=1728734823, b=-418748825) at original_1.c:10:9
(lldb)  frame variable a -f dec 
(int) a = 1728734823
(lldb)  frame variable b -f dec 
(int) b = -418748825
(lldb)  continue
Process 84343 resuming
Command #5 'continue' continued the target.
(lldb)  frame info
frame #0: 0x00005555555bb42c original_1_fuzz`gcd(a=-418748825, b=53739523) at original_1.c:10:9
(lldb)  frame variable a -f dec 
(int) a = -418748825
(lldb)  frame variable b -f dec 
(int) b = 53739523
(lldb)  continue
Process 84343 resuming
Command #5 'continue' continued the target.
(lldb)  frame info
frame #0: 0x00005555555bb42c original_1_fuzz`gcd(a=53739523, b=-42572164) at original_1.c:10:9
(lldb)  frame variable a -f dec 
(int) a = 53739523
(lldb)  frame variable b -f dec 
(int) b = -42572164
(lldb)  continue
Process 84343 resuming
Command #5 'continue' continued the target.
(lldb)  frame info
frame #0: 0x00005555555bb42c original_1_fuzz`gcd(a=-42572164, b=11167359) at original_1.c:10:9
(lldb)  frame variable a -f dec 
(int) a = -42572164
(lldb)  frame variable b -f dec 
(int) b = 11167359
(lldb)  continue
Process 84343 resuming
Command #5 'continue' continued the target.
(lldb)  frame info
frame #0: 0x00005555555bb42c original_1_fuzz`gcd(a=11167359, b=-9070087) at original_1.c:10:9
(lldb)  frame variable a -f dec 
(int) a = 11167359
(lldb)  frame variable b -f dec 
(int) b = -9070087
(lldb)  continue
Process 84343 resuming
Command #5 'continue' continued the target.
(lldb)  frame info
frame #0: 0x00005555555bb42c original_1_fuzz`gcd(a=-9070087, b=2097272) at original_1.c:10:9
(lldb)  frame variable a -f dec 
(int) a = -9070087
(lldb)  frame variable b -f dec 
(int) b = 2097272
(lldb)  continue
Process 84343 resuming
Command #5 'continue' continued the target.
(lldb)  frame info
frame #0: 0x00005555555bb42c original_1_fuzz`gcd(a=2097272, b=-680999) at original_1.c:10:9
(lldb)  frame variable a -f dec 
(int) a = 2097272
(lldb)  frame variable b -f dec 
(int) b = -680999
(lldb)  continue
Process 84343 resuming
Command #5 'continue' continued the target.
(lldb)  frame info
frame #0: 0x00005555555bb42c original_1_fuzz`gcd(a=-680999, b=54275) at original_1.c:10:9
(lldb)  frame variable a -f dec 
(int) a = -680999
(lldb)  frame variable b -f dec 
(int) b = 54275
(lldb)  continue
Process 84343 resuming
Command #5 'continue' continued the target.
(lldb)  frame info
frame #0: 0x00005555555bb42c original_1_fuzz`gcd(a=54275, b=-29699) at original_1.c:10:9
(lldb)  frame variable a -f dec 
(int) a = 54275
(lldb)  frame variable b -f dec 
(int) b = -29699
(lldb)  continue
Process 84343 resuming
Command #5 'continue' continued the target.
(lldb)  frame info
frame #0: 0x00005555555bb42c original_1_fuzz`gcd(a=-29699, b=24576) at original_1.c:10:9
(lldb)  frame variable a -f dec 
(int) a = -29699
(lldb)  frame variable b -f dec 
(int) b = 24576
(lldb)  continue
Process 84343 resuming
Command #5 'continue' continued the target.
(lldb)  frame info
frame #0: 0x00005555555bb42c original_1_fuzz`gcd(a=24576, b=-5123) at original_1.c:10:9
(lldb)  frame variable a -f dec 
(int) a = 24576
(lldb)  frame variable b -f dec 
(int) b = -5123
(lldb)  continue
Process 84343 resuming
Command #5 'continue' continued the target.
(lldb)  frame info
frame #0: 0x00005555555bb42c original_1_fuzz`gcd(a=-5123, b=4084) at original_1.c:10:9
(lldb)  frame variable a -f dec 
(int) a = -5123
(lldb)  frame variable b -f dec 
(int) b = 4084
(lldb)  continue
Process 84343 resuming
Command #5 'continue' continued the target.
(lldb)  frame info
frame #0: 0x00005555555bb42c original_1_fuzz`gcd(a=4084, b=-1039) at original_1.c:10:9
(lldb)  frame variable a -f dec 
(int) a = 4084
(lldb)  frame variable b -f dec 
(int) b = -1039
(lldb)  continue
Process 84343 resuming
Command #5 'continue' continued the target.
(lldb)  frame info
frame #0: 0x00005555555bb42c original_1_fuzz`gcd(a=-1039, b=967) at original_1.c:10:9
(lldb)  frame variable a -f dec 
(int) a = -1039
(lldb)  frame variable b -f dec 
(int) b = 967
(lldb)  continue
Process 84343 resuming
Command #5 'continue' continued the target.
(lldb)  frame info
frame #0: 0x00005555555bb42c original_1_fuzz`gcd(a=967, b=-72) at original_1.c:10:9
(lldb)  frame variable a -f dec 
(int) a = 967
(lldb)  frame variable b -f dec 
(int) b = -72
(lldb)  continue
Process 84343 resuming
Command #5 'continue' continued the target.
(lldb)  frame info
frame #0: 0x00005555555bb42c original_1_fuzz`gcd(a=-72, b=31) at original_1.c:10:9
(lldb)  frame variable a -f dec 
(int) a = -72
(lldb)  frame variable b -f dec 
(int) b = 31
(lldb)  continue
Process 84343 resuming
Command #5 'continue' continued the target.
(lldb)  frame info
frame #0: 0x00005555555bb42c original_1_fuzz`gcd(a=31, b=-10) at original_1.c:10:9
(lldb)  frame variable a -f dec 
(int) a = 31
(lldb)  frame variable b -f dec 
(int) b = -10
(lldb)  continue
Process 84343 resuming
Command #5 'continue' continued the target.
(lldb)  frame info
frame #0: 0x00005555555bb42c original_1_fuzz`gcd(a=-10, b=1) at original_1.c:10:9
(lldb)  frame variable a -f dec 
(int) a = -10
(lldb)  frame variable b -f dec 
(int) b = 1
(lldb)  continue
Process 84343 resuming
Command #5 'continue' continued the target.
(lldb)  frame info
frame #0: 0x00005555555bb42c original_1_fuzz`gcd(a=1, b=0) at original_1.c:10:9
(lldb)  frame variable a -f dec 
(int) a = 1
(lldb)  frame variable b -f dec 
(int) b = 0
(lldb)  continue
Process 84343 resuming
Command #5 'continue' continued the target.
Executed /script/motivating_example/sample_set/gcd/fuzzing_test/modified_inputs/f568878be11f17cba407f04df726d571d0051a89 in 32 ms
***
*** NOTE: fuzzing was not performed, you have only
***       executed the target code on a fixed set of inputs.
***
Process 84343 exited with status = 0 (0x00000000)
Process 84343 launched: '/script/motivating_example/sample_set/gcd/original_1_fuzz' (x86_64)
(lldb) quit
