(lldb) target create "modified_fuzz"
Current executable set to '/script/motivating_example/sample_set/gcd/modified_fuzz' (x86_64).
(lldb) command source -s 0 '/script/motivating_example/sample_set/gcd/fuzzing_test/modified_debug/script/765d07f622c3a24bd12a2c9a8c24271c3050ea19/batch.lldb'
Executing commands in '/script/motivating_example/sample_set/gcd/fuzzing_test/modified_debug/script/765d07f622c3a24bd12a2c9a8c24271c3050ea19/batch.lldb'.
(lldb) settings set interpreter.stop-command-source-on-error 0
(lldb) settings set auto-confirm 1
(lldb) breakpoint set --file /script/motivating_example/sample_set/gcd/modified.c --line 9
Breakpoint 1: where = modified_fuzz`gcd + 121 at modified.c:9:9, address = 0x0000000000067429
(lldb) breakpoint command add 1
(lldb) run /script/motivating_example/sample_set/gcd/fuzzing_test/modified_inputs/765d07f622c3a24bd12a2c9a8c24271c3050ea19
INFO: Running with entropic power schedule (0xFF, 100).
INFO: Seed: 1709761974
INFO: Loaded 1 modules   (10 inline 8-bit counters): 10 [0x5555555defb0, 0x5555555defba), 
INFO: Loaded 1 PC tables (10 PCs): 10 [0x5555555defc0,0x5555555df060), 
/script/motivating_example/sample_set/gcd/modified_fuzz: Running 1 inputs 1 time(s) each.
Running: /script/motivating_example/sample_set/gcd/fuzzing_test/modified_inputs/765d07f622c3a24bd12a2c9a8c24271c3050ea19
(lldb)  frame info
frame #0: 0x00005555555bb429 modified_fuzz`gcd(a=1736441855, b=411041792) at modified.c:9:9
(lldb)  frame variable a -f dec 
(int) a = 1736441855
(lldb)  frame variable b -f dec 
(int) b = 411041792
(lldb)  continue
Process 74044 resuming
Command #5 'continue' continued the target.
(lldb)  frame info
frame #0: 0x00005555555bb429 modified_fuzz`gcd(a=1644167168, b=92274687) at modified.c:9:9
(lldb)  frame variable a -f dec 
(int) a = 1644167168
(lldb)  frame variable b -f dec 
(int) b = 92274687
(lldb)  continue
Process 74044 resuming
Command #5 'continue' continued the target.
(lldb)  frame info
frame #0: 0x00005555555bb429 modified_fuzz`gcd(a=1568669679, b=75497489) at modified.c:9:9
(lldb)  frame variable a -f dec 
(int) a = 1568669679
(lldb)  frame variable b -f dec 
(int) b = 75497489
(lldb)  continue
Process 74044 resuming
Command #5 'continue' continued the target.
(lldb)  frame info
frame #0: 0x00005555555bb429 modified_fuzz`gcd(a=1509949780, b=58719899) at modified.c:9:9
(lldb)  frame variable a -f dec 
(int) a = 1509949780
(lldb)  frame variable b -f dec 
(int) b = 58719899
(lldb)  continue
Process 74044 resuming
Command #5 'continue' continued the target.
(lldb)  frame info
frame #0: 0x00005555555bb429 modified_fuzz`gcd(a=1467997475, b=41952305) at modified.c:9:9
(lldb)  frame variable a -f dec 
(int) a = 1467997475
(lldb)  frame variable b -f dec 
(int) b = 41952305
(lldb)  continue
Process 74044 resuming
Command #5 'continue' continued the target.
(lldb)  frame info
frame #0: 0x00005555555bb429 modified_fuzz`gcd(a=1426378370, b=41619105) at modified.c:9:9
(lldb)  frame variable a -f dec 
(int) a = 1426378370
(lldb)  frame variable b -f dec 
(int) b = 41619105
(lldb)  continue
Process 74044 resuming
Command #5 'continue' continued the target.
(lldb)  frame info
frame #0: 0x00005555555bb429 modified_fuzz`gcd(a=1415049570, b=11328800) at modified.c:9:9
(lldb)  frame variable a -f dec 
(int) a = 1415049570
(lldb)  frame variable b -f dec 
(int) b = 11328800
(lldb)  continue
Process 74044 resuming
Command #5 'continue' continued the target.
(lldb)  frame info
frame #0: 0x00005555555bb429 modified_fuzz`gcd(a=1404771200, b=10278370) at modified.c:9:9
(lldb)  frame variable a -f dec 
(int) a = 1404771200
(lldb)  frame variable b -f dec 
(int) b = 10278370
(lldb)  continue
Process 74044 resuming
Command #5 'continue' continued the target.
(lldb)  frame info
frame #0: 0x00005555555bb429 modified_fuzz`gcd(a=1397858320, b=6912880) at modified.c:9:9
(lldb)  frame variable a -f dec 
(int) a = 1397858320
(lldb)  frame variable b -f dec 
(int) b = 6912880
(lldb)  continue
Process 74044 resuming
Command #5 'continue' continued the target.
(lldb)  frame info
frame #0: 0x00005555555bb429 modified_fuzz`gcd(a=1396401760, b=1456560) at modified.c:9:9
(lldb)  frame variable a -f dec 
(int) a = 1396401760
(lldb)  frame variable b -f dec 
(int) b = 1456560
(lldb)  continue
Process 74044 resuming
Command #5 'continue' continued the target.
(lldb)  frame info
frame #0: 0x00005555555bb429 modified_fuzz`gcd(a=1395384480, b=1017280) at modified.c:9:9
(lldb)  frame variable a -f dec 
(int) a = 1395384480
(lldb)  frame variable b -f dec 
(int) b = 1017280
(lldb)  continue
Process 74044 resuming
Command #5 'continue' continued the target.
(lldb)  frame info
frame #0: 0x00005555555bb429 modified_fuzz`gcd(a=1394690880, b=693600) at modified.c:9:9
(lldb)  frame variable a -f dec 
(int) a = 1394690880
(lldb)  frame variable b -f dec 
(int) b = 693600
(lldb)  continue
Process 74044 resuming
Command #5 'continue' continued the target.
(lldb)  frame info
frame #0: 0x00005555555bb429 modified_fuzz`gcd(a=1394136000, b=554880) at modified.c:9:9
(lldb)  frame variable a -f dec 
(int) a = 1394136000
(lldb)  frame variable b -f dec 
(int) b = 554880
(lldb)  continue
Process 74044 resuming
Command #5 'continue' continued the target.
(lldb)  frame info
frame #0: 0x00005555555bb429 modified_fuzz`gcd(a=1393858560, b=277440) at modified.c:9:9
(lldb)  frame variable a -f dec 
(int) a = 1393858560
(lldb)  frame variable b -f dec 
(int) b = 277440
(lldb)  continue
Process 74044 resuming
Command #5 'continue' continued the target.
(lldb)  frame info
frame #0: 0x00005555555bb429 modified_fuzz`gcd(a=1393858560, b=0) at modified.c:9:9
(lldb)  frame variable a -f dec 
(int) a = 1393858560
(lldb)  frame variable b -f dec 
(int) b = 0
(lldb)  continue
Process 74044 resuming
Command #5 'continue' continued the target.
Executed /script/motivating_example/sample_set/gcd/fuzzing_test/modified_inputs/765d07f622c3a24bd12a2c9a8c24271c3050ea19 in 30 ms
***
*** NOTE: fuzzing was not performed, you have only
***       executed the target code on a fixed set of inputs.
***
Process 74044 exited with status = 0 (0x00000000)
Process 74044 launched: '/script/motivating_example/sample_set/gcd/modified_fuzz' (x86_64)
(lldb) quit